============================================================
  Generated by:           Genus(TM) Synthesis Solution 21.16-s062_1
  Generated on:           Mar 31 2026  11:32:25 pm
  Module:                 sram_wrapper
  Operating conditions:   WCCOM (balanced_tree)
  Wireload mode:          segmented
  Area mode:              timing library
============================================================


Path 1: MET (24205 ps) Setup Check with Pin u_sram/CLK->A[0]
           Mode: default_mode
          Group: I2C
     Startpoint: (F) tpu_addr[0]
          Clock: (R) Clk
       Endpoint: (F) u_sram/A[0]
          Clock: (R) Clk

                     Capture       Launch     
        Clock Edge:+   25000            0     
        Drv Adjust:+       0            0     
       Src Latency:+       0            0     
       Net Latency:+       0 (I)        0 (I) 
           Arrival:=   25000            0     
                                              
             Setup:-     341                  
       Uncertainty:-     150                  
     Required Time:=   24509                  
      Launch Clock:-       0                  
       Input Delay:-     250                  
         Data Path:-      54                  
             Slack:=   24205                  

Exceptions/Constraints:
  input_delay             250             sram.sdc_line_28_31_1 

#-------------------------------------------------------------------------------------------------
#  Timing Point   Flags     Arc    Edge      Cell       Fanout  Load Trans Delay Arrival Instance 
#                                                               (fF)  (ps)  (ps)   (ps)  Location 
#-------------------------------------------------------------------------------------------------
  tpu_addr[0]     <<< (u) -        F     (arrival)           1 502.3     0     0     250    (-,-) 
  mux_114_29/g9/z (u)     data1->z F     unmapped_bmux3      1   5.6     0    54     304    (-,-) 
  u_sram/A[0]     (P)     -        F     sram00              1     -     -     0     304    (-,-) 
#-------------------------------------------------------------------------------------------------

(P) : Instance is preserved
(u) : Net has unmapped pin(s).


