============================================================
  Generated by:           Genus(TM) Synthesis Solution 21.16-s062_1
  Generated on:           Mar 31 2026  11:32:25 pm
  Module:                 sram_wrapper
  Operating conditions:   WCCOM (balanced_tree)
  Wireload mode:          segmented
  Area mode:              timing library
============================================================

#----------------------------------------------------------
#   ID  Slack         Endpoint        Group      Mode      
#        (ps)                                              
#----------------------------------------------------------
      1 11763   u_sram/A[0]             C2C   default_mode 
      2 11763   u_sram/A[1]             C2C   default_mode 
      3 11763   u_sram/A[2]             C2C   default_mode 
      4 11763   u_sram/A[3]             C2C   default_mode 
      5 11763   u_sram/A[4]             C2C   default_mode 
      6 11763   u_sram/A[5]             C2C   default_mode 
      7 11763   u_sram/A[6]             C2C   default_mode 
      8 11763   u_sram/A[7]             C2C   default_mode 
      9 11763   u_sram/A[8]             C2C   default_mode 
     10 11910   u_sram/CEN              C2C   default_mode 
     11 11941   u_sram/WEN              C2C   default_mode 
     12 11971   u_sram/D[45]            C2C   default_mode 
     13 11971   u_sram/D[46]            C2C   default_mode 
     14 11971   u_sram/D[47]            C2C   default_mode 
     15 11971   u_sram/D[48]            C2C   default_mode 
     16 11971   u_sram/D[49]            C2C   default_mode 
     17 11971   u_sram/D[50]            C2C   default_mode 
     18 11971   u_sram/D[51]            C2C   default_mode 
     19 11971   u_sram/D[52]            C2C   default_mode 
     20 11971   u_sram/D[53]            C2C   default_mode 
     21 11971   u_sram/D[54]            C2C   default_mode 
     22 11971   u_sram/D[55]            C2C   default_mode 
     23 11971   u_sram/D[56]            C2C   default_mode 
     24 11971   u_sram/D[57]            C2C   default_mode 
     25 11971   u_sram/D[44]            C2C   default_mode 
     26 11971   u_sram/D[60]            C2C   default_mode 
     27 11971   u_sram/D[61]            C2C   default_mode 
     28 11971   u_sram/D[58]            C2C   default_mode 
     29 11971   u_sram/D[63]            C2C   default_mode 
     30 11971   u_sram/D[59]            C2C   default_mode 
     31 11971   u_sram/D[62]            C2C   default_mode 
     32 11971   u_sram/D[0]             C2C   default_mode 
     33 11971   u_sram/D[42]            C2C   default_mode 
     34 11971   u_sram/D[43]            C2C   default_mode 
     35 11971   u_sram/D[1]             C2C   default_mode 
     36 11971   u_sram/D[2]             C2C   default_mode 
     37 11971   u_sram/D[3]             C2C   default_mode 
     38 11971   u_sram/D[4]             C2C   default_mode 
     39 11971   u_sram/D[5]             C2C   default_mode 
     40 11971   u_sram/D[6]             C2C   default_mode 
     41 11971   u_sram/D[7]             C2C   default_mode 
     42 11971   u_sram/D[8]             C2C   default_mode 
     43 11971   u_sram/D[9]             C2C   default_mode 
     44 11971   u_sram/D[10]            C2C   default_mode 
     45 11971   u_sram/D[11]            C2C   default_mode 
     46 11971   u_sram/D[12]            C2C   default_mode 
     47 11971   u_sram/D[13]            C2C   default_mode 
     48 11971   u_sram/D[14]            C2C   default_mode 
     49 11971   u_sram/D[15]            C2C   default_mode 
     50 11971   u_sram/D[16]            C2C   default_mode 
     51 11971   u_sram/D[17]            C2C   default_mode 
     52 11971   u_sram/D[18]            C2C   default_mode 
     53 11971   u_sram/D[19]            C2C   default_mode 
     54 11971   u_sram/D[20]            C2C   default_mode 
     55 11971   u_sram/D[21]            C2C   default_mode 
     56 11971   u_sram/D[22]            C2C   default_mode 
     57 11971   u_sram/D[23]            C2C   default_mode 
     58 11971   u_sram/D[24]            C2C   default_mode 
     59 11971   u_sram/D[25]            C2C   default_mode 
     60 11971   u_sram/D[26]            C2C   default_mode 
     61 11971   u_sram/D[27]            C2C   default_mode 
     62 11971   u_sram/D[28]            C2C   default_mode 
     63 11971   u_sram/D[29]            C2C   default_mode 
     64 11971   u_sram/D[30]            C2C   default_mode 
     65 11971   u_sram/D[31]            C2C   default_mode 
     66 11971   u_sram/D[32]            C2C   default_mode 
     67 11971   u_sram/D[33]            C2C   default_mode 
     68 11971   u_sram/D[34]            C2C   default_mode 
     69 11971   u_sram/D[35]            C2C   default_mode 
     70 11971   u_sram/D[36]            C2C   default_mode 
     71 11971   u_sram/D[37]            C2C   default_mode 
     72 11971   u_sram/D[38]            C2C   default_mode 
     73 11971   u_sram/D[39]            C2C   default_mode 
     74 11971   u_sram/D[40]            C2C   default_mode 
     75 11971   u_sram/D[41]            C2C   default_mode 
     76 12068   sram_din_ff_reg[60]/d   C2C   default_mode 
     77 12068   sram_din_ff_reg[32]/d   C2C   default_mode 
     78 12068   sram_din_ff_reg[0]/d    C2C   default_mode 
     79 12068   sram_din_ff_reg[56]/d   C2C   default_mode 
     80 12068   sram_din_ff_reg[48]/d   C2C   default_mode 
     81 12068   sram_din_ff_reg[62]/d   C2C   default_mode 
     82 12068   sram_addr_ff_reg[8]/d   C2C   default_mode 
     83 12068   sram_din_ff_reg[31]/d   C2C   default_mode 
     84 12068   sram_addr_ff_reg[7]/d   C2C   default_mode 
     85 12068   sram_addr_ff_reg[6]/d   C2C   default_mode 
     86 12068   sram_din_ff_reg[30]/d   C2C   default_mode 
     87 12068   sram_addr_ff_reg[5]/d   C2C   default_mode 
     88 12068   sram_din_ff_reg[47]/d   C2C   default_mode 
     89 12068   sram_addr_ff_reg[4]/d   C2C   default_mode 
     90 12068   sram_din_ff_reg[29]/d   C2C   default_mode 
     91 12068   sram_addr_ff_reg[3]/d   C2C   default_mode 
     92 12068   sram_addr_ff_reg[2]/d   C2C   default_mode 
     93 12068   sram_din_ff_reg[55]/d   C2C   default_mode 
     94 12068   sram_din_ff_reg[46]/d   C2C   default_mode 
     95 12068   sram_din_ff_reg[28]/d   C2C   default_mode 
     96 12068   sram_addr_ff_reg[1]/d   C2C   default_mode 
     97 12068   sram_addr_ff_reg[0]/d   C2C   default_mode 
     98 12068   sram_din_ff_reg[27]/d   C2C   default_mode 
     99 12068   sram_din_ff_reg[45]/d   C2C   default_mode 
    100 12068   sram_din_ff_reg[26]/d   C2C   default_mode 
    101 12068   sram_din_ff_reg[25]/d   C2C   default_mode 
    102 12068   sram_din_ff_reg[59]/d   C2C   default_mode 
    103 12068   sram_din_ff_reg[54]/d   C2C   default_mode 
    104 12068   sram_din_ff_reg[44]/d   C2C   default_mode 
    105 12068   sram_din_ff_reg[24]/d   C2C   default_mode 
    106 12068   sram_din_ff_reg[23]/d   C2C   default_mode 
    107 12068   sram_din_ff_reg[43]/d   C2C   default_mode 
    108 12068   sram_din_ff_reg[22]/d   C2C   default_mode 
    109 12068   sram_din_ff_reg[21]/d   C2C   default_mode 
    110 12068   sram_din_ff_reg[53]/d   C2C   default_mode 
    111 12068   sram_din_ff_reg[42]/d   C2C   default_mode 
    112 12068   sram_din_ff_reg[20]/d   C2C   default_mode 
    113 12068   sram_din_ff_reg[19]/d   C2C   default_mode 
    114 12068   sram_din_ff_reg[41]/d   C2C   default_mode 
    115 12068   sram_din_ff_reg[18]/d   C2C   default_mode 
    116 12068   sram_din_ff_reg[17]/d   C2C   default_mode 
    117 12068   sram_din_ff_reg[52]/d   C2C   default_mode 
    118 12068   sram_din_ff_reg[40]/d   C2C   default_mode 
    119 12068   sram_din_ff_reg[16]/d   C2C   default_mode 
    120 12068   sram_din_ff_reg[15]/d   C2C   default_mode 
    121 12068   sram_din_ff_reg[39]/d   C2C   default_mode 
    122 12068   sram_din_ff_reg[14]/d   C2C   default_mode 
    123 12068   sram_din_ff_reg[13]/d   C2C   default_mode 
    124 12068   sram_din_ff_reg[58]/d   C2C   default_mode 
    125 12068   sram_din_ff_reg[12]/d   C2C   default_mode 
    126 12068   sram_din_ff_reg[51]/d   C2C   default_mode 
    127 12068   sram_din_ff_reg[38]/d   C2C   default_mode 
    128 12068   sram_din_ff_reg[11]/d   C2C   default_mode 
    129 12068   sram_din_ff_reg[37]/d   C2C   default_mode 
    130 12068   sram_din_ff_reg[10]/d   C2C   default_mode 
    131 12068   sram_din_ff_reg[63]/d   C2C   default_mode 
    132 12068   sram_din_ff_reg[61]/d   C2C   default_mode 
    133 12068   sram_din_ff_reg[9]/d    C2C   default_mode 
    134 12068   sram_din_ff_reg[36]/d   C2C   default_mode 
    135 12068   sram_din_ff_reg[8]/d    C2C   default_mode 
    136 12068   sram_din_ff_reg[57]/d   C2C   default_mode 
    137 12068   sram_din_ff_reg[50]/d   C2C   default_mode 
    138 12068   sram_din_ff_reg[7]/d    C2C   default_mode 
    139 12068   sram_din_ff_reg[35]/d   C2C   default_mode 
    140 12068   sram_din_ff_reg[6]/d    C2C   default_mode 
    141 12068   sram_din_ff_reg[5]/d    C2C   default_mode 
    142 12068   sram_din_ff_reg[34]/d   C2C   default_mode 
    143 12068   sram_din_ff_reg[4]/d    C2C   default_mode 
    144 12068   sram_din_ff_reg[49]/d   C2C   default_mode 
    145 12068   sram_din_ff_reg[3]/d    C2C   default_mode 
    146 12068   sram_din_ff_reg[33]/d   C2C   default_mode 
    147 12068   sram_din_ff_reg[2]/d    C2C   default_mode 
    148 12068   sram_din_ff_reg[1]/d    C2C   default_mode 
    149 12102   sram_wen_ff_reg/srd     C2C   default_mode 
    150 12102   sram_cen_ff_reg/srd     C2C   default_mode 
    151 16935   tpu_dout[54]            C2O   default_mode 
    152 16935   tpu_dout[58]            C2O   default_mode 
    153 16935   tpu_dout[50]            C2O   default_mode 
    154 16935   tpu_dout[46]            C2O   default_mode 
    155 16935   tpu_dout[38]            C2O   default_mode 
    156 16935   tpu_dout[34]            C2O   default_mode 
    157 16935   tpu_dout[42]            C2O   default_mode 
    158 16935   tpu_dout[62]            C2O   default_mode 
    159 16935   tpu_dout[0]             C2O   default_mode 
    160 16935   tpu_dout[1]             C2O   default_mode 
    161 16935   tpu_dout[3]             C2O   default_mode 
    162 16935   tpu_dout[5]             C2O   default_mode 
    163 16935   tpu_dout[7]             C2O   default_mode 
    164 16935   tpu_dout[9]             C2O   default_mode 
    165 16935   tpu_dout[11]            C2O   default_mode 
    166 16935   tpu_dout[13]            C2O   default_mode 
    167 16935   tpu_dout[15]            C2O   default_mode 
    168 16935   tpu_dout[16]            C2O   default_mode 
    169 16935   tpu_dout[17]            C2O   default_mode 
    170 16935   tpu_dout[19]            C2O   default_mode 
    171 16935   tpu_dout[20]            C2O   default_mode 
    172 16935   tpu_dout[21]            C2O   default_mode 
    173 16935   tpu_dout[23]            C2O   default_mode 
    174 16935   tpu_dout[24]            C2O   default_mode 
    175 16935   tpu_dout[25]            C2O   default_mode 
    176 16935   tpu_dout[27]            C2O   default_mode 
    177 16935   tpu_dout[28]            C2O   default_mode 
    178 16935   tpu_dout[29]            C2O   default_mode 
    179 16935   tpu_dout[61]            C2O   default_mode 
    180 16935   tpu_dout[60]            C2O   default_mode 
    181 16935   tpu_dout[57]            C2O   default_mode 
    182 16935   tpu_dout[31]            C2O   default_mode 
    183 16935   tpu_dout[53]            C2O   default_mode 
    184 16935   tpu_dout[52]            C2O   default_mode 
    185 16935   tpu_dout[32]            C2O   default_mode 
    186 16935   tpu_dout[33]            C2O   default_mode 
    187 16935   tpu_dout[45]            C2O   default_mode 
    188 16935   tpu_dout[44]            C2O   default_mode 
    189 16935   tpu_dout[35]            C2O   default_mode 
    190 16935   tpu_dout[36]            C2O   default_mode 
    191 16935   tpu_dout[37]            C2O   default_mode 
    192 16935   tpu_dout[39]            C2O   default_mode 
    193 16935   tpu_dout[40]            C2O   default_mode 
    194 16935   tpu_dout[41]            C2O   default_mode 
    195 16935   tpu_dout[43]            C2O   default_mode 
    196 16935   tpu_dout[47]            C2O   default_mode 
    197 16935   tpu_dout[48]            C2O   default_mode 
    198 16935   tpu_dout[49]            C2O   default_mode 
    199 16935   tpu_dout[51]            C2O   default_mode 
    200 16935   tpu_dout[55]            C2O   default_mode 
    201 16935   tpu_dout[56]            C2O   default_mode 
    202 16935   tpu_dout[59]            C2O   default_mode 
    203 16935   tpu_dout[63]            C2O   default_mode 
    204 16935   tpu_dout[30]            C2O   default_mode 
    205 16935   tpu_dout[26]            C2O   default_mode 
    206 16935   tpu_dout[22]            C2O   default_mode 
    207 16935   tpu_dout[8]             C2O   default_mode 
    208 16935   tpu_dout[18]            C2O   default_mode 
    209 16935   tpu_dout[14]            C2O   default_mode 
    210 16935   tpu_dout[10]            C2O   default_mode 
    211 16935   tpu_dout[12]            C2O   default_mode 
    212 16935   tpu_dout[6]             C2O   default_mode 
    213 16935   tpu_dout[2]             C2O   default_mode 
    214 16935   tpu_dout[4]             C2O   default_mode 
    215 24401   bus_wbuf_reg[23]/d      I2C   default_mode 
    216 24401   bus_wbuf_reg[26]/d      I2C   default_mode 
    217 24401   bus_wbuf_reg[42]/d      I2C   default_mode 
    218 24401   bus_wbuf_reg[37]/d      I2C   default_mode 
    219 24401   bus_wbuf_reg[41]/d      I2C   default_mode 
    220 24401   bus_wbuf_reg[40]/d      I2C   default_mode 
    221 24401   bus_wbuf_reg[38]/d      I2C   default_mode 
    222 24401   bus_wbuf_reg[39]/d      I2C   default_mode 
    223 24401   bus_wbuf_reg[22]/d      I2C   default_mode 
    224 24401   bus_wbuf_reg[24]/d      I2C   default_mode 
    225 24401   bus_wbuf_reg[25]/d      I2C   default_mode 
    226 24401   bus_wbuf_reg[36]/d      I2C   default_mode 
    227 24401   bus_wbuf_reg[43]/d      I2C   default_mode 
    228 24401   bus_wbuf_reg[63]/d      I2C   default_mode 
    229 24401   bus_wbuf_reg[11]/d      I2C   default_mode 
    230 24401   bus_wbuf_reg[20]/d      I2C   default_mode 
    231 24401   bus_wbuf_reg[47]/d      I2C   default_mode 
    232 24401   bus_wbuf_reg[9]/d       I2C   default_mode 
    233 24401   bus_wbuf_reg[17]/d      I2C   default_mode 
    234 24401   bus_wbuf_reg[13]/d      I2C   default_mode 
    235 24401   bus_wbuf_reg[15]/d      I2C   default_mode 
    236 24401   bus_wbuf_reg[45]/d      I2C   default_mode 
    237 24401   bus_wbuf_reg[18]/d      I2C   default_mode 
    238 24401   bus_wbuf_reg[62]/d      I2C   default_mode 
    239 24401   bus_wbuf_reg[33]/d      I2C   default_mode 
    240 24401   bus_wbuf_reg[16]/d      I2C   default_mode 
    241 24401   bus_wbuf_reg[61]/d      I2C   default_mode 
    242 24401   bus_wbuf_reg[34]/d      I2C   default_mode 
    243 24401   bus_wbuf_reg[51]/d      I2C   default_mode 
    244 24401   bus_wbuf_reg[14]/d      I2C   default_mode 
    245 24401   bus_wbuf_reg[60]/d      I2C   default_mode 
    246 24401   bus_wbuf_reg[12]/d      I2C   default_mode 
    247 24401   bus_wbuf_reg[53]/d      I2C   default_mode 
    248 24401   bus_wbuf_reg[59]/d      I2C   default_mode 
    249 24401   bus_wbuf_reg[32]/d      I2C   default_mode 
    250 24401   bus_wbuf_reg[31]/d      I2C   default_mode 
    251 24401   bus_wbuf_reg[55]/d      I2C   default_mode 
    252 24401   bus_wbuf_reg[10]/d      I2C   default_mode 
    253 24401   bus_wbuf_reg[58]/d      I2C   default_mode 
    254 24401   bus_wbuf_reg[8]/d       I2C   default_mode 
    255 24401   bus_wbuf_reg[57]/d      I2C   default_mode 
    256 24401   bus_wbuf_reg[56]/d      I2C   default_mode 
    257 24401   bus_wbuf_reg[30]/d      I2C   default_mode 
    258 24401   bus_wbuf_reg[28]/d      I2C   default_mode 
    259 24401   bus_wbuf_reg[54]/d      I2C   default_mode 
    260 24401   bus_wbuf_reg[29]/d      I2C   default_mode 
    261 24401   bus_wbuf_reg[50]/d      I2C   default_mode 
    262 24401   bus_wbuf_reg[52]/d      I2C   default_mode 
    263 24401   bus_wbuf_reg[27]/d      I2C   default_mode 
    264 24401   bus_wbuf_reg[49]/d      I2C   default_mode 
    265 24401   bus_wbuf_reg[48]/d      I2C   default_mode 
    266 24401   bus_wbuf_reg[21]/d      I2C   default_mode 
    267 24401   bus_wbuf_reg[46]/d      I2C   default_mode 
    268 24401   bus_wbuf_reg[19]/d      I2C   default_mode 
    269 24401   bus_wbuf_reg[44]/d      I2C   default_mode 
    270 24401   bus_wbuf_reg[35]/d      I2C   default_mode 
    271 24423   bus_wbuf_reg[0]/d       I2C   default_mode 
    272 24423   bus_wbuf_reg[7]/d       I2C   default_mode 
    273 24423   bus_wbuf_reg[4]/d       I2C   default_mode 
    274 24423   bus_wbuf_reg[1]/d       I2C   default_mode 
    275 24423   bus_wbuf_reg[6]/d       I2C   default_mode 
    276 24423   bus_wbuf_reg[5]/d       I2C   default_mode 
    277 24423   bus_wbuf_reg[2]/d       I2C   default_mode 
    278 24423   bus_wbuf_reg[3]/d       I2C   default_mode 
    279 24518   bus_we_d1_reg/d         I2C   default_mode 
    280 24526   bus_wbuf_reg[41]/sena   I2C   default_mode 
    281 24526   bus_wbuf_reg[17]/sena   I2C   default_mode 
    282 24526   bus_wbuf_reg[58]/sena   I2C   default_mode 
    283 24526   bus_wbuf_reg[40]/sena   I2C   default_mode 
    284 24526   bus_wbuf_reg[34]/sena   I2C   default_mode 
    285 24526   bus_wbuf_reg[55]/sena   I2C   default_mode 
    286 24526   bus_wbuf_reg[56]/sena   I2C   default_mode 
    287 24526   bus_wbuf_reg[22]/sena   I2C   default_mode 
    288 24526   bus_wbuf_reg[4]/sena    I2C   default_mode 
    289 24526   bus_wbuf_reg[43]/sena   I2C   default_mode 
    290 24526   bus_wbuf_reg[5]/sena    I2C   default_mode 
    291 24526   bus_wbuf_reg[7]/sena    I2C   default_mode 
    292 24526   bus_wbuf_reg[42]/sena   I2C   default_mode 
    293 24526   bus_wbuf_reg[9]/sena    I2C   default_mode 
    294 24526   bus_wbuf_reg[23]/sena   I2C   default_mode 
    295 24526   bus_wbuf_reg[57]/sena   I2C   default_mode 
    296 24526   bus_wbuf_reg[52]/sena   I2C   default_mode 
    297 24526   bus_wbuf_reg[51]/sena   I2C   default_mode 
    298 24526   bus_wbuf_reg[47]/sena   I2C   default_mode 
    299 24526   bus_wbuf_reg[49]/sena   I2C   default_mode 
    300 24526   bus_wbuf_reg[10]/sena   I2C   default_mode 
    301 24526   bus_wbuf_reg[24]/sena   I2C   default_mode 
    302 24526   bus_wbuf_reg[26]/sena   I2C   default_mode 
    303 24526   bus_wbuf_reg[37]/sena   I2C   default_mode 
    304 24526   bus_wbuf_reg[6]/sena    I2C   default_mode 
    305 24526   bus_wbuf_reg[3]/sena    I2C   default_mode 
    306 24526   bus_wbuf_reg[62]/sena   I2C   default_mode 
    307 24526   bus_wbuf_reg[27]/sena   I2C   default_mode 
    308 24526   bus_wbuf_reg[32]/sena   I2C   default_mode 
    309 24526   bus_wbuf_reg[28]/sena   I2C   default_mode 
    310 24526   bus_wbuf_reg[46]/sena   I2C   default_mode 
    311 24526   bus_wbuf_reg[61]/sena   I2C   default_mode 
    312 24526   bus_wbuf_reg[63]/sena   I2C   default_mode 
    313 24526   bus_wbuf_reg[45]/sena   I2C   default_mode 
    314 24526   bus_wbuf_reg[44]/sena   I2C   default_mode 
    315 24526   bus_wbuf_reg[2]/sena    I2C   default_mode 
    316 24526   bus_wbuf_reg[29]/sena   I2C   default_mode 
    317 24526   bus_wbuf_reg[0]/sena    I2C   default_mode 
    318 24526   bus_wbuf_reg[54]/sena   I2C   default_mode 
    319 24526   bus_wbuf_reg[8]/sena    I2C   default_mode 
    320 24526   bus_wbuf_reg[1]/sena    I2C   default_mode 
    321 24526   bus_wbuf_reg[53]/sena   I2C   default_mode 
    322 24526   bus_wbuf_reg[50]/sena   I2C   default_mode 
    323 24526   bus_wbuf_reg[60]/sena   I2C   default_mode 
    324 24526   bus_wbuf_reg[35]/sena   I2C   default_mode 
    325 24526   bus_wbuf_reg[20]/sena   I2C   default_mode 
    326 24526   bus_wbuf_reg[48]/sena   I2C   default_mode 
    327 24526   bus_wbuf_reg[12]/sena   I2C   default_mode 
    328 24526   bus_wbuf_reg[18]/sena   I2C   default_mode 
    329 24526   bus_wbuf_reg[25]/sena   I2C   default_mode 
    330 24526   bus_wbuf_reg[39]/sena   I2C   default_mode 
    331 24526   bus_wbuf_reg[30]/sena   I2C   default_mode 
    332 24526   bus_wbuf_reg[38]/sena   I2C   default_mode 
    333 24526   bus_wbuf_reg[59]/sena   I2C   default_mode 
    334 24526   bus_wbuf_reg[31]/sena   I2C   default_mode 
    335 24526   bus_wbuf_reg[15]/sena   I2C   default_mode 
    336 24526   bus_wbuf_reg[36]/sena   I2C   default_mode 
    337 24526   bus_wbuf_reg[11]/sena   I2C   default_mode 
    338 24526   bus_wbuf_reg[14]/sena   I2C   default_mode 
    339 24526   bus_wbuf_reg[21]/sena   I2C   default_mode 
    340 24526   bus_wbuf_reg[19]/sena   I2C   default_mode 
    341 24526   bus_wbuf_reg[33]/sena   I2C   default_mode 
    342 24526   bus_wbuf_reg[16]/sena   I2C   default_mode 
    343 24526   bus_wbuf_reg[13]/sena   I2C   default_mode 
    344 24572   bus_waddr_d1_reg[1]/d   I2C   default_mode 
    345 24572   bus_waddr_d1_reg[4]/d   I2C   default_mode 
    346 24572   bus_waddr_d1_reg[8]/d   I2C   default_mode 
    347 24572   bus_waddr_d1_reg[6]/d   I2C   default_mode 
    348 24572   bus_waddr_d1_reg[7]/d   I2C   default_mode 
    349 24572   bus_waddr_d1_reg[3]/d   I2C   default_mode 
    350 24572   bus_waddr_d1_reg[5]/d   I2C   default_mode 
    351 24572   bus_waddr_d1_reg[0]/d   I2C   default_mode 
    352 24572   bus_waddr_d1_reg[2]/d   I2C   default_mode 
#----------------------------------------------------------


