============================================================
  Generated by:           Genus(TM) Synthesis Solution 21.16-s062_1
  Generated on:           Mar 31 2026  11:32:24 pm
  Module:                 sram_wrapper
  Technology libraries:   tcbn65gpluswc 200
                          USERLIB_nldm_ss_0p90v_0p90v_125c 1.1
  Operating conditions:   WCCOM (balanced_tree)
  Wireload mode:          segmented
  Area mode:              timing library
============================================================

        Instance                 Module           Cell Count  Cell Area  Net Area   Total Area      Wireload     
-----------------------------------------------------------------------------------------------------------------
sram_wrapper                                             377  43304.523     0.000    43304.523 ZeroWireload (S)  
  sll00397              shift_left_vlog_unsigned          11     43.429     0.000       43.429 ZeroWireload (S)  
  mux_bus_din_50_13     bmux_2                             8     51.472     0.000       51.472 ZeroWireload (S)  
  mux_bus_din_50_14     bmux_2                             8     51.472     0.000       51.472 ZeroWireload (S)  
  mux_bus_din_50_15     bmux_2                             8     51.472     0.000       51.472 ZeroWireload (S)  
  mux_bus_din_50_16     bmux_2                             8     51.472     0.000       51.472 ZeroWireload (S)  
  mux_bus_din_50_17     bmux_2                             8     51.472     0.000       51.472 ZeroWireload (S)  
  mux_bus_din_50_18     bmux_2                             8     51.472     0.000       51.472 ZeroWireload (S)  
  mux_bus_din_50_19     bmux_2                             8     51.472     0.000       51.472 ZeroWireload (S)  
  mux_bus_din_50_20     bmux_2                             8     51.472     0.000       51.472 ZeroWireload (S)  
  mux_sram_din_r_72_13  bmux_10                           64    411.776     0.000      411.776 ZeroWireload (S)  
  mux_sram_addr_r_72_13 bmux_12                            9     57.906     0.000       57.906 ZeroWireload (S)  
  mux_112_29            bmux                               1      6.434     0.000        6.434 ZeroWireload (S)  
  mux_113_29            bmux                               1      6.434     0.000        6.434 ZeroWireload (S)  
  mux_114_29            bmux_12                            9     57.906     0.000       57.906 ZeroWireload (S)  
  mux_115_29            bmux_10                           64    411.776     0.000      411.776 ZeroWireload (S)  
  (S) = wireload was automatically selected
