============================================================
  Generated by:           Genus(TM) Synthesis Solution 21.16-s062_1
  Generated on:           Mar 31 2026  11:32:25 pm
  Module:                 sram_wrapper
  Operating conditions:   WCCOM (balanced_tree)
  Wireload mode:          segmented
  Area mode:              timing library
============================================================


Path 1: UNCONSTRAINED
           Mode: default_mode
     Startpoint: (F) rstn
          Clock: (R) Clk
       Endpoint: (R) sram_din_ff_reg[63]/aclr

                     Capture    Launch     
        Clock Edge:+       -         0     
        Drv Adjust:+       0         0     
       Src Latency:+       -         0     
       Net Latency:+       -         0 (I) 
           Arrival:=       -         0     
                                           
      Launch Clock:-       0               
       Input Delay:-     250               
         Data Path:-       9               

Exceptions/Constraints:
  input_delay             250             sram.sdc_line_28 

#----------------------------------------------------------------------------------------------------------
#      Timing Point        Flags    Arc    Edge      Cell        Fanout  Load Trans Delay Arrival Instance 
#                                                                        (fF)  (ps)  (ps)   (ps)  Location 
#----------------------------------------------------------------------------------------------------------
  rstn                     <<< (a) -       F     (arrival)            1 500.0     0     0     250    (-,-) 
  g81/z                    (a,u)   in_0->z R     unmapped_not        85   0.0     0     9     259    (-,-) 
  sram_din_ff_reg[63]/aclr -       -       R     unmapped_d_flop     85     -     -     0     259    (-,-) 
#----------------------------------------------------------------------------------------------------------

(u) : Net has unmapped pin(s).
(a) : Net has asynchronous load pins which are being considered ideal.


