============================================================
  Generated by:           Genus(TM) Synthesis Solution 21.16-s062_1
  Generated on:           Mar 31 2026  11:32:24 pm
  Module:                 sram_wrapper
  Operating conditions:   WCCOM (balanced_tree)
  Wireload mode:          segmented
  Area mode:              timing library
============================================================


Path 1: MET (11763 ps) Setup Check with Pin u_sram/CLK->A[8]
           Mode: default_mode
          Group: C2C
     Startpoint: (R) sram_addr_ff_reg[8]/clk
          Clock: (F) Clk
       Endpoint: (F) u_sram/A[8]
          Clock: (R) Clk

                     Capture       Launch     
        Clock Edge:+   25000        12500     
       Src Latency:+       0            0     
       Net Latency:+       0 (I)        0 (I) 
           Arrival:=   25000        12500     
                                              
             Setup:-     341                  
       Uncertainty:-     150                  
     Required Time:=   24509                  
      Launch Clock:-   12500                  
         Data Path:-     246                  
             Slack:=   11763                  

#---------------------------------------------------------------------------------------------------------
#      Timing Point       Flags     Arc    Edge      Cell        Fanout Load Trans Delay Arrival Instance 
#                                                                       (fF)  (ps)  (ps)   (ps)  Location 
#---------------------------------------------------------------------------------------------------------
  sram_addr_ff_reg[8]/clk -       -        R     (arrival)           75    -   150     0   12500    (-,-) 
  sram_addr_ff_reg[8]/q   (u)     clk->q   F     unmapped_d_flop      1  2.3     0   192   12692    (-,-) 
  mux_114_29/g1/z         (u)     data0->z F     unmapped_bmux3       1  5.6     0    54   12746    (-,-) 
  u_sram/A[8]             <<< (P) -        F     sram00               1    -     -     0   12746    (-,-) 
#---------------------------------------------------------------------------------------------------------

(P) : Instance is preserved
(u) : Net has unmapped pin(s).


