============================================================
  Generated by:           Genus(TM) Synthesis Solution 21.16-s062_1
  Generated on:           Mar 31 2026  11:32:24 pm
  Module:                 sram_wrapper
  Technology libraries:   tcbn65gpluswc 200
                          USERLIB_nldm_ss_0p90v_0p90v_125c 1.1
  Operating conditions:   WCCOM (balanced_tree)
  Wireload mode:          segmented
  Area mode:              timing library
============================================================

                             
 Gate   Instances    Area                  Library               
-----------------------------------------------------------------
sram00          1  40208.160    USERLIB_nldm_ss_0p90v_0p90v_125c 
-----------------------------------------------------------------
total           1  40208.160                                     


                                          
     Type      Instances    Area   Area % 
------------------------------------------
timing_model           1 40208.160  100.0 
sequential           149     0.000    0.0 
inverter               6     0.000    0.0 
logic                221     0.000    0.0 
physical_cells         0     0.000    0.0 
------------------------------------------
total                377 40208.160  100.0 

