============================================================
  Generated by:           Genus(TM) Synthesis Solution 21.16-s062_1
  Generated on:           Mar 31 2026  11:32:25 pm
  Module:                 sram_wrapper
  Operating conditions:   WCCOM (balanced_tree)
  Wireload mode:          segmented
  Area mode:              timing library
============================================================

	Timing
	------
  Endpoint   Slack  Cost Group      Mode      
----------------------------------------------
u_sram/A[0]   11763        C2C   default_mode 
	Area
	----

  Instance   Module  Cell Count  Cell Area  Net Area   Total Area      Wireload     
------------------------------------------------------------------------------------
sram_wrapper                377  43304.523     0.000    43304.523 ZeroWireload (S)  
  (S) = wireload was automatically selected

	Design Rule Check
	-----------------

Max_transition design rule: no violations.

Max_capacitance design rule: no violations.



