============================================================
  Generated by:           Genus(TM) Synthesis Solution 21.16-s062_1
  Generated on:           Mar 31 2026  11:32:31 pm
  Module:                 sram_wrapper
  Operating conditions:   WCCOM (balanced_tree)
  Wireload mode:          segmented
  Area mode:              timing library
============================================================

Timing
--------

Analysis view Clock  Period 
----------------------------
default_mode  Clk   25000.0 


  Analysis     Cost   Critical        Violating 
    View      Group  Path Slack  TNS    Paths   
------------------------------------------------
default_mode     C2C    11626.2  0.0          0 
                 C2O    16935.0  0.0          0 
                 Clk   No paths  0.0          0 
             default   No paths  0.0          0 
                 I2C    24068.1  0.0          0 
                 I2O   No paths  0.0          0 
------------------------------------------------
Total                           -0.0          0 
                                                

Instance Count
--------------
Leaf Instance Count             313 
Physical Instance count           0 
Sequential Instance Count       149 
Combinational Instance Count    164 
Hierarchical Instance Count       0 

Area
----
Cell Area                          41808.720
Physical Cell Area                 0.000
Total Cell Area (Cell+Physical)    41808.720
Net Area                           0.000
Total Area (Cell+Physical+Net)     41808.720

Power
-----
Leakage Power                      388218.641 nW
Dynamic Power                      630858.334 nW
Total Power                        1019076.974 nW

Max Fanout                         149 (clk)
Min Fanout                         0 (rstn)
Average Fanout                     2.2
Terms to net ratio                 3.3568
Terms to instance ratio            4.4185
Runtime                            15.253018 seconds
Elapsed Runtime                    16 seconds
Genus peak memory usage            1492.10 
Innovus peak memory usage          no_value 
Hostname                           cadpc15.ee.columbia.edu
