============================================================
  Generated by:           Genus(TM) Synthesis Solution 21.16-s062_1
  Generated on:           Mar 31 2026  11:32:31 pm
  Module:                 sram_wrapper
  Operating conditions:   WCCOM (balanced_tree)
  Wireload mode:          segmented
  Area mode:              timing library
============================================================


Path 1: MET (24068 ps) Setup Check with Pin bus_wbuf_reg[55]/CP->SA
           Mode: default_mode
          Group: I2C
     Startpoint: (R) bus_we
          Clock: (R) Clk
       Endpoint: (R) bus_wbuf_reg[55]/SA
          Clock: (R) Clk

                     Capture       Launch     
        Clock Edge:+   25000            0     
        Drv Adjust:+       0            0     
       Src Latency:+       0            0     
       Net Latency:+       0 (I)        0 (I) 
           Arrival:=   25000            0     
                                              
             Setup:-     163                  
       Uncertainty:-     150                  
     Required Time:=   24687                  
      Launch Clock:-       0                  
       Input Delay:-     250                  
         Data Path:-     369                  
             Slack:=   24068                  

Exceptions/Constraints:
  input_delay             250             sram.sdc_line_28_1_1 

#-----------------------------------------------------------------------------------------------
#    Timing Point      Flags    Arc   Edge   Cell     Fanout  Load Trans Delay Arrival Instance 
#                                                             (fF)  (ps)  (ps)   (ps)  Location 
#-----------------------------------------------------------------------------------------------
  bus_we               -       -      R     (arrival)      2 501.3     0     0     250    (-,-) 
  p23529A__9945/ZN     -       A1->ZN R     INR2D0         2   1.3    75    67     317    (-,-) 
  p23566A__1881/ZN     -       A1->ZN F     CKND2D0        2   1.2    44    46     363    (-,-) 
  p23572A3363__7098/ZN -       A1->ZN R     NR2D0          8  12.0   435   256     619    (-,-) 
  bus_wbuf_reg[55]/SA  -       -      R     DFXQD1         8     -     -     0     619    (-,-) 
#-----------------------------------------------------------------------------------------------


