============================================================
  Generated by:           Genus(TM) Synthesis Solution 21.16-s062_1
  Generated on:           Mar 31 2026  11:32:31 pm
  Module:                 sram_wrapper
  Operating conditions:   WCCOM (balanced_tree)
  Wireload mode:          segmented
  Area mode:              timing library
============================================================

                                 Leakage     Internal  
  Gate    Instances    Area     Power (nW)  Power (nW)               Library               
-------------------------------------------------------------------------------------------
CKAN2D0          73    157.680     510.297     243.748    tcbn65gpluswc                    
CKND0             2      2.160       8.307       4.519    tcbn65gpluswc                    
CKND2D0           6      8.640      19.702      15.550    tcbn65gpluswc                    
DFCND1            1      8.640      57.042     432.977    tcbn65gpluswc                    
DFCNQD1           9     71.280     450.100    3841.702    tcbn65gpluswc                    
DFNCND1          73    630.720    4064.705   31739.109    tcbn65gpluswc                    
DFNSND1           1      8.640      63.899     336.137    tcbn65gpluswc                    
DFXQD1           64    576.000    4269.619   24652.540    tcbn65gpluswc                    
IND2D0            2      4.320      16.170      15.574    tcbn65gpluswc                    
INR2D0            3      6.480      29.285      27.245    tcbn65gpluswc                    
MOAI22D0          9     25.920     108.732     202.035    tcbn65gpluswc                    
NR2D0            68     97.920     199.193      79.486    tcbn65gpluswc                    
OR2D0             1      2.160       7.560       3.371    tcbn65gpluswc                    
sram00            1  40208.160  378414.031  434994.011    USERLIB_nldm_ss_0p90v_0p90v_125c 
-------------------------------------------------------------------------------------------
total           313  41808.720  388218.641  496588.003                                     


                                                                   Leakage  Leakage  Internal  Internal 
             Library             Instances Instances %    Area   Power (nW) Power % Power (nW)  Power % 
--------------------------------------------------------------------------------------------------------
USERLIB_nldm_ss_0p90v_0p90v_125c         1         0.3 40208.160 378414.031    97.5 434994.011     87.6 
tcbn65gpluswc                          312        99.7  1600.560   9804.609     2.5  61593.992     12.4 

                                            Leakage  Leakage  Internal  Internal 
     Type      Instances    Area   Area % Power (nW) Power % Power (nW)  Power % 
---------------------------------------------------------------------------------
timing_model           1 40208.160   96.2 378414.031    97.5 434994.011     87.6 
sequential           148  1295.280    3.1   8905.364     2.3  61002.465     12.3 
inverter               2     2.160    0.0      8.307     0.0      4.519      0.0 
logic                162   303.120    0.7    890.939     0.2    587.008      0.1 
physical_cells         0     0.000    0.0      0.000     0.0      0.000      0.0 
---------------------------------------------------------------------------------
total                313 41808.720  100.0 388218.641   100.0 496588.003    100.0 

