============================================================
  Generated by:           Genus(TM) Synthesis Solution 21.16-s062_1
  Generated on:           Mar 31 2026  11:32:31 pm
  Module:                 sram_wrapper
  Operating conditions:   WCCOM (balanced_tree)
  Wireload mode:          segmented
  Area mode:              timing library
============================================================

# SETUP                   WNS  TNS    FEP 
# ------------------------------------------
 View: ALL            11626.2  0.0      0 
    Group : C2C       11626.2  0.0      0 
    Group : C2O       16935.0  0.0      0 
    Group : Clk           N/A  N/A    N/A 
    Group : default       N/A  N/A    N/A 
    Group : I2C       24068.1  0.0      0 
    Group : I2O           N/A  N/A    N/A 

# ------------------------------------------
# DRV                        WNS  TNS  FEP 
# -------------------------------------------
 View: ALL                                 
    Check: max_transition    N/A  N/A    0 
    Check: max_capacitance   N/A  N/A    0 
    Check: max_fanout        N/A  N/A    0 

# -------------------------------------------
