============================================================
  Generated by:           Genus(TM) Synthesis Solution 21.16-s062_1
  Generated on:           Mar 31 2026  11:32:31 pm
  Module:                 sram_wrapper
  Operating conditions:   WCCOM (balanced_tree)
  Wireload mode:          segmented
  Area mode:              timing library
============================================================


Path 1: MET (11626 ps) Setup Check with Pin u_sram/CLK->A[0]
           Mode: default_mode
          Group: C2C
     Startpoint: (F) sram_addr_ff_reg[0]/CPN
          Clock: (F) Clk
       Endpoint: (R) u_sram/A[0]
          Clock: (R) Clk

                     Capture       Launch     
        Clock Edge:+   25000        12500     
       Src Latency:+       0            0     
       Net Latency:+       0 (I)        0 (I) 
           Arrival:=   25000        12500     
                                              
             Setup:-     344                  
       Uncertainty:-     150                  
     Required Time:=   24506                  
      Launch Clock:-   12500                  
         Data Path:-     380                  
             Slack:=   11626                  

#--------------------------------------------------------------------------------------------------
#      Timing Point       Flags    Arc    Edge   Cell     Fanout Load Trans Delay Arrival Instance 
#                                                                (fF)  (ps)  (ps)   (ps)  Location 
#--------------------------------------------------------------------------------------------------
  sram_addr_ff_reg[0]/CPN -       -       F     (arrival)    149    -   150     0   12500    (-,-) 
  sram_addr_ff_reg[0]/QN  -       CPN->QN F     DFNCND1        1  0.7    21   240   12740    (-,-) 
  p11362A3060__5526/ZN    -       A2->ZN  R     MOAI22D0       1  5.6   226   140   12880    (-,-) 
  u_sram/A[0]             (P)     -       R     sram00         1    -     -     0   12880    (-,-) 
#--------------------------------------------------------------------------------------------------

(P) : Instance is preserved



Path 2: MET (11626 ps) Setup Check with Pin u_sram/CLK->A[1]
           Mode: default_mode
          Group: C2C
     Startpoint: (F) sram_addr_ff_reg[1]/CPN
          Clock: (F) Clk
       Endpoint: (R) u_sram/A[1]
          Clock: (R) Clk

                     Capture       Launch     
        Clock Edge:+   25000        12500     
       Src Latency:+       0            0     
       Net Latency:+       0 (I)        0 (I) 
           Arrival:=   25000        12500     
                                              
             Setup:-     344                  
       Uncertainty:-     150                  
     Required Time:=   24506                  
      Launch Clock:-   12500                  
         Data Path:-     380                  
             Slack:=   11626                  

#--------------------------------------------------------------------------------------------------
#      Timing Point       Flags    Arc    Edge   Cell     Fanout Load Trans Delay Arrival Instance 
#                                                                (fF)  (ps)  (ps)   (ps)  Location 
#--------------------------------------------------------------------------------------------------
  sram_addr_ff_reg[1]/CPN -       -       F     (arrival)    149    -   150     0   12500    (-,-) 
  sram_addr_ff_reg[1]/QN  -       CPN->QN F     DFNCND1        1  0.7    21   240   12740    (-,-) 
  p11362A3061__6783/ZN    -       A2->ZN  R     MOAI22D0       1  5.6   226   140   12880    (-,-) 
  u_sram/A[1]             (P)     -       R     sram00         1    -     -     0   12880    (-,-) 
#--------------------------------------------------------------------------------------------------

(P) : Instance is preserved



Path 3: MET (11626 ps) Setup Check with Pin u_sram/CLK->A[2]
           Mode: default_mode
          Group: C2C
     Startpoint: (F) sram_addr_ff_reg[2]/CPN
          Clock: (F) Clk
       Endpoint: (R) u_sram/A[2]
          Clock: (R) Clk

                     Capture       Launch     
        Clock Edge:+   25000        12500     
       Src Latency:+       0            0     
       Net Latency:+       0 (I)        0 (I) 
           Arrival:=   25000        12500     
                                              
             Setup:-     344                  
       Uncertainty:-     150                  
     Required Time:=   24506                  
      Launch Clock:-   12500                  
         Data Path:-     380                  
             Slack:=   11626                  

#--------------------------------------------------------------------------------------------------
#      Timing Point       Flags    Arc    Edge   Cell     Fanout Load Trans Delay Arrival Instance 
#                                                                (fF)  (ps)  (ps)   (ps)  Location 
#--------------------------------------------------------------------------------------------------
  sram_addr_ff_reg[2]/CPN -       -       F     (arrival)    149    -   150     0   12500    (-,-) 
  sram_addr_ff_reg[2]/QN  -       CPN->QN F     DFNCND1        1  0.7    21   240   12740    (-,-) 
  p11362A3058__4319/ZN    -       A2->ZN  R     MOAI22D0       1  5.6   226   140   12880    (-,-) 
  u_sram/A[2]             (P)     -       R     sram00         1    -     -     0   12880    (-,-) 
#--------------------------------------------------------------------------------------------------

(P) : Instance is preserved



Path 4: MET (11626 ps) Setup Check with Pin u_sram/CLK->A[3]
           Mode: default_mode
          Group: C2C
     Startpoint: (F) sram_addr_ff_reg[3]/CPN
          Clock: (F) Clk
       Endpoint: (R) u_sram/A[3]
          Clock: (R) Clk

                     Capture       Launch     
        Clock Edge:+   25000        12500     
       Src Latency:+       0            0     
       Net Latency:+       0 (I)        0 (I) 
           Arrival:=   25000        12500     
                                              
             Setup:-     344                  
       Uncertainty:-     150                  
     Required Time:=   24506                  
      Launch Clock:-   12500                  
         Data Path:-     380                  
             Slack:=   11626                  

#--------------------------------------------------------------------------------------------------
#      Timing Point       Flags    Arc    Edge   Cell     Fanout Load Trans Delay Arrival Instance 
#                                                                (fF)  (ps)  (ps)   (ps)  Location 
#--------------------------------------------------------------------------------------------------
  sram_addr_ff_reg[3]/CPN -       -       F     (arrival)    149    -   150     0   12500    (-,-) 
  sram_addr_ff_reg[3]/QN  -       CPN->QN F     DFNCND1        1  0.7    21   240   12740    (-,-) 
  p11362A3063__1617/ZN    -       A2->ZN  R     MOAI22D0       1  5.6   226   140   12880    (-,-) 
  u_sram/A[3]             (P)     -       R     sram00         1    -     -     0   12880    (-,-) 
#--------------------------------------------------------------------------------------------------

(P) : Instance is preserved



Path 5: MET (11626 ps) Setup Check with Pin u_sram/CLK->A[4]
           Mode: default_mode
          Group: C2C
     Startpoint: (F) sram_addr_ff_reg[4]/CPN
          Clock: (F) Clk
       Endpoint: (R) u_sram/A[4]
          Clock: (R) Clk

                     Capture       Launch     
        Clock Edge:+   25000        12500     
       Src Latency:+       0            0     
       Net Latency:+       0 (I)        0 (I) 
           Arrival:=   25000        12500     
                                              
             Setup:-     344                  
       Uncertainty:-     150                  
     Required Time:=   24506                  
      Launch Clock:-   12500                  
         Data Path:-     380                  
             Slack:=   11626                  

#--------------------------------------------------------------------------------------------------
#      Timing Point       Flags    Arc    Edge   Cell     Fanout Load Trans Delay Arrival Instance 
#                                                                (fF)  (ps)  (ps)   (ps)  Location 
#--------------------------------------------------------------------------------------------------
  sram_addr_ff_reg[4]/CPN -       -       F     (arrival)    149    -   150     0   12500    (-,-) 
  sram_addr_ff_reg[4]/QN  -       CPN->QN F     DFNCND1        1  0.7    21   240   12740    (-,-) 
  p11362A3062__3680/ZN    -       A2->ZN  R     MOAI22D0       1  5.6   226   140   12880    (-,-) 
  u_sram/A[4]             (P)     -       R     sram00         1    -     -     0   12880    (-,-) 
#--------------------------------------------------------------------------------------------------

(P) : Instance is preserved


