============================================================
  Generated by:           Genus(TM) Synthesis Solution 21.16-s062_1
  Generated on:           Mar 31 2026  11:32:31 pm
  Module:                 sram_wrapper
  Operating conditions:   WCCOM (balanced_tree)
  Wireload mode:          segmented
  Area mode:              timing library
============================================================

#----------------------------------------------------------
#   ID  Slack         Endpoint        Group      Mode      
#        (ps)                                              
#----------------------------------------------------------
      1 11626   u_sram/A[0]             C2C   default_mode 
      2 11626   u_sram/A[1]             C2C   default_mode 
      3 11626   u_sram/A[2]             C2C   default_mode 
      4 11626   u_sram/A[3]             C2C   default_mode 
      5 11626   u_sram/A[4]             C2C   default_mode 
      6 11626   u_sram/A[5]             C2C   default_mode 
      7 11626   u_sram/A[6]             C2C   default_mode 
      8 11626   u_sram/A[7]             C2C   default_mode 
      9 11626   u_sram/A[8]             C2C   default_mode 
     10 11886   sram_addr_ff_reg[6]/D   C2C   default_mode 
     11 11886   sram_addr_ff_reg[5]/D   C2C   default_mode 
     12 11886   sram_addr_ff_reg[4]/D   C2C   default_mode 
     13 11886   sram_addr_ff_reg[3]/D   C2C   default_mode 
     14 11886   sram_addr_ff_reg[2]/D   C2C   default_mode 
     15 11886   sram_addr_ff_reg[1]/D   C2C   default_mode 
     16 11886   sram_addr_ff_reg[0]/D   C2C   default_mode 
     17 11886   sram_addr_ff_reg[8]/D   C2C   default_mode 
     18 11886   sram_addr_ff_reg[7]/D   C2C   default_mode 
     19 11891   sram_din_ff_reg[63]/D   C2C   default_mode 
     20 11891   sram_din_ff_reg[2]/D    C2C   default_mode 
     21 11891   sram_din_ff_reg[1]/D    C2C   default_mode 
     22 11891   sram_din_ff_reg[0]/D    C2C   default_mode 
     23 11891   sram_din_ff_reg[62]/D   C2C   default_mode 
     24 11891   sram_din_ff_reg[61]/D   C2C   default_mode 
     25 11891   sram_din_ff_reg[60]/D   C2C   default_mode 
     26 11891   sram_din_ff_reg[59]/D   C2C   default_mode 
     27 11891   sram_din_ff_reg[58]/D   C2C   default_mode 
     28 11891   sram_din_ff_reg[57]/D   C2C   default_mode 
     29 11891   sram_din_ff_reg[56]/D   C2C   default_mode 
     30 11891   sram_din_ff_reg[55]/D   C2C   default_mode 
     31 11891   sram_din_ff_reg[54]/D   C2C   default_mode 
     32 11891   sram_din_ff_reg[53]/D   C2C   default_mode 
     33 11891   sram_din_ff_reg[52]/D   C2C   default_mode 
     34 11891   sram_din_ff_reg[51]/D   C2C   default_mode 
     35 11891   sram_din_ff_reg[50]/D   C2C   default_mode 
     36 11891   sram_din_ff_reg[49]/D   C2C   default_mode 
     37 11891   sram_din_ff_reg[48]/D   C2C   default_mode 
     38 11891   sram_din_ff_reg[47]/D   C2C   default_mode 
     39 11891   sram_din_ff_reg[46]/D   C2C   default_mode 
     40 11891   sram_din_ff_reg[45]/D   C2C   default_mode 
     41 11891   sram_din_ff_reg[44]/D   C2C   default_mode 
     42 11891   sram_din_ff_reg[43]/D   C2C   default_mode 
     43 11891   sram_din_ff_reg[42]/D   C2C   default_mode 
     44 11891   sram_din_ff_reg[41]/D   C2C   default_mode 
     45 11891   sram_din_ff_reg[40]/D   C2C   default_mode 
     46 11891   sram_din_ff_reg[39]/D   C2C   default_mode 
     47 11891   sram_din_ff_reg[38]/D   C2C   default_mode 
     48 11891   sram_din_ff_reg[37]/D   C2C   default_mode 
     49 11891   sram_din_ff_reg[36]/D   C2C   default_mode 
     50 11891   sram_din_ff_reg[35]/D   C2C   default_mode 
     51 11891   sram_din_ff_reg[34]/D   C2C   default_mode 
     52 11891   sram_din_ff_reg[33]/D   C2C   default_mode 
     53 11891   sram_din_ff_reg[32]/D   C2C   default_mode 
     54 11891   sram_din_ff_reg[31]/D   C2C   default_mode 
     55 11891   sram_din_ff_reg[30]/D   C2C   default_mode 
     56 11891   sram_din_ff_reg[29]/D   C2C   default_mode 
     57 11891   sram_din_ff_reg[28]/D   C2C   default_mode 
     58 11891   sram_din_ff_reg[27]/D   C2C   default_mode 
     59 11891   sram_din_ff_reg[26]/D   C2C   default_mode 
     60 11891   sram_din_ff_reg[25]/D   C2C   default_mode 
     61 11891   sram_din_ff_reg[24]/D   C2C   default_mode 
     62 11891   sram_din_ff_reg[23]/D   C2C   default_mode 
     63 11891   sram_din_ff_reg[22]/D   C2C   default_mode 
     64 11891   sram_din_ff_reg[21]/D   C2C   default_mode 
     65 11891   sram_din_ff_reg[20]/D   C2C   default_mode 
     66 11891   sram_din_ff_reg[19]/D   C2C   default_mode 
     67 11891   sram_din_ff_reg[18]/D   C2C   default_mode 
     68 11891   sram_din_ff_reg[17]/D   C2C   default_mode 
     69 11891   sram_din_ff_reg[16]/D   C2C   default_mode 
     70 11891   sram_din_ff_reg[15]/D   C2C   default_mode 
     71 11891   sram_din_ff_reg[14]/D   C2C   default_mode 
     72 11891   sram_din_ff_reg[13]/D   C2C   default_mode 
     73 11891   sram_din_ff_reg[12]/D   C2C   default_mode 
     74 11891   sram_din_ff_reg[11]/D   C2C   default_mode 
     75 11891   sram_din_ff_reg[10]/D   C2C   default_mode 
     76 11891   sram_din_ff_reg[9]/D    C2C   default_mode 
     77 11891   sram_din_ff_reg[8]/D    C2C   default_mode 
     78 11891   sram_din_ff_reg[7]/D    C2C   default_mode 
     79 11891   sram_din_ff_reg[6]/D    C2C   default_mode 
     80 11891   sram_din_ff_reg[5]/D    C2C   default_mode 
     81 11891   sram_din_ff_reg[4]/D    C2C   default_mode 
     82 11891   sram_din_ff_reg[3]/D    C2C   default_mode 
     83 11897   u_sram/CEN              C2C   default_mode 
     84 11908   u_sram/D[0]             C2C   default_mode 
     85 11908   u_sram/D[1]             C2C   default_mode 
     86 11908   u_sram/D[54]            C2C   default_mode 
     87 11908   u_sram/D[2]             C2C   default_mode 
     88 11908   u_sram/D[3]             C2C   default_mode 
     89 11908   u_sram/D[4]             C2C   default_mode 
     90 11908   u_sram/D[5]             C2C   default_mode 
     91 11908   u_sram/D[6]             C2C   default_mode 
     92 11908   u_sram/D[7]             C2C   default_mode 
     93 11908   u_sram/D[8]             C2C   default_mode 
     94 11908   u_sram/D[9]             C2C   default_mode 
     95 11908   u_sram/D[10]            C2C   default_mode 
     96 11908   u_sram/D[11]            C2C   default_mode 
     97 11908   u_sram/D[12]            C2C   default_mode 
     98 11908   u_sram/D[42]            C2C   default_mode 
     99 11908   u_sram/D[13]            C2C   default_mode 
    100 11908   u_sram/D[14]            C2C   default_mode 
    101 11908   u_sram/D[15]            C2C   default_mode 
    102 11908   u_sram/D[38]            C2C   default_mode 
    103 11908   u_sram/D[16]            C2C   default_mode 
    104 11908   u_sram/D[17]            C2C   default_mode 
    105 11908   u_sram/D[18]            C2C   default_mode 
    106 11908   u_sram/D[34]            C2C   default_mode 
    107 11908   u_sram/D[19]            C2C   default_mode 
    108 11908   u_sram/D[20]            C2C   default_mode 
    109 11908   u_sram/D[21]            C2C   default_mode 
    110 11908   u_sram/D[22]            C2C   default_mode 
    111 11908   u_sram/D[23]            C2C   default_mode 
    112 11908   u_sram/D[24]            C2C   default_mode 
    113 11908   u_sram/D[25]            C2C   default_mode 
    114 11908   u_sram/D[26]            C2C   default_mode 
    115 11908   u_sram/D[27]            C2C   default_mode 
    116 11908   u_sram/D[28]            C2C   default_mode 
    117 11908   u_sram/D[29]            C2C   default_mode 
    118 11908   u_sram/D[30]            C2C   default_mode 
    119 11908   u_sram/D[31]            C2C   default_mode 
    120 11908   u_sram/D[32]            C2C   default_mode 
    121 11908   u_sram/D[33]            C2C   default_mode 
    122 11908   u_sram/D[35]            C2C   default_mode 
    123 11908   u_sram/D[36]            C2C   default_mode 
    124 11908   u_sram/D[37]            C2C   default_mode 
    125 11908   u_sram/D[39]            C2C   default_mode 
    126 11908   u_sram/D[40]            C2C   default_mode 
    127 11908   u_sram/D[41]            C2C   default_mode 
    128 11908   u_sram/D[45]            C2C   default_mode 
    129 11908   u_sram/D[46]            C2C   default_mode 
    130 11908   u_sram/D[47]            C2C   default_mode 
    131 11908   u_sram/D[48]            C2C   default_mode 
    132 11908   u_sram/D[49]            C2C   default_mode 
    133 11908   u_sram/D[50]            C2C   default_mode 
    134 11908   u_sram/D[51]            C2C   default_mode 
    135 11908   u_sram/D[52]            C2C   default_mode 
    136 11908   u_sram/D[53]            C2C   default_mode 
    137 11908   u_sram/D[55]            C2C   default_mode 
    138 11908   u_sram/D[56]            C2C   default_mode 
    139 11908   u_sram/D[57]            C2C   default_mode 
    140 11908   u_sram/D[43]            C2C   default_mode 
    141 11908   u_sram/D[61]            C2C   default_mode 
    142 11908   u_sram/D[62]            C2C   default_mode 
    143 11908   u_sram/D[44]            C2C   default_mode 
    144 11908   u_sram/D[63]            C2C   default_mode 
    145 11908   u_sram/D[59]            C2C   default_mode 
    146 11908   u_sram/D[58]            C2C   default_mode 
    147 11908   u_sram/D[60]            C2C   default_mode 
    148 11910   u_sram/WEN              C2C   default_mode 
    149 12129   sram_cen_ff_reg/D       C2C   default_mode 
    150 16935   tpu_dout[47]            C2O   default_mode 
    151 16935   tpu_dout[51]            C2O   default_mode 
    152 16935   tpu_dout[53]            C2O   default_mode 
    153 16935   tpu_dout[54]            C2O   default_mode 
    154 16935   tpu_dout[55]            C2O   default_mode 
    155 16935   tpu_dout[43]            C2O   default_mode 
    156 16935   tpu_dout[59]            C2O   default_mode 
    157 16935   tpu_dout[63]            C2O   default_mode 
    158 16935   tpu_dout[57]            C2O   default_mode 
    159 16935   tpu_dout[62]            C2O   default_mode 
    160 16935   tpu_dout[61]            C2O   default_mode 
    161 16935   tpu_dout[0]             C2O   default_mode 
    162 16935   tpu_dout[1]             C2O   default_mode 
    163 16935   tpu_dout[2]             C2O   default_mode 
    164 16935   tpu_dout[3]             C2O   default_mode 
    165 16935   tpu_dout[4]             C2O   default_mode 
    166 16935   tpu_dout[5]             C2O   default_mode 
    167 16935   tpu_dout[6]             C2O   default_mode 
    168 16935   tpu_dout[8]             C2O   default_mode 
    169 16935   tpu_dout[9]             C2O   default_mode 
    170 16935   tpu_dout[10]            C2O   default_mode 
    171 16935   tpu_dout[12]            C2O   default_mode 
    172 16935   tpu_dout[13]            C2O   default_mode 
    173 16935   tpu_dout[14]            C2O   default_mode 
    174 16935   tpu_dout[16]            C2O   default_mode 
    175 16935   tpu_dout[17]            C2O   default_mode 
    176 16935   tpu_dout[18]            C2O   default_mode 
    177 16935   tpu_dout[19]            C2O   default_mode 
    178 16935   tpu_dout[20]            C2O   default_mode 
    179 16935   tpu_dout[21]            C2O   default_mode 
    180 16935   tpu_dout[22]            C2O   default_mode 
    181 16935   tpu_dout[24]            C2O   default_mode 
    182 16935   tpu_dout[25]            C2O   default_mode 
    183 16935   tpu_dout[26]            C2O   default_mode 
    184 16935   tpu_dout[28]            C2O   default_mode 
    185 16935   tpu_dout[29]            C2O   default_mode 
    186 16935   tpu_dout[30]            C2O   default_mode 
    187 16935   tpu_dout[32]            C2O   default_mode 
    188 16935   tpu_dout[33]            C2O   default_mode 
    189 16935   tpu_dout[34]            C2O   default_mode 
    190 16935   tpu_dout[36]            C2O   default_mode 
    191 16935   tpu_dout[37]            C2O   default_mode 
    192 16935   tpu_dout[38]            C2O   default_mode 
    193 16935   tpu_dout[40]            C2O   default_mode 
    194 16935   tpu_dout[41]            C2O   default_mode 
    195 16935   tpu_dout[42]            C2O   default_mode 
    196 16935   tpu_dout[44]            C2O   default_mode 
    197 16935   tpu_dout[45]            C2O   default_mode 
    198 16935   tpu_dout[46]            C2O   default_mode 
    199 16935   tpu_dout[39]            C2O   default_mode 
    200 16935   tpu_dout[48]            C2O   default_mode 
    201 16935   tpu_dout[49]            C2O   default_mode 
    202 16935   tpu_dout[50]            C2O   default_mode 
    203 16935   tpu_dout[52]            C2O   default_mode 
    204 16935   tpu_dout[35]            C2O   default_mode 
    205 16935   tpu_dout[56]            C2O   default_mode 
    206 16935   tpu_dout[58]            C2O   default_mode 
    207 16935   tpu_dout[60]            C2O   default_mode 
    208 16935   tpu_dout[31]            C2O   default_mode 
    209 16935   tpu_dout[27]            C2O   default_mode 
    210 16935   tpu_dout[23]            C2O   default_mode 
    211 16935   tpu_dout[15]            C2O   default_mode 
    212 16935   tpu_dout[11]            C2O   default_mode 
    213 16935   tpu_dout[7]             C2O   default_mode 
    214 24068   bus_wbuf_reg[52]/SA     I2C   default_mode 
    215 24068   bus_wbuf_reg[48]/SA     I2C   default_mode 
    216 24068   bus_wbuf_reg[53]/SA     I2C   default_mode 
    217 24068   bus_wbuf_reg[55]/SA     I2C   default_mode 
    218 24068   bus_wbuf_reg[51]/SA     I2C   default_mode 
    219 24068   bus_wbuf_reg[39]/SA     I2C   default_mode 
    220 24068   bus_wbuf_reg[38]/SA     I2C   default_mode 
    221 24068   bus_wbuf_reg[50]/SA     I2C   default_mode 
    222 24068   bus_wbuf_reg[37]/SA     I2C   default_mode 
    223 24068   bus_wbuf_reg[36]/SA     I2C   default_mode 
    224 24068   bus_wbuf_reg[35]/SA     I2C   default_mode 
    225 24068   bus_wbuf_reg[49]/SA     I2C   default_mode 
    226 24068   bus_wbuf_reg[32]/SA     I2C   default_mode 
    227 24068   bus_wbuf_reg[33]/SA     I2C   default_mode 
    228 24068   bus_wbuf_reg[54]/SA     I2C   default_mode 
    229 24068   bus_wbuf_reg[34]/SA     I2C   default_mode 
    230 24084   bus_wbuf_reg[42]/SA     I2C   default_mode 
    231 24084   bus_wbuf_reg[41]/SA     I2C   default_mode 
    232 24084   bus_wbuf_reg[40]/SA     I2C   default_mode 
    233 24084   bus_wbuf_reg[47]/SA     I2C   default_mode 
    234 24084   bus_wbuf_reg[46]/SA     I2C   default_mode 
    235 24084   bus_wbuf_reg[45]/SA     I2C   default_mode 
    236 24084   bus_wbuf_reg[44]/SA     I2C   default_mode 
    237 24084   bus_wbuf_reg[43]/SA     I2C   default_mode 
    238 24172   bus_wbuf_reg[21]/SA     I2C   default_mode 
    239 24172   bus_wbuf_reg[20]/SA     I2C   default_mode 
    240 24172   bus_wbuf_reg[19]/SA     I2C   default_mode 
    241 24172   bus_wbuf_reg[18]/SA     I2C   default_mode 
    242 24172   bus_wbuf_reg[17]/SA     I2C   default_mode 
    243 24172   bus_wbuf_reg[16]/SA     I2C   default_mode 
    244 24172   bus_wbuf_reg[7]/SA      I2C   default_mode 
    245 24172   bus_wbuf_reg[5]/SA      I2C   default_mode 
    246 24172   bus_wbuf_reg[4]/SA      I2C   default_mode 
    247 24172   bus_wbuf_reg[2]/SA      I2C   default_mode 
    248 24172   bus_wbuf_reg[1]/SA      I2C   default_mode 
    249 24172   bus_wbuf_reg[0]/SA      I2C   default_mode 
    250 24172   bus_wbuf_reg[3]/SA      I2C   default_mode 
    251 24172   bus_wbuf_reg[23]/SA     I2C   default_mode 
    252 24172   bus_wbuf_reg[6]/SA      I2C   default_mode 
    253 24172   bus_wbuf_reg[22]/SA     I2C   default_mode 
    254 24196   bus_wbuf_reg[58]/SA     I2C   default_mode 
    255 24196   bus_wbuf_reg[57]/SA     I2C   default_mode 
    256 24196   bus_wbuf_reg[61]/SA     I2C   default_mode 
    257 24196   bus_wbuf_reg[60]/SA     I2C   default_mode 
    258 24196   bus_wbuf_reg[56]/SA     I2C   default_mode 
    259 24196   bus_wbuf_reg[62]/SA     I2C   default_mode 
    260 24196   bus_wbuf_reg[59]/SA     I2C   default_mode 
    261 24196   bus_wbuf_reg[63]/SA     I2C   default_mode 
    262 24228   bus_we_d1_reg/D         I2C   default_mode 
    263 24241   bus_wbuf_reg[11]/SA     I2C   default_mode 
    264 24241   bus_wbuf_reg[15]/SA     I2C   default_mode 
    265 24241   bus_wbuf_reg[12]/SA     I2C   default_mode 
    266 24241   bus_wbuf_reg[14]/SA     I2C   default_mode 
    267 24241   bus_wbuf_reg[13]/SA     I2C   default_mode 
    268 24241   bus_wbuf_reg[10]/SA     I2C   default_mode 
    269 24241   bus_wbuf_reg[9]/SA      I2C   default_mode 
    270 24241   bus_wbuf_reg[31]/SA     I2C   default_mode 
    271 24241   bus_wbuf_reg[29]/SA     I2C   default_mode 
    272 24241   bus_wbuf_reg[28]/SA     I2C   default_mode 
    273 24241   bus_wbuf_reg[27]/SA     I2C   default_mode 
    274 24241   bus_wbuf_reg[26]/SA     I2C   default_mode 
    275 24241   bus_wbuf_reg[25]/SA     I2C   default_mode 
    276 24241   bus_wbuf_reg[24]/SA     I2C   default_mode 
    277 24241   bus_wbuf_reg[30]/SA     I2C   default_mode 
    278 24241   bus_wbuf_reg[8]/SA      I2C   default_mode 
    279 24501   bus_wbuf_reg[54]/DA     I2C   default_mode 
    280 24501   bus_wbuf_reg[48]/DA     I2C   default_mode 
    281 24501   bus_wbuf_reg[53]/DA     I2C   default_mode 
    282 24501   bus_wbuf_reg[41]/DA     I2C   default_mode 
    283 24501   bus_wbuf_reg[37]/DA     I2C   default_mode 
    284 24501   bus_wbuf_reg[40]/DA     I2C   default_mode 
    285 24501   bus_wbuf_reg[39]/DA     I2C   default_mode 
    286 24501   bus_wbuf_reg[52]/DA     I2C   default_mode 
    287 24501   bus_wbuf_reg[38]/DA     I2C   default_mode 
    288 24501   bus_wbuf_reg[42]/DA     I2C   default_mode 
    289 24501   bus_wbuf_reg[32]/DA     I2C   default_mode 
    290 24501   bus_wbuf_reg[43]/DA     I2C   default_mode 
    291 24501   bus_wbuf_reg[44]/DA     I2C   default_mode 
    292 24501   bus_wbuf_reg[55]/DA     I2C   default_mode 
    293 24501   bus_wbuf_reg[49]/DA     I2C   default_mode 
    294 24501   bus_wbuf_reg[47]/DA     I2C   default_mode 
    295 24501   bus_wbuf_reg[33]/DA     I2C   default_mode 
    296 24501   bus_wbuf_reg[34]/DA     I2C   default_mode 
    297 24501   bus_wbuf_reg[46]/DA     I2C   default_mode 
    298 24501   bus_wbuf_reg[35]/DA     I2C   default_mode 
    299 24501   bus_wbuf_reg[45]/DA     I2C   default_mode 
    300 24501   bus_wbuf_reg[50]/DA     I2C   default_mode 
    301 24501   bus_wbuf_reg[36]/DA     I2C   default_mode 
    302 24501   bus_wbuf_reg[51]/DA     I2C   default_mode 
    303 24548   bus_wbuf_reg[58]/DB     I2C   default_mode 
    304 24548   bus_wbuf_reg[61]/DB     I2C   default_mode 
    305 24548   bus_wbuf_reg[20]/DB     I2C   default_mode 
    306 24548   bus_wbuf_reg[21]/DB     I2C   default_mode 
    307 24548   bus_wbuf_reg[56]/DB     I2C   default_mode 
    308 24548   bus_wbuf_reg[59]/DB     I2C   default_mode 
    309 24548   bus_wbuf_reg[19]/DB     I2C   default_mode 
    310 24548   bus_wbuf_reg[31]/DB     I2C   default_mode 
    311 24548   bus_wbuf_reg[17]/DB     I2C   default_mode 
    312 24548   bus_wbuf_reg[22]/DB     I2C   default_mode 
    313 24548   bus_wbuf_reg[11]/DB     I2C   default_mode 
    314 24548   bus_wbuf_reg[2]/DB      I2C   default_mode 
    315 24548   bus_wbuf_reg[12]/DB     I2C   default_mode 
    316 24548   bus_wbuf_reg[14]/DB     I2C   default_mode 
    317 24548   bus_wbuf_reg[13]/DB     I2C   default_mode 
    318 24548   bus_wbuf_reg[15]/DB     I2C   default_mode 
    319 24548   bus_wbuf_reg[63]/DB     I2C   default_mode 
    320 24548   bus_wbuf_reg[16]/DB     I2C   default_mode 
    321 24548   bus_wbuf_reg[18]/DB     I2C   default_mode 
    322 24548   bus_wbuf_reg[30]/DB     I2C   default_mode 
    323 24548   bus_wbuf_reg[23]/DB     I2C   default_mode 
    324 24548   bus_wbuf_reg[6]/DB      I2C   default_mode 
    325 24548   bus_wbuf_reg[24]/DB     I2C   default_mode 
    326 24548   bus_wbuf_reg[57]/DB     I2C   default_mode 
    327 24548   bus_wbuf_reg[26]/DB     I2C   default_mode 
    328 24548   bus_wbuf_reg[27]/DB     I2C   default_mode 
    329 24548   bus_wbuf_reg[0]/DB      I2C   default_mode 
    330 24548   bus_wbuf_reg[28]/DB     I2C   default_mode 
    331 24548   bus_wbuf_reg[60]/DB     I2C   default_mode 
    332 24548   bus_wbuf_reg[3]/DB      I2C   default_mode 
    333 24548   bus_wbuf_reg[29]/DB     I2C   default_mode 
    334 24548   bus_wbuf_reg[1]/DB      I2C   default_mode 
    335 24548   bus_wbuf_reg[7]/DB      I2C   default_mode 
    336 24548   bus_wbuf_reg[4]/DB      I2C   default_mode 
    337 24548   bus_wbuf_reg[25]/DB     I2C   default_mode 
    338 24548   bus_wbuf_reg[5]/DB      I2C   default_mode 
    339 24548   bus_wbuf_reg[9]/DB      I2C   default_mode 
    340 24548   bus_wbuf_reg[62]/DB     I2C   default_mode 
    341 24548   bus_wbuf_reg[10]/DB     I2C   default_mode 
    342 24548   bus_wbuf_reg[8]/DB      I2C   default_mode 
    343 24597   bus_wbuf_reg[24]/DA     C2C   default_mode 
    344 24597   bus_wbuf_reg[22]/DA     C2C   default_mode 
    345 24597   bus_wbuf_reg[20]/DA     C2C   default_mode 
    346 24597   bus_wbuf_reg[19]/DA     C2C   default_mode 
    347 24597   bus_wbuf_reg[27]/DA     C2C   default_mode 
    348 24597   bus_wbuf_reg[15]/DA     C2C   default_mode 
    349 24597   bus_wbuf_reg[0]/DA      C2C   default_mode 
    350 24597   bus_wbuf_reg[14]/DA     C2C   default_mode 
    351 24597   bus_wbuf_reg[12]/DA     C2C   default_mode 
    352 24597   bus_wbuf_reg[2]/DA      C2C   default_mode 
    353 24597   bus_wbuf_reg[1]/DA      C2C   default_mode 
    354 24597   bus_wbuf_reg[23]/DA     C2C   default_mode 
    355 24597   bus_wbuf_reg[57]/DA     C2C   default_mode 
    356 24597   bus_wbuf_reg[29]/DA     C2C   default_mode 
    357 24597   bus_wbuf_reg[59]/DA     C2C   default_mode 
    358 24597   bus_wbuf_reg[3]/DA      C2C   default_mode 
    359 24597   bus_wbuf_reg[10]/DA     C2C   default_mode 
    360 24597   bus_wbuf_reg[58]/DA     C2C   default_mode 
    361 24597   bus_wbuf_reg[31]/DA     C2C   default_mode 
    362 24597   bus_wbuf_reg[18]/DA     C2C   default_mode 
    363 24597   bus_wbuf_reg[62]/DA     C2C   default_mode 
    364 24597   bus_wbuf_reg[13]/DA     C2C   default_mode 
    365 24597   bus_wbuf_reg[4]/DA      C2C   default_mode 
    366 24597   bus_wbuf_reg[6]/DA      C2C   default_mode 
    367 24597   bus_wbuf_reg[8]/DA      C2C   default_mode 
    368 24597   bus_wbuf_reg[26]/DA     C2C   default_mode 
    369 24597   bus_wbuf_reg[60]/DA     C2C   default_mode 
    370 24597   bus_wbuf_reg[9]/DA      C2C   default_mode 
    371 24597   bus_wbuf_reg[56]/DA     C2C   default_mode 
    372 24597   bus_wbuf_reg[7]/DA      C2C   default_mode 
    373 24597   bus_wbuf_reg[28]/DA     C2C   default_mode 
    374 24597   bus_wbuf_reg[5]/DA      C2C   default_mode 
    375 24597   bus_wbuf_reg[61]/DA     C2C   default_mode 
    376 24597   bus_wbuf_reg[21]/DA     C2C   default_mode 
    377 24597   bus_wbuf_reg[30]/DA     C2C   default_mode 
    378 24597   bus_wbuf_reg[63]/DA     C2C   default_mode 
    379 24597   bus_wbuf_reg[25]/DA     C2C   default_mode 
    380 24597   bus_wbuf_reg[17]/DA     C2C   default_mode 
    381 24597   bus_wbuf_reg[11]/DA     C2C   default_mode 
    382 24597   bus_wbuf_reg[16]/DA     C2C   default_mode 
    383 24601   bus_waddr_d1_reg[6]/D   I2C   default_mode 
    384 24601   bus_waddr_d1_reg[0]/D   I2C   default_mode 
    385 24601   bus_waddr_d1_reg[4]/D   I2C   default_mode 
    386 24601   bus_waddr_d1_reg[8]/D   I2C   default_mode 
    387 24601   bus_waddr_d1_reg[5]/D   I2C   default_mode 
    388 24601   bus_waddr_d1_reg[7]/D   I2C   default_mode 
    389 24601   bus_waddr_d1_reg[3]/D   I2C   default_mode 
    390 24601   bus_waddr_d1_reg[1]/D   I2C   default_mode 
    391 24601   bus_waddr_d1_reg[2]/D   I2C   default_mode 
    392 24641   bus_wbuf_reg[34]/DB     C2C   default_mode 
    393 24641   bus_wbuf_reg[40]/DB     C2C   default_mode 
    394 24641   bus_wbuf_reg[41]/DB     C2C   default_mode 
    395 24641   bus_wbuf_reg[48]/DB     C2C   default_mode 
    396 24641   bus_wbuf_reg[52]/DB     C2C   default_mode 
    397 24641   bus_wbuf_reg[39]/DB     C2C   default_mode 
    398 24641   bus_wbuf_reg[37]/DB     C2C   default_mode 
    399 24641   bus_wbuf_reg[44]/DB     C2C   default_mode 
    400 24641   bus_wbuf_reg[50]/DB     C2C   default_mode 
    401 24641   bus_wbuf_reg[46]/DB     C2C   default_mode 
    402 24641   bus_wbuf_reg[45]/DB     C2C   default_mode 
    403 24641   bus_wbuf_reg[47]/DB     C2C   default_mode 
    404 24641   bus_wbuf_reg[35]/DB     C2C   default_mode 
    405 24641   bus_wbuf_reg[36]/DB     C2C   default_mode 
    406 24641   bus_wbuf_reg[38]/DB     C2C   default_mode 
    407 24641   bus_wbuf_reg[43]/DB     C2C   default_mode 
    408 24641   bus_wbuf_reg[42]/DB     C2C   default_mode 
    409 24641   bus_wbuf_reg[55]/DB     C2C   default_mode 
    410 24641   bus_wbuf_reg[33]/DB     C2C   default_mode 
    411 24641   bus_wbuf_reg[54]/DB     C2C   default_mode 
    412 24641   bus_wbuf_reg[49]/DB     C2C   default_mode 
    413 24641   bus_wbuf_reg[32]/DB     C2C   default_mode 
    414 24641   bus_wbuf_reg[53]/DB     C2C   default_mode 
    415 24641   bus_wbuf_reg[51]/DB     C2C   default_mode 
#----------------------------------------------------------


