============================================================
  Generated by:           Genus(TM) Synthesis Solution 21.16-s062_1
  Generated on:           Apr 27 2026  05:30:32 pm
  Module:                 bus_slave_sram_ab
  Operating conditions:   WCCOM (balanced_tree)
  Wireload mode:          segmented
  Area mode:              timing library
============================================================

#--------------------------------------------------------------------------
#   ID   Slack                Endpoint                Group      Mode      
#         (ps)                                                             
#--------------------------------------------------------------------------
       1 11018   u_slave_ab/max_b_reg[12]/d             I2C   default_mode 
       2 11018   u_slave_ab/max_a_reg[12]/d             I2C   default_mode 
       3 11062   u_slave_ab/max_b_reg[11]/d             I2C   default_mode 
       4 11062   u_slave_ab/max_a_reg[11]/d             I2C   default_mode 
       5 11113   u_slave_ab/max_b_reg[10]/d             I2C   default_mode 
       6 11113   u_slave_ab/max_a_reg[10]/d             I2C   default_mode 
       7 11123   u_slave_ab/max_b_reg[9]/d              I2C   default_mode 
       8 11123   u_slave_ab/max_a_reg[9]/d              I2C   default_mode 
       9 11166   u_slave_ab/max_b_reg[8]/d              I2C   default_mode 
      10 11166   u_slave_ab/max_a_reg[8]/d              I2C   default_mode 
      11 11192   u_slave_ab/max_b_reg[7]/d              I2C   default_mode 
      12 11192   u_slave_ab/max_a_reg[7]/d              I2C   default_mode 
      13 11247   u_slave_ab/max_b_reg[6]/d              I2C   default_mode 
      14 11247   u_slave_ab/max_a_reg[6]/d              I2C   default_mode 
      15 11587   u_slave_ab/max_b_reg[5]/d              I2C   default_mode 
      16 11587   u_slave_ab/max_a_reg[5]/d              I2C   default_mode 
      17 11608   u_slave_ab/max_b_reg[4]/d              I2C   default_mode 
      18 11608   u_slave_ab/max_a_reg[4]/d              I2C   default_mode 
      19 11693   u_slave_ab/max_b_reg[3]/d              I2C   default_mode 
      20 11693   u_slave_ab/max_a_reg[3]/d              I2C   default_mode 
      21 11746   u_slave_ab/max_b_reg[2]/d              I2C   default_mode 
      22 11746   u_slave_ab/max_a_reg[2]/d              I2C   default_mode 
      23 11791   u_slave_ab/max_b_reg[1]/d              I2C   default_mode 
      24 11791   u_slave_ab/max_a_reg[1]/d              I2C   default_mode 
      25 11863   u_sram_b/bus_wbuf_reg[62]/d            C2C   default_mode 
      26 11863   u_sram_b/bus_wbuf_reg[47]/d            C2C   default_mode 
      27 11863   u_sram_b/bus_wbuf_reg[46]/d            C2C   default_mode 
      28 11863   u_sram_b/bus_wbuf_reg[45]/d            C2C   default_mode 
      29 11863   u_sram_a/bus_wbuf_reg[34]/d            C2C   default_mode 
      30 11863   u_sram_a/bus_wbuf_reg[33]/d            C2C   default_mode 
      31 11863   u_sram_a/bus_wbuf_reg[32]/d            C2C   default_mode 
      32 11863   u_sram_a/bus_wbuf_reg[31]/d            C2C   default_mode 
      33 11863   u_sram_a/bus_wbuf_reg[30]/d            C2C   default_mode 
      34 11863   u_sram_a/bus_wbuf_reg[29]/d            C2C   default_mode 
      35 11863   u_sram_a/bus_wbuf_reg[28]/d            C2C   default_mode 
      36 11863   u_sram_a/bus_wbuf_reg[27]/d            C2C   default_mode 
      37 11863   u_sram_a/bus_wbuf_reg[26]/d            C2C   default_mode 
      38 11863   u_sram_a/bus_wbuf_reg[25]/d            C2C   default_mode 
      39 11863   u_sram_a/bus_wbuf_reg[24]/d            C2C   default_mode 
      40 11863   u_sram_b/bus_wbuf_reg[44]/d            C2C   default_mode 
      41 11863   u_sram_a/bus_wbuf_reg[23]/d            C2C   default_mode 
      42 11863   u_sram_a/bus_wbuf_reg[22]/d            C2C   default_mode 
      43 11863   u_sram_a/bus_wbuf_reg[21]/d            C2C   default_mode 
      44 11863   u_sram_a/bus_wbuf_reg[20]/d            C2C   default_mode 
      45 11863   u_sram_a/bus_wbuf_reg[19]/d            C2C   default_mode 
      46 11863   u_sram_b/bus_wbuf_reg[43]/d            C2C   default_mode 
      47 11863   u_sram_a/bus_wbuf_reg[18]/d            C2C   default_mode 
      48 11863   u_sram_a/bus_wbuf_reg[17]/d            C2C   default_mode 
      49 11863   u_sram_a/bus_wbuf_reg[16]/d            C2C   default_mode 
      50 11863   u_sram_a/bus_wbuf_reg[15]/d            C2C   default_mode 
      51 11863   u_sram_a/bus_wbuf_reg[14]/d            C2C   default_mode 
      52 11863   u_sram_b/bus_wbuf_reg[42]/d            C2C   default_mode 
      53 11863   u_sram_b/bus_wbuf_reg[41]/d            C2C   default_mode 
      54 11863   u_sram_a/bus_wbuf_reg[13]/d            C2C   default_mode 
      55 11863   u_sram_a/bus_wbuf_reg[12]/d            C2C   default_mode 
      56 11863   u_sram_a/bus_wbuf_reg[11]/d            C2C   default_mode 
      57 11863   u_sram_a/bus_wbuf_reg[10]/d            C2C   default_mode 
      58 11863   u_sram_a/bus_wbuf_reg[9]/d             C2C   default_mode 
      59 11863   u_sram_a/bus_wbuf_reg[8]/d             C2C   default_mode 
      60 11863   u_sram_b/bus_wbuf_reg[40]/d            C2C   default_mode 
      61 11863   u_sram_b/bus_wbuf_reg[39]/d            C2C   default_mode 
      62 11863   u_sram_b/bus_wbuf_reg[38]/d            C2C   default_mode 
      63 11863   u_sram_b/bus_wbuf_reg[37]/d            C2C   default_mode 
      64 11863   u_sram_b/bus_wbuf_reg[61]/d            C2C   default_mode 
      65 11863   u_sram_b/bus_wbuf_reg[36]/d            C2C   default_mode 
      66 11863   u_sram_b/bus_wbuf_reg[35]/d            C2C   default_mode 
      67 11863   u_sram_b/bus_wbuf_reg[34]/d            C2C   default_mode 
      68 11863   u_sram_b/bus_wbuf_reg[33]/d            C2C   default_mode 
      69 11863   u_sram_b/bus_wbuf_reg[32]/d            C2C   default_mode 
      70 11863   u_sram_b/bus_wbuf_reg[60]/d            C2C   default_mode 
      71 11863   u_sram_b/bus_wbuf_reg[31]/d            C2C   default_mode 
      72 11863   u_sram_b/bus_wbuf_reg[30]/d            C2C   default_mode 
      73 11863   u_sram_b/bus_wbuf_reg[29]/d            C2C   default_mode 
      74 11863   u_sram_b/bus_wbuf_reg[59]/d            C2C   default_mode 
      75 11863   u_sram_b/bus_wbuf_reg[28]/d            C2C   default_mode 
      76 11863   u_sram_b/bus_wbuf_reg[27]/d            C2C   default_mode 
      77 11863   u_sram_b/bus_wbuf_reg[57]/d            C2C   default_mode 
      78 11863   u_sram_b/bus_wbuf_reg[56]/d            C2C   default_mode 
      79 11863   u_sram_b/bus_wbuf_reg[26]/d            C2C   default_mode 
      80 11863   u_sram_b/bus_wbuf_reg[25]/d            C2C   default_mode 
      81 11863   u_sram_b/bus_wbuf_reg[58]/d            C2C   default_mode 
      82 11863   u_sram_b/bus_wbuf_reg[24]/d            C2C   default_mode 
      83 11863   u_sram_b/bus_wbuf_reg[63]/d            C2C   default_mode 
      84 11863   u_sram_b/bus_wbuf_reg[23]/d            C2C   default_mode 
      85 11863   u_sram_b/bus_wbuf_reg[22]/d            C2C   default_mode 
      86 11863   u_sram_b/bus_wbuf_reg[21]/d            C2C   default_mode 
      87 11863   u_sram_b/bus_wbuf_reg[55]/d            C2C   default_mode 
      88 11863   u_sram_b/bus_wbuf_reg[20]/d            C2C   default_mode 
      89 11863   u_sram_b/bus_wbuf_reg[19]/d            C2C   default_mode 
      90 11863   u_sram_a/bus_wbuf_reg[63]/d            C2C   default_mode 
      91 11863   u_sram_a/bus_wbuf_reg[62]/d            C2C   default_mode 
      92 11863   u_sram_b/bus_wbuf_reg[54]/d            C2C   default_mode 
      93 11863   u_sram_b/bus_wbuf_reg[18]/d            C2C   default_mode 
      94 11863   u_sram_a/bus_wbuf_reg[61]/d            C2C   default_mode 
      95 11863   u_sram_a/bus_wbuf_reg[60]/d            C2C   default_mode 
      96 11863   u_sram_b/bus_wbuf_reg[17]/d            C2C   default_mode 
      97 11863   u_sram_a/bus_wbuf_reg[59]/d            C2C   default_mode 
      98 11863   u_sram_b/bus_wbuf_reg[53]/d            C2C   default_mode 
      99 11863   u_sram_a/bus_wbuf_reg[58]/d            C2C   default_mode 
     100 11863   u_sram_b/bus_wbuf_reg[16]/d            C2C   default_mode 
     101 11863   u_sram_a/bus_wbuf_reg[57]/d            C2C   default_mode 
     102 11863   u_sram_a/bus_wbuf_reg[56]/d            C2C   default_mode 
     103 11863   u_sram_b/bus_wbuf_reg[52]/d            C2C   default_mode 
     104 11863   u_sram_b/bus_wbuf_reg[51]/d            C2C   default_mode 
     105 11863   u_sram_b/bus_wbuf_reg[15]/d            C2C   default_mode 
     106 11863   u_sram_a/bus_wbuf_reg[55]/d            C2C   default_mode 
     107 11863   u_sram_a/bus_wbuf_reg[54]/d            C2C   default_mode 
     108 11863   u_sram_b/bus_wbuf_reg[14]/d            C2C   default_mode 
     109 11863   u_sram_a/bus_wbuf_reg[53]/d            C2C   default_mode 
     110 11863   u_sram_a/bus_wbuf_reg[52]/d            C2C   default_mode 
     111 11863   u_sram_b/bus_wbuf_reg[13]/d            C2C   default_mode 
     112 11863   u_sram_a/bus_wbuf_reg[51]/d            C2C   default_mode 
     113 11863   u_sram_b/bus_wbuf_reg[12]/d            C2C   default_mode 
     114 11863   u_sram_a/bus_wbuf_reg[50]/d            C2C   default_mode 
     115 11863   u_sram_a/bus_wbuf_reg[49]/d            C2C   default_mode 
     116 11863   u_sram_a/bus_wbuf_reg[48]/d            C2C   default_mode 
     117 11863   u_sram_b/bus_wbuf_reg[11]/d            C2C   default_mode 
     118 11863   u_sram_a/bus_wbuf_reg[47]/d            C2C   default_mode 
     119 11863   u_sram_a/bus_wbuf_reg[46]/d            C2C   default_mode 
     120 11863   u_sram_b/bus_wbuf_reg[50]/d            C2C   default_mode 
     121 11863   u_sram_b/bus_wbuf_reg[49]/d            C2C   default_mode 
     122 11863   u_sram_b/bus_wbuf_reg[10]/d            C2C   default_mode 
     123 11863   u_sram_a/bus_wbuf_reg[45]/d            C2C   default_mode 
     124 11863   u_sram_a/bus_wbuf_reg[44]/d            C2C   default_mode 
     125 11863   u_sram_b/bus_wbuf_reg[9]/d             C2C   default_mode 
     126 11863   u_sram_a/bus_wbuf_reg[43]/d            C2C   default_mode 
     127 11863   u_sram_b/bus_wbuf_reg[8]/d             C2C   default_mode 
     128 11863   u_sram_a/bus_wbuf_reg[42]/d            C2C   default_mode 
     129 11863   u_sram_a/bus_wbuf_reg[41]/d            C2C   default_mode 
     130 11863   u_sram_a/bus_wbuf_reg[40]/d            C2C   default_mode 
     131 11863   u_sram_b/bus_wbuf_reg[48]/d            C2C   default_mode 
     132 11863   u_sram_a/bus_wbuf_reg[39]/d            C2C   default_mode 
     133 11863   u_sram_a/bus_wbuf_reg[38]/d            C2C   default_mode 
     134 11863   u_sram_a/bus_wbuf_reg[37]/d            C2C   default_mode 
     135 11863   u_sram_a/bus_wbuf_reg[36]/d            C2C   default_mode 
     136 11863   u_sram_a/bus_wbuf_reg[35]/d            C2C   default_mode 
     137 11885   u_sram_b/bus_wbuf_reg[4]/d             C2C   default_mode 
     138 11885   u_sram_b/bus_wbuf_reg[3]/d             C2C   default_mode 
     139 11885   u_sram_b/bus_wbuf_reg[2]/d             C2C   default_mode 
     140 11885   u_sram_b/bus_wbuf_reg[1]/d             C2C   default_mode 
     141 11885   u_sram_b/bus_wbuf_reg[0]/d             C2C   default_mode 
     142 11885   u_sram_a/bus_wbuf_reg[7]/d             C2C   default_mode 
     143 11885   u_sram_a/bus_wbuf_reg[6]/d             C2C   default_mode 
     144 11885   u_sram_a/bus_wbuf_reg[5]/d             C2C   default_mode 
     145 11885   u_sram_a/bus_wbuf_reg[4]/d             C2C   default_mode 
     146 11885   u_sram_a/bus_wbuf_reg[3]/d             C2C   default_mode 
     147 11885   u_sram_a/bus_wbuf_reg[2]/d             C2C   default_mode 
     148 11885   u_sram_a/bus_wbuf_reg[1]/d             C2C   default_mode 
     149 11885   u_sram_a/bus_wbuf_reg[0]/d             C2C   default_mode 
     150 11885   u_sram_b/bus_wbuf_reg[7]/d             C2C   default_mode 
     151 11885   u_sram_b/bus_wbuf_reg[6]/d             C2C   default_mode 
     152 11885   u_sram_b/bus_wbuf_reg[5]/d             C2C   default_mode 
     153 11914   u_slave_ab/cnt_b_reg[12]/sena          I2C   default_mode 
     154 11914   u_slave_ab/cnt_b_reg[11]/sena          I2C   default_mode 
     155 11914   u_slave_ab/cnt_b_reg[10]/sena          I2C   default_mode 
     156 11914   u_slave_ab/cnt_b_reg[9]/sena           I2C   default_mode 
     157 11914   u_slave_ab/cnt_b_reg[8]/sena           I2C   default_mode 
     158 11914   u_slave_ab/cnt_b_reg[7]/sena           I2C   default_mode 
     159 11914   u_slave_ab/cnt_b_reg[6]/sena           I2C   default_mode 
     160 11914   u_slave_ab/cnt_b_reg[5]/sena           I2C   default_mode 
     161 11914   u_slave_ab/cnt_b_reg[4]/sena           I2C   default_mode 
     162 11914   u_slave_ab/cnt_b_reg[3]/sena           I2C   default_mode 
     163 11914   u_slave_ab/cnt_b_reg[2]/sena           I2C   default_mode 
     164 11914   u_slave_ab/cnt_b_reg[1]/sena           I2C   default_mode 
     165 11914   u_slave_ab/cnt_b_reg[0]/sena           I2C   default_mode 
     166 11914   u_slave_ab/cnt_a_reg[12]/sena          I2C   default_mode 
     167 11914   u_slave_ab/cnt_a_reg[11]/sena          I2C   default_mode 
     168 11914   u_slave_ab/cnt_a_reg[10]/sena          I2C   default_mode 
     169 11914   u_slave_ab/cnt_a_reg[9]/sena           I2C   default_mode 
     170 11914   u_slave_ab/cnt_a_reg[8]/sena           I2C   default_mode 
     171 11914   u_slave_ab/cnt_a_reg[7]/sena           I2C   default_mode 
     172 11914   u_slave_ab/cnt_a_reg[6]/sena           I2C   default_mode 
     173 11914   u_slave_ab/cnt_a_reg[5]/sena           I2C   default_mode 
     174 11914   u_slave_ab/cnt_a_reg[4]/sena           I2C   default_mode 
     175 11914   u_slave_ab/cnt_a_reg[3]/sena           I2C   default_mode 
     176 11914   u_slave_ab/cnt_a_reg[2]/sena           I2C   default_mode 
     177 11914   u_slave_ab/cnt_a_reg[1]/sena           I2C   default_mode 
     178 11914   u_slave_ab/cnt_a_reg[0]/sena           I2C   default_mode 
     179 11942   u_slave_ab/we_b_en_reg/srl             I2C   default_mode 
     180 11942   u_slave_ab/we_a_en_reg/srl             I2C   default_mode 
     181 11949   u_slave_ab/cnt_b_reg[12]/d             I2C   default_mode 
     182 11949   u_slave_ab/cnt_b_reg[11]/d             I2C   default_mode 
     183 11949   u_slave_ab/cnt_b_reg[10]/d             I2C   default_mode 
     184 11949   u_slave_ab/cnt_b_reg[9]/d              I2C   default_mode 
     185 11949   u_slave_ab/cnt_b_reg[8]/d              I2C   default_mode 
     186 11949   u_slave_ab/cnt_b_reg[7]/d              I2C   default_mode 
     187 11949   u_slave_ab/cnt_b_reg[6]/d              I2C   default_mode 
     188 11949   u_slave_ab/cnt_b_reg[5]/d              I2C   default_mode 
     189 11949   u_slave_ab/cnt_b_reg[4]/d              I2C   default_mode 
     190 11949   u_slave_ab/cnt_b_reg[3]/d              I2C   default_mode 
     191 11949   u_slave_ab/cnt_b_reg[2]/d              I2C   default_mode 
     192 11949   u_slave_ab/cnt_b_reg[1]/d              I2C   default_mode 
     193 11949   u_slave_ab/cnt_b_reg[0]/d              I2C   default_mode 
     194 11949   u_slave_ab/cnt_a_reg[12]/d             I2C   default_mode 
     195 11949   u_slave_ab/cnt_a_reg[11]/d             I2C   default_mode 
     196 11949   u_slave_ab/cnt_a_reg[10]/d             I2C   default_mode 
     197 11949   u_slave_ab/cnt_a_reg[9]/d              I2C   default_mode 
     198 11949   u_slave_ab/cnt_a_reg[8]/d              I2C   default_mode 
     199 11949   u_slave_ab/cnt_a_reg[7]/d              I2C   default_mode 
     200 11949   u_slave_ab/cnt_a_reg[6]/d              I2C   default_mode 
     201 11949   u_slave_ab/cnt_a_reg[5]/d              I2C   default_mode 
     202 11949   u_slave_ab/cnt_a_reg[4]/d              I2C   default_mode 
     203 11949   u_slave_ab/cnt_a_reg[3]/d              I2C   default_mode 
     204 11949   u_slave_ab/cnt_a_reg[2]/d              I2C   default_mode 
     205 11949   u_slave_ab/cnt_a_reg[1]/d              I2C   default_mode 
     206 11949   u_slave_ab/cnt_a_reg[0]/d              I2C   default_mode 
     207 11971   u_sram_b/flush_d1_reg/d                C2C   default_mode 
     208 11971   u_sram_a/flush_d1_reg/d                C2C   default_mode 
     209 11973   u_sram_b/bus_we_d1_reg/d               C2C   default_mode 
     210 11973   u_sram_a/bus_we_d1_reg/d               C2C   default_mode 
     211 11980   u_sram_b/bus_wbuf_reg[46]/sena         C2C   default_mode 
     212 11980   u_sram_a/bus_wbuf_reg[34]/sena         C2C   default_mode 
     213 11980   u_sram_a/bus_wbuf_reg[33]/sena         C2C   default_mode 
     214 11980   u_sram_b/bus_wbuf_reg[4]/sena          C2C   default_mode 
     215 11980   u_sram_a/bus_wbuf_reg[32]/sena         C2C   default_mode 
     216 11980   u_sram_a/bus_wbuf_reg[31]/sena         C2C   default_mode 
     217 11980   u_sram_b/bus_wbuf_reg[3]/sena          C2C   default_mode 
     218 11980   u_sram_b/bus_wbuf_reg[2]/sena          C2C   default_mode 
     219 11980   u_sram_a/bus_wbuf_reg[30]/sena         C2C   default_mode 
     220 11980   u_sram_a/bus_wbuf_reg[29]/sena         C2C   default_mode 
     221 11980   u_sram_a/bus_wbuf_reg[28]/sena         C2C   default_mode 
     222 11980   u_sram_a/bus_wbuf_reg[27]/sena         C2C   default_mode 
     223 11980   u_sram_b/last_word_addr_reg[8]/sena    C2C   default_mode 
     224 11980   u_sram_b/bus_wbuf_reg[1]/sena          C2C   default_mode 
     225 11980   u_sram_b/bus_wbuf_reg[0]/sena          C2C   default_mode 
     226 11980   u_sram_a/bus_wbuf_reg[26]/sena         C2C   default_mode 
     227 11980   u_sram_a/bus_wbuf_reg[25]/sena         C2C   default_mode 
     228 11980   u_sram_b/bus_wbuf_reg[47]/sena         C2C   default_mode 
     229 11980   u_sram_b/bus_wbuf_reg[45]/sena         C2C   default_mode 
     230 11980   u_sram_a/bus_wbuf_reg[24]/sena         C2C   default_mode 
     231 11980   u_sram_a/bus_wbuf_reg[23]/sena         C2C   default_mode 
     232 11980   u_sram_b/bus_wbuf_reg[44]/sena         C2C   default_mode 
     233 11980   u_sram_a/bus_wbuf_reg[22]/sena         C2C   default_mode 
     234 11980   u_sram_a/bus_wbuf_reg[21]/sena         C2C   default_mode 
     235 11980   u_sram_a/bus_wbuf_reg[20]/sena         C2C   default_mode 
     236 11980   u_sram_a/bus_wbuf_reg[19]/sena         C2C   default_mode 
     237 11980   u_sram_b/bus_wbuf_reg[43]/sena         C2C   default_mode 
     238 11980   u_sram_a/bus_wbuf_reg[18]/sena         C2C   default_mode 
     239 11980   u_sram_a/bus_wbuf_reg[17]/sena         C2C   default_mode 
     240 11980   u_sram_a/bus_wbuf_reg[16]/sena         C2C   default_mode 
     241 11980   u_sram_b/bus_wbuf_reg[42]/sena         C2C   default_mode 
     242 11980   u_sram_a/bus_wbuf_reg[15]/sena         C2C   default_mode 
     243 11980   u_sram_a/bus_wbuf_reg[14]/sena         C2C   default_mode 
     244 11980   u_sram_a/bus_wbuf_reg[13]/sena         C2C   default_mode 
     245 11980   u_sram_b/last_word_addr_reg[4]/sena    C2C   default_mode 
     246 11980   u_sram_a/bus_wbuf_reg[12]/sena         C2C   default_mode 
     247 11980   u_sram_a/bus_wbuf_reg[11]/sena         C2C   default_mode 
     248 11980   u_sram_b/bus_wbuf_reg[41]/sena         C2C   default_mode 
     249 11980   u_sram_a/bus_wbuf_reg[10]/sena         C2C   default_mode 
     250 11980   u_sram_a/bus_wbuf_reg[9]/sena          C2C   default_mode 
     251 11980   u_sram_a/bus_wbuf_reg[8]/sena          C2C   default_mode 
     252 11980   u_sram_a/bus_wbuf_reg[7]/sena          C2C   default_mode 
     253 11980   u_sram_a/bus_wbuf_reg[6]/sena          C2C   default_mode 
     254 11980   u_sram_a/bus_wbuf_reg[5]/sena          C2C   default_mode 
     255 11980   u_sram_b/bus_wbuf_reg[40]/sena         C2C   default_mode 
     256 11980   u_sram_a/bus_wbuf_reg[4]/sena          C2C   default_mode 
     257 11980   u_sram_a/bus_wbuf_reg[3]/sena          C2C   default_mode 
     258 11980   u_sram_b/bus_wbuf_reg[39]/sena         C2C   default_mode 
     259 11980   u_sram_a/bus_wbuf_reg[2]/sena          C2C   default_mode 
     260 11980   u_sram_a/bus_wbuf_reg[1]/sena          C2C   default_mode 
     261 11980   u_sram_b/last_word_addr_reg[3]/sena    C2C   default_mode 
     262 11980   u_sram_a/bus_wbuf_reg[0]/sena          C2C   default_mode 
     263 11980   u_sram_b/bus_wbuf_reg[38]/sena         C2C   default_mode 
     264 11980   u_sram_b/bus_wbuf_reg[37]/sena         C2C   default_mode 
     265 11980   u_sram_b/last_word_addr_reg[1]/sena    C2C   default_mode 
     266 11980   u_sram_b/bus_wbuf_reg[36]/sena         C2C   default_mode 
     267 11980   u_sram_b/bus_wbuf_reg[63]/sena         C2C   default_mode 
     268 11980   u_sram_b/bus_wbuf_reg[62]/sena         C2C   default_mode 
     269 11980   u_sram_b/bus_wbuf_reg[35]/sena         C2C   default_mode 
     270 11980   u_sram_b/bus_wbuf_reg[34]/sena         C2C   default_mode 
     271 11980   u_sram_b/bus_wbuf_reg[33]/sena         C2C   default_mode 
     272 11980   u_sram_b/bus_wbuf_reg[32]/sena         C2C   default_mode 
     273 11980   u_sram_b/last_word_addr_reg[2]/sena    C2C   default_mode 
     274 11980   u_sram_b/bus_wbuf_reg[61]/sena         C2C   default_mode 
     275 11980   u_sram_b/bus_wbuf_reg[31]/sena         C2C   default_mode 
     276 11980   u_sram_b/last_word_addr_reg[0]/sena    C2C   default_mode 
     277 11980   u_sram_b/bus_wbuf_reg[30]/sena         C2C   default_mode 
     278 11980   u_sram_b/bus_wbuf_reg[60]/sena         C2C   default_mode 
     279 11980   u_sram_b/bus_wbuf_reg[29]/sena         C2C   default_mode 
     280 11980   u_sram_a/last_word_addr_reg[8]/sena    C2C   default_mode 
     281 11980   u_sram_b/bus_wbuf_reg[28]/sena         C2C   default_mode 
     282 11980   u_sram_a/last_word_addr_reg[7]/sena    C2C   default_mode 
     283 11980   u_sram_a/last_word_addr_reg[6]/sena    C2C   default_mode 
     284 11980   u_sram_b/bus_wbuf_reg[59]/sena         C2C   default_mode 
     285 11980   u_sram_b/bus_wbuf_reg[58]/sena         C2C   default_mode 
     286 11980   u_sram_a/last_word_addr_reg[5]/sena    C2C   default_mode 
     287 11980   u_sram_b/bus_wbuf_reg[27]/sena         C2C   default_mode 
     288 11980   u_sram_a/last_word_addr_reg[4]/sena    C2C   default_mode 
     289 11980   u_sram_b/bus_wbuf_reg[26]/sena         C2C   default_mode 
     290 11980   u_sram_a/last_word_addr_reg[3]/sena    C2C   default_mode 
     291 11980   u_sram_a/last_word_addr_reg[2]/sena    C2C   default_mode 
     292 11980   u_sram_b/last_byte_sel_reg[2]/sena     C2C   default_mode 
     293 11980   u_sram_a/last_word_addr_reg[1]/sena    C2C   default_mode 
     294 11980   u_sram_b/bus_wbuf_reg[25]/sena         C2C   default_mode 
     295 11980   u_sram_a/last_word_addr_reg[0]/sena    C2C   default_mode 
     296 11980   u_sram_b/bus_wbuf_reg[24]/sena         C2C   default_mode 
     297 11980   u_sram_a/last_byte_sel_reg[2]/sena     C2C   default_mode 
     298 11980   u_sram_a/last_byte_sel_reg[1]/sena     C2C   default_mode 
     299 11980   u_sram_b/bus_wbuf_reg[57]/sena         C2C   default_mode 
     300 11980   u_sram_b/bus_wbuf_reg[23]/sena         C2C   default_mode 
     301 11980   u_sram_a/last_byte_sel_reg[0]/sena     C2C   default_mode 
     302 11980   u_sram_b/last_word_addr_reg[7]/sena    C2C   default_mode 
     303 11980   u_sram_b/bus_wbuf_reg[22]/sena         C2C   default_mode 
     304 11980   u_sram_b/bus_wbuf_reg[56]/sena         C2C   default_mode 
     305 11980   u_sram_b/bus_wbuf_reg[21]/sena         C2C   default_mode 
     306 11980   u_sram_b/bus_wbuf_reg[20]/sena         C2C   default_mode 
     307 11980   u_sram_b/last_byte_sel_reg[1]/sena     C2C   default_mode 
     308 11980   u_sram_b/bus_wbuf_reg[55]/sena         C2C   default_mode 
     309 11980   u_sram_a/bus_wbuf_reg[63]/sena         C2C   default_mode 
     310 11980   u_sram_b/bus_wbuf_reg[54]/sena         C2C   default_mode 
     311 11980   u_sram_b/bus_wbuf_reg[19]/sena         C2C   default_mode 
     312 11980   u_sram_b/bus_wbuf_reg[18]/sena         C2C   default_mode 
     313 11980   u_sram_a/bus_wbuf_reg[62]/sena         C2C   default_mode 
     314 11980   u_sram_a/bus_wbuf_reg[61]/sena         C2C   default_mode 
     315 11980   u_sram_b/last_byte_sel_reg[0]/sena     C2C   default_mode 
     316 11980   u_sram_a/bus_wbuf_reg[60]/sena         C2C   default_mode 
     317 11980   u_sram_a/bus_wbuf_reg[59]/sena         C2C   default_mode 
     318 11980   u_sram_b/bus_wbuf_reg[17]/sena         C2C   default_mode 
     319 11980   u_sram_b/bus_wbuf_reg[16]/sena         C2C   default_mode 
     320 11980   u_sram_a/bus_wbuf_reg[58]/sena         C2C   default_mode 
     321 11980   u_sram_a/bus_wbuf_reg[57]/sena         C2C   default_mode 
     322 11980   u_sram_b/bus_wbuf_reg[53]/sena         C2C   default_mode 
     323 11980   u_sram_a/bus_wbuf_reg[56]/sena         C2C   default_mode 
     324 11980   u_sram_b/bus_wbuf_reg[52]/sena         C2C   default_mode 
     325 11980   u_sram_a/bus_wbuf_reg[55]/sena         C2C   default_mode 
     326 11980   u_sram_b/bus_wbuf_reg[15]/sena         C2C   default_mode 
     327 11980   u_sram_b/bus_wbuf_reg[14]/sena         C2C   default_mode 
     328 11980   u_sram_a/bus_wbuf_reg[54]/sena         C2C   default_mode 
     329 11980   u_sram_a/bus_wbuf_reg[53]/sena         C2C   default_mode 
     330 11980   u_sram_a/bus_wbuf_reg[52]/sena         C2C   default_mode 
     331 11980   u_sram_a/bus_wbuf_reg[51]/sena         C2C   default_mode 
     332 11980   u_sram_b/bus_wbuf_reg[13]/sena         C2C   default_mode 
     333 11980   u_sram_b/last_word_addr_reg[6]/sena    C2C   default_mode 
     334 11980   u_sram_b/bus_wbuf_reg[12]/sena         C2C   default_mode 
     335 11980   u_sram_a/bus_wbuf_reg[50]/sena         C2C   default_mode 
     336 11980   u_sram_a/bus_wbuf_reg[49]/sena         C2C   default_mode 
     337 11980   u_sram_b/bus_wbuf_reg[51]/sena         C2C   default_mode 
     338 11980   u_sram_a/bus_wbuf_reg[48]/sena         C2C   default_mode 
     339 11980   u_sram_a/bus_wbuf_reg[47]/sena         C2C   default_mode 
     340 11980   u_sram_b/bus_wbuf_reg[50]/sena         C2C   default_mode 
     341 11980   u_sram_b/bus_wbuf_reg[11]/sena         C2C   default_mode 
     342 11980   u_sram_b/bus_wbuf_reg[10]/sena         C2C   default_mode 
     343 11980   u_sram_a/bus_wbuf_reg[46]/sena         C2C   default_mode 
     344 11980   u_sram_a/bus_wbuf_reg[45]/sena         C2C   default_mode 
     345 11980   u_sram_a/bus_wbuf_reg[44]/sena         C2C   default_mode 
     346 11980   u_sram_a/bus_wbuf_reg[43]/sena         C2C   default_mode 
     347 11980   u_sram_b/bus_wbuf_reg[9]/sena          C2C   default_mode 
     348 11980   u_sram_b/bus_wbuf_reg[8]/sena          C2C   default_mode 
     349 11980   u_sram_a/bus_wbuf_reg[42]/sena         C2C   default_mode 
     350 11980   u_sram_a/bus_wbuf_reg[41]/sena         C2C   default_mode 
     351 11980   u_sram_b/last_word_addr_reg[5]/sena    C2C   default_mode 
     352 11980   u_sram_b/bus_wbuf_reg[49]/sena         C2C   default_mode 
     353 11980   u_sram_a/bus_wbuf_reg[40]/sena         C2C   default_mode 
     354 11980   u_sram_a/bus_wbuf_reg[39]/sena         C2C   default_mode 
     355 11980   u_sram_b/bus_wbuf_reg[7]/sena          C2C   default_mode 
     356 11980   u_sram_b/bus_wbuf_reg[6]/sena          C2C   default_mode 
     357 11980   u_sram_a/bus_wbuf_reg[38]/sena         C2C   default_mode 
     358 11980   u_sram_a/bus_wbuf_reg[37]/sena         C2C   default_mode 
     359 11980   u_sram_b/bus_wbuf_reg[48]/sena         C2C   default_mode 
     360 11980   u_sram_a/bus_wbuf_reg[36]/sena         C2C   default_mode 
     361 11980   u_sram_a/bus_wbuf_reg[35]/sena         C2C   default_mode 
     362 11980   u_sram_b/bus_wbuf_reg[5]/sena          C2C   default_mode 
     363 11992   u_slave_ab/cnt_b_reg[12]/srl           I2C   default_mode 
     364 11992   u_slave_ab/cnt_b_reg[11]/srl           I2C   default_mode 
     365 11992   u_slave_ab/cnt_b_reg[10]/srl           I2C   default_mode 
     366 11992   u_slave_ab/cnt_b_reg[9]/srl            I2C   default_mode 
     367 11992   u_slave_ab/cnt_b_reg[8]/srl            I2C   default_mode 
     368 11992   u_slave_ab/cnt_b_reg[7]/srl            I2C   default_mode 
     369 11992   u_slave_ab/cnt_b_reg[6]/srl            I2C   default_mode 
     370 11992   u_slave_ab/cnt_b_reg[5]/srl            I2C   default_mode 
     371 11992   u_slave_ab/cnt_b_reg[4]/srl            I2C   default_mode 
     372 11992   u_slave_ab/cnt_b_reg[3]/srl            I2C   default_mode 
     373 11992   u_slave_ab/cnt_b_reg[2]/srl            I2C   default_mode 
     374 11992   u_slave_ab/cnt_b_reg[1]/srl            I2C   default_mode 
     375 11992   u_slave_ab/cnt_b_reg[0]/srl            I2C   default_mode 
     376 11992   u_slave_ab/cnt_a_reg[12]/srl           I2C   default_mode 
     377 11992   u_slave_ab/cnt_a_reg[11]/srl           I2C   default_mode 
     378 11992   u_slave_ab/cnt_a_reg[10]/srl           I2C   default_mode 
     379 11992   u_slave_ab/cnt_a_reg[9]/srl            I2C   default_mode 
     380 11992   u_slave_ab/cnt_a_reg[8]/srl            I2C   default_mode 
     381 11992   u_slave_ab/cnt_a_reg[7]/srl            I2C   default_mode 
     382 11992   u_slave_ab/cnt_a_reg[6]/srl            I2C   default_mode 
     383 11992   u_slave_ab/cnt_a_reg[5]/srl            I2C   default_mode 
     384 11992   u_slave_ab/cnt_a_reg[4]/srl            I2C   default_mode 
     385 11992   u_slave_ab/cnt_a_reg[3]/srl            I2C   default_mode 
     386 11992   u_slave_ab/cnt_a_reg[2]/srl            I2C   default_mode 
     387 11992   u_slave_ab/cnt_a_reg[1]/srl            I2C   default_mode 
     388 11992   u_slave_ab/cnt_a_reg[0]/srl            I2C   default_mode 
     389 11992   u_slave_ab/max_b_reg[12]/srl           I2C   default_mode 
     390 11992   u_slave_ab/max_b_reg[11]/srl           I2C   default_mode 
     391 11992   u_slave_ab/max_b_reg[10]/srl           I2C   default_mode 
     392 11992   u_slave_ab/max_b_reg[9]/srl            I2C   default_mode 
     393 11992   u_slave_ab/max_b_reg[8]/srl            I2C   default_mode 
     394 11992   u_slave_ab/max_b_reg[7]/srl            I2C   default_mode 
     395 11992   u_slave_ab/max_b_reg[6]/srl            I2C   default_mode 
     396 11992   u_slave_ab/max_b_reg[5]/srl            I2C   default_mode 
     397 11992   u_slave_ab/max_b_reg[4]/srl            I2C   default_mode 
     398 11992   u_slave_ab/max_b_reg[3]/srl            I2C   default_mode 
     399 11992   u_slave_ab/max_b_reg[2]/srl            I2C   default_mode 
     400 11992   u_slave_ab/max_b_reg[1]/srl            I2C   default_mode 
     401 11992   u_slave_ab/max_b_reg[0]/srl            I2C   default_mode 
     402 11992   u_slave_ab/max_a_reg[12]/srl           I2C   default_mode 
     403 11992   u_slave_ab/max_a_reg[11]/srl           I2C   default_mode 
     404 11992   u_slave_ab/max_a_reg[10]/srl           I2C   default_mode 
     405 11992   u_slave_ab/max_a_reg[9]/srl            I2C   default_mode 
     406 11992   u_slave_ab/max_a_reg[8]/srl            I2C   default_mode 
     407 11992   u_slave_ab/max_a_reg[7]/srl            I2C   default_mode 
     408 11992   u_slave_ab/max_a_reg[6]/srl            I2C   default_mode 
     409 11992   u_slave_ab/max_a_reg[5]/srl            I2C   default_mode 
     410 11992   u_slave_ab/max_a_reg[4]/srl            I2C   default_mode 
     411 11992   u_slave_ab/max_a_reg[3]/srl            I2C   default_mode 
     412 11992   u_slave_ab/max_a_reg[2]/srl            I2C   default_mode 
     413 11992   u_slave_ab/max_a_reg[1]/srl            I2C   default_mode 
     414 11992   u_slave_ab/max_a_reg[0]/srl            I2C   default_mode 
     415 11992   u_slave_ab/chab_wdata_b_s_reg[7]/srl   I2C   default_mode 
     416 11992   u_slave_ab/chab_wdata_b_s_reg[6]/srl   I2C   default_mode 
     417 11992   u_slave_ab/chab_wdata_b_s_reg[5]/srl   I2C   default_mode 
     418 11992   u_slave_ab/chab_wdata_b_s_reg[4]/srl   I2C   default_mode 
     419 11992   u_slave_ab/chab_wdata_b_s_reg[3]/srl   I2C   default_mode 
     420 11992   u_slave_ab/chab_wdata_b_s_reg[2]/srl   I2C   default_mode 
     421 11992   u_slave_ab/chab_wdata_b_s_reg[1]/srl   I2C   default_mode 
     422 11992   u_slave_ab/chab_wdata_b_s_reg[0]/srl   I2C   default_mode 
     423 11992   u_slave_ab/chab_wdata_a_s_reg[7]/srl   I2C   default_mode 
     424 11992   u_slave_ab/chab_wdata_a_s_reg[6]/srl   I2C   default_mode 
     425 11992   u_slave_ab/chab_wdata_a_s_reg[5]/srl   I2C   default_mode 
     426 11992   u_slave_ab/chab_wdata_a_s_reg[4]/srl   I2C   default_mode 
     427 11992   u_slave_ab/chab_wdata_a_s_reg[3]/srl   I2C   default_mode 
     428 11992   u_slave_ab/chab_wdata_a_s_reg[2]/srl   I2C   default_mode 
     429 11992   u_slave_ab/chab_wdata_a_s_reg[1]/srl   I2C   default_mode 
     430 11992   u_slave_ab/chab_wdata_a_s_reg[0]/srl   I2C   default_mode 
     431 11992   u_slave_ab/chab_wr_s_reg/srl           I2C   default_mode 
     432 11999   u_slave_ab/max_a_reg[0]/sena           I2C   default_mode 
     433 11999   u_slave_ab/max_b_reg[12]/sena          I2C   default_mode 
     434 11999   u_slave_ab/max_b_reg[11]/sena          I2C   default_mode 
     435 11999   u_slave_ab/max_b_reg[10]/sena          I2C   default_mode 
     436 11999   u_slave_ab/max_b_reg[9]/sena           I2C   default_mode 
     437 11999   u_slave_ab/max_b_reg[8]/sena           I2C   default_mode 
     438 11999   u_slave_ab/max_b_reg[7]/sena           I2C   default_mode 
     439 11999   u_slave_ab/max_b_reg[6]/sena           I2C   default_mode 
     440 11999   u_slave_ab/max_b_reg[5]/sena           I2C   default_mode 
     441 11999   u_slave_ab/max_b_reg[4]/sena           I2C   default_mode 
     442 11999   u_slave_ab/max_b_reg[3]/sena           I2C   default_mode 
     443 11999   u_slave_ab/max_b_reg[2]/sena           I2C   default_mode 
     444 11999   u_slave_ab/max_b_reg[1]/sena           I2C   default_mode 
     445 11999   u_slave_ab/max_b_reg[0]/sena           I2C   default_mode 
     446 11999   u_slave_ab/max_a_reg[12]/sena          I2C   default_mode 
     447 11999   u_slave_ab/max_a_reg[11]/sena          I2C   default_mode 
     448 11999   u_slave_ab/max_a_reg[10]/sena          I2C   default_mode 
     449 11999   u_slave_ab/max_a_reg[9]/sena           I2C   default_mode 
     450 11999   u_slave_ab/max_a_reg[8]/sena           I2C   default_mode 
     451 11999   u_slave_ab/max_a_reg[7]/sena           I2C   default_mode 
     452 11999   u_slave_ab/max_a_reg[6]/sena           I2C   default_mode 
     453 11999   u_slave_ab/max_a_reg[5]/sena           I2C   default_mode 
     454 11999   u_slave_ab/max_a_reg[4]/sena           I2C   default_mode 
     455 11999   u_slave_ab/max_a_reg[3]/sena           I2C   default_mode 
     456 11999   u_slave_ab/max_a_reg[2]/sena           I2C   default_mode 
     457 11999   u_slave_ab/max_a_reg[1]/sena           I2C   default_mode 
     458 12026   u_slave_ab/we_b_en_reg/srd             I2C   default_mode 
     459 12026   u_slave_ab/we_a_en_reg/srd             I2C   default_mode 
     460 12026   u_sram_a/bus_we_prev_reg/d             C2C   default_mode 
     461 12026   u_sram_b/bus_we_prev_reg/d             C2C   default_mode 
     462 12037   u_sram_b/last_byte_sel_reg[2]/d        C2C   default_mode 
     463 12037   u_sram_a/last_byte_sel_reg[0]/d        C2C   default_mode 
     464 12037   u_sram_b/last_byte_sel_reg[1]/d        C2C   default_mode 
     465 12037   u_sram_b/last_byte_sel_reg[0]/d        C2C   default_mode 
     466 12037   u_sram_a/last_byte_sel_reg[1]/d        C2C   default_mode 
     467 12037   u_sram_a/last_byte_sel_reg[2]/d        C2C   default_mode 
     468 12046   u_slave_ab/chab_wdata_a_s_reg[2]/d     I2C   default_mode 
     469 12046   u_slave_ab/chab_wdata_a_s_reg[0]/d     I2C   default_mode 
     470 12046   u_slave_ab/chab_wdata_a_s_reg[4]/d     I2C   default_mode 
     471 12046   u_slave_ab/chab_wdata_a_s_reg[3]/d     I2C   default_mode 
     472 12046   u_slave_ab/chab_wdata_b_s_reg[7]/d     I2C   default_mode 
     473 12046   u_slave_ab/chab_wdata_a_s_reg[6]/d     I2C   default_mode 
     474 12046   u_slave_ab/chab_wdata_b_s_reg[6]/d     I2C   default_mode 
     475 12046   u_slave_ab/chab_wdata_b_s_reg[2]/d     I2C   default_mode 
     476 12046   u_slave_ab/chab_wdata_b_s_reg[3]/d     I2C   default_mode 
     477 12046   u_slave_ab/chab_wdata_b_s_reg[5]/d     I2C   default_mode 
     478 12046   u_slave_ab/chab_wdata_b_s_reg[4]/d     I2C   default_mode 
     479 12046   u_slave_ab/chab_wdata_b_s_reg[1]/d     I2C   default_mode 
     480 12046   u_slave_ab/chab_wdata_b_s_reg[0]/d     I2C   default_mode 
     481 12046   u_slave_ab/chab_wdata_a_s_reg[7]/d     I2C   default_mode 
     482 12046   u_slave_ab/chab_wdata_a_s_reg[5]/d     I2C   default_mode 
     483 12046   u_slave_ab/chab_wdata_a_s_reg[1]/d     I2C   default_mode 
     484 12046   u_slave_ab/chab_wr_s_reg/d             I2C   default_mode 
     485 12048   u_sram_b/last_word_addr_reg[5]/d       C2C   default_mode 
     486 12048   u_sram_b/last_word_addr_reg[3]/d       C2C   default_mode 
     487 12048   u_sram_a/last_word_addr_reg[7]/d       C2C   default_mode 
     488 12048   u_sram_a/last_word_addr_reg[3]/d       C2C   default_mode 
     489 12048   u_sram_b/last_word_addr_reg[1]/d       C2C   default_mode 
     490 12048   u_sram_a/last_word_addr_reg[5]/d       C2C   default_mode 
     491 12048   u_sram_a/last_word_addr_reg[1]/d       C2C   default_mode 
     492 12048   u_sram_b/last_word_addr_reg[7]/d       C2C   default_mode 
     493 12050   u_sram_b/last_word_addr_reg[4]/d       C2C   default_mode 
     494 12050   u_sram_b/last_word_addr_reg[2]/d       C2C   default_mode 
     495 12050   u_sram_b/last_word_addr_reg[8]/d       C2C   default_mode 
     496 12050   u_sram_a/last_word_addr_reg[8]/d       C2C   default_mode 
     497 12050   u_sram_a/last_word_addr_reg[6]/d       C2C   default_mode 
     498 12050   u_sram_a/last_word_addr_reg[4]/d       C2C   default_mode 
     499 12050   u_sram_b/last_word_addr_reg[0]/d       C2C   default_mode 
     500 12050   u_sram_a/last_word_addr_reg[2]/d       C2C   default_mode 
     501 12050   u_sram_a/last_word_addr_reg[0]/d       C2C   default_mode 
     502 12050   u_sram_b/last_word_addr_reg[6]/d       C2C   default_mode 
     503 12094   u_sram_b/bus_waddr_d1_reg[5]/d         C2C   default_mode 
     504 12094   u_sram_b/bus_waddr_d1_reg[3]/d         C2C   default_mode 
     505 12094   u_sram_b/bus_waddr_d1_reg[1]/d         C2C   default_mode 
     506 12094   u_sram_a/bus_waddr_d1_reg[1]/d         C2C   default_mode 
     507 12094   u_sram_a/bus_waddr_d1_reg[5]/d         C2C   default_mode 
     508 12094   u_sram_a/bus_waddr_d1_reg[3]/d         C2C   default_mode 
     509 12094   u_sram_a/bus_waddr_d1_reg[7]/d         C2C   default_mode 
     510 12094   u_sram_b/bus_waddr_d1_reg[7]/d         C2C   default_mode 
     511 12096   u_sram_b/bus_waddr_d1_reg[6]/d         C2C   default_mode 
     512 12096   u_sram_b/bus_waddr_d1_reg[4]/d         C2C   default_mode 
     513 12096   u_sram_b/bus_waddr_d1_reg[2]/d         C2C   default_mode 
     514 12096   u_sram_b/bus_waddr_d1_reg[0]/d         C2C   default_mode 
     515 12096   u_sram_a/bus_waddr_d1_reg[4]/d         C2C   default_mode 
     516 12096   u_sram_a/bus_waddr_d1_reg[2]/d         C2C   default_mode 
     517 12096   u_sram_a/bus_waddr_d1_reg[0]/d         C2C   default_mode 
     518 12096   u_sram_a/bus_waddr_d1_reg[6]/d         C2C   default_mode 
     519 12096   u_sram_a/bus_waddr_d1_reg[8]/d         C2C   default_mode 
     520 12096   u_sram_b/bus_waddr_d1_reg[8]/d         C2C   default_mode 
     521 16654   sc_b_mem_dout[30]                      C2O   default_mode 
     522 16654   sc_b_mem_dout[48]                      C2O   default_mode 
     523 16654   tpu_b_dout[11]                         C2O   default_mode 
     524 16654   tpu_b_dout[13]                         C2O   default_mode 
     525 16654   tpu_b_dout[15]                         C2O   default_mode 
     526 16654   tpu_b_dout[16]                         C2O   default_mode 
     527 16654   tpu_b_dout[17]                         C2O   default_mode 
     528 16654   tpu_b_dout[19]                         C2O   default_mode 
     529 16654   tpu_b_dout[20]                         C2O   default_mode 
     530 16654   tpu_b_dout[21]                         C2O   default_mode 
     531 16654   sc_a_mem_dout[54]                      C2O   default_mode 
     532 16654   tpu_b_dout[23]                         C2O   default_mode 
     533 16654   tpu_a_dout[40]                         C2O   default_mode 
     534 16654   sc_b_mem_dout[42]                      C2O   default_mode 
     535 16654   tpu_b_dout[27]                         C2O   default_mode 
     536 16654   tpu_b_dout[28]                         C2O   default_mode 
     537 16654   tpu_b_dout[29]                         C2O   default_mode 
     538 16654   sc_b_mem_dout[46]                      C2O   default_mode 
     539 16654   tpu_b_dout[31]                         C2O   default_mode 
     540 16654   tpu_b_dout[33]                         C2O   default_mode 
     541 16654   tpu_b_dout[35]                         C2O   default_mode 
     542 16654   tpu_a_dout[38]                         C2O   default_mode 
     543 16654   tpu_b_dout[39]                         C2O   default_mode 
     544 16654   tpu_b_dout[41]                         C2O   default_mode 
     545 16654   sc_b_mem_dout[38]                      C2O   default_mode 
     546 16654   tpu_a_dout[3]                          C2O   default_mode 
     547 16654   tpu_b_dout[43]                         C2O   default_mode 
     548 16654   tpu_b_dout[45]                         C2O   default_mode 
     549 16654   tpu_a_dout[30]                         C2O   default_mode 
     550 16654   tpu_b_dout[47]                         C2O   default_mode 
     551 16654   tpu_a_dout[34]                         C2O   default_mode 
     552 16654   tpu_b_dout[51]                         C2O   default_mode 
     553 16654   tpu_b_dout[52]                         C2O   default_mode 
     554 16654   tpu_b_dout[53]                         C2O   default_mode 
     555 16654   sc_b_mem_dout[40]                      C2O   default_mode 
     556 16654   sc_a_mem_dout[56]                      C2O   default_mode 
     557 16654   tpu_b_dout[57]                         C2O   default_mode 
     558 16654   sc_b_mem_dout[32]                      C2O   default_mode 
     559 16654   sc_b_mem_dout[36]                      C2O   default_mode 
     560 16654   tpu_b_dout[59]                         C2O   default_mode 
     561 16654   tpu_b_dout[61]                         C2O   default_mode 
     562 16654   tpu_b_dout[63]                         C2O   default_mode 
     563 16654   tpu_a_dout[1]                          C2O   default_mode 
     564 16654   sc_b_mem_dout[33]                      C2O   default_mode 
     565 16654   tpu_a_dout[32]                         C2O   default_mode 
     566 16654   tpu_a_dout[5]                          C2O   default_mode 
     567 16654   sc_b_mem_dout[34]                      C2O   default_mode 
     568 16654   tpu_a_dout[7]                          C2O   default_mode 
     569 16654   tpu_a_dout[33]                         C2O   default_mode 
     570 16654   sc_b_mem_dout[16]                      C2O   default_mode 
     571 16654   tpu_a_dout[11]                         C2O   default_mode 
     572 16654   tpu_a_dout[12]                         C2O   default_mode 
     573 16654   tpu_a_dout[61]                         C2O   default_mode 
     574 16654   tpu_a_dout[13]                         C2O   default_mode 
     575 16654   tpu_a_dout[15]                         C2O   default_mode 
     576 16654   tpu_a_dout[55]                         C2O   default_mode 
     577 16654   tpu_a_dout[53]                         C2O   default_mode 
     578 16654   tpu_a_dout[16]                         C2O   default_mode 
     579 16654   tpu_a_dout[49]                         C2O   default_mode 
     580 16654   tpu_a_dout[47]                         C2O   default_mode 
     581 16654   tpu_a_dout[17]                         C2O   default_mode 
     582 16654   tpu_a_dout[24]                         C2O   default_mode 
     583 16654   tpu_a_dout[41]                         C2O   default_mode 
     584 16654   tpu_a_dout[39]                         C2O   default_mode 
     585 16654   tpu_a_dout[37]                         C2O   default_mode 
     586 16654   tpu_a_dout[19]                         C2O   default_mode 
     587 16654   tpu_a_dout[21]                         C2O   default_mode 
     588 16654   tpu_a_dout[23]                         C2O   default_mode 
     589 16654   tpu_a_dout[25]                         C2O   default_mode 
     590 16654   sc_b_mem_dout[26]                      C2O   default_mode 
     591 16654   tpu_a_dout[27]                         C2O   default_mode 
     592 16654   tpu_a_dout[28]                         C2O   default_mode 
     593 16654   tpu_a_dout[29]                         C2O   default_mode 
     594 16654   tpu_a_dout[31]                         C2O   default_mode 
     595 16654   tpu_a_dout[35]                         C2O   default_mode 
     596 16654   tpu_a_dout[36]                         C2O   default_mode 
     597 16654   tpu_a_dout[26]                         C2O   default_mode 
     598 16654   sc_b_mem_dout[24]                      C2O   default_mode 
     599 16654   tpu_a_dout[43]                         C2O   default_mode 
     600 16654   tpu_a_dout[45]                         C2O   default_mode 
     601 16654   tpu_a_dout[18]                         C2O   default_mode 
     602 16654   sc_b_mem_dout[22]                      C2O   default_mode 
     603 16654   tpu_a_dout[51]                         C2O   default_mode 
     604 16654   tpu_a_dout[22]                         C2O   default_mode 
     605 16654   sc_b_mem_dout[18]                      C2O   default_mode 
     606 16654   tpu_a_dout[59]                         C2O   default_mode 
     607 16654   tpu_a_dout[60]                         C2O   default_mode 
     608 16654   tpu_a_dout[63]                         C2O   default_mode 
     609 16654   tpu_a_dout[20]                         C2O   default_mode 
     610 16654   sc_b_mem_dout[20]                      C2O   default_mode 
     611 16654   sc_b_mem_dout[3]                       C2O   default_mode 
     612 16654   sc_a_mem_dout[46]                      C2O   default_mode 
     613 16654   tpu_a_dout[10]                         C2O   default_mode 
     614 16654   tpu_a_dout[14]                         C2O   default_mode 
     615 16654   sc_a_mem_dout[50]                      C2O   default_mode 
     616 16654   sc_b_mem_dout[10]                      C2O   default_mode 
     617 16654   sc_b_mem_dout[14]                      C2O   default_mode 
     618 16654   sc_b_mem_dout[12]                      C2O   default_mode 
     619 16654   sc_b_mem_dout[4]                       C2O   default_mode 
     620 16654   sc_b_mem_dout[8]                       C2O   default_mode 
     621 16654   tpu_a_dout[8]                          C2O   default_mode 
     622 16654   tpu_a_dout[9]                          C2O   default_mode 
     623 16654   sc_a_mem_dout[52]                      C2O   default_mode 
     624 16654   tpu_a_dout[4]                          C2O   default_mode 
     625 16654   sc_b_mem_dout[6]                       C2O   default_mode 
     626 16654   sc_a_mem_dout[53]                      C2O   default_mode 
     627 16654   sc_b_mem_dout[0]                       C2O   default_mode 
     628 16654   sc_b_mem_dout[2]                       C2O   default_mode 
     629 16654   tpu_a_dout[6]                          C2O   default_mode 
     630 16654   sc_b_mem_dout[50]                      C2O   default_mode 
     631 16654   tpu_b_dout[9]                          C2O   default_mode 
     632 16654   tpu_a_dout[2]                          C2O   default_mode 
     633 16654   tpu_b_dout[38]                         C2O   default_mode 
     634 16654   sc_a_mem_dout[14]                      C2O   default_mode 
     635 16654   tpu_b_dout[42]                         C2O   default_mode 
     636 16654   sc_a_mem_dout[63]                      C2O   default_mode 
     637 16654   tpu_b_dout[54]                         C2O   default_mode 
     638 16654   tpu_b_dout[62]                         C2O   default_mode 
     639 16654   sc_a_mem_dout[57]                      C2O   default_mode 
     640 16654   tpu_b_dout[37]                         C2O   default_mode 
     641 16654   tpu_b_dout[1]                          C2O   default_mode 
     642 16654   sc_a_mem_dout[18]                      C2O   default_mode 
     643 16654   sc_a_mem_dout[49]                      C2O   default_mode 
     644 16654   sc_a_mem_dout[48]                      C2O   default_mode 
     645 16654   tpu_b_dout[40]                         C2O   default_mode 
     646 16654   sc_a_mem_dout[44]                      C2O   default_mode 
     647 16654   sc_a_mem_dout[41]                      C2O   default_mode 
     648 16654   tpu_a_dout[0]                          C2O   default_mode 
     649 16654   sc_b_mem_dout[56]                      C2O   default_mode 
     650 16654   tpu_b_dout[55]                         C2O   default_mode 
     651 16654   sc_a_mem_dout[33]                      C2O   default_mode 
     652 16654   sc_a_mem_dout[10]                      C2O   default_mode 
     653 16654   tpu_b_dout[36]                         C2O   default_mode 
     654 16654   sc_b_mem_dout[54]                      C2O   default_mode 
     655 16654   sc_a_mem_dout[25]                      C2O   default_mode 
     656 16654   sc_a_mem_dout[23]                      C2O   default_mode 
     657 16654   sc_a_mem_dout[21]                      C2O   default_mode 
     658 16654   sc_a_mem_dout[20]                      C2O   default_mode 
     659 16654   sc_a_mem_dout[17]                      C2O   default_mode 
     660 16654   sc_a_mem_dout[38]                      C2O   default_mode 
     661 16654   sc_a_mem_dout[12]                      C2O   default_mode 
     662 16654   sc_a_mem_dout[40]                      C2O   default_mode 
     663 16654   sc_a_mem_dout[9]                       C2O   default_mode 
     664 16654   sc_a_mem_dout[8]                       C2O   default_mode 
     665 16654   sc_a_mem_dout[5]                       C2O   default_mode 
     666 16654   sc_a_mem_dout[3]                       C2O   default_mode 
     667 16654   sc_a_mem_dout[1]                       C2O   default_mode 
     668 16654   tpu_b_dout[14]                         C2O   default_mode 
     669 16654   sc_a_mem_dout[32]                      C2O   default_mode 
     670 16654   sc_a_mem_dout[36]                      C2O   default_mode 
     671 16654   sc_b_mem_dout[57]                      C2O   default_mode 
     672 16654   tpu_b_dout[60]                         C2O   default_mode 
     673 16654   tpu_b_dout[30]                         C2O   default_mode 
     674 16654   sc_a_mem_dout[35]                      C2O   default_mode 
     675 16654   sc_b_mem_dout[49]                      C2O   default_mode 
     676 16654   sc_a_mem_dout[6]                       C2O   default_mode 
     677 16654   sc_a_mem_dout[4]                       C2O   default_mode 
     678 16654   sc_a_mem_dout[30]                      C2O   default_mode 
     679 16654   sc_b_mem_dout[41]                      C2O   default_mode 
     680 16654   tpu_b_dout[56]                         C2O   default_mode 
     681 16654   sc_b_mem_dout[37]                      C2O   default_mode 
     682 16654   sc_b_mem_dout[35]                      C2O   default_mode 
     683 16654   tpu_b_dout[25]                         C2O   default_mode 
     684 16654   sc_b_mem_dout[31]                      C2O   default_mode 
     685 16654   sc_b_mem_dout[63]                      C2O   default_mode 
     686 16654   sc_a_mem_dout[2]                       C2O   default_mode 
     687 16654   sc_b_mem_dout[25]                      C2O   default_mode 
     688 16654   sc_a_mem_dout[0]                       C2O   default_mode 
     689 16654   sc_b_mem_dout[21]                      C2O   default_mode 
     690 16654   sc_a_mem_dout[24]                      C2O   default_mode 
     691 16654   sc_a_mem_dout[29]                      C2O   default_mode 
     692 16654   sc_b_mem_dout[58]                      C2O   default_mode 
     693 16654   sc_b_mem_dout[62]                      C2O   default_mode 
     694 16654   sc_a_mem_dout[26]                      C2O   default_mode 
     695 16654   sc_b_mem_dout[9]                       C2O   default_mode 
     696 16654   sc_a_mem_dout[22]                      C2O   default_mode 
     697 16654   sc_b_mem_dout[5]                       C2O   default_mode 
     698 16654   sc_a_mem_dout[16]                      C2O   default_mode 
     699 16654   tpu_b_dout[49]                         C2O   default_mode 
     700 16654   tpu_a_dout[42]                         C2O   default_mode 
     701 16654   sc_b_mem_dout[51]                      C2O   default_mode 
     702 16654   tpu_a_dout[54]                         C2O   default_mode 
     703 16654   tpu_a_dout[57]                         C2O   default_mode 
     704 16654   tpu_a_dout[48]                         C2O   default_mode 
     705 16654   tpu_a_dout[50]                         C2O   default_mode 
     706 16654   tpu_a_dout[58]                         C2O   default_mode 
     707 16654   tpu_b_dout[58]                         C2O   default_mode 
     708 16654   sc_b_mem_dout[52]                      C2O   default_mode 
     709 16654   sc_a_mem_dout[34]                      C2O   default_mode 
     710 16654   tpu_b_dout[44]                         C2O   default_mode 
     711 16654   tpu_b_dout[48]                         C2O   default_mode 
     712 16654   tpu_a_dout[62]                         C2O   default_mode 
     713 16654   sc_b_mem_dout[1]                       C2O   default_mode 
     714 16654   tpu_b_dout[32]                         C2O   default_mode 
     715 16654   tpu_b_dout[34]                         C2O   default_mode 
     716 16654   sc_b_mem_dout[7]                       C2O   default_mode 
     717 16654   tpu_b_dout[26]                         C2O   default_mode 
     718 16654   sc_b_mem_dout[11]                      C2O   default_mode 
     719 16654   sc_b_mem_dout[13]                      C2O   default_mode 
     720 16654   tpu_b_dout[12]                         C2O   default_mode 
     721 16654   sc_b_mem_dout[15]                      C2O   default_mode 
     722 16654   sc_b_mem_dout[17]                      C2O   default_mode 
     723 16654   sc_a_mem_dout[42]                      C2O   default_mode 
     724 16654   sc_b_mem_dout[19]                      C2O   default_mode 
     725 16654   sc_b_mem_dout[23]                      C2O   default_mode 
     726 16654   sc_b_mem_dout[27]                      C2O   default_mode 
     727 16654   sc_b_mem_dout[28]                      C2O   default_mode 
     728 16654   sc_b_mem_dout[29]                      C2O   default_mode 
     729 16654   tpu_b_dout[24]                         C2O   default_mode 
     730 16654   tpu_a_dout[56]                         C2O   default_mode 
     731 16654   tpu_b_dout[22]                         C2O   default_mode 
     732 16654   sc_b_mem_dout[39]                      C2O   default_mode 
     733 16654   tpu_a_dout[44]                         C2O   default_mode 
     734 16654   sc_b_mem_dout[43]                      C2O   default_mode 
     735 16654   sc_b_mem_dout[44]                      C2O   default_mode 
     736 16654   sc_b_mem_dout[45]                      C2O   default_mode 
     737 16654   sc_b_mem_dout[47]                      C2O   default_mode 
     738 16654   tpu_b_dout[18]                         C2O   default_mode 
     739 16654   sc_b_mem_dout[53]                      C2O   default_mode 
     740 16654   sc_b_mem_dout[55]                      C2O   default_mode 
     741 16654   sc_b_mem_dout[59]                      C2O   default_mode 
     742 16654   sc_b_mem_dout[60]                      C2O   default_mode 
     743 16654   sc_b_mem_dout[61]                      C2O   default_mode 
     744 16654   tpu_a_dout[52]                         C2O   default_mode 
     745 16654   tpu_a_dout[46]                         C2O   default_mode 
     746 16654   tpu_b_dout[46]                         C2O   default_mode 
     747 16654   sc_a_mem_dout[7]                       C2O   default_mode 
     748 16654   tpu_b_dout[7]                          C2O   default_mode 
     749 16654   sc_a_mem_dout[11]                      C2O   default_mode 
     750 16654   sc_a_mem_dout[13]                      C2O   default_mode 
     751 16654   tpu_b_dout[10]                         C2O   default_mode 
     752 16654   sc_a_mem_dout[15]                      C2O   default_mode 
     753 16654   tpu_b_dout[8]                          C2O   default_mode 
     754 16654   sc_a_mem_dout[19]                      C2O   default_mode 
     755 16654   tpu_b_dout[2]                          C2O   default_mode 
     756 16654   sc_a_mem_dout[27]                      C2O   default_mode 
     757 16654   sc_a_mem_dout[28]                      C2O   default_mode 
     758 16654   tpu_b_dout[6]                          C2O   default_mode 
     759 16654   sc_a_mem_dout[31]                      C2O   default_mode 
     760 16654   tpu_b_dout[4]                          C2O   default_mode 
     761 16654   sc_a_mem_dout[37]                      C2O   default_mode 
     762 16654   sc_a_mem_dout[39]                      C2O   default_mode 
     763 16654   tpu_b_dout[0]                          C2O   default_mode 
     764 16654   sc_a_mem_dout[43]                      C2O   default_mode 
     765 16654   sc_a_mem_dout[45]                      C2O   default_mode 
     766 16654   sc_a_mem_dout[47]                      C2O   default_mode 
     767 16654   tpu_b_dout[50]                         C2O   default_mode 
     768 16654   sc_a_mem_dout[51]                      C2O   default_mode 
     769 16654   sc_a_mem_dout[55]                      C2O   default_mode 
     770 16654   sc_a_mem_dout[59]                      C2O   default_mode 
     771 16654   sc_a_mem_dout[60]                      C2O   default_mode 
     772 16654   sc_a_mem_dout[61]                      C2O   default_mode 
     773 16654   sc_a_mem_dout[58]                      C2O   default_mode 
     774 16654   tpu_b_dout[3]                          C2O   default_mode 
     775 16654   tpu_b_dout[5]                          C2O   default_mode 
     776 16654   sc_a_mem_dout[62]                      C2O   default_mode 
     777 24056   u_slave_ab/we_b_en_reg/sena            C2C   default_mode 
     778 24056   u_slave_ab/we_a_en_reg/sena            C2C   default_mode 
     779 24155   u_sram_a/u_sram/A[3]                   I2C   default_mode 
     780 24155   u_sram_b/u_sram/A[0]                   I2C   default_mode 
     781 24155   u_sram_b/u_sram/A[1]                   I2C   default_mode 
     782 24155   u_sram_b/u_sram/A[2]                   I2C   default_mode 
     783 24155   u_sram_b/u_sram/A[3]                   I2C   default_mode 
     784 24155   u_sram_b/u_sram/A[4]                   I2C   default_mode 
     785 24155   u_sram_b/u_sram/A[5]                   I2C   default_mode 
     786 24155   u_sram_a/u_sram/A[0]                   I2C   default_mode 
     787 24155   u_sram_b/u_sram/A[6]                   I2C   default_mode 
     788 24155   u_sram_b/u_sram/A[7]                   I2C   default_mode 
     789 24155   u_sram_a/u_sram/A[4]                   I2C   default_mode 
     790 24155   u_sram_b/u_sram/A[8]                   I2C   default_mode 
     791 24155   u_sram_a/u_sram/A[8]                   I2C   default_mode 
     792 24155   u_sram_a/u_sram/A[2]                   I2C   default_mode 
     793 24155   u_sram_a/u_sram/A[6]                   I2C   default_mode 
     794 24155   u_sram_a/u_sram/A[1]                   I2C   default_mode 
     795 24155   u_sram_a/u_sram/A[5]                   I2C   default_mode 
     796 24155   u_sram_a/u_sram/A[7]                   I2C   default_mode 
     797 24281   u_sram_b/u_sram/CEN                    I2C   default_mode 
     798 24281   u_sram_a/u_sram/CEN                    I2C   default_mode 
     799 24352   u_sram_a/u_sram/WEN                    C2C   default_mode 
     800 24352   u_sram_b/u_sram/WEN                    C2C   default_mode 
     801 24414   u_sram_a/u_sram/D[5]                   I2C   default_mode 
     802 24414   u_sram_a/u_sram/D[27]                  I2C   default_mode 
     803 24414   u_sram_b/u_sram/D[8]                   I2C   default_mode 
     804 24414   u_sram_a/u_sram/D[21]                  I2C   default_mode 
     805 24414   u_sram_a/u_sram/D[13]                  I2C   default_mode 
     806 24414   u_sram_a/u_sram/D[3]                   I2C   default_mode 
     807 24414   u_sram_b/u_sram/D[63]                  I2C   default_mode 
     808 24414   u_sram_a/u_sram/D[2]                   I2C   default_mode 
     809 24414   u_sram_b/u_sram/D[62]                  I2C   default_mode 
     810 24414   u_sram_b/u_sram/D[7]                   I2C   default_mode 
     811 24414   u_sram_b/u_sram/D[60]                  I2C   default_mode 
     812 24414   u_sram_a/u_sram/D[44]                  I2C   default_mode 
     813 24414   u_sram_b/u_sram/D[58]                  I2C   default_mode 
     814 24414   u_sram_b/u_sram/D[32]                  I2C   default_mode 
     815 24414   u_sram_b/u_sram/D[56]                  I2C   default_mode 
     816 24414   u_sram_a/u_sram/D[36]                  I2C   default_mode 
     817 24414   u_sram_b/u_sram/D[54]                  I2C   default_mode 
     818 24414   u_sram_a/u_sram/D[33]                  I2C   default_mode 
     819 24414   u_sram_b/u_sram/D[52]                  I2C   default_mode 
     820 24414   u_sram_a/u_sram/D[28]                  I2C   default_mode 
     821 24414   u_sram_b/u_sram/D[24]                  I2C   default_mode 
     822 24414   u_sram_b/u_sram/D[17]                  I2C   default_mode 
     823 24414   u_sram_b/u_sram/D[48]                  I2C   default_mode 
     824 24414   u_sram_b/u_sram/D[47]                  I2C   default_mode 
     825 24414   u_sram_b/u_sram/D[46]                  I2C   default_mode 
     826 24414   u_sram_a/u_sram/D[17]                  I2C   default_mode 
     827 24414   u_sram_b/u_sram/D[44]                  I2C   default_mode 
     828 24414   u_sram_a/u_sram/D[12]                  I2C   default_mode 
     829 24414   u_sram_b/u_sram/D[42]                  I2C   default_mode 
     830 24414   u_sram_b/u_sram/D[20]                  I2C   default_mode 
     831 24414   u_sram_b/u_sram/D[40]                  I2C   default_mode 
     832 24414   u_sram_a/u_sram/D[4]                   I2C   default_mode 
     833 24414   u_sram_b/u_sram/D[38]                  I2C   default_mode 
     834 24414   u_sram_a/u_sram/D[1]                   I2C   default_mode 
     835 24414   u_sram_b/u_sram/D[36]                  I2C   default_mode 
     836 24414   u_sram_a/u_sram/D[22]                  I2C   default_mode 
     837 24414   u_sram_b/u_sram/D[16]                  I2C   default_mode 
     838 24414   u_sram_b/u_sram/D[4]                   I2C   default_mode 
     839 24414   u_sram_b/u_sram/D[3]                   I2C   default_mode 
     840 24414   u_sram_b/u_sram/D[15]                  I2C   default_mode 
     841 24414   u_sram_a/u_sram/D[14]                  I2C   default_mode 
     842 24414   u_sram_b/u_sram/D[18]                  I2C   default_mode 
     843 24414   u_sram_b/u_sram/D[28]                  I2C   default_mode 
     844 24414   u_sram_a/u_sram/D[23]                  I2C   default_mode 
     845 24414   u_sram_b/u_sram/D[19]                  I2C   default_mode 
     846 24414   u_sram_b/u_sram/D[2]                   I2C   default_mode 
     847 24414   u_sram_b/u_sram/D[21]                  I2C   default_mode 
     848 24414   u_sram_b/u_sram/D[22]                  I2C   default_mode 
     849 24414   u_sram_b/u_sram/D[23]                  I2C   default_mode 
     850 24414   u_sram_b/u_sram/D[1]                   I2C   default_mode 
     851 24414   u_sram_b/u_sram/D[25]                  I2C   default_mode 
     852 24414   u_sram_b/u_sram/D[26]                  I2C   default_mode 
     853 24414   u_sram_b/u_sram/D[27]                  I2C   default_mode 
     854 24414   u_sram_b/u_sram/D[29]                  I2C   default_mode 
     855 24414   u_sram_b/u_sram/D[30]                  I2C   default_mode 
     856 24414   u_sram_b/u_sram/D[31]                  I2C   default_mode 
     857 24414   u_sram_b/u_sram/D[33]                  I2C   default_mode 
     858 24414   u_sram_b/u_sram/D[34]                  I2C   default_mode 
     859 24414   u_sram_a/u_sram/D[15]                  I2C   default_mode 
     860 24414   u_sram_b/u_sram/D[35]                  I2C   default_mode 
     861 24414   u_sram_b/u_sram/D[37]                  I2C   default_mode 
     862 24414   u_sram_a/u_sram/D[0]                   I2C   default_mode 
     863 24414   u_sram_b/u_sram/D[39]                  I2C   default_mode 
     864 24414   u_sram_b/u_sram/D[41]                  I2C   default_mode 
     865 24414   u_sram_a/u_sram/D[8]                   I2C   default_mode 
     866 24414   u_sram_a/u_sram/D[9]                   I2C   default_mode 
     867 24414   u_sram_b/u_sram/D[43]                  I2C   default_mode 
     868 24414   u_sram_b/u_sram/D[45]                  I2C   default_mode 
     869 24414   u_sram_a/u_sram/D[16]                  I2C   default_mode 
     870 24414   u_sram_b/u_sram/D[0]                   I2C   default_mode 
     871 24414   u_sram_b/u_sram/D[13]                  I2C   default_mode 
     872 24414   u_sram_a/u_sram/D[55]                  I2C   default_mode 
     873 24414   u_sram_b/u_sram/D[49]                  I2C   default_mode 
     874 24414   u_sram_a/u_sram/D[24]                  I2C   default_mode 
     875 24414   u_sram_a/u_sram/D[25]                  I2C   default_mode 
     876 24414   u_sram_b/u_sram/D[50]                  I2C   default_mode 
     877 24414   u_sram_b/u_sram/D[51]                  I2C   default_mode 
     878 24414   u_sram_b/u_sram/D[53]                  I2C   default_mode 
     879 24414   u_sram_a/u_sram/D[32]                  I2C   default_mode 
     880 24414   u_sram_b/u_sram/D[55]                  I2C   default_mode 
     881 24414   u_sram_b/u_sram/D[57]                  I2C   default_mode 
     882 24414   u_sram_a/u_sram/D[40]                  I2C   default_mode 
     883 24414   u_sram_a/u_sram/D[41]                  I2C   default_mode 
     884 24414   u_sram_b/u_sram/D[59]                  I2C   default_mode 
     885 24414   u_sram_b/u_sram/D[61]                  I2C   default_mode 
     886 24414   u_sram_a/u_sram/D[48]                  I2C   default_mode 
     887 24414   u_sram_a/u_sram/D[52]                  I2C   default_mode 
     888 24414   u_sram_a/u_sram/D[37]                  I2C   default_mode 
     889 24414   u_sram_a/u_sram/D[56]                  I2C   default_mode 
     890 24414   u_sram_a/u_sram/D[58]                  I2C   default_mode 
     891 24414   u_sram_a/u_sram/D[60]                  I2C   default_mode 
     892 24414   u_sram_b/u_sram/D[12]                  I2C   default_mode 
     893 24414   u_sram_a/u_sram/D[62]                  I2C   default_mode 
     894 24414   u_sram_a/u_sram/D[57]                  I2C   default_mode 
     895 24414   u_sram_a/u_sram/D[29]                  I2C   default_mode 
     896 24414   u_sram_b/u_sram/D[11]                  I2C   default_mode 
     897 24414   u_sram_b/u_sram/D[6]                   I2C   default_mode 
     898 24414   u_sram_a/u_sram/D[49]                  I2C   default_mode 
     899 24414   u_sram_a/u_sram/D[30]                  I2C   default_mode 
     900 24414   u_sram_a/u_sram/D[38]                  I2C   default_mode 
     901 24414   u_sram_a/u_sram/D[51]                  I2C   default_mode 
     902 24414   u_sram_a/u_sram/D[39]                  I2C   default_mode 
     903 24414   u_sram_a/u_sram/D[50]                  I2C   default_mode 
     904 24414   u_sram_a/u_sram/D[7]                   I2C   default_mode 
     905 24414   u_sram_b/u_sram/D[5]                   I2C   default_mode 
     906 24414   u_sram_a/u_sram/D[31]                  I2C   default_mode 
     907 24414   u_sram_a/u_sram/D[53]                  I2C   default_mode 
     908 24414   u_sram_a/u_sram/D[54]                  I2C   default_mode 
     909 24414   u_sram_a/u_sram/D[35]                  I2C   default_mode 
     910 24414   u_sram_b/u_sram/D[10]                  I2C   default_mode 
     911 24414   u_sram_a/u_sram/D[6]                   I2C   default_mode 
     912 24414   u_sram_a/u_sram/D[10]                  I2C   default_mode 
     913 24414   u_sram_a/u_sram/D[47]                  I2C   default_mode 
     914 24414   u_sram_a/u_sram/D[42]                  I2C   default_mode 
     915 24414   u_sram_a/u_sram/D[34]                  I2C   default_mode 
     916 24414   u_sram_a/u_sram/D[43]                  I2C   default_mode 
     917 24414   u_sram_a/u_sram/D[20]                  I2C   default_mode 
     918 24414   u_sram_a/u_sram/D[26]                  I2C   default_mode 
     919 24414   u_sram_a/u_sram/D[11]                  I2C   default_mode 
     920 24414   u_sram_b/u_sram/D[9]                   I2C   default_mode 
     921 24414   u_sram_a/u_sram/D[45]                  I2C   default_mode 
     922 24414   u_sram_a/u_sram/D[59]                  I2C   default_mode 
     923 24414   u_sram_a/u_sram/D[63]                  I2C   default_mode 
     924 24414   u_sram_b/u_sram/D[14]                  I2C   default_mode 
     925 24414   u_sram_a/u_sram/D[46]                  I2C   default_mode 
     926 24414   u_sram_a/u_sram/D[19]                  I2C   default_mode 
     927 24414   u_sram_a/u_sram/D[18]                  I2C   default_mode 
     928 24414   u_sram_a/u_sram/D[61]                  I2C   default_mode 
     929 24488   u_sram_a/bus_wbuf_reg[54]/srl          I2C   default_mode 
     930 24488   u_sram_a/bus_wbuf_reg[36]/srl          I2C   default_mode 
     931 24488   u_sram_b/bus_wbuf_reg[46]/srl          I2C   default_mode 
     932 24488   u_sram_b/bus_wbuf_reg[21]/srl          I2C   default_mode 
     933 24488   u_sram_b/bus_wbuf_reg[30]/srl          I2C   default_mode 
     934 24488   u_sram_b/bus_wbuf_reg[2]/srl           I2C   default_mode 
     935 24488   u_sram_b/bus_wbuf_reg[53]/srl          I2C   default_mode 
     936 24488   u_sram_a/flush_addr_reg[1]/srl         I2C   default_mode 
     937 24488   u_sram_a/flush_addr_reg[2]/srl         I2C   default_mode 
     938 24488   u_sram_b/bus_wbuf_reg[9]/srl           I2C   default_mode 
     939 24488   u_sram_b/bus_wbuf_reg[18]/srl          I2C   default_mode 
     940 24488   u_sram_a/bus_wbuf_reg[35]/srl          I2C   default_mode 
     941 24488   u_sram_a/bus_wbuf_reg[39]/srl          I2C   default_mode 
     942 24488   u_sram_b/last_word_addr_reg[8]/srl     I2C   default_mode 
     943 24488   u_sram_a/flush_addr_reg[4]/srl         I2C   default_mode 
     944 24488   u_sram_b/last_word_addr_reg[5]/srl     I2C   default_mode 
     945 24488   u_sram_b/last_word_addr_reg[4]/srl     I2C   default_mode 
     946 24488   u_sram_b/last_word_addr_reg[1]/srl     I2C   default_mode 
     947 24488   u_sram_a/bus_wbuf_reg[61]/srl          I2C   default_mode 
     948 24488   u_sram_b/bus_wbuf_reg[0]/srl           I2C   default_mode 
     949 24488   u_sram_a/bus_wbuf_reg[62]/srl          I2C   default_mode 
     950 24488   u_sram_a/bus_waddr_d1_reg[4]/srl       I2C   default_mode 
     951 24488   u_sram_a/bus_wbuf_reg[46]/srl          I2C   default_mode 
     952 24488   u_sram_b/last_byte_sel_reg[1]/srl      I2C   default_mode 
     953 24488   u_sram_b/bus_wbuf_reg[25]/srl          I2C   default_mode 
     954 24488   u_sram_b/bus_waddr_d1_reg[8]/srl       I2C   default_mode 
     955 24488   u_sram_b/bus_wbuf_reg[27]/srl          I2C   default_mode 
     956 24488   u_sram_b/bus_wbuf_reg[19]/srl          I2C   default_mode 
     957 24488   u_sram_b/bus_wbuf_reg[33]/srl          I2C   default_mode 
     958 24488   u_sram_a/bus_wbuf_reg[15]/srl          I2C   default_mode 
     959 24488   u_sram_a/bus_waddr_d1_reg[0]/srl       I2C   default_mode 
     960 24488   u_sram_b/bus_wbuf_reg[22]/srl          I2C   default_mode 
     961 24488   u_sram_b/last_word_addr_reg[2]/srl     I2C   default_mode 
     962 24488   u_sram_a/bus_wbuf_reg[17]/srl          I2C   default_mode 
     963 24488   u_sram_b/bus_wbuf_reg[23]/srl          I2C   default_mode 
     964 24488   u_sram_a/bus_wbuf_reg[27]/srl          I2C   default_mode 
     965 24488   u_sram_a/bus_waddr_d1_reg[5]/srl       I2C   default_mode 
     966 24488   u_sram_b/last_word_addr_reg[6]/srl     I2C   default_mode 
     967 24488   u_sram_b/bus_wbuf_reg[24]/srl          I2C   default_mode 
     968 24488   u_sram_a/bus_wbuf_reg[19]/srl          I2C   default_mode 
     969 24488   u_sram_a/bus_waddr_d1_reg[6]/srl       I2C   default_mode 
     970 24488   u_sram_b/bus_wbuf_reg[57]/srl          I2C   default_mode 
     971 24488   u_sram_b/bus_wbuf_reg[7]/srl           I2C   default_mode 
     972 24488   u_sram_a/bus_wbuf_reg[28]/srl          I2C   default_mode 
     973 24488   u_sram_b/bus_wbuf_reg[34]/srl          I2C   default_mode 
     974 24488   u_sram_b/bus_wbuf_reg[5]/srl           I2C   default_mode 
     975 24488   u_sram_a/bus_wbuf_reg[38]/srl          I2C   default_mode 
     976 24488   u_sram_a/bus_wbuf_reg[2]/srl           I2C   default_mode 
     977 24488   u_sram_a/bus_wbuf_reg[4]/srl           I2C   default_mode 
     978 24488   u_sram_a/bus_wbuf_reg[5]/srl           I2C   default_mode 
     979 24488   u_sram_a/bus_wbuf_reg[8]/srl           I2C   default_mode 
     980 24488   u_sram_a/bus_wbuf_reg[9]/srl           I2C   default_mode 
     981 24488   u_sram_b/flush_d1_reg/srl              I2C   default_mode 
     982 24488   u_sram_b/bus_waddr_d1_reg[2]/srl       I2C   default_mode 
     983 24488   u_sram_b/bus_wbuf_reg[11]/srl          I2C   default_mode 
     984 24488   u_sram_b/bus_wbuf_reg[52]/srl          I2C   default_mode 
     985 24488   u_sram_b/bus_wbuf_reg[56]/srl          I2C   default_mode 
     986 24488   u_sram_b/bus_wbuf_reg[36]/srl          I2C   default_mode 
     987 24488   u_sram_b/bus_waddr_d1_reg[1]/srl       I2C   default_mode 
     988 24488   u_sram_a/bus_wbuf_reg[12]/srl          I2C   default_mode 
     989 24488   u_sram_a/bus_wbuf_reg[30]/srl          I2C   default_mode 
     990 24488   u_sram_b/bus_wbuf_reg[48]/srl          I2C   default_mode 
     991 24488   u_sram_b/bus_wbuf_reg[6]/srl           I2C   default_mode 
     992 24488   u_sram_a/last_word_addr_reg[4]/srl     I2C   default_mode 
     993 24488   u_sram_b/bus_wbuf_reg[4]/srl           I2C   default_mode 
     994 24488   u_sram_a/bus_wbuf_reg[3]/srl           I2C   default_mode 
     995 24488   u_sram_b/bus_wbuf_reg[39]/srl          I2C   default_mode 
     996 24488   u_sram_a/bus_wbuf_reg[0]/srl           I2C   default_mode 
     997 24488   u_sram_a/bus_wbuf_reg[1]/srl           I2C   default_mode 
     998 24488   u_sram_b/bus_wbuf_reg[3]/srl           I2C   default_mode 
     999 24488   u_sram_b/bus_wbuf_reg[51]/srl          I2C   default_mode 
    1000 24488   u_sram_a/bus_wbuf_reg[51]/srl          I2C   default_mode 
    1001 24488   u_sram_a/bus_wbuf_reg[32]/srl          I2C   default_mode 
    1002 24488   u_sram_a/bus_wbuf_reg[52]/srl          I2C   default_mode 
    1003 24488   u_sram_a/bus_wbuf_reg[31]/srl          I2C   default_mode 
    1004 24488   u_sram_a/bus_wbuf_reg[22]/srl          I2C   default_mode 
    1005 24488   u_sram_a/bus_wbuf_reg[53]/srl          I2C   default_mode 
    1006 24488   u_sram_a/bus_wbuf_reg[14]/srl          I2C   default_mode 
    1007 24488   u_sram_a/bus_wbuf_reg[23]/srl          I2C   default_mode 
    1008 24488   u_sram_b/bus_waddr_d1_reg[4]/srl       I2C   default_mode 
    1009 24488   u_sram_b/bus_wbuf_reg[45]/srl          I2C   default_mode 
    1010 24488   u_sram_a/bus_wbuf_reg[18]/srl          I2C   default_mode 
    1011 24488   u_sram_b/bus_wbuf_reg[38]/srl          I2C   default_mode 
    1012 24488   u_sram_b/bus_waddr_d1_reg[6]/srl       I2C   default_mode 
    1013 24488   u_sram_b/bus_wbuf_reg[40]/srl          I2C   default_mode 
    1014 24488   u_sram_a/bus_wbuf_reg[41]/srl          I2C   default_mode 
    1015 24488   u_sram_a/bus_wbuf_reg[20]/srl          I2C   default_mode 
    1016 24488   u_sram_a/bus_we_d1_reg/srl             I2C   default_mode 
    1017 24488   u_sram_b/last_word_addr_reg[7]/srl     I2C   default_mode 
    1018 24488   u_sram_b/bus_wbuf_reg[41]/srl          I2C   default_mode 
    1019 24488   u_sram_b/bus_wbuf_reg[61]/srl          I2C   default_mode 
    1020 24488   u_sram_a/flush_addr_reg[3]/srl         I2C   default_mode 
    1021 24488   u_sram_a/bus_wbuf_reg[42]/srl          I2C   default_mode 
    1022 24488   u_sram_a/bus_wbuf_reg[13]/srl          I2C   default_mode 
    1023 24488   u_sram_a/flush_addr_reg[6]/srl         I2C   default_mode 
    1024 24488   u_sram_b/last_byte_sel_reg[0]/srl      I2C   default_mode 
    1025 24488   u_sram_a/bus_wbuf_reg[59]/srl          I2C   default_mode 
    1026 24488   u_sram_a/last_word_addr_reg[7]/srl     I2C   default_mode 
    1027 24488   u_sram_b/bus_wbuf_reg[8]/srl           I2C   default_mode 
    1028 24488   u_sram_a/flush_addr_reg[0]/srl         I2C   default_mode 
    1029 24488   u_sram_a/flush_addr_reg[8]/srl         I2C   default_mode 
    1030 24488   u_sram_a/bus_waddr_d1_reg[1]/srl       I2C   default_mode 
    1031 24488   u_sram_a/flush_d1_reg/srl              I2C   default_mode 
    1032 24488   u_sram_b/bus_we_d1_reg/srl             I2C   default_mode 
    1033 24488   u_sram_a/bus_wbuf_reg[44]/srl          I2C   default_mode 
    1034 24488   u_sram_a/last_word_addr_reg[1]/srl     I2C   default_mode 
    1035 24488   u_sram_b/bus_waddr_d1_reg[7]/srl       I2C   default_mode 
    1036 24488   u_sram_b/bus_wbuf_reg[29]/srl          I2C   default_mode 
    1037 24488   u_sram_a/last_byte_sel_reg[2]/srl      I2C   default_mode 
    1038 24488   u_sram_a/bus_wbuf_reg[58]/srl          I2C   default_mode 
    1039 24488   u_sram_a/last_word_addr_reg[0]/srl     I2C   default_mode 
    1040 24488   u_sram_a/last_word_addr_reg[8]/srl     I2C   default_mode 
    1041 24488   u_sram_b/bus_wbuf_reg[31]/srl          I2C   default_mode 
    1042 24488   u_sram_b/bus_wbuf_reg[55]/srl          I2C   default_mode 
    1043 24488   u_sram_a/bus_wbuf_reg[43]/srl          I2C   default_mode 
    1044 24488   u_sram_b/flush_addr_reg[8]/srl         I2C   default_mode 
    1045 24488   u_sram_a/bus_wbuf_reg[63]/srl          I2C   default_mode 
    1046 24488   u_sram_b/last_word_addr_reg[0]/srl     I2C   default_mode 
    1047 24488   u_sram_a/last_word_addr_reg[6]/srl     I2C   default_mode 
    1048 24488   u_sram_b/bus_wbuf_reg[44]/srl          I2C   default_mode 
    1049 24488   u_sram_b/bus_wbuf_reg[28]/srl          I2C   default_mode 
    1050 24488   u_sram_a/bus_waddr_d1_reg[8]/srl       I2C   default_mode 
    1051 24488   u_sram_a/bus_wbuf_reg[29]/srl          I2C   default_mode 
    1052 24488   u_sram_a/bus_wbuf_reg[48]/srl          I2C   default_mode 
    1053 24488   u_sram_a/last_byte_sel_reg[0]/srl      I2C   default_mode 
    1054 24488   u_sram_a/last_word_addr_reg[2]/srl     I2C   default_mode 
    1055 24488   u_sram_b/last_byte_sel_reg[2]/srl      I2C   default_mode 
    1056 24488   u_sram_b/bus_wbuf_reg[16]/srl          I2C   default_mode 
    1057 24488   u_sram_a/bus_wbuf_reg[49]/srl          I2C   default_mode 
    1058 24488   u_sram_a/bus_wbuf_reg[56]/srl          I2C   default_mode 
    1059 24488   u_sram_a/bus_wbuf_reg[50]/srl          I2C   default_mode 
    1060 24488   u_sram_b/bus_wbuf_reg[15]/srl          I2C   default_mode 
    1061 24488   u_sram_a/bus_wbuf_reg[7]/srl           I2C   default_mode 
    1062 24488   u_sram_a/bus_wbuf_reg[10]/srl          I2C   default_mode 
    1063 24488   u_sram_b/bus_waddr_d1_reg[3]/srl       I2C   default_mode 
    1064 24488   u_sram_b/bus_wbuf_reg[14]/srl          I2C   default_mode 
    1065 24488   u_sram_a/bus_wbuf_reg[11]/srl          I2C   default_mode 
    1066 24488   u_sram_a/bus_wbuf_reg[55]/srl          I2C   default_mode 
    1067 24488   u_sram_b/bus_wbuf_reg[37]/srl          I2C   default_mode 
    1068 24488   u_sram_b/bus_waddr_d1_reg[0]/srl       I2C   default_mode 
    1069 24488   u_sram_b/bus_wbuf_reg[13]/srl          I2C   default_mode 
    1070 24488   u_sram_b/flush_addr_reg[1]/srl         I2C   default_mode 
    1071 24488   u_sram_a/bus_wbuf_reg[57]/srl          I2C   default_mode 
    1072 24488   u_sram_b/bus_wbuf_reg[12]/srl          I2C   default_mode 
    1073 24488   u_sram_b/last_word_addr_reg[3]/srl     I2C   default_mode 
    1074 24488   u_sram_a/bus_wbuf_reg[21]/srl          I2C   default_mode 
    1075 24488   u_sram_b/bus_wbuf_reg[35]/srl          I2C   default_mode 
    1076 24488   u_sram_b/bus_we_prev_reg/srl           I2C   default_mode 
    1077 24488   u_sram_b/flush_addr_reg[2]/srl         I2C   default_mode 
    1078 24488   u_sram_a/bus_wbuf_reg[47]/srl          I2C   default_mode 
    1079 24488   u_sram_a/bus_wbuf_reg[34]/srl          I2C   default_mode 
    1080 24488   u_sram_b/bus_wbuf_reg[26]/srl          I2C   default_mode 
    1081 24488   u_sram_b/bus_wbuf_reg[47]/srl          I2C   default_mode 
    1082 24488   u_sram_a/last_word_addr_reg[3]/srl     I2C   default_mode 
    1083 24488   u_sram_b/bus_wbuf_reg[58]/srl          I2C   default_mode 
    1084 24488   u_sram_b/flush_addr_reg[0]/srl         I2C   default_mode 
    1085 24488   u_sram_b/flush_addr_reg[6]/srl         I2C   default_mode 
    1086 24488   u_sram_b/bus_wbuf_reg[32]/srl          I2C   default_mode 
    1087 24488   u_sram_a/bus_waddr_d1_reg[2]/srl       I2C   default_mode 
    1088 24488   u_sram_a/bus_waddr_d1_reg[3]/srl       I2C   default_mode 
    1089 24488   u_sram_b/bus_wbuf_reg[59]/srl          I2C   default_mode 
    1090 24488   u_sram_b/bus_wbuf_reg[63]/srl          I2C   default_mode 
    1091 24488   u_sram_b/bus_wbuf_reg[42]/srl          I2C   default_mode 
    1092 24488   u_sram_b/bus_wbuf_reg[43]/srl          I2C   default_mode 
    1093 24488   u_sram_a/flush_addr_reg[5]/srl         I2C   default_mode 
    1094 24488   u_sram_b/bus_wbuf_reg[10]/srl          I2C   default_mode 
    1095 24488   u_sram_b/flush_addr_reg[3]/srl         I2C   default_mode 
    1096 24488   u_sram_a/bus_wbuf_reg[26]/srl          I2C   default_mode 
    1097 24488   u_sram_b/bus_wbuf_reg[62]/srl          I2C   default_mode 
    1098 24488   u_sram_a/last_byte_sel_reg[1]/srl      I2C   default_mode 
    1099 24488   u_sram_b/bus_wbuf_reg[50]/srl          I2C   default_mode 
    1100 24488   u_sram_a/bus_waddr_d1_reg[7]/srl       I2C   default_mode 
    1101 24488   u_sram_a/bus_wbuf_reg[24]/srl          I2C   default_mode 
    1102 24488   u_sram_a/bus_wbuf_reg[6]/srl           I2C   default_mode 
    1103 24488   u_sram_a/bus_wbuf_reg[40]/srl          I2C   default_mode 
    1104 24488   u_sram_b/bus_wbuf_reg[1]/srl           I2C   default_mode 
    1105 24488   u_sram_b/flush_addr_reg[5]/srl         I2C   default_mode 
    1106 24488   u_sram_a/bus_wbuf_reg[16]/srl          I2C   default_mode 
    1107 24488   u_sram_b/bus_wbuf_reg[54]/srl          I2C   default_mode 
    1108 24488   u_sram_b/flush_addr_reg[4]/srl         I2C   default_mode 
    1109 24488   u_sram_b/bus_waddr_d1_reg[5]/srl       I2C   default_mode 
    1110 24488   u_sram_a/bus_wbuf_reg[45]/srl          I2C   default_mode 
    1111 24488   u_sram_b/bus_wbuf_reg[49]/srl          I2C   default_mode 
    1112 24488   u_sram_b/flush_addr_reg[7]/srl         I2C   default_mode 
    1113 24488   u_sram_a/bus_wbuf_reg[25]/srl          I2C   default_mode 
    1114 24488   u_sram_a/flush_addr_reg[7]/srl         I2C   default_mode 
    1115 24488   u_sram_b/bus_wbuf_reg[60]/srl          I2C   default_mode 
    1116 24488   u_sram_a/bus_wbuf_reg[37]/srl          I2C   default_mode 
    1117 24488   u_sram_b/bus_wbuf_reg[17]/srl          I2C   default_mode 
    1118 24488   u_sram_b/bus_wbuf_reg[20]/srl          I2C   default_mode 
    1119 24488   u_sram_a/bus_wbuf_reg[33]/srl          I2C   default_mode 
    1120 24488   u_sram_a/bus_wbuf_reg[60]/srl          I2C   default_mode 
    1121 24488   u_sram_a/last_word_addr_reg[5]/srl     I2C   default_mode 
    1122 24488   u_sram_a/bus_we_prev_reg/srl           I2C   default_mode 
    1123 24626   u_sram_a/flush_addr_reg[2]/d           C2C   default_mode 
    1124 24626   u_sram_b/flush_addr_reg[4]/d           C2C   default_mode 
    1125 24626   u_sram_a/flush_addr_reg[7]/d           C2C   default_mode 
    1126 24626   u_sram_b/flush_addr_reg[2]/d           C2C   default_mode 
    1127 24626   u_sram_b/flush_addr_reg[3]/d           C2C   default_mode 
    1128 24626   u_sram_a/flush_addr_reg[0]/d           C2C   default_mode 
    1129 24626   u_sram_b/flush_addr_reg[7]/d           C2C   default_mode 
    1130 24626   u_sram_a/flush_addr_reg[4]/d           C2C   default_mode 
    1131 24626   u_sram_a/flush_addr_reg[1]/d           C2C   default_mode 
    1132 24626   u_sram_b/flush_addr_reg[8]/d           C2C   default_mode 
    1133 24626   u_sram_b/flush_addr_reg[0]/d           C2C   default_mode 
    1134 24626   u_sram_a/flush_addr_reg[3]/d           C2C   default_mode 
    1135 24626   u_sram_a/flush_addr_reg[6]/d           C2C   default_mode 
    1136 24626   u_sram_a/flush_addr_reg[5]/d           C2C   default_mode 
    1137 24626   u_sram_a/flush_addr_reg[8]/d           C2C   default_mode 
    1138 24626   u_sram_b/flush_addr_reg[5]/d           C2C   default_mode 
    1139 24626   u_sram_b/flush_addr_reg[1]/d           C2C   default_mode 
    1140 24626   u_sram_b/flush_addr_reg[6]/d           C2C   default_mode 
#--------------------------------------------------------------------------


