============================================================
  Generated by:           Genus(TM) Synthesis Solution 21.16-s062_1
  Generated on:           Apr 27 2026  05:30:33 pm
  Module:                 bus_slave_sram_ab
  Operating conditions:   WCCOM (balanced_tree)
  Wireload mode:          segmented
  Area mode:              timing library
============================================================

	Timing
	------
         Endpoint           Slack  Cost Group      Mode      
-------------------------------------------------------------
u_slave_ab/max_b_reg[12]/d   11018        I2C   default_mode 
	Area
	----

     Instance     Module  Cell Count  Cell Area  Net Area   Total Area      Wireload     
-----------------------------------------------------------------------------------------
bus_slave_sram_ab               2904  93203.895     0.000    93203.895 ZeroWireload (S)  
  (S) = wireload was automatically selected

	Design Rule Check
	-----------------

Max_transition design rule (violation total = 46835)
Worst violator:
Pin                               Slew           Max     Violation
--------------------------------------------------------------------
u_sram_b/u_sram/Q[63]             1366          1000           366

Max_capacitance design rule (violation total = 32000.0)
Worst violator:
Pin                          Load (ff)           Max     Violation
--------------------------------------------------------------------
u_sram_b/u_sram/Q[63]           1000.0         750.0         250.0



