        Computing arrivals and requireds.
        Initializing DRC engine.
============================================================
  Generated by:           Genus(TM) Synthesis Solution 21.16-s062_1
  Generated on:           Apr 27 2026  05:30:32 pm
  Module:                 bus_slave_sram_ab
  Technology libraries:   tcbn65gpluswc 200
                          USERLIB_nldm_ss_0p90v_0p90v_125c 1.1
  Operating conditions:   WCCOM (balanced_tree)
  Wireload mode:          segmented
  Area mode:              timing library
============================================================

Max_transition design rule (violation total = 46835)
Pin                               Slew           Max     Violation
--------------------------------------------------------------------
u_sram_b/u_sram/Q[63]             1366          1000           366
u_sram_a/u_sram/Q[1]              1366          1000           366
u_sram_a/u_sram/Q[2]              1366          1000           366
u_sram_a/u_sram/Q[3]              1366          1000           366
u_sram_a/u_sram/Q[4]              1366          1000           366
u_sram_a/u_sram/Q[5]              1366          1000           366
u_sram_a/u_sram/Q[6]              1366          1000           366
u_sram_a/u_sram/Q[7]              1366          1000           366
u_sram_a/u_sram/Q[8]              1366          1000           366
u_sram_a/u_sram/Q[9]              1366          1000           366
u_sram_a/u_sram/Q[10]             1366          1000           366
u_sram_a/u_sram/Q[11]             1366          1000           366
u_sram_a/u_sram/Q[12]             1366          1000           366
u_sram_a/u_sram/Q[13]             1366          1000           366
u_sram_a/u_sram/Q[14]             1366          1000           366
u_sram_a/u_sram/Q[15]             1366          1000           366
u_sram_a/u_sram/Q[16]             1366          1000           366
u_sram_a/u_sram/Q[17]             1366          1000           366
u_sram_a/u_sram/Q[18]             1366          1000           366
u_sram_a/u_sram/Q[19]             1366          1000           366
u_sram_a/u_sram/Q[20]             1366          1000           366
u_sram_a/u_sram/Q[21]             1366          1000           366
u_sram_a/u_sram/Q[22]             1366          1000           366
u_sram_a/u_sram/Q[23]             1366          1000           366
u_sram_a/u_sram/Q[24]             1366          1000           366
u_sram_a/u_sram/Q[25]             1366          1000           366
u_sram_a/u_sram/Q[26]             1366          1000           366
u_sram_a/u_sram/Q[27]             1366          1000           366
u_sram_a/u_sram/Q[28]             1366          1000           366
u_sram_a/u_sram/Q[29]             1366          1000           366
u_sram_a/u_sram/Q[30]             1366          1000           366
u_sram_a/u_sram/Q[31]             1366          1000           366
u_sram_a/u_sram/Q[32]             1366          1000           366
u_sram_a/u_sram/Q[33]             1366          1000           366
u_sram_a/u_sram/Q[34]             1366          1000           366
u_sram_a/u_sram/Q[35]             1366          1000           366
u_sram_a/u_sram/Q[36]             1366          1000           366
u_sram_a/u_sram/Q[37]             1366          1000           366
u_sram_a/u_sram/Q[38]             1366          1000           366
u_sram_a/u_sram/Q[39]             1366          1000           366
u_sram_a/u_sram/Q[40]             1366          1000           366
u_sram_a/u_sram/Q[41]             1366          1000           366
u_sram_a/u_sram/Q[42]             1366          1000           366
u_sram_a/u_sram/Q[43]             1366          1000           366
u_sram_a/u_sram/Q[44]             1366          1000           366
u_sram_a/u_sram/Q[45]             1366          1000           366
u_sram_a/u_sram/Q[46]             1366          1000           366
u_sram_a/u_sram/Q[47]             1366          1000           366
u_sram_a/u_sram/Q[48]             1366          1000           366
u_sram_a/u_sram/Q[49]             1366          1000           366
u_sram_a/u_sram/Q[50]             1366          1000           366
u_sram_a/u_sram/Q[51]             1366          1000           366
u_sram_a/u_sram/Q[52]             1366          1000           366
u_sram_a/u_sram/Q[53]             1366          1000           366
u_sram_a/u_sram/Q[54]             1366          1000           366
u_sram_a/u_sram/Q[55]             1366          1000           366
u_sram_a/u_sram/Q[56]             1366          1000           366
u_sram_a/u_sram/Q[57]             1366          1000           366
u_sram_a/u_sram/Q[58]             1366          1000           366
u_sram_a/u_sram/Q[59]             1366          1000           366
u_sram_a/u_sram/Q[60]             1366          1000           366
u_sram_a/u_sram/Q[61]             1366          1000           366
u_sram_a/u_sram/Q[62]             1366          1000           366
u_sram_a/u_sram/Q[63]             1366          1000           366
u_sram_b/u_sram/Q[0]              1366          1000           366
u_sram_b/u_sram/Q[1]              1366          1000           366
u_sram_b/u_sram/Q[2]              1366          1000           366
u_sram_b/u_sram/Q[3]              1366          1000           366
u_sram_b/u_sram/Q[4]              1366          1000           366
u_sram_b/u_sram/Q[5]              1366          1000           366
u_sram_b/u_sram/Q[6]              1366          1000           366
u_sram_b/u_sram/Q[7]              1366          1000           366
u_sram_b/u_sram/Q[8]              1366          1000           366
u_sram_b/u_sram/Q[9]              1366          1000           366
u_sram_b/u_sram/Q[10]             1366          1000           366
u_sram_b/u_sram/Q[11]             1366          1000           366
u_sram_b/u_sram/Q[12]             1366          1000           366
u_sram_b/u_sram/Q[13]             1366          1000           366
u_sram_b/u_sram/Q[14]             1366          1000           366
u_sram_b/u_sram/Q[15]             1366          1000           366
u_sram_b/u_sram/Q[16]             1366          1000           366
u_sram_b/u_sram/Q[17]             1366          1000           366
u_sram_b/u_sram/Q[18]             1366          1000           366
u_sram_b/u_sram/Q[19]             1366          1000           366
u_sram_b/u_sram/Q[20]             1366          1000           366
u_sram_b/u_sram/Q[21]             1366          1000           366
u_sram_b/u_sram/Q[22]             1366          1000           366
u_sram_b/u_sram/Q[23]             1366          1000           366
u_sram_b/u_sram/Q[24]             1366          1000           366
u_sram_b/u_sram/Q[25]             1366          1000           366
u_sram_b/u_sram/Q[26]             1366          1000           366
u_sram_b/u_sram/Q[27]             1366          1000           366
u_sram_b/u_sram/Q[28]             1366          1000           366
u_sram_b/u_sram/Q[29]             1366          1000           366
u_sram_b/u_sram/Q[30]             1366          1000           366
u_sram_b/u_sram/Q[31]             1366          1000           366
u_sram_b/u_sram/Q[32]             1366          1000           366
u_sram_b/u_sram/Q[33]             1366          1000           366
u_sram_b/u_sram/Q[34]             1366          1000           366
u_sram_b/u_sram/Q[35]             1366          1000           366
u_sram_b/u_sram/Q[36]             1366          1000           366
u_sram_b/u_sram/Q[37]             1366          1000           366
u_sram_b/u_sram/Q[38]             1366          1000           366
u_sram_b/u_sram/Q[39]             1366          1000           366
u_sram_b/u_sram/Q[40]             1366          1000           366
u_sram_b/u_sram/Q[41]             1366          1000           366
u_sram_b/u_sram/Q[42]             1366          1000           366
u_sram_b/u_sram/Q[43]             1366          1000           366
u_sram_b/u_sram/Q[44]             1366          1000           366
u_sram_b/u_sram/Q[45]             1366          1000           366
u_sram_b/u_sram/Q[46]             1366          1000           366
u_sram_b/u_sram/Q[47]             1366          1000           366
u_sram_b/u_sram/Q[48]             1366          1000           366
u_sram_b/u_sram/Q[49]             1366          1000           366
u_sram_b/u_sram/Q[50]             1366          1000           366
u_sram_b/u_sram/Q[51]             1366          1000           366
u_sram_b/u_sram/Q[52]             1366          1000           366
u_sram_b/u_sram/Q[53]             1366          1000           366
u_sram_b/u_sram/Q[54]             1366          1000           366
u_sram_b/u_sram/Q[55]             1366          1000           366
u_sram_b/u_sram/Q[56]             1366          1000           366
u_sram_b/u_sram/Q[57]             1366          1000           366
u_sram_b/u_sram/Q[58]             1366          1000           366
u_sram_b/u_sram/Q[59]             1366          1000           366
u_sram_b/u_sram/Q[60]             1366          1000           366
u_sram_b/u_sram/Q[61]             1366          1000           366
u_sram_b/u_sram/Q[62]             1366          1000           366
u_sram_a/u_sram/Q[0]              1366          1000           366


Max_capacitance design rule (violation total = 32000.0)
Pin                          Load (ff)           Max     Violation
--------------------------------------------------------------------
u_sram_b/u_sram/Q[63]           1000.0         750.0         250.0
u_sram_a/u_sram/Q[1]            1000.0         750.0         250.0
u_sram_a/u_sram/Q[2]            1000.0         750.0         250.0
u_sram_a/u_sram/Q[3]            1000.0         750.0         250.0
u_sram_a/u_sram/Q[4]            1000.0         750.0         250.0
u_sram_a/u_sram/Q[5]            1000.0         750.0         250.0
u_sram_a/u_sram/Q[6]            1000.0         750.0         250.0
u_sram_a/u_sram/Q[7]            1000.0         750.0         250.0
u_sram_a/u_sram/Q[8]            1000.0         750.0         250.0
u_sram_a/u_sram/Q[9]            1000.0         750.0         250.0
u_sram_a/u_sram/Q[10]           1000.0         750.0         250.0
u_sram_a/u_sram/Q[11]           1000.0         750.0         250.0
u_sram_a/u_sram/Q[12]           1000.0         750.0         250.0
u_sram_a/u_sram/Q[13]           1000.0         750.0         250.0
u_sram_a/u_sram/Q[14]           1000.0         750.0         250.0
u_sram_a/u_sram/Q[15]           1000.0         750.0         250.0
u_sram_a/u_sram/Q[16]           1000.0         750.0         250.0
u_sram_a/u_sram/Q[17]           1000.0         750.0         250.0
u_sram_a/u_sram/Q[18]           1000.0         750.0         250.0
u_sram_a/u_sram/Q[19]           1000.0         750.0         250.0
u_sram_a/u_sram/Q[20]           1000.0         750.0         250.0
u_sram_a/u_sram/Q[21]           1000.0         750.0         250.0
u_sram_a/u_sram/Q[22]           1000.0         750.0         250.0
u_sram_a/u_sram/Q[23]           1000.0         750.0         250.0
u_sram_a/u_sram/Q[24]           1000.0         750.0         250.0
u_sram_a/u_sram/Q[25]           1000.0         750.0         250.0
u_sram_a/u_sram/Q[26]           1000.0         750.0         250.0
u_sram_a/u_sram/Q[27]           1000.0         750.0         250.0
u_sram_a/u_sram/Q[28]           1000.0         750.0         250.0
u_sram_a/u_sram/Q[29]           1000.0         750.0         250.0
u_sram_a/u_sram/Q[30]           1000.0         750.0         250.0
u_sram_a/u_sram/Q[31]           1000.0         750.0         250.0
u_sram_a/u_sram/Q[32]           1000.0         750.0         250.0
u_sram_a/u_sram/Q[33]           1000.0         750.0         250.0
u_sram_a/u_sram/Q[34]           1000.0         750.0         250.0
u_sram_a/u_sram/Q[35]           1000.0         750.0         250.0
u_sram_a/u_sram/Q[36]           1000.0         750.0         250.0
u_sram_a/u_sram/Q[37]           1000.0         750.0         250.0
u_sram_a/u_sram/Q[38]           1000.0         750.0         250.0
u_sram_a/u_sram/Q[39]           1000.0         750.0         250.0
u_sram_a/u_sram/Q[40]           1000.0         750.0         250.0
u_sram_a/u_sram/Q[41]           1000.0         750.0         250.0
u_sram_a/u_sram/Q[42]           1000.0         750.0         250.0
u_sram_a/u_sram/Q[43]           1000.0         750.0         250.0
u_sram_a/u_sram/Q[44]           1000.0         750.0         250.0
u_sram_a/u_sram/Q[45]           1000.0         750.0         250.0
u_sram_a/u_sram/Q[46]           1000.0         750.0         250.0
u_sram_a/u_sram/Q[47]           1000.0         750.0         250.0
u_sram_a/u_sram/Q[48]           1000.0         750.0         250.0
u_sram_a/u_sram/Q[49]           1000.0         750.0         250.0
u_sram_a/u_sram/Q[50]           1000.0         750.0         250.0
u_sram_a/u_sram/Q[51]           1000.0         750.0         250.0
u_sram_a/u_sram/Q[52]           1000.0         750.0         250.0
u_sram_a/u_sram/Q[53]           1000.0         750.0         250.0
u_sram_a/u_sram/Q[54]           1000.0         750.0         250.0
u_sram_a/u_sram/Q[55]           1000.0         750.0         250.0
u_sram_a/u_sram/Q[56]           1000.0         750.0         250.0
u_sram_a/u_sram/Q[57]           1000.0         750.0         250.0
u_sram_a/u_sram/Q[58]           1000.0         750.0         250.0
u_sram_a/u_sram/Q[59]           1000.0         750.0         250.0
u_sram_a/u_sram/Q[60]           1000.0         750.0         250.0
u_sram_a/u_sram/Q[61]           1000.0         750.0         250.0
u_sram_a/u_sram/Q[62]           1000.0         750.0         250.0
u_sram_a/u_sram/Q[63]           1000.0         750.0         250.0
u_sram_b/u_sram/Q[0]            1000.0         750.0         250.0
u_sram_b/u_sram/Q[1]            1000.0         750.0         250.0
u_sram_b/u_sram/Q[2]            1000.0         750.0         250.0
u_sram_b/u_sram/Q[3]            1000.0         750.0         250.0
u_sram_b/u_sram/Q[4]            1000.0         750.0         250.0
u_sram_b/u_sram/Q[5]            1000.0         750.0         250.0
u_sram_b/u_sram/Q[6]            1000.0         750.0         250.0
u_sram_b/u_sram/Q[7]            1000.0         750.0         250.0
u_sram_b/u_sram/Q[8]            1000.0         750.0         250.0
u_sram_b/u_sram/Q[9]            1000.0         750.0         250.0
u_sram_b/u_sram/Q[10]           1000.0         750.0         250.0
u_sram_b/u_sram/Q[11]           1000.0         750.0         250.0
u_sram_b/u_sram/Q[12]           1000.0         750.0         250.0
u_sram_b/u_sram/Q[13]           1000.0         750.0         250.0
u_sram_b/u_sram/Q[14]           1000.0         750.0         250.0
u_sram_b/u_sram/Q[15]           1000.0         750.0         250.0
u_sram_b/u_sram/Q[16]           1000.0         750.0         250.0
u_sram_b/u_sram/Q[17]           1000.0         750.0         250.0
u_sram_b/u_sram/Q[18]           1000.0         750.0         250.0
u_sram_b/u_sram/Q[19]           1000.0         750.0         250.0
u_sram_b/u_sram/Q[20]           1000.0         750.0         250.0
u_sram_b/u_sram/Q[21]           1000.0         750.0         250.0
u_sram_b/u_sram/Q[22]           1000.0         750.0         250.0
u_sram_b/u_sram/Q[23]           1000.0         750.0         250.0
u_sram_b/u_sram/Q[24]           1000.0         750.0         250.0
u_sram_b/u_sram/Q[25]           1000.0         750.0         250.0
u_sram_b/u_sram/Q[26]           1000.0         750.0         250.0
u_sram_b/u_sram/Q[27]           1000.0         750.0         250.0
u_sram_b/u_sram/Q[28]           1000.0         750.0         250.0
u_sram_b/u_sram/Q[29]           1000.0         750.0         250.0
u_sram_b/u_sram/Q[30]           1000.0         750.0         250.0
u_sram_b/u_sram/Q[31]           1000.0         750.0         250.0
u_sram_b/u_sram/Q[32]           1000.0         750.0         250.0
u_sram_b/u_sram/Q[33]           1000.0         750.0         250.0
u_sram_b/u_sram/Q[34]           1000.0         750.0         250.0
u_sram_b/u_sram/Q[35]           1000.0         750.0         250.0
u_sram_b/u_sram/Q[36]           1000.0         750.0         250.0
u_sram_b/u_sram/Q[37]           1000.0         750.0         250.0
u_sram_b/u_sram/Q[38]           1000.0         750.0         250.0
u_sram_b/u_sram/Q[39]           1000.0         750.0         250.0
u_sram_b/u_sram/Q[40]           1000.0         750.0         250.0
u_sram_b/u_sram/Q[41]           1000.0         750.0         250.0
u_sram_b/u_sram/Q[42]           1000.0         750.0         250.0
u_sram_b/u_sram/Q[43]           1000.0         750.0         250.0
u_sram_b/u_sram/Q[44]           1000.0         750.0         250.0
u_sram_b/u_sram/Q[45]           1000.0         750.0         250.0
u_sram_b/u_sram/Q[46]           1000.0         750.0         250.0
u_sram_b/u_sram/Q[47]           1000.0         750.0         250.0
u_sram_b/u_sram/Q[48]           1000.0         750.0         250.0
u_sram_b/u_sram/Q[49]           1000.0         750.0         250.0
u_sram_b/u_sram/Q[50]           1000.0         750.0         250.0
u_sram_b/u_sram/Q[51]           1000.0         750.0         250.0
u_sram_b/u_sram/Q[52]           1000.0         750.0         250.0
u_sram_b/u_sram/Q[53]           1000.0         750.0         250.0
u_sram_b/u_sram/Q[54]           1000.0         750.0         250.0
u_sram_b/u_sram/Q[55]           1000.0         750.0         250.0
u_sram_b/u_sram/Q[56]           1000.0         750.0         250.0
u_sram_b/u_sram/Q[57]           1000.0         750.0         250.0
u_sram_b/u_sram/Q[58]           1000.0         750.0         250.0
u_sram_b/u_sram/Q[59]           1000.0         750.0         250.0
u_sram_b/u_sram/Q[60]           1000.0         750.0         250.0
u_sram_b/u_sram/Q[61]           1000.0         750.0         250.0
u_sram_b/u_sram/Q[62]           1000.0         750.0         250.0
u_sram_a/u_sram/Q[0]            1000.0         750.0         250.0


Max_fanout design rule: no constraints.



