============================================================
  Generated by:           Genus(TM) Synthesis Solution 21.16-s062_1
  Generated on:           Apr 27 2026  05:30:32 pm
  Module:                 bus_slave_sram_ab
  Technology libraries:   tcbn65gpluswc 200
                          USERLIB_nldm_ss_0p90v_0p90v_125c 1.1
  Operating conditions:   WCCOM (balanced_tree)
  Wireload mode:          segmented
  Area mode:              timing library
============================================================

       Instance                 Module           Cell Count  Cell Area  Net Area   Total Area      Wireload     
----------------------------------------------------------------------------------------------------------------
bus_slave_sram_ab                                      2904  93203.895     0.000    93203.895 ZeroWireload (S)  
  u_slave_ab           bus_slave_ab                    2216   7572.818     0.000     7572.818 ZeroWireload (S)  
    mul_95_52          mult_unsigned                    398   1241.762     0.000     1241.762 ZeroWireload (S)  
    mul_95_74          mult_unsigned_103                504   1645.495     0.000     1645.495 ZeroWireload (S)  
    mul_96_52          mult_unsigned                    398   1241.762     0.000     1241.762 ZeroWireload (S)  
    mul_96_74          mult_unsigned_187                504   1645.495     0.000     1645.495 ZeroWireload (S)  
    gte_102_35         geq_unsigned                      84    228.407     0.000      228.407 ZeroWireload (S)  
    add_102_31         add_unsigned                      65    162.458     0.000      162.458 ZeroWireload (S)  
    gte_111_35         geq_unsigned                      84    228.407     0.000      228.407 ZeroWireload (S)  
    add_111_31         add_unsigned                      65    162.458     0.000      162.458 ZeroWireload (S)  
    mux_cnt_b_91_17    bmux_192                          13     83.642     0.000       83.642 ZeroWireload (S)  
    mux_cnt_a_91_17    bmux_192                          13     83.642     0.000       83.642 ZeroWireload (S)  
  u_sram_a             sram_wrapper_ab                  344  42815.539     0.000    42815.539 ZeroWireload (S)  
    sll001890          shift_left_vlog_unsigned          11     43.429     0.000       43.429 ZeroWireload (S)  
    mux_bus_din_60_17  bmux_198                           8     51.472     0.000       51.472 ZeroWireload (S)  
    mux_bus_din_60_19  bmux_198                           8     51.472     0.000       51.472 ZeroWireload (S)  
    mux_bus_din_60_20  bmux_198                           8     51.472     0.000       51.472 ZeroWireload (S)  
    mux_bus_din_60_21  bmux_198                           8     51.472     0.000       51.472 ZeroWireload (S)  
    mux_bus_din_60_22  bmux_198                           8     51.472     0.000       51.472 ZeroWireload (S)  
    mux_bus_din_60_23  bmux_198                           8     51.472     0.000       51.472 ZeroWireload (S)  
    mux_bus_din_60_24  bmux_198                           8     51.472     0.000       51.472 ZeroWireload (S)  
    mux_bus_din_60_25  bmux_198                           8     51.472     0.000       51.472 ZeroWireload (S)  
    mux_bus_wbuf_57_30 bmux_222                          64    411.776     0.000      411.776 ZeroWireload (S)  
    mux_127_39         bmux                               1      6.434     0.000        6.434 ZeroWireload (S)  
    mux_157_28         bmux                               1      6.434     0.000        6.434 ZeroWireload (S)  
    mux_128_29         bmux                               1      6.434     0.000        6.434 ZeroWireload (S)  
    mux_158_28         bmux                               1      6.434     0.000        6.434 ZeroWireload (S)  
    mux_125_32         bmux_207                           9     57.906     0.000       57.906 ZeroWireload (S)  
    mux_129_29         bmux_207                           9     57.906     0.000       57.906 ZeroWireload (S)  
    mux_159_28         bmux_207                           9     57.906     0.000       57.906 ZeroWireload (S)  
    mux_160_28         bmux_222                          64    411.776     0.000      411.776 ZeroWireload (S)  
  u_sram_b             sram_wrapper_ab                  344  42815.539     0.000    42815.539 ZeroWireload (S)  
    sll001890          shift_left_vlog_unsigned          11     43.429     0.000       43.429 ZeroWireload (S)  
    mux_bus_din_60_17  bmux_198                           8     51.472     0.000       51.472 ZeroWireload (S)  
    mux_bus_din_60_19  bmux_198                           8     51.472     0.000       51.472 ZeroWireload (S)  
    mux_bus_din_60_20  bmux_198                           8     51.472     0.000       51.472 ZeroWireload (S)  
    mux_bus_din_60_21  bmux_198                           8     51.472     0.000       51.472 ZeroWireload (S)  
    mux_bus_din_60_22  bmux_198                           8     51.472     0.000       51.472 ZeroWireload (S)  
    mux_bus_din_60_23  bmux_198                           8     51.472     0.000       51.472 ZeroWireload (S)  
    mux_bus_din_60_24  bmux_198                           8     51.472     0.000       51.472 ZeroWireload (S)  
    mux_bus_din_60_25  bmux_198                           8     51.472     0.000       51.472 ZeroWireload (S)  
    mux_bus_wbuf_57_30 bmux_222                          64    411.776     0.000      411.776 ZeroWireload (S)  
    mux_127_39         bmux                               1      6.434     0.000        6.434 ZeroWireload (S)  
    mux_157_28         bmux                               1      6.434     0.000        6.434 ZeroWireload (S)  
    mux_128_29         bmux                               1      6.434     0.000        6.434 ZeroWireload (S)  
    mux_158_28         bmux                               1      6.434     0.000        6.434 ZeroWireload (S)  
    mux_125_32         bmux_207                           9     57.906     0.000       57.906 ZeroWireload (S)  
    mux_129_29         bmux_207                           9     57.906     0.000       57.906 ZeroWireload (S)  
    mux_159_28         bmux_207                           9     57.906     0.000       57.906 ZeroWireload (S)  
    mux_160_28         bmux_222                          64    411.776     0.000      411.776 ZeroWireload (S)  
  (S) = wireload was automatically selected
