============================================================
  Generated by:           Genus(TM) Synthesis Solution 21.16-s062_1
  Generated on:           Apr 27 2026  05:30:32 pm
  Module:                 bus_slave_sram_ab
  Operating conditions:   WCCOM (balanced_tree)
  Wireload mode:          segmented
  Area mode:              timing library
============================================================

# SETUP                   WNS  TNS    FEP 
# ------------------------------------------
 View: ALL            11018.2  0.0      0 
    Group : C2C       11862.9  0.0      0 
    Group : C2O       16653.8  0.0      0 
    Group : Clk           N/A  N/A    N/A 
    Group : default       N/A  N/A    N/A 
    Group : I2C       11018.2  0.0      0 
    Group : I2O           N/A  N/A    N/A 

# ------------------------------------------
# DRV                           WNS       TNS    FEP 
# -----------------------------------------------------
 View: ALL                                           
    Check: max_transition      -366  -46848.0    128 
    Check: max_capacitance   -250.0  -32000.0    128 
    Check: max_fanout           N/A       N/A      0 

# -----------------------------------------------------
