============================================================
  Generated by:           Genus(TM) Synthesis Solution 21.16-s062_1
  Generated on:           Apr 27 2026  05:30:32 pm
  Module:                 bus_slave_sram_ab
  Technology libraries:   tcbn65gpluswc 200
                          USERLIB_nldm_ss_0p90v_0p90v_125c 1.1
  Operating conditions:   WCCOM (balanced_tree)
  Wireload mode:          segmented
  Area mode:              timing library
============================================================

                             
 Gate   Instances    Area                  Library               
-----------------------------------------------------------------
sram00          2  80416.320    USERLIB_nldm_ss_0p90v_0p90v_125c 
-----------------------------------------------------------------
total           2  80416.320                                     


                                          
     Type      Instances    Area   Area % 
------------------------------------------
timing_model           2 80416.320  100.0 
sequential           265     0.000    0.0 
inverter             259     0.000    0.0 
logic               2378     0.000    0.0 
physical_cells         0     0.000    0.0 
------------------------------------------
total               2904 80416.320  100.0 

