============================================================
  Generated by:           Genus(TM) Synthesis Solution 21.16-s062_1
  Generated on:           Apr 27 2026  05:30:32 pm
  Module:                 bus_slave_sram_ab
  Operating conditions:   WCCOM (balanced_tree)
  Wireload mode:          segmented
  Area mode:              timing library
============================================================


Path 1: MET (11018 ps) Setup Check with Pin u_slave_ab/max_a_reg[12]/clk->d
           Mode: default_mode
          Group: I2C
     Startpoint: (R) mmio_dim_m[2]
          Clock: (R) Clk
       Endpoint: (R) u_slave_ab/max_a_reg[12]/d
          Clock: (F) Clk

                     Capture       Launch     
        Clock Edge:+   12500            0     
        Drv Adjust:+       0            0     
       Src Latency:+       0            0     
       Net Latency:+       0 (I)        0 (I) 
           Arrival:=   12500            0     
                                              
             Setup:-     101                  
       Uncertainty:-     150                  
     Required Time:=   12249                  
      Launch Clock:-       0                  
       Input Delay:-     250                  
         Data Path:-     981                  
             Slack:=   11018                  

Exceptions/Constraints:
  input_delay             250             sram.sdc_line_28_5_1 

#-------------------------------------------------------------------------------------------------------------
#        Timing Point         Flags    Arc    Edge      Cell        Fanout  Load Trans Delay Arrival Instance 
#                                                                           (fF)  (ps)  (ps)   (ps)  Location 
#-------------------------------------------------------------------------------------------------------------
  mmio_dim_m[2]               (u)     -       R     (arrival)            8 518.4     0     0     250    (-,-) 
  u_slave_ab/mul_95_74/g59/z  (u)     in_1->z R     unmapped_and2        3   6.9     0    28     278    (-,-) 
  u_slave_ab/mul_95_74/g260/z (u)     in_1->z F     unmapped_nand2       1   2.3     0    21     299    (-,-) 
  u_slave_ab/mul_95_74/g261/z (u)     in_2->z R     unmapped_nand3       3   6.9     0    43     342    (-,-) 
  u_slave_ab/mul_95_74/g306/z (u)     in_1->z R     unmapped_xor2        1   2.3     0    50     392    (-,-) 
  u_slave_ab/mul_95_74/g307/z (u)     in_0->z R     unmapped_xor2        3   6.9     0    57     449    (-,-) 
  u_slave_ab/mul_95_74/g318/z (u)     in_1->z R     unmapped_xor2        1   2.3     0    50     499    (-,-) 
  u_slave_ab/mul_95_74/g319/z (u)     in_0->z R     unmapped_xor2        3   6.9     0    57     556    (-,-) 
  u_slave_ab/mul_95_74/g325/z (u)     in_1->z R     unmapped_xor2        2   4.6     0    54     610    (-,-) 
  u_slave_ab/mul_95_74/g491/z (u)     in_1->z F     unmapped_nand2       2   4.6     0    25     636    (-,-) 
  u_slave_ab/mul_95_74/g512/z (u)     in_0->z R     unmapped_not         1   2.3     0    13     648    (-,-) 
  u_slave_ab/mul_95_74/g513/z (u)     in_1->z F     unmapped_nor2        3   6.9     0    28     676    (-,-) 
  u_slave_ab/mul_95_74/g534/z (u)     in_1->z R     unmapped_nor2        1   2.3     0    21     698    (-,-) 
  u_slave_ab/mul_95_74/g536/z (u)     in_0->z F     unmapped_nor2        1   2.3     0    21     719    (-,-) 
  u_slave_ab/mul_95_74/g100/z (u)     in_0->z R     unmapped_nand2       1   2.3     0    21     740    (-,-) 
  u_slave_ab/mul_95_74/g132/z (u)     in_0->z R     unmapped_xnor2       1   2.3     0    50     790    (-,-) 
  u_slave_ab/mul_95_52/g53/z  (u)     in_1->z R     unmapped_xor2        2   4.6     0    54     844    (-,-) 
  u_slave_ab/mul_95_52/g54/z  (u)     in_0->z F     unmapped_nand2       1   2.3     0    21     865    (-,-) 
  u_slave_ab/mul_95_52/g56/z  (u)     in_0->z R     unmapped_nand2       2   4.6     0    25     890    (-,-) 
  u_slave_ab/mul_95_52/g317/z (u)     in_0->z R     unmapped_xor2        3   6.9     0    57     947    (-,-) 
  u_slave_ab/mul_95_52/g325/z (u)     in_0->z R     unmapped_xor2        1   2.3     0    50     998    (-,-) 
  u_slave_ab/mul_95_52/g326/z (u)     in_0->z R     unmapped_xor2        2   4.6     0    54    1052    (-,-) 
  u_slave_ab/mul_95_52/g365/z (u)     in_1->z F     unmapped_nor2        3   6.9     0    28    1080    (-,-) 
  u_slave_ab/mul_95_52/g389/z (u)     in_1->z R     unmapped_nor2        2   4.6     0    25    1105    (-,-) 
  u_slave_ab/mul_95_52/g410/z (u)     in_1->z F     unmapped_nand2       1   2.3     0    21    1126    (-,-) 
  u_slave_ab/mul_95_52/g430/z (u)     in_0->z R     unmapped_not         1   2.3     0    13    1139    (-,-) 
  u_slave_ab/mul_95_52/g431/z (u)     in_1->z F     unmapped_nand2       1   2.3     0    21    1160    (-,-) 
  u_slave_ab/mul_95_52/g432/z (u)     in_1->z R     unmapped_nand2       1   2.3     0    21    1181    (-,-) 
  u_slave_ab/mul_95_52/g457/z (u)     in_0->z R     unmapped_xnor2       1   2.3     0    50    1231    (-,-) 
  u_slave_ab/max_a_reg[12]/d  <<<     -       R     unmapped_d_flop      1     -     -     0    1231    (-,-) 
#-------------------------------------------------------------------------------------------------------------

(u) : Net has unmapped pin(s).


