Command: report datapath > ../report/syn_preopt.datapath_generic.rpt
============================================================
  Generated by:           Genus(TM) Synthesis Solution 21.16-s062_1
  Generated on:           Apr 27 2026  05:30:39 pm
  Module:                 bus_slave_sram_ab
  Operating conditions:   WCCOM (balanced_tree)
  Wireload mode:          segmented
  Area mode:              timing library
============================================================


Inferred components

         Operator Signedness Inputs Outputs CellArea Line Col     Filename    
==============================================================================
bus_slave_sram_ab
 u_slave_ab_mul_95_52
  
  module:mult_unsigned
   very_fast/booth/booth_encoded_port: A
             *    unsigned   7x13   13        656.27   95  52 bus_slave_ab.sv 
==============================================================================
bus_slave_sram_ab
 u_slave_ab_mul_95_74
  
  module:mult_unsigned_223
   very_fast/non_booth
             *    unsigned   10x10  13        551.72   95  74 bus_slave_ab.sv 
==============================================================================
bus_slave_sram_ab
 u_slave_ab_mul_96_52
  
  module:mult_unsigned
   very_fast/booth/booth_encoded_port: A
             *    unsigned   7x13   13        656.27   96  52 bus_slave_ab.sv 
==============================================================================
bus_slave_sram_ab
 u_slave_ab_mul_96_74
  
  module:mult_unsigned_223
   very_fast/non_booth
             *    unsigned   10x10  13        551.72   96  74 bus_slave_ab.sv 
==============================================================================

      Type       CellArea Percentage 
-------------------------------------
datapath modules  2415.97       2.69 
external muxes       0.00       0.00 
others           87543.58      97.31 
-------------------------------------
total            89959.55     100.00 

