============================================================
  Generated by:           Genus(TM) Synthesis Solution 21.16-s062_1
  Generated on:           Apr 27 2026  05:30:48 pm
  Module:                 bus_slave_sram_ab
  Operating conditions:   WCCOM (balanced_tree)
  Wireload mode:          segmented
  Area mode:              timing library
============================================================

#-----------------------------------------------------------------------
#   ID  Slack               Endpoint               Group      Mode      
#        (ps)                                                           
#-----------------------------------------------------------------------
      1 10613   u_slave_ab_max_b_reg[12]/D           I2C   default_mode 
      2 10613   u_slave_ab_max_a_reg[12]/D           I2C   default_mode 
      3 10781   u_slave_ab_max_b_reg[11]/D           I2C   default_mode 
      4 10781   u_slave_ab_max_a_reg[11]/D           I2C   default_mode 
      5 10942   u_slave_ab_max_b_reg[10]/D           I2C   default_mode 
      6 10942   u_slave_ab_max_a_reg[10]/D           I2C   default_mode 
      7 11267   u_slave_ab_max_b_reg[9]/D            I2C   default_mode 
      8 11267   u_slave_ab_max_a_reg[9]/D            I2C   default_mode 
      9 11372   u_slave_ab_max_b_reg[8]/D            I2C   default_mode 
     10 11372   u_slave_ab_max_a_reg[8]/D            I2C   default_mode 
     11 11446   u_slave_ab_we_b_en_reg/D             I2C   default_mode 
     12 11446   u_slave_ab_we_a_en_reg/D             I2C   default_mode 
     13 11479   u_slave_ab_cnt_b_reg[6]/D            I2C   default_mode 
     14 11479   u_slave_ab_cnt_a_reg[6]/D            I2C   default_mode 
     15 11509   u_sram_b_bus_wbuf_reg[62]/D          C2C   default_mode 
     16 11509   u_sram_b_bus_wbuf_reg[61]/D          C2C   default_mode 
     17 11509   u_sram_b_bus_wbuf_reg[60]/D          C2C   default_mode 
     18 11509   u_sram_b_bus_wbuf_reg[63]/D          C2C   default_mode 
     19 11509   u_sram_b_bus_wbuf_reg[59]/D          C2C   default_mode 
     20 11509   u_sram_b_bus_wbuf_reg[58]/D          C2C   default_mode 
     21 11509   u_sram_b_bus_wbuf_reg[57]/D          C2C   default_mode 
     22 11509   u_sram_b_bus_wbuf_reg[56]/D          C2C   default_mode 
     23 11509   u_sram_a_bus_wbuf_reg[63]/D          C2C   default_mode 
     24 11509   u_sram_a_bus_wbuf_reg[62]/D          C2C   default_mode 
     25 11509   u_sram_a_bus_wbuf_reg[61]/D          C2C   default_mode 
     26 11509   u_sram_a_bus_wbuf_reg[60]/D          C2C   default_mode 
     27 11509   u_sram_a_bus_wbuf_reg[59]/D          C2C   default_mode 
     28 11509   u_sram_a_bus_wbuf_reg[58]/D          C2C   default_mode 
     29 11509   u_sram_a_bus_wbuf_reg[57]/D          C2C   default_mode 
     30 11509   u_sram_a_bus_wbuf_reg[56]/D          C2C   default_mode 
     31 11510   u_slave_ab_cnt_b_reg[12]/D           I2C   default_mode 
     32 11510   u_slave_ab_cnt_b_reg[10]/D           I2C   default_mode 
     33 11510   u_slave_ab_cnt_b_reg[9]/D            I2C   default_mode 
     34 11510   u_slave_ab_cnt_b_reg[8]/D            I2C   default_mode 
     35 11510   u_slave_ab_cnt_b_reg[11]/D           I2C   default_mode 
     36 11510   u_slave_ab_cnt_b_reg[7]/D            I2C   default_mode 
     37 11510   u_slave_ab_cnt_b_reg[5]/D            I2C   default_mode 
     38 11510   u_slave_ab_cnt_b_reg[4]/D            I2C   default_mode 
     39 11510   u_slave_ab_cnt_b_reg[3]/D            I2C   default_mode 
     40 11510   u_slave_ab_cnt_b_reg[2]/D            I2C   default_mode 
     41 11510   u_slave_ab_cnt_b_reg[1]/D            I2C   default_mode 
     42 11510   u_slave_ab_cnt_b_reg[0]/D            I2C   default_mode 
     43 11510   u_slave_ab_cnt_a_reg[12]/D           I2C   default_mode 
     44 11510   u_slave_ab_cnt_a_reg[11]/D           I2C   default_mode 
     45 11510   u_slave_ab_cnt_a_reg[10]/D           I2C   default_mode 
     46 11510   u_slave_ab_cnt_a_reg[9]/D            I2C   default_mode 
     47 11510   u_slave_ab_cnt_a_reg[7]/D            I2C   default_mode 
     48 11510   u_slave_ab_cnt_a_reg[8]/D            I2C   default_mode 
     49 11510   u_slave_ab_cnt_a_reg[5]/D            I2C   default_mode 
     50 11510   u_slave_ab_cnt_a_reg[4]/D            I2C   default_mode 
     51 11510   u_slave_ab_cnt_a_reg[3]/D            I2C   default_mode 
     52 11510   u_slave_ab_cnt_a_reg[2]/D            I2C   default_mode 
     53 11510   u_slave_ab_cnt_a_reg[1]/D            I2C   default_mode 
     54 11510   u_slave_ab_cnt_a_reg[0]/D            I2C   default_mode 
     55 11535   u_sram_b_bus_wbuf_reg[55]/D          C2C   default_mode 
     56 11535   u_sram_b_bus_wbuf_reg[54]/D          C2C   default_mode 
     57 11535   u_sram_a_bus_wbuf_reg[55]/D          C2C   default_mode 
     58 11535   u_sram_b_bus_wbuf_reg[53]/D          C2C   default_mode 
     59 11535   u_sram_a_bus_wbuf_reg[54]/D          C2C   default_mode 
     60 11535   u_sram_a_bus_wbuf_reg[53]/D          C2C   default_mode 
     61 11535   u_sram_a_bus_wbuf_reg[52]/D          C2C   default_mode 
     62 11535   u_sram_a_bus_wbuf_reg[51]/D          C2C   default_mode 
     63 11535   u_sram_b_bus_wbuf_reg[52]/D          C2C   default_mode 
     64 11535   u_sram_a_bus_wbuf_reg[50]/D          C2C   default_mode 
     65 11535   u_sram_a_bus_wbuf_reg[49]/D          C2C   default_mode 
     66 11535   u_sram_a_bus_wbuf_reg[48]/D          C2C   default_mode 
     67 11535   u_sram_b_bus_wbuf_reg[51]/D          C2C   default_mode 
     68 11535   u_sram_b_bus_wbuf_reg[50]/D          C2C   default_mode 
     69 11535   u_sram_b_bus_wbuf_reg[49]/D          C2C   default_mode 
     70 11535   u_sram_b_bus_wbuf_reg[48]/D          C2C   default_mode 
     71 11541   u_sram_b_bus_wbuf_reg[7]/D           C2C   default_mode 
     72 11541   u_sram_b_bus_wbuf_reg[6]/D           C2C   default_mode 
     73 11541   u_sram_b_bus_wbuf_reg[5]/D           C2C   default_mode 
     74 11541   u_sram_b_bus_wbuf_reg[4]/D           C2C   default_mode 
     75 11541   u_sram_a_bus_wbuf_reg[7]/D           C2C   default_mode 
     76 11541   u_sram_b_bus_wbuf_reg[2]/D           C2C   default_mode 
     77 11541   u_sram_a_bus_wbuf_reg[6]/D           C2C   default_mode 
     78 11541   u_sram_a_bus_wbuf_reg[5]/D           C2C   default_mode 
     79 11541   u_sram_a_bus_wbuf_reg[4]/D           C2C   default_mode 
     80 11541   u_sram_a_bus_wbuf_reg[3]/D           C2C   default_mode 
     81 11541   u_sram_b_bus_wbuf_reg[3]/D           C2C   default_mode 
     82 11541   u_sram_a_bus_wbuf_reg[2]/D           C2C   default_mode 
     83 11541   u_sram_a_bus_wbuf_reg[1]/D           C2C   default_mode 
     84 11541   u_sram_b_bus_wbuf_reg[1]/D           C2C   default_mode 
     85 11541   u_sram_a_bus_wbuf_reg[0]/D           C2C   default_mode 
     86 11541   u_sram_b_bus_wbuf_reg[0]/D           C2C   default_mode 
     87 11591   u_sram_b_bus_wbuf_reg[47]/D          C2C   default_mode 
     88 11591   u_sram_b_bus_wbuf_reg[46]/D          C2C   default_mode 
     89 11591   u_sram_b_bus_wbuf_reg[45]/D          C2C   default_mode 
     90 11591   u_sram_b_bus_wbuf_reg[44]/D          C2C   default_mode 
     91 11591   u_sram_b_bus_wbuf_reg[43]/D          C2C   default_mode 
     92 11591   u_sram_b_bus_wbuf_reg[42]/D          C2C   default_mode 
     93 11591   u_sram_b_bus_wbuf_reg[41]/D          C2C   default_mode 
     94 11591   u_sram_b_bus_wbuf_reg[40]/D          C2C   default_mode 
     95 11591   u_sram_a_bus_wbuf_reg[47]/D          C2C   default_mode 
     96 11591   u_sram_a_bus_wbuf_reg[46]/D          C2C   default_mode 
     97 11591   u_sram_a_bus_wbuf_reg[45]/D          C2C   default_mode 
     98 11591   u_sram_a_bus_wbuf_reg[44]/D          C2C   default_mode 
     99 11591   u_sram_a_bus_wbuf_reg[43]/D          C2C   default_mode 
    100 11591   u_sram_a_bus_wbuf_reg[42]/D          C2C   default_mode 
    101 11591   u_sram_a_bus_wbuf_reg[41]/D          C2C   default_mode 
    102 11591   u_sram_a_bus_wbuf_reg[40]/D          C2C   default_mode 
    103 11601   u_sram_b_bus_wbuf_reg[15]/D          C2C   default_mode 
    104 11601   u_sram_b_bus_wbuf_reg[14]/D          C2C   default_mode 
    105 11601   u_sram_b_bus_wbuf_reg[13]/D          C2C   default_mode 
    106 11601   u_sram_b_bus_wbuf_reg[12]/D          C2C   default_mode 
    107 11601   u_sram_b_bus_wbuf_reg[11]/D          C2C   default_mode 
    108 11601   u_sram_b_bus_wbuf_reg[10]/D          C2C   default_mode 
    109 11601   u_sram_b_bus_wbuf_reg[9]/D           C2C   default_mode 
    110 11601   u_sram_b_bus_wbuf_reg[8]/D           C2C   default_mode 
    111 11601   u_sram_a_bus_wbuf_reg[15]/D          C2C   default_mode 
    112 11601   u_sram_a_bus_wbuf_reg[14]/D          C2C   default_mode 
    113 11601   u_sram_a_bus_wbuf_reg[13]/D          C2C   default_mode 
    114 11601   u_sram_a_bus_wbuf_reg[12]/D          C2C   default_mode 
    115 11601   u_sram_a_bus_wbuf_reg[11]/D          C2C   default_mode 
    116 11601   u_sram_a_bus_wbuf_reg[10]/D          C2C   default_mode 
    117 11601   u_sram_a_bus_wbuf_reg[9]/D           C2C   default_mode 
    118 11601   u_sram_a_bus_wbuf_reg[8]/D           C2C   default_mode 
    119 11603   u_sram_b_bus_wbuf_reg[39]/D          C2C   default_mode 
    120 11603   u_sram_b_bus_wbuf_reg[38]/D          C2C   default_mode 
    121 11603   u_sram_b_bus_wbuf_reg[37]/D          C2C   default_mode 
    122 11603   u_sram_b_bus_wbuf_reg[36]/D          C2C   default_mode 
    123 11603   u_sram_b_bus_wbuf_reg[35]/D          C2C   default_mode 
    124 11603   u_sram_b_bus_wbuf_reg[34]/D          C2C   default_mode 
    125 11603   u_sram_b_bus_wbuf_reg[33]/D          C2C   default_mode 
    126 11603   u_sram_b_bus_wbuf_reg[32]/D          C2C   default_mode 
    127 11603   u_sram_a_bus_wbuf_reg[39]/D          C2C   default_mode 
    128 11603   u_sram_a_bus_wbuf_reg[38]/D          C2C   default_mode 
    129 11603   u_sram_a_bus_wbuf_reg[37]/D          C2C   default_mode 
    130 11603   u_sram_a_bus_wbuf_reg[36]/D          C2C   default_mode 
    131 11603   u_sram_a_bus_wbuf_reg[35]/D          C2C   default_mode 
    132 11603   u_sram_a_bus_wbuf_reg[34]/D          C2C   default_mode 
    133 11603   u_sram_a_bus_wbuf_reg[33]/D          C2C   default_mode 
    134 11603   u_sram_a_bus_wbuf_reg[32]/D          C2C   default_mode 
    135 11635   u_slave_ab_max_b_reg[7]/D            I2C   default_mode 
    136 11635   u_slave_ab_max_a_reg[7]/D            I2C   default_mode 
    137 11644   u_sram_b_last_word_addr_reg[1]/D     C2C   default_mode 
    138 11644   u_sram_b_last_word_addr_reg[7]/D     C2C   default_mode 
    139 11644   u_sram_b_last_word_addr_reg[5]/D     C2C   default_mode 
    140 11644   u_sram_b_last_word_addr_reg[0]/D     C2C   default_mode 
    141 11644   u_sram_b_last_word_addr_reg[8]/D     C2C   default_mode 
    142 11644   u_sram_a_last_word_addr_reg[8]/D     C2C   default_mode 
    143 11644   u_sram_a_last_word_addr_reg[7]/D     C2C   default_mode 
    144 11644   u_sram_a_last_word_addr_reg[6]/D     C2C   default_mode 
    145 11644   u_sram_a_last_word_addr_reg[5]/D     C2C   default_mode 
    146 11644   u_sram_a_last_word_addr_reg[4]/D     C2C   default_mode 
    147 11644   u_sram_b_last_word_addr_reg[4]/D     C2C   default_mode 
    148 11644   u_sram_a_last_word_addr_reg[3]/D     C2C   default_mode 
    149 11644   u_sram_a_last_word_addr_reg[2]/D     C2C   default_mode 
    150 11644   u_sram_a_last_word_addr_reg[1]/D     C2C   default_mode 
    151 11644   u_sram_a_last_word_addr_reg[0]/D     C2C   default_mode 
    152 11644   u_sram_b_last_word_addr_reg[6]/D     C2C   default_mode 
    153 11644   u_sram_b_last_word_addr_reg[3]/D     C2C   default_mode 
    154 11644   u_sram_b_last_word_addr_reg[2]/D     C2C   default_mode 
    155 11656   u_sram_a_bus_wbuf_reg[30]/D          C2C   default_mode 
    156 11656   u_sram_a_bus_wbuf_reg[29]/D          C2C   default_mode 
    157 11656   u_sram_a_bus_wbuf_reg[28]/D          C2C   default_mode 
    158 11656   u_sram_a_bus_wbuf_reg[27]/D          C2C   default_mode 
    159 11656   u_sram_a_bus_wbuf_reg[26]/D          C2C   default_mode 
    160 11656   u_sram_a_bus_wbuf_reg[25]/D          C2C   default_mode 
    161 11656   u_sram_a_bus_wbuf_reg[24]/D          C2C   default_mode 
    162 11656   u_sram_b_bus_wbuf_reg[31]/D          C2C   default_mode 
    163 11656   u_sram_b_bus_wbuf_reg[30]/D          C2C   default_mode 
    164 11656   u_sram_b_bus_wbuf_reg[29]/D          C2C   default_mode 
    165 11656   u_sram_b_bus_wbuf_reg[28]/D          C2C   default_mode 
    166 11656   u_sram_b_bus_wbuf_reg[27]/D          C2C   default_mode 
    167 11656   u_sram_b_bus_wbuf_reg[26]/D          C2C   default_mode 
    168 11656   u_sram_b_bus_wbuf_reg[25]/D          C2C   default_mode 
    169 11656   u_sram_b_bus_wbuf_reg[24]/D          C2C   default_mode 
    170 11656   u_sram_a_bus_wbuf_reg[31]/D          C2C   default_mode 
    171 11688   u_sram_a_bus_wbuf_reg[23]/D          C2C   default_mode 
    172 11688   u_sram_a_bus_wbuf_reg[22]/D          C2C   default_mode 
    173 11688   u_sram_a_bus_wbuf_reg[21]/D          C2C   default_mode 
    174 11688   u_sram_a_bus_wbuf_reg[20]/D          C2C   default_mode 
    175 11688   u_sram_a_bus_wbuf_reg[19]/D          C2C   default_mode 
    176 11688   u_sram_a_bus_wbuf_reg[18]/D          C2C   default_mode 
    177 11688   u_sram_a_bus_wbuf_reg[17]/D          C2C   default_mode 
    178 11688   u_sram_a_bus_wbuf_reg[16]/D          C2C   default_mode 
    179 11688   u_sram_b_bus_wbuf_reg[23]/D          C2C   default_mode 
    180 11688   u_sram_b_bus_wbuf_reg[22]/D          C2C   default_mode 
    181 11688   u_sram_b_bus_wbuf_reg[21]/D          C2C   default_mode 
    182 11688   u_sram_b_bus_wbuf_reg[20]/D          C2C   default_mode 
    183 11688   u_sram_b_bus_wbuf_reg[19]/D          C2C   default_mode 
    184 11688   u_sram_b_bus_wbuf_reg[18]/D          C2C   default_mode 
    185 11688   u_sram_b_bus_wbuf_reg[17]/D          C2C   default_mode 
    186 11688   u_sram_b_bus_wbuf_reg[16]/D          C2C   default_mode 
    187 11729   u_sram_a_bus_we_d1_reg/D             C2C   default_mode 
    188 11729   u_sram_b_bus_we_d1_reg/D             C2C   default_mode 
    189 11795   u_sram_a_last_byte_sel_reg[0]/D      C2C   default_mode 
    190 11795   u_sram_b_last_byte_sel_reg[0]/D      C2C   default_mode 
    191 11828   u_slave_ab_max_b_reg[6]/D            I2C   default_mode 
    192 11828   u_slave_ab_max_a_reg[6]/D            I2C   default_mode 
    193 11866   u_sram_b_flush_d1_reg/D              C2C   default_mode 
    194 11866   u_sram_a_flush_d1_reg/D              C2C   default_mode 
    195 11867   u_sram_a_bus_we_prev_reg/D           C2C   default_mode 
    196 11867   u_sram_b_bus_we_prev_reg/D           C2C   default_mode 
    197 11868   u_sram_b_last_byte_sel_reg[2]/D      C2C   default_mode 
    198 11868   u_sram_a_last_byte_sel_reg[2]/D      C2C   default_mode 
    199 11868   u_sram_a_last_byte_sel_reg[1]/D      C2C   default_mode 
    200 11868   u_sram_b_last_byte_sel_reg[1]/D      C2C   default_mode 
    201 12042   u_sram_a_bus_waddr_d1_reg[2]/D       C2C   default_mode 
    202 12042   u_sram_a_bus_waddr_d1_reg[1]/D       C2C   default_mode 
    203 12042   u_sram_b_bus_waddr_d1_reg[2]/D       C2C   default_mode 
    204 12042   u_sram_b_bus_waddr_d1_reg[1]/D       C2C   default_mode 
    205 12047   u_sram_a_bus_waddr_d1_reg[8]/D       C2C   default_mode 
    206 12047   u_sram_a_bus_waddr_d1_reg[6]/D       C2C   default_mode 
    207 12047   u_sram_a_bus_waddr_d1_reg[4]/D       C2C   default_mode 
    208 12047   u_sram_a_bus_waddr_d1_reg[0]/D       C2C   default_mode 
    209 12047   u_sram_b_bus_waddr_d1_reg[8]/D       C2C   default_mode 
    210 12047   u_sram_b_bus_waddr_d1_reg[6]/D       C2C   default_mode 
    211 12047   u_sram_b_bus_waddr_d1_reg[4]/D       C2C   default_mode 
    212 12047   u_sram_b_bus_waddr_d1_reg[0]/D       C2C   default_mode 
    213 12049   u_slave_ab_chab_wr_s_reg/D           I2C   default_mode 
    214 12049   u_slave_ab_chab_wdata_b_s_reg[7]/D   I2C   default_mode 
    215 12049   u_slave_ab_chab_wdata_b_s_reg[6]/D   I2C   default_mode 
    216 12049   u_slave_ab_chab_wdata_b_s_reg[5]/D   I2C   default_mode 
    217 12049   u_slave_ab_chab_wdata_b_s_reg[4]/D   I2C   default_mode 
    218 12049   u_slave_ab_chab_wdata_b_s_reg[3]/D   I2C   default_mode 
    219 12049   u_slave_ab_chab_wdata_b_s_reg[2]/D   I2C   default_mode 
    220 12049   u_slave_ab_chab_wdata_b_s_reg[1]/D   I2C   default_mode 
    221 12049   u_slave_ab_chab_wdata_b_s_reg[0]/D   I2C   default_mode 
    222 12049   u_slave_ab_chab_wdata_a_s_reg[7]/D   I2C   default_mode 
    223 12049   u_slave_ab_chab_wdata_a_s_reg[6]/D   I2C   default_mode 
    224 12049   u_slave_ab_chab_wdata_a_s_reg[5]/D   I2C   default_mode 
    225 12049   u_slave_ab_chab_wdata_a_s_reg[4]/D   I2C   default_mode 
    226 12049   u_slave_ab_chab_wdata_a_s_reg[3]/D   I2C   default_mode 
    227 12049   u_slave_ab_chab_wdata_a_s_reg[2]/D   I2C   default_mode 
    228 12049   u_slave_ab_chab_wdata_a_s_reg[1]/D   I2C   default_mode 
    229 12049   u_slave_ab_chab_wdata_a_s_reg[0]/D   I2C   default_mode 
    230 12055   u_sram_a_bus_waddr_d1_reg[7]/D       C2C   default_mode 
    231 12055   u_sram_a_bus_waddr_d1_reg[5]/D       C2C   default_mode 
    232 12055   u_sram_a_bus_waddr_d1_reg[3]/D       C2C   default_mode 
    233 12055   u_sram_b_bus_waddr_d1_reg[7]/D       C2C   default_mode 
    234 12055   u_sram_b_bus_waddr_d1_reg[5]/D       C2C   default_mode 
    235 12055   u_sram_b_bus_waddr_d1_reg[3]/D       C2C   default_mode 
    236 16766   sc_b_mem_dout[25]                    C2O   default_mode 
    237 16766   sc_b_mem_dout[27]                    C2O   default_mode 
    238 16766   sc_b_mem_dout[19]                    C2O   default_mode 
    239 16766   sc_a_mem_dout[17]                    C2O   default_mode 
    240 16766   tpu_b_dout[41]                       C2O   default_mode 
    241 16766   sc_b_mem_dout[60]                    C2O   default_mode 
    242 16766   sc_b_mem_dout[15]                    C2O   default_mode 
    243 16766   sc_b_mem_dout[61]                    C2O   default_mode 
    244 16766   sc_b_mem_dout[62]                    C2O   default_mode 
    245 16766   sc_a_mem_dout[0]                     C2O   default_mode 
    246 16766   sc_b_mem_dout[11]                    C2O   default_mode 
    247 16766   sc_a_mem_dout[1]                     C2O   default_mode 
    248 16766   sc_b_mem_dout[9]                     C2O   default_mode 
    249 16766   sc_a_mem_dout[2]                     C2O   default_mode 
    250 16766   sc_b_mem_dout[7]                     C2O   default_mode 
    251 16766   sc_a_mem_dout[42]                    C2O   default_mode 
    252 16766   sc_a_mem_dout[4]                     C2O   default_mode 
    253 16766   sc_a_mem_dout[5]                     C2O   default_mode 
    254 16766   sc_a_mem_dout[6]                     C2O   default_mode 
    255 16766   sc_a_mem_dout[53]                    C2O   default_mode 
    256 16766   sc_a_mem_dout[8]                     C2O   default_mode 
    257 16766   sc_a_mem_dout[10]                    C2O   default_mode 
    258 16766   sc_a_mem_dout[34]                    C2O   default_mode 
    259 16766   sc_a_mem_dout[12]                    C2O   default_mode 
    260 16766   sc_a_mem_dout[13]                    C2O   default_mode 
    261 16766   tpu_b_dout[35]                       C2O   default_mode 
    262 16766   sc_a_mem_dout[35]                    C2O   default_mode 
    263 16766   sc_a_mem_dout[16]                    C2O   default_mode 
    264 16766   tpu_b_dout[20]                       C2O   default_mode 
    265 16766   sc_a_mem_dout[20]                    C2O   default_mode 
    266 16766   sc_a_mem_dout[22]                    C2O   default_mode 
    267 16766   sc_a_mem_dout[24]                    C2O   default_mode 
    268 16766   sc_a_mem_dout[25]                    C2O   default_mode 
    269 16766   sc_a_mem_dout[37]                    C2O   default_mode 
    270 16766   sc_a_mem_dout[18]                    C2O   default_mode 
    271 16766   sc_a_mem_dout[28]                    C2O   default_mode 
    272 16766   sc_a_mem_dout[30]                    C2O   default_mode 
    273 16766   sc_a_mem_dout[57]                    C2O   default_mode 
    274 16766   sc_a_mem_dout[32]                    C2O   default_mode 
    275 16766   tpu_b_dout[21]                       C2O   default_mode 
    276 16766   sc_a_mem_dout[36]                    C2O   default_mode 
    277 16766   sc_a_mem_dout[38]                    C2O   default_mode 
    278 16766   sc_a_mem_dout[40]                    C2O   default_mode 
    279 16766   sc_a_mem_dout[33]                    C2O   default_mode 
    280 16766   sc_a_mem_dout[15]                    C2O   default_mode 
    281 16766   sc_a_mem_dout[21]                    C2O   default_mode 
    282 16766   sc_a_mem_dout[44]                    C2O   default_mode 
    283 16766   tpu_b_dout[43]                       C2O   default_mode 
    284 16766   sc_a_mem_dout[19]                    C2O   default_mode 
    285 16766   sc_a_mem_dout[48]                    C2O   default_mode 
    286 16766   tpu_b_dout[22]                       C2O   default_mode 
    287 16766   sc_b_mem_dout[51]                    C2O   default_mode 
    288 16766   sc_a_mem_dout[52]                    C2O   default_mode 
    289 16766   tpu_b_dout[23]                       C2O   default_mode 
    290 16766   sc_a_mem_dout[56]                    C2O   default_mode 
    291 16766   sc_b_mem_dout[55]                    C2O   default_mode 
    292 16766   sc_b_mem_dout[31]                    C2O   default_mode 
    293 16766   sc_b_mem_dout[43]                    C2O   default_mode 
    294 16766   tpu_b_dout[14]                       C2O   default_mode 
    295 16766   sc_a_mem_dout[60]                    C2O   default_mode 
    296 16766   tpu_b_dout[18]                       C2O   default_mode 
    297 16766   sc_a_mem_dout[54]                    C2O   default_mode 
    298 16766   tpu_b_dout[57]                       C2O   default_mode 
    299 16766   tpu_b_dout[13]                       C2O   default_mode 
    300 16766   sc_b_mem_dout[39]                    C2O   default_mode 
    301 16766   tpu_b_dout[4]                        C2O   default_mode 
    302 16766   tpu_b_dout[19]                       C2O   default_mode 
    303 16766   tpu_b_dout[8]                        C2O   default_mode 
    304 16766   sc_b_mem_dout[41]                    C2O   default_mode 
    305 16766   sc_b_mem_dout[35]                    C2O   default_mode 
    306 16766   tpu_b_dout[15]                       C2O   default_mode 
    307 16766   tpu_b_dout[12]                       C2O   default_mode 
    308 16766   tpu_b_dout[17]                       C2O   default_mode 
    309 16766   tpu_b_dout[45]                       C2O   default_mode 
    310 16766   sc_b_mem_dout[33]                    C2O   default_mode 
    311 16766   tpu_a_dout[19]                       C2O   default_mode 
    312 16766   tpu_b_dout[16]                       C2O   default_mode 
    313 16766   tpu_b_dout[24]                       C2O   default_mode 
    314 16766   tpu_b_dout[25]                       C2O   default_mode 
    315 16766   tpu_b_dout[26]                       C2O   default_mode 
    316 16766   sc_a_mem_dout[55]                    C2O   default_mode 
    317 16766   tpu_b_dout[28]                       C2O   default_mode 
    318 16766   tpu_b_dout[29]                       C2O   default_mode 
    319 16766   tpu_b_dout[30]                       C2O   default_mode 
    320 16766   tpu_b_dout[31]                       C2O   default_mode 
    321 16766   tpu_b_dout[32]                       C2O   default_mode 
    322 16766   tpu_b_dout[33]                       C2O   default_mode 
    323 16766   tpu_b_dout[34]                       C2O   default_mode 
    324 16766   tpu_b_dout[53]                       C2O   default_mode 
    325 16766   tpu_b_dout[36]                       C2O   default_mode 
    326 16766   tpu_b_dout[37]                       C2O   default_mode 
    327 16766   tpu_b_dout[38]                       C2O   default_mode 
    328 16766   tpu_b_dout[55]                       C2O   default_mode 
    329 16766   tpu_b_dout[40]                       C2O   default_mode 
    330 16766   tpu_b_dout[42]                       C2O   default_mode 
    331 16766   tpu_b_dout[39]                       C2O   default_mode 
    332 16766   tpu_b_dout[47]                       C2O   default_mode 
    333 16766   tpu_b_dout[51]                       C2O   default_mode 
    334 16766   tpu_b_dout[44]                       C2O   default_mode 
    335 16766   tpu_b_dout[46]                       C2O   default_mode 
    336 16766   tpu_b_dout[48]                       C2O   default_mode 
    337 16766   tpu_b_dout[49]                       C2O   default_mode 
    338 16766   tpu_b_dout[50]                       C2O   default_mode 
    339 16766   tpu_b_dout[52]                       C2O   default_mode 
    340 16766   tpu_b_dout[54]                       C2O   default_mode 
    341 16766   tpu_b_dout[56]                       C2O   default_mode 
    342 16766   tpu_b_dout[58]                       C2O   default_mode 
    343 16766   sc_b_mem_dout[59]                    C2O   default_mode 
    344 16766   sc_a_mem_dout[45]                    C2O   default_mode 
    345 16766   tpu_b_dout[3]                        C2O   default_mode 
    346 16766   tpu_b_dout[60]                       C2O   default_mode 
    347 16766   tpu_b_dout[61]                       C2O   default_mode 
    348 16766   tpu_b_dout[62]                       C2O   default_mode 
    349 16766   tpu_a_dout[53]                       C2O   default_mode 
    350 16766   tpu_a_dout[0]                        C2O   default_mode 
    351 16766   tpu_a_dout[2]                        C2O   default_mode 
    352 16766   tpu_b_dout[9]                        C2O   default_mode 
    353 16766   tpu_a_dout[55]                       C2O   default_mode 
    354 16766   tpu_a_dout[4]                        C2O   default_mode 
    355 16766   tpu_a_dout[6]                        C2O   default_mode 
    356 16766   tpu_a_dout[8]                        C2O   default_mode 
    357 16766   tpu_a_dout[9]                        C2O   default_mode 
    358 16766   tpu_a_dout[58]                       C2O   default_mode 
    359 16766   tpu_a_dout[57]                       C2O   default_mode 
    360 16766   tpu_a_dout[54]                       C2O   default_mode 
    361 16766   tpu_a_dout[10]                       C2O   default_mode 
    362 16766   tpu_a_dout[50]                       C2O   default_mode 
    363 16766   tpu_a_dout[49]                       C2O   default_mode 
    364 16766   tpu_a_dout[46]                       C2O   default_mode 
    365 16766   tpu_a_dout[44]                       C2O   default_mode 
    366 16766   tpu_a_dout[42]                       C2O   default_mode 
    367 16766   tpu_a_dout[40]                       C2O   default_mode 
    368 16766   tpu_a_dout[38]                       C2O   default_mode 
    369 16766   tpu_a_dout[37]                       C2O   default_mode 
    370 16766   tpu_a_dout[34]                       C2O   default_mode 
    371 16766   tpu_a_dout[32]                       C2O   default_mode 
    372 16766   sc_a_mem_dout[51]                    C2O   default_mode 
    373 16766   tpu_a_dout[12]                       C2O   default_mode 
    374 16766   tpu_a_dout[26]                       C2O   default_mode 
    375 16766   tpu_a_dout[24]                       C2O   default_mode 
    376 16766   tpu_a_dout[22]                       C2O   default_mode 
    377 16766   tpu_a_dout[13]                       C2O   default_mode 
    378 16766   tpu_a_dout[14]                       C2O   default_mode 
    379 16766   tpu_a_dout[59]                       C2O   default_mode 
    380 16766   tpu_a_dout[16]                       C2O   default_mode 
    381 16766   tpu_a_dout[18]                       C2O   default_mode 
    382 16766   tpu_a_dout[43]                       C2O   default_mode 
    383 16766   tpu_a_dout[20]                       C2O   default_mode 
    384 16766   sc_a_mem_dout[58]                    C2O   default_mode 
    385 16766   sc_a_mem_dout[49]                    C2O   default_mode 
    386 16766   tpu_a_dout[28]                       C2O   default_mode 
    387 16766   tpu_a_dout[29]                       C2O   default_mode 
    388 16766   tpu_a_dout[30]                       C2O   default_mode 
    389 16766   tpu_a_dout[47]                       C2O   default_mode 
    390 16766   sc_a_mem_dout[50]                    C2O   default_mode 
    391 16766   tpu_a_dout[36]                       C2O   default_mode 
    392 16766   tpu_a_dout[63]                       C2O   default_mode 
    393 16766   sc_a_mem_dout[46]                    C2O   default_mode 
    394 16766   tpu_b_dout[10]                       C2O   default_mode 
    395 16766   tpu_b_dout[11]                       C2O   default_mode 
    396 16766   tpu_a_dout[48]                       C2O   default_mode 
    397 16766   sc_a_mem_dout[47]                    C2O   default_mode 
    398 16766   tpu_a_dout[52]                       C2O   default_mode 
    399 16766   tpu_a_dout[56]                       C2O   default_mode 
    400 16766   tpu_b_dout[5]                        C2O   default_mode 
    401 16766   tpu_a_dout[60]                       C2O   default_mode 
    402 16766   tpu_a_dout[61]                       C2O   default_mode 
    403 16766   tpu_a_dout[62]                       C2O   default_mode 
    404 16766   sc_a_mem_dout[43]                    C2O   default_mode 
    405 16766   tpu_a_dout[31]                       C2O   default_mode 
    406 16766   tpu_a_dout[21]                       C2O   default_mode 
    407 16766   tpu_a_dout[33]                       C2O   default_mode 
    408 16766   tpu_b_dout[6]                        C2O   default_mode 
    409 16766   tpu_a_dout[27]                       C2O   default_mode 
    410 16766   tpu_a_dout[45]                       C2O   default_mode 
    411 16766   tpu_b_dout[7]                        C2O   default_mode 
    412 16766   tpu_a_dout[23]                       C2O   default_mode 
    413 16766   tpu_a_dout[25]                       C2O   default_mode 
    414 16766   sc_b_mem_dout[63]                    C2O   default_mode 
    415 16766   sc_a_mem_dout[7]                     C2O   default_mode 
    416 16766   sc_a_mem_dout[41]                    C2O   default_mode 
    417 16766   tpu_a_dout[51]                       C2O   default_mode 
    418 16766   tpu_a_dout[41]                       C2O   default_mode 
    419 16766   sc_a_mem_dout[59]                    C2O   default_mode 
    420 16766   tpu_a_dout[35]                       C2O   default_mode 
    421 16766   tpu_a_dout[15]                       C2O   default_mode 
    422 16766   tpu_a_dout[17]                       C2O   default_mode 
    423 16766   sc_a_mem_dout[31]                    C2O   default_mode 
    424 16766   tpu_b_dout[59]                       C2O   default_mode 
    425 16766   tpu_a_dout[11]                       C2O   default_mode 
    426 16766   sc_a_mem_dout[39]                    C2O   default_mode 
    427 16766   tpu_a_dout[39]                       C2O   default_mode 
    428 16766   sc_a_mem_dout[3]                     C2O   default_mode 
    429 16766   sc_a_mem_dout[29]                    C2O   default_mode 
    430 16766   tpu_a_dout[7]                        C2O   default_mode 
    431 16766   tpu_a_dout[1]                        C2O   default_mode 
    432 16766   tpu_a_dout[5]                        C2O   default_mode 
    433 16766   sc_a_mem_dout[26]                    C2O   default_mode 
    434 16766   sc_a_mem_dout[27]                    C2O   default_mode 
    435 16766   tpu_a_dout[3]                        C2O   default_mode 
    436 16766   sc_b_mem_dout[23]                    C2O   default_mode 
    437 16766   sc_b_mem_dout[0]                     C2O   default_mode 
    438 16766   sc_b_mem_dout[1]                     C2O   default_mode 
    439 16766   tpu_b_dout[63]                       C2O   default_mode 
    440 16766   sc_b_mem_dout[2]                     C2O   default_mode 
    441 16766   sc_b_mem_dout[3]                     C2O   default_mode 
    442 16766   sc_b_mem_dout[4]                     C2O   default_mode 
    443 16766   sc_b_mem_dout[5]                     C2O   default_mode 
    444 16766   sc_b_mem_dout[6]                     C2O   default_mode 
    445 16766   sc_b_mem_dout[57]                    C2O   default_mode 
    446 16766   sc_b_mem_dout[8]                     C2O   default_mode 
    447 16766   sc_b_mem_dout[10]                    C2O   default_mode 
    448 16766   sc_b_mem_dout[53]                    C2O   default_mode 
    449 16766   sc_b_mem_dout[12]                    C2O   default_mode 
    450 16766   sc_b_mem_dout[13]                    C2O   default_mode 
    451 16766   sc_b_mem_dout[14]                    C2O   default_mode 
    452 16766   sc_b_mem_dout[16]                    C2O   default_mode 
    453 16766   sc_b_mem_dout[17]                    C2O   default_mode 
    454 16766   sc_b_mem_dout[58]                    C2O   default_mode 
    455 16766   sc_b_mem_dout[56]                    C2O   default_mode 
    456 16766   sc_b_mem_dout[54]                    C2O   default_mode 
    457 16766   sc_b_mem_dout[52]                    C2O   default_mode 
    458 16766   sc_b_mem_dout[50]                    C2O   default_mode 
    459 16766   sc_b_mem_dout[49]                    C2O   default_mode 
    460 16766   sc_b_mem_dout[46]                    C2O   default_mode 
    461 16766   sc_b_mem_dout[45]                    C2O   default_mode 
    462 16766   sc_b_mem_dout[42]                    C2O   default_mode 
    463 16766   sc_b_mem_dout[40]                    C2O   default_mode 
    464 16766   sc_b_mem_dout[38]                    C2O   default_mode 
    465 16766   sc_b_mem_dout[37]                    C2O   default_mode 
    466 16766   sc_b_mem_dout[34]                    C2O   default_mode 
    467 16766   sc_b_mem_dout[32]                    C2O   default_mode 
    468 16766   sc_b_mem_dout[30]                    C2O   default_mode 
    469 16766   sc_b_mem_dout[18]                    C2O   default_mode 
    470 16766   sc_b_mem_dout[26]                    C2O   default_mode 
    471 16766   sc_a_mem_dout[23]                    C2O   default_mode 
    472 16766   sc_b_mem_dout[20]                    C2O   default_mode 
    473 16766   sc_b_mem_dout[21]                    C2O   default_mode 
    474 16766   sc_b_mem_dout[22]                    C2O   default_mode 
    475 16766   sc_a_mem_dout[14]                    C2O   default_mode 
    476 16766   sc_b_mem_dout[24]                    C2O   default_mode 
    477 16766   sc_b_mem_dout[47]                    C2O   default_mode 
    478 16766   sc_a_mem_dout[9]                     C2O   default_mode 
    479 16766   sc_b_mem_dout[28]                    C2O   default_mode 
    480 16766   sc_b_mem_dout[29]                    C2O   default_mode 
    481 16766   tpu_b_dout[1]                        C2O   default_mode 
    482 16766   tpu_b_dout[2]                        C2O   default_mode 
    483 16766   sc_b_mem_dout[36]                    C2O   default_mode 
    484 16766   tpu_b_dout[27]                       C2O   default_mode 
    485 16766   sc_a_mem_dout[61]                    C2O   default_mode 
    486 16766   tpu_b_dout[0]                        C2O   default_mode 
    487 16766   sc_b_mem_dout[44]                    C2O   default_mode 
    488 16766   sc_b_mem_dout[48]                    C2O   default_mode 
    489 16766   sc_a_mem_dout[11]                    C2O   default_mode 
    490 16766   sc_a_mem_dout[62]                    C2O   default_mode 
    491 16766   sc_a_mem_dout[63]                    C2O   default_mode 
    492 23891   u_sram_a_u_sram/A[2]                 I2C   default_mode 
    493 23891   u_sram_a_u_sram/A[4]                 I2C   default_mode 
    494 23891   u_sram_a_u_sram/A[6]                 I2C   default_mode 
    495 23891   u_sram_b_u_sram/A[3]                 I2C   default_mode 
    496 23891   u_sram_b_u_sram/A[5]                 I2C   default_mode 
    497 23891   u_sram_b_u_sram/A[1]                 I2C   default_mode 
    498 23891   u_sram_b_u_sram/A[0]                 I2C   default_mode 
    499 23891   u_sram_b_u_sram/A[2]                 I2C   default_mode 
    500 23891   u_sram_b_u_sram/A[4]                 I2C   default_mode 
    501 23891   u_sram_b_u_sram/A[6]                 I2C   default_mode 
    502 23891   u_sram_b_u_sram/A[7]                 I2C   default_mode 
    503 23891   u_sram_b_u_sram/A[8]                 I2C   default_mode 
    504 23891   u_sram_a_u_sram/A[0]                 I2C   default_mode 
    505 23891   u_sram_a_u_sram/A[1]                 I2C   default_mode 
    506 23891   u_sram_a_u_sram/A[3]                 I2C   default_mode 
    507 23891   u_sram_a_u_sram/A[5]                 I2C   default_mode 
    508 23891   u_sram_a_u_sram/A[7]                 I2C   default_mode 
    509 23891   u_sram_a_u_sram/A[8]                 I2C   default_mode 
    510 24114   u_sram_a_u_sram/D[51]                I2C   default_mode 
    511 24114   u_sram_a_u_sram/D[57]                I2C   default_mode 
    512 24114   u_sram_b_u_sram/D[7]                 I2C   default_mode 
    513 24114   u_sram_b_u_sram/D[4]                 I2C   default_mode 
    514 24114   u_sram_b_u_sram/D[26]                I2C   default_mode 
    515 24114   u_sram_b_u_sram/D[16]                I2C   default_mode 
    516 24114   u_sram_b_u_sram/D[2]                 I2C   default_mode 
    517 24114   u_sram_b_u_sram/D[5]                 I2C   default_mode 
    518 24114   u_sram_a_u_sram/D[25]                I2C   default_mode 
    519 24114   u_sram_a_u_sram/D[44]                I2C   default_mode 
    520 24114   u_sram_b_u_sram/D[43]                I2C   default_mode 
    521 24114   u_sram_a_u_sram/D[0]                 I2C   default_mode 
    522 24114   u_sram_a_u_sram/D[62]                I2C   default_mode 
    523 24114   u_sram_b_u_sram/D[1]                 I2C   default_mode 
    524 24114   u_sram_a_u_sram/D[24]                I2C   default_mode 
    525 24114   u_sram_b_u_sram/D[21]                I2C   default_mode 
    526 24114   u_sram_a_u_sram/D[13]                I2C   default_mode 
    527 24114   u_sram_b_u_sram/D[36]                I2C   default_mode 
    528 24114   u_sram_b_u_sram/D[37]                I2C   default_mode 
    529 24114   u_sram_a_u_sram/D[58]                I2C   default_mode 
    530 24114   u_sram_b_u_sram/D[47]                I2C   default_mode 
    531 24114   u_sram_b_u_sram/D[42]                I2C   default_mode 
    532 24114   u_sram_b_u_sram/D[41]                I2C   default_mode 
    533 24114   u_sram_b_u_sram/D[6]                 I2C   default_mode 
    534 24114   u_sram_a_u_sram/D[56]                I2C   default_mode 
    535 24114   u_sram_b_u_sram/D[12]                I2C   default_mode 
    536 24114   u_sram_a_u_sram/D[52]                I2C   default_mode 
    537 24114   u_sram_a_u_sram/D[54]                I2C   default_mode 
    538 24114   u_sram_b_u_sram/D[63]                I2C   default_mode 
    539 24114   u_sram_a_u_sram/D[46]                I2C   default_mode 
    540 24114   u_sram_a_u_sram/D[50]                I2C   default_mode 
    541 24114   u_sram_a_u_sram/D[48]                I2C   default_mode 
    542 24114   u_sram_a_u_sram/D[53]                I2C   default_mode 
    543 24114   u_sram_a_u_sram/D[20]                I2C   default_mode 
    544 24114   u_sram_a_u_sram/D[32]                I2C   default_mode 
    545 24114   u_sram_b_u_sram/D[30]                I2C   default_mode 
    546 24114   u_sram_b_u_sram/D[55]                I2C   default_mode 
    547 24114   u_sram_b_u_sram/D[60]                I2C   default_mode 
    548 24114   u_sram_a_u_sram/D[38]                I2C   default_mode 
    549 24114   u_sram_a_u_sram/D[42]                I2C   default_mode 
    550 24114   u_sram_b_u_sram/D[31]                I2C   default_mode 
    551 24114   u_sram_b_u_sram/D[13]                I2C   default_mode 
    552 24114   u_sram_a_u_sram/D[2]                 I2C   default_mode 
    553 24114   u_sram_a_u_sram/D[4]                 I2C   default_mode 
    554 24114   u_sram_a_u_sram/D[8]                 I2C   default_mode 
    555 24114   u_sram_a_u_sram/D[11]                I2C   default_mode 
    556 24114   u_sram_a_u_sram/D[15]                I2C   default_mode 
    557 24114   u_sram_a_u_sram/D[36]                I2C   default_mode 
    558 24114   u_sram_a_u_sram/D[23]                I2C   default_mode 
    559 24114   u_sram_a_u_sram/D[34]                I2C   default_mode 
    560 24114   u_sram_a_u_sram/D[21]                I2C   default_mode 
    561 24114   u_sram_a_u_sram/D[28]                I2C   default_mode 
    562 24114   u_sram_a_u_sram/D[30]                I2C   default_mode 
    563 24114   u_sram_a_u_sram/D[22]                I2C   default_mode 
    564 24114   u_sram_a_u_sram/D[26]                I2C   default_mode 
    565 24114   u_sram_a_u_sram/D[6]                 I2C   default_mode 
    566 24114   u_sram_a_u_sram/D[14]                I2C   default_mode 
    567 24114   u_sram_a_u_sram/D[18]                I2C   default_mode 
    568 24114   u_sram_a_u_sram/D[7]                 I2C   default_mode 
    569 24114   u_sram_a_u_sram/D[3]                 I2C   default_mode 
    570 24114   u_sram_a_u_sram/D[5]                 I2C   default_mode 
    571 24114   u_sram_b_u_sram/D[34]                I2C   default_mode 
    572 24114   u_sram_a_u_sram/D[37]                I2C   default_mode 
    573 24114   u_sram_a_u_sram/D[49]                I2C   default_mode 
    574 24114   u_sram_b_u_sram/D[61]                I2C   default_mode 
    575 24114   u_sram_b_u_sram/D[53]                I2C   default_mode 
    576 24114   u_sram_b_u_sram/D[54]                I2C   default_mode 
    577 24114   u_sram_b_u_sram/D[52]                I2C   default_mode 
    578 24114   u_sram_b_u_sram/D[45]                I2C   default_mode 
    579 24114   u_sram_b_u_sram/D[59]                I2C   default_mode 
    580 24114   u_sram_b_u_sram/D[56]                I2C   default_mode 
    581 24114   u_sram_b_u_sram/D[57]                I2C   default_mode 
    582 24114   u_sram_b_u_sram/D[62]                I2C   default_mode 
    583 24114   u_sram_b_u_sram/D[14]                I2C   default_mode 
    584 24114   u_sram_b_u_sram/D[50]                I2C   default_mode 
    585 24114   u_sram_a_u_sram/D[1]                 I2C   default_mode 
    586 24114   u_sram_a_u_sram/D[19]                I2C   default_mode 
    587 24114   u_sram_a_u_sram/D[10]                I2C   default_mode 
    588 24114   u_sram_a_u_sram/D[9]                 I2C   default_mode 
    589 24114   u_sram_b_u_sram/D[35]                I2C   default_mode 
    590 24114   u_sram_b_u_sram/D[15]                I2C   default_mode 
    591 24114   u_sram_a_u_sram/D[12]                I2C   default_mode 
    592 24114   u_sram_b_u_sram/D[58]                I2C   default_mode 
    593 24114   u_sram_a_u_sram/D[16]                I2C   default_mode 
    594 24114   u_sram_a_u_sram/D[41]                I2C   default_mode 
    595 24114   u_sram_a_u_sram/D[43]                I2C   default_mode 
    596 24114   u_sram_b_u_sram/D[11]                I2C   default_mode 
    597 24114   u_sram_a_u_sram/D[45]                I2C   default_mode 
    598 24114   u_sram_a_u_sram/D[63]                I2C   default_mode 
    599 24114   u_sram_b_u_sram/D[19]                I2C   default_mode 
    600 24114   u_sram_a_u_sram/D[59]                I2C   default_mode 
    601 24114   u_sram_a_u_sram/D[55]                I2C   default_mode 
    602 24114   u_sram_b_u_sram/D[24]                I2C   default_mode 
    603 24114   u_sram_a_u_sram/D[47]                I2C   default_mode 
    604 24114   u_sram_b_u_sram/D[48]                I2C   default_mode 
    605 24114   u_sram_b_u_sram/D[44]                I2C   default_mode 
    606 24114   u_sram_a_u_sram/D[35]                I2C   default_mode 
    607 24114   u_sram_a_u_sram/D[31]                I2C   default_mode 
    608 24114   u_sram_b_u_sram/D[39]                I2C   default_mode 
    609 24114   u_sram_b_u_sram/D[33]                I2C   default_mode 
    610 24114   u_sram_b_u_sram/D[29]                I2C   default_mode 
    611 24114   u_sram_a_u_sram/D[17]                I2C   default_mode 
    612 24114   u_sram_b_u_sram/D[51]                I2C   default_mode 
    613 24114   u_sram_b_u_sram/D[32]                I2C   default_mode 
    614 24114   u_sram_a_u_sram/D[29]                I2C   default_mode 
    615 24114   u_sram_b_u_sram/D[17]                I2C   default_mode 
    616 24114   u_sram_b_u_sram/D[38]                I2C   default_mode 
    617 24114   u_sram_b_u_sram/D[25]                I2C   default_mode 
    618 24114   u_sram_b_u_sram/D[3]                 I2C   default_mode 
    619 24114   u_sram_b_u_sram/D[28]                I2C   default_mode 
    620 24114   u_sram_b_u_sram/D[40]                I2C   default_mode 
    621 24114   u_sram_b_u_sram/D[49]                I2C   default_mode 
    622 24114   u_sram_b_u_sram/D[27]                I2C   default_mode 
    623 24114   u_sram_b_u_sram/D[23]                I2C   default_mode 
    624 24114   u_sram_a_u_sram/D[39]                I2C   default_mode 
    625 24114   u_sram_a_u_sram/D[40]                I2C   default_mode 
    626 24114   u_sram_b_u_sram/D[20]                I2C   default_mode 
    627 24114   u_sram_a_u_sram/D[33]                I2C   default_mode 
    628 24114   u_sram_b_u_sram/D[22]                I2C   default_mode 
    629 24114   u_sram_a_u_sram/D[60]                I2C   default_mode 
    630 24114   u_sram_a_u_sram/D[27]                I2C   default_mode 
    631 24114   u_sram_a_u_sram/D[61]                I2C   default_mode 
    632 24114   u_sram_b_u_sram/D[46]                I2C   default_mode 
    633 24114   u_sram_b_u_sram/D[9]                 I2C   default_mode 
    634 24114   u_sram_b_u_sram/D[8]                 I2C   default_mode 
    635 24114   u_sram_b_u_sram/D[0]                 I2C   default_mode 
    636 24114   u_sram_b_u_sram/D[18]                I2C   default_mode 
    637 24114   u_sram_b_u_sram/D[10]                I2C   default_mode 
    638 24160   u_sram_a_u_sram/CEN                  I2C   default_mode 
    639 24160   u_sram_b_u_sram/CEN                  I2C   default_mode 
    640 24201   u_sram_a_u_sram/WEN                  I2C   default_mode 
    641 24201   u_sram_b_u_sram/WEN                  I2C   default_mode 
    642 24517   u_sram_b_flush_addr_reg[5]/CN        I2C   default_mode 
    643 24517   u_sram_a_flush_addr_reg[8]/CN        I2C   default_mode 
    644 24517   u_sram_b_flush_addr_reg[4]/CN        I2C   default_mode 
    645 24517   u_sram_b_flush_d1_reg/CN             I2C   default_mode 
    646 24517   u_sram_a_bus_waddr_d1_reg[4]/CN      I2C   default_mode 
    647 24517   u_sram_b_bus_waddr_d1_reg[2]/CN      I2C   default_mode 
    648 24517   u_sram_a_bus_waddr_d1_reg[6]/CN      I2C   default_mode 
    649 24517   u_sram_a_bus_waddr_d1_reg[3]/CN      I2C   default_mode 
    650 24517   u_sram_a_bus_waddr_d1_reg[8]/CN      I2C   default_mode 
    651 24517   u_sram_b_last_byte_sel_reg[1]/CN     I2C   default_mode 
    652 24517   u_sram_b_bus_waddr_d1_reg[0]/CN      I2C   default_mode 
    653 24517   u_sram_a_last_byte_sel_reg[2]/CN     I2C   default_mode 
    654 24517   u_sram_b_last_byte_sel_reg[2]/CN     I2C   default_mode 
    655 24517   u_sram_b_bus_waddr_d1_reg[1]/CN      I2C   default_mode 
    656 24517   u_sram_b_flush_addr_reg[1]/CN        I2C   default_mode 
    657 24517   u_sram_b_flush_addr_reg[3]/CN        I2C   default_mode 
    658 24517   u_sram_a_last_byte_sel_reg[0]/CN     I2C   default_mode 
    659 24517   u_sram_a_flush_addr_reg[3]/CN        I2C   default_mode 
    660 24517   u_sram_a_flush_d1_reg/CN             I2C   default_mode 
    661 24517   u_sram_b_flush_addr_reg[6]/CN        I2C   default_mode 
    662 24517   u_sram_b_bus_waddr_d1_reg[8]/CN      I2C   default_mode 
    663 24517   u_sram_a_flush_addr_reg[2]/CN        I2C   default_mode 
    664 24517   u_sram_a_bus_we_d1_reg/CN            I2C   default_mode 
    665 24517   u_sram_a_bus_we_prev_reg/CN          I2C   default_mode 
    666 24517   u_sram_b_bus_waddr_d1_reg[4]/CN      I2C   default_mode 
    667 24517   u_sram_a_flush_addr_reg[4]/CN        I2C   default_mode 
    668 24517   u_sram_b_bus_we_prev_reg/CN          I2C   default_mode 
    669 24517   u_sram_b_last_byte_sel_reg[0]/CN     I2C   default_mode 
    670 24517   u_sram_a_bus_waddr_d1_reg[7]/CN      I2C   default_mode 
    671 24517   u_sram_b_flush_addr_reg[8]/CN        I2C   default_mode 
    672 24517   u_sram_b_flush_addr_reg[7]/CN        I2C   default_mode 
    673 24517   u_sram_a_last_byte_sel_reg[1]/CN     I2C   default_mode 
    674 24517   u_sram_a_flush_addr_reg[5]/CN        I2C   default_mode 
    675 24517   u_sram_a_flush_addr_reg[0]/CN        I2C   default_mode 
    676 24517   u_sram_a_flush_addr_reg[6]/CN        I2C   default_mode 
    677 24517   u_sram_a_bus_waddr_d1_reg[2]/CN      I2C   default_mode 
    678 24517   u_sram_a_bus_waddr_d1_reg[5]/CN      I2C   default_mode 
    679 24517   u_sram_b_bus_waddr_d1_reg[5]/CN      I2C   default_mode 
    680 24517   u_sram_b_flush_addr_reg[2]/CN        I2C   default_mode 
    681 24517   u_sram_b_flush_addr_reg[0]/CN        I2C   default_mode 
    682 24517   u_sram_a_bus_waddr_d1_reg[0]/CN      I2C   default_mode 
    683 24517   u_sram_b_bus_waddr_d1_reg[3]/CN      I2C   default_mode 
    684 24517   u_sram_b_bus_we_d1_reg/CN            I2C   default_mode 
    685 24517   u_sram_a_flush_addr_reg[7]/CN        I2C   default_mode 
    686 24517   u_sram_b_bus_waddr_d1_reg[7]/CN      I2C   default_mode 
    687 24517   u_sram_a_bus_waddr_d1_reg[1]/CN      I2C   default_mode 
    688 24517   u_sram_a_flush_addr_reg[1]/CN        I2C   default_mode 
    689 24517   u_sram_b_bus_waddr_d1_reg[6]/CN      I2C   default_mode 
    690 24616   u_sram_a_flush_addr_reg[6]/D         C2C   default_mode 
    691 24616   u_sram_a_flush_addr_reg[3]/D         C2C   default_mode 
    692 24616   u_sram_b_flush_addr_reg[3]/D         C2C   default_mode 
    693 24616   u_sram_a_flush_addr_reg[0]/D         C2C   default_mode 
    694 24616   u_sram_b_flush_addr_reg[6]/D         C2C   default_mode 
    695 24616   u_sram_b_flush_addr_reg[0]/D         C2C   default_mode 
    696 24616   u_sram_a_flush_addr_reg[1]/D         C2C   default_mode 
    697 24616   u_sram_b_flush_addr_reg[5]/D         C2C   default_mode 
    698 24616   u_sram_b_flush_addr_reg[4]/D         C2C   default_mode 
    699 24616   u_sram_b_flush_addr_reg[8]/D         C2C   default_mode 
    700 24616   u_sram_a_flush_addr_reg[4]/D         C2C   default_mode 
    701 24616   u_sram_a_flush_addr_reg[7]/D         C2C   default_mode 
    702 24616   u_sram_a_flush_addr_reg[2]/D         C2C   default_mode 
    703 24616   u_sram_b_flush_addr_reg[2]/D         C2C   default_mode 
    704 24616   u_sram_b_flush_addr_reg[7]/D         C2C   default_mode 
    705 24616   u_sram_a_flush_addr_reg[8]/D         C2C   default_mode 
    706 24616   u_sram_b_flush_addr_reg[1]/D         C2C   default_mode 
    707 24616   u_sram_a_flush_addr_reg[5]/D         C2C   default_mode 
#-----------------------------------------------------------------------


