============================================================
  Generated by:           Genus(TM) Synthesis Solution 21.16-s062_1
  Generated on:           Apr 27 2026  05:30:48 pm
  Module:                 bus_slave_sram_ab
  Operating conditions:   WCCOM (balanced_tree)
  Wireload mode:          segmented
  Area mode:              timing library
============================================================


Path 1: MET (10613 ps) Setup Check with Pin u_slave_ab_max_b_reg[12]/CPN->D
           Mode: default_mode
          Group: I2C
     Startpoint: (F) mmio_dim_k[0]
          Clock: (R) Clk
       Endpoint: (F) u_slave_ab_max_b_reg[12]/D
          Clock: (F) Clk

                     Capture       Launch     
        Clock Edge:+   12500            0     
        Drv Adjust:+       0            0     
       Src Latency:+       0            0     
       Net Latency:+       0 (I)        0 (I) 
           Arrival:=   12500            0     
                                              
             Setup:-      13                  
       Uncertainty:-     150                  
     Required Time:=   12337                  
      Launch Clock:-       0                  
       Input Delay:-     250                  
         Data Path:-    1474                  
             Slack:=   10613                  

Exceptions/Constraints:
  input_delay             250             sram.sdc_line_28_21_1 

#-------------------------------------------------------------------------------------------------------------------
#              Timing Point                Flags    Arc   Edge   Cell     Fanout  Load Trans Delay Arrival Instance 
#                                                                                 (fF)  (ps)  (ps)   (ps)  Location 
#-------------------------------------------------------------------------------------------------------------------
  mmio_dim_k[0]                            <<<     -      F     (arrival)      7 504.3     0     0     250    (-,-) 
  u_slave_ab_mul_96_74_p10542A__6260/ZN    -       A2->ZN R     CKND2D0        2   1.3    49    31     281    (-,-) 
  u_slave_ab_mul_96_74_p10550A__5107/ZN    -       A2->ZN R     XNR2D0         2   1.3    40   110     391    (-,-) 
  u_slave_ab_mul_96_74_p10590A__6417/ZN    -       A1->ZN F     NR2D0          2   1.3    30    27     418    (-,-) 
  u_slave_ab_mul_96_74_p10607A__7482/ZN    -       A1->ZN R     NR2D0          1   1.0    64    48     466    (-,-) 
  u_slave_ab_mul_96_74_p10631A__1617/CO    -       A->CO  R     FA1D0          1   1.8    48   161     627    (-,-) 
  g9753/CO                                 -       D->CO  R     CMPE42D1       1   1.8    35   142     769    (-,-) 
  g9750/CO                                 -       D->CO  R     CMPE42D1       1   1.3    31   135     904    (-,-) 
  g9756/ZN                                 -       A1->ZN F     XNR4D0         1   0.5    51   186    1089    (-,-) 
  u_slave_ab_mul_96_52_p10820A__5115/Z     -       A1->Z  F     CKAN2D0        1   1.9    39    69    1158    (-,-) 
  u_slave_ab_mul_96_52_cdnca_012_1__8246/S -       A->S   R     CMPE42D1       1   1.3    36   283    1442    (-,-) 
  u_slave_ab_mul_96_52_cdnfadd446__6260/Z  -       A2->Z  F     XOR3D0         1   0.7    33   182    1623    (-,-) 
  p11060A9717__8246/ZN                     -       B1->ZN R     AOI22D0        1   0.6    83    69    1692    (-,-) 
  p11069A9662__2883/ZN                     -       A1->ZN F     NR2D0          1   0.8    80    32    1724    (-,-) 
  u_slave_ab_max_b_reg[12]/D               -       -      F     DFND1          1     -     -     0    1724    (-,-) 
#-------------------------------------------------------------------------------------------------------------------


