============================================================
  Generated by:           Genus(TM) Synthesis Solution 21.16-s062_1
  Generated on:           Apr 27 2026  05:30:48 pm
  Module:                 bus_slave_sram_ab
  Operating conditions:   WCCOM (balanced_tree)
  Wireload mode:          segmented
  Area mode:              timing library
============================================================

                                  Leakage     Internal  
   Gate    Instances    Area     Power (nW)  Power (nW)               Library               
--------------------------------------------------------------------------------------------
AN3D0              4     10.080      35.822      47.742    tcbn65gpluswc                    
AN4D0              2      5.760      21.582      68.962    tcbn65gpluswc                    
AO21D0             6     15.120      84.195      76.078    tcbn65gpluswc                    
AO221D0           18     64.800     242.911     444.171    tcbn65gpluswc                    
AO22D0           298    858.240    3622.143    6105.805    tcbn65gpluswc                    
AOI21D0           16     34.560     148.823     114.014    tcbn65gpluswc                    
AOI221D0           2      5.760      20.149      61.132    tcbn65gpluswc                    
AOI22D0           16     40.320     118.552     308.649    tcbn65gpluswc                    
AOI32D0            2      5.760      13.604      25.297    tcbn65gpluswc                    
CKAN2D0           49    105.840     396.627     587.090    tcbn65gpluswc                    
CKND0            152    164.160     569.826     307.588    tcbn65gpluswc                    
CKND1              2      2.160      18.286       9.094    tcbn65gpluswc                    
CKND16           128   1013.760   22215.168    4512.176    tcbn65gpluswc                    
CKND2D0          104    149.760     383.920     440.026    tcbn65gpluswc                    
CKXOR2D0           2      7.200      48.291      51.641    tcbn65gpluswc                    
CMPE42D1          12    198.720    2834.756    2870.951    tcbn65gpluswc                    
DFKCNQD1          48    345.600    2309.334   15424.035    tcbn65gpluswc                    
DFND1             59    446.040    3442.742   20292.253    tcbn65gpluswc                    
DFQD1            146    998.640    7793.443   52157.517    tcbn65gpluswc                    
FA1D0             18    162.000    1971.545    2151.240    tcbn65gpluswc                    
IND2D0             9     19.440      71.237      68.066    tcbn65gpluswc                    
INR2D0             8     17.280      64.284      57.917    tcbn65gpluswc                    
INR3D0             4     10.080      39.478      40.590    tcbn65gpluswc                    
IOA21D0            2      5.040      23.133      39.036    tcbn65gpluswc                    
MAOI222D0          6     17.280      45.060      92.371    tcbn65gpluswc                    
MAOI22D0          10     28.800     129.403     159.733    tcbn65gpluswc                    
MOAI22D0          38    109.440     432.892     863.225    tcbn65gpluswc                    
ND3D0              6     12.960      21.367      31.365    tcbn65gpluswc                    
NR2D0             65     93.600     275.853     247.690    tcbn65gpluswc                    
NR3D0              2      4.320      24.844      17.066    tcbn65gpluswc                    
OAI211D0           4     10.080      24.828      48.134    tcbn65gpluswc                    
OAI21D0           14     30.240     115.408     102.965    tcbn65gpluswc                    
OAI221D0           2      5.760      18.403      22.396    tcbn65gpluswc                    
OAI22D0            2      5.040      15.552      29.647    tcbn65gpluswc                    
OAI32D0            2      5.760      14.905      41.099    tcbn65gpluswc                    
OR2D0              4      8.640      28.521      20.551    tcbn65gpluswc                    
XNR2D0            10     36.000     251.505     211.011    tcbn65gpluswc                    
XNR3D0             4     24.480     148.825     150.685    tcbn65gpluswc                    
XNR4D0             2     18.000     125.683     165.896    tcbn65gpluswc                    
XOR3D0             8     48.960     318.814     362.757    tcbn65gpluswc                    
sram00             2  80416.320  756828.062  888525.111    USERLIB_nldm_ss_0p90v_0p90v_125c 
--------------------------------------------------------------------------------------------
total           1288  85561.800  805309.782  997352.774                                     


                                                                   Leakage  Leakage  Internal  Internal 
             Library             Instances Instances %    Area   Power (nW) Power % Power (nW)  Power % 
--------------------------------------------------------------------------------------------------------
USERLIB_nldm_ss_0p90v_0p90v_125c         2         0.2 80416.320 756828.062    94.0 888525.111     89.1 
tcbn65gpluswc                         1286        99.8  5145.480  48481.719     6.0 108827.663     10.9 

                                            Leakage  Leakage  Internal  Internal 
     Type      Instances    Area   Area % Power (nW) Power % Power (nW)  Power % 
---------------------------------------------------------------------------------
timing_model           2 80416.320   94.0 756828.062    94.0 888525.111     89.1 
sequential           253  1790.280    2.1  13545.520     1.7  87873.805      8.8 
inverter             282  1180.080    1.4  22803.280     2.8   4828.857      0.5 
logic                751  2175.120    2.5  12132.919     1.5  16125.001      1.6 
physical_cells         0     0.000    0.0      0.000     0.0      0.000      0.0 
---------------------------------------------------------------------------------
total               1288 85561.800  100.0 805309.782   100.0 997352.774    100.0 

