============================================================
  Generated by:           Genus(TM) Synthesis Solution 21.16-s062_1
  Generated on:           Apr 27 2026  05:30:48 pm
  Module:                 bus_slave_sram_ab
  Operating conditions:   WCCOM (balanced_tree)
  Wireload mode:          segmented
  Area mode:              timing library
============================================================


Path 1: MET (16766 ps) Late External Delay Assertion at pin sc_b_mem_dout[0]
           Mode: default_mode
          Group: C2O
     Startpoint: (R) u_sram_b_u_sram/CLK
          Clock: (R) Clk
       Endpoint: (F) sc_b_mem_dout[0]
          Clock: (R) Clk

                     Capture       Launch     
        Clock Edge:+   25000            0     
       Src Latency:+       0            0     
       Net Latency:+       0 (I)        0 (I) 
           Arrival:=   25000            0     
                                              
      Output Delay:-    6250                  
       Uncertainty:-     150                  
     Required Time:=   18600                  
      Launch Clock:-       0                  
         Data Path:-    1834                  
             Slack:=   16766                  

Exceptions/Constraints:
  output_delay             6250            sram.sdc_line_31_689_1 

#---------------------------------------------------------------------------------------------------
#    Timing Point      Flags     Arc     Edge   Cell     Fanout  Load  Trans Delay Arrival Instance 
#                                                                (fF)   (ps)  (ps)   (ps)  Location 
#---------------------------------------------------------------------------------------------------
  u_sram_b_u_sram/CLK  -       -         R     (arrival)    255      -   150     0       0    (-,-) 
  u_sram_b_u_sram/Q[0] (P)     CLK->Q[0] F     sram00         1    0.6    18  1404    1404    (-,-) 
  Fp16481A4607/ZN      -       I->ZN     R     CKND0          1   13.8   242   135    1540    (-,-) 
  Fp16481A4605/ZN      -       I->ZN     F     CKND16         2 1000.0   402   294    1834    (-,-) 
  sc_b_mem_dout[0]     <<<     -         F     (port)         -      -     -     0    1834    (-,-) 
#---------------------------------------------------------------------------------------------------

(P) : Instance is preserved


