============================================================
  Generated by:           Genus(TM) Synthesis Solution 21.16-s062_1
  Generated on:           Apr 27 2026  05:30:48 pm
  Module:                 bus_slave_sram_ab
  Operating conditions:   WCCOM (balanced_tree)
  Wireload mode:          segmented
  Area mode:              timing library
============================================================

Timing
--------

Analysis view Clock  Period 
----------------------------
default_mode  Clk   25000.0 


  Analysis     Cost   Critical        Violating 
    View      Group  Path Slack  TNS    Paths   
------------------------------------------------
default_mode     C2C    11508.9  0.0          0 
                 C2O    16766.5  0.0          0 
                 Clk   No paths  0.0          0 
             default   No paths  0.0          0 
                 I2C    10613.0  0.0          0 
                 I2O   No paths  0.0          0 
------------------------------------------------
Total                           -0.0          0 
                                                

Instance Count
--------------
Leaf Instance Count             1288 
Physical Instance count            0 
Sequential Instance Count        255 
Combinational Instance Count    1033 
Hierarchical Instance Count        0 

Area
----
Cell Area                          85561.800
Physical Cell Area                 0.000
Total Cell Area (Cell+Physical)    85561.800
Net Area                           0.000
Total Area (Cell+Physical+Net)     85561.800

Power
-----
Leakage Power                      805309.782 nW
Dynamic Power                      1636226.214 nW
Total Power                        2441535.996 nW

Max Fanout                         255 (clk)
Min Fanout                         1 (u_slave_ab_n_123)
Average Fanout                     2.2
Terms to net ratio                 2.9530
Terms to instance ratio            3.8517
Runtime                            21.815515 seconds
Elapsed Runtime                    24 seconds
Genus peak memory usage            1510.62 
Innovus peak memory usage          no_value 
Hostname                           cadpc29.ee.columbia.edu
