============================================================
  Generated by:           Genus(TM) Synthesis Solution 21.16-s062_1
  Generated on:           Apr 27 2026  05:30:47 pm
  Module:                 bus_slave_sram_ab
  Operating conditions:   WCCOM (balanced_tree)
  Wireload mode:          segmented
  Area mode:              timing library
============================================================


Path 1: MET (11509 ps) Setup Check with Pin u_sram_b_bus_wbuf_reg[63]/CP->D
           Mode: default_mode
          Group: C2C
     Startpoint: (F) u_slave_ab_chab_wr_s_reg/CPN
          Clock: (F) Clk
       Endpoint: (R) u_sram_b_bus_wbuf_reg[63]/D
          Clock: (R) Clk

                     Capture       Launch     
        Clock Edge:+   25000        12500     
       Src Latency:+       0            0     
       Net Latency:+       0 (I)        0 (I) 
           Arrival:=   25000        12500     
                                              
             Setup:-       6                  
       Uncertainty:-     150                  
     Required Time:=   24844                  
      Launch Clock:-   12500                  
         Data Path:-     835                  
             Slack:=   11509                  

#------------------------------------------------------------------------------------------------------
#        Timing Point          Flags    Arc   Edge   Cell     Fanout Load Trans Delay Arrival Instance 
#                                                                    (fF)  (ps)  (ps)   (ps)  Location 
#------------------------------------------------------------------------------------------------------
  u_slave_ab_chab_wr_s_reg/CPN -       -      F     (arrival)    255    -   150     0   12500    (-,-) 
  u_slave_ab_chab_wr_s_reg/Q   -       CPN->Q F     DFND1          2  1.2    22   176   12676    (-,-) 
  p10973A8200__7410/ZN         -       A2->ZN R     CKND2D0       11  7.3   178   104   12780    (-,-) 
  Fp11040A9737/ZN              -       I->ZN  F     CKND0          5  3.3    74    79   12859    (-,-) 
  p11079A__6260/ZN             -       A1->ZN R     NR2D0         10  8.7   325   202   13062    (-,-) 
  Fp11122A/ZN                  -       I->ZN  F     CKND0          2  1.3    81    72   13133    (-,-) 
  p11119A9565__1617/ZN         -       B->ZN  R     OAI211D0       8  5.6   245    95   13228    (-,-) 
  p11166A__5526/Z              -       A2->Z  R     AO22D0         1  1.0    43   107   13335    (-,-) 
  u_sram_b_bus_wbuf_reg[63]/D  -       -      R     DFQD1          1    -     -     0   13335    (-,-) 
#------------------------------------------------------------------------------------------------------


