============================================================
  Generated by:           Genus(TM) Synthesis Solution 21.16-s062_1
  Generated on:           Apr 27 2026  08:53:15 pm
  Module:                 bus_slave_sram_c
  Technology libraries:   tcbn65gpluswc 200
                          USERLIB_nldm_ss_0p90v_0p90v_125c 1.1
  Operating conditions:   WCCOM (balanced_tree)
  Wireload mode:          segmented
  Area mode:              timing library
============================================================

                             
 Gate   Instances    Area                  Library               
-----------------------------------------------------------------
sram00          1  40208.160    USERLIB_nldm_ss_0p90v_0p90v_125c 
-----------------------------------------------------------------
total           1  40208.160                                     


                                          
     Type      Instances    Area   Area % 
------------------------------------------
timing_model           1 40208.160  100.0 
sequential            17     0.000    0.0 
inverter              32     0.000    0.0 
logic                208     0.000    0.0 
physical_cells         0     0.000    0.0 
------------------------------------------
total                258 40208.160  100.0 

