============================================================
  Generated by:           Genus(TM) Synthesis Solution 21.16-s062_1
  Generated on:           Apr 27 2026  08:53:16 pm
  Module:                 bus_slave_sram_c
  Operating conditions:   WCCOM (balanced_tree)
  Wireload mode:          segmented
  Area mode:              timing library
============================================================

	Timing
	------
      Endpoint        Slack  Cost Group      Mode      
-------------------------------------------------------
u_sram_c/u_sram/A[1]   11706        C2C   default_mode 
	Area
	----

    Instance     Module  Cell Count  Cell Area  Net Area   Total Area      Wireload     
----------------------------------------------------------------------------------------
bus_slave_sram_c                258  41824.703     0.000    41824.703 ZeroWireload (S)  
  (S) = wireload was automatically selected

	Design Rule Check
	-----------------

Max_transition design rule: no violations.

Max_capacitance design rule: no violations.



