============================================================
  Generated by:           Genus(TM) Synthesis Solution 21.16-s062_1
  Generated on:           Apr 27 2026  08:53:15 pm
  Module:                 bus_slave_sram_c
  Operating conditions:   WCCOM (balanced_tree)
  Wireload mode:          segmented
  Area mode:              timing library
============================================================


Path 1: UNCONSTRAINED
           Mode: default_mode
     Startpoint: (R) clk
          Clock: (R) Clk
       Endpoint: (F) u_slave_c/cnt_c_reg[12]/clk

                     Capture    Launch     
        Clock Edge:+       -         0     
        Drv Adjust:+       0         0     
       Src Latency:+       -         0     
       Net Latency:+       -         0 (I) 
           Arrival:=       -         0     
                                           
      Launch Clock:-       0               
       Input Delay:-       0               
         Data Path:-       9               

Exceptions/Constraints:
  input_delay              0              create_clock_delay_domain_1_Clk_R_0 

#--------------------------------------------------------------------------------------------------------------
#        Timing Point          Flags     Arc    Edge      Cell        Fanout Load Trans Delay Arrival Instance 
#                                                                            (fF)  (ps)  (ps)   (ps)  Location 
#--------------------------------------------------------------------------------------------------------------
  clk                         <<< (i,u) -       R     (arrival)            5  0.0     0     0       0    (-,-) 
  u_slave_c/g7/z              (i,u)     in_0->z F     unmapped_not        14  0.0     0     9       9    (-,-) 
  u_slave_c/cnt_c_reg[12]/clk -         -       F     unmapped_d_flop     14    -     -     0       9    (-,-) 
#--------------------------------------------------------------------------------------------------------------

(u) : Net has unmapped pin(s).
(i) : Net is ideal.


