============================================================
  Generated by:           Genus(TM) Synthesis Solution 21.16-s062_1
  Generated on:           Apr 27 2026  08:53:15 pm
  Module:                 bus_slave_sram_c
  Technology libraries:   tcbn65gpluswc 200
                          USERLIB_nldm_ss_0p90v_0p90v_125c 1.1
  Operating conditions:   WCCOM (balanced_tree)
  Wireload mode:          segmented
  Area mode:              timing library
============================================================

       Instance           Module      Cell Count  Cell Area  Net Area   Total Area      Wireload     
-----------------------------------------------------------------------------------------------------
bus_slave_sram_c                             258  41824.703     0.000    41824.703 ZeroWireload (S)  
  u_slave_c           bus_slave_c             94    406.950     0.000      406.950 ZeroWireload (S)  
    add_48_32         add_unsigned            62    154.416     0.000      154.416 ZeroWireload (S)  
    mux_cnt_c_45_17   bmux_1                  13     83.642     0.000       83.642 ZeroWireload (S)  
  u_sram_c            sram_wrapper_c         164  41417.752     0.000    41417.752 ZeroWireload (S)  
    mux_56_37         bmux                     1      6.434     0.000        6.434 ZeroWireload (S)  
    mux_86_28         bmux                     1      6.434     0.000        6.434 ZeroWireload (S)  
    mux_57_29         bmux                     1      6.434     0.000        6.434 ZeroWireload (S)  
    mux_87_28         bmux                     1      6.434     0.000        6.434 ZeroWireload (S)  
    mux_58_29         bmux_8                   9     57.906     0.000       57.906 ZeroWireload (S)  
    mux_88_28         bmux_8                   9     57.906     0.000       57.906 ZeroWireload (S)  
    mux_59_29         bmux_10                 64    411.776     0.000      411.776 ZeroWireload (S)  
    mux_89_28         bmux_10                 64    411.776     0.000      411.776 ZeroWireload (S)  
    mux_sram_q_106_26 bmux_12                  8    205.888     0.000      205.888 ZeroWireload (S)  
  (S) = wireload was automatically selected
