============================================================
  Generated by:           Genus(TM) Synthesis Solution 21.16-s062_1
  Generated on:           Apr 27 2026  08:53:15 pm
  Module:                 bus_slave_sram_c
  Operating conditions:   WCCOM (balanced_tree)
  Wireload mode:          segmented
  Area mode:              timing library
============================================================

#------------------------------------------------------------------------
#   ID  Slack                Endpoint               Group      Mode      
#        (ps)                                                            
#------------------------------------------------------------------------
      1 11706   u_sram_c/u_sram/A[1]                  C2C   default_mode 
      2 11706   u_sram_c/u_sram/A[3]                  C2C   default_mode 
      3 11706   u_sram_c/u_sram/A[5]                  C2C   default_mode 
      4 11706   u_sram_c/u_sram/A[7]                  C2C   default_mode 
      5 11709   u_sram_c/u_sram/A[4]                  C2C   default_mode 
      6 11709   u_sram_c/u_sram/A[0]                  C2C   default_mode 
      7 11709   u_sram_c/u_sram/A[6]                  C2C   default_mode 
      8 11709   u_sram_c/u_sram/A[2]                  C2C   default_mode 
      9 11709   u_sram_c/u_sram/A[8]                  C2C   default_mode 
     10 11834   u_sram_c/u_sram/CEN                   C2C   default_mode 
     11 11918   u_slave_c/cnt_c_reg[12]/sena          I2C   default_mode 
     12 11918   u_slave_c/cnt_c_reg[11]/sena          I2C   default_mode 
     13 11918   u_slave_c/cnt_c_reg[10]/sena          I2C   default_mode 
     14 11918   u_slave_c/cnt_c_reg[9]/sena           I2C   default_mode 
     15 11918   u_slave_c/cnt_c_reg[8]/sena           I2C   default_mode 
     16 11918   u_slave_c/cnt_c_reg[7]/sena           I2C   default_mode 
     17 11918   u_slave_c/cnt_c_reg[6]/sena           I2C   default_mode 
     18 11918   u_slave_c/cnt_c_reg[5]/sena           I2C   default_mode 
     19 11918   u_slave_c/cnt_c_reg[4]/sena           I2C   default_mode 
     20 11918   u_slave_c/cnt_c_reg[3]/sena           I2C   default_mode 
     21 11918   u_slave_c/cnt_c_reg[2]/sena           I2C   default_mode 
     22 11918   u_slave_c/cnt_c_reg[1]/sena           I2C   default_mode 
     23 11918   u_slave_c/cnt_c_reg[0]/sena           I2C   default_mode 
     24 11949   u_slave_c/cnt_c_reg[12]/d             I2C   default_mode 
     25 11949   u_slave_c/cnt_c_reg[11]/d             I2C   default_mode 
     26 11949   u_slave_c/cnt_c_reg[10]/d             I2C   default_mode 
     27 11949   u_slave_c/cnt_c_reg[9]/d              I2C   default_mode 
     28 11949   u_slave_c/cnt_c_reg[8]/d              I2C   default_mode 
     29 11949   u_slave_c/cnt_c_reg[7]/d              I2C   default_mode 
     30 11949   u_slave_c/cnt_c_reg[6]/d              I2C   default_mode 
     31 11949   u_slave_c/cnt_c_reg[5]/d              I2C   default_mode 
     32 11949   u_slave_c/cnt_c_reg[4]/d              I2C   default_mode 
     33 11949   u_slave_c/cnt_c_reg[3]/d              I2C   default_mode 
     34 11949   u_slave_c/cnt_c_reg[1]/d              I2C   default_mode 
     35 11949   u_slave_c/cnt_c_reg[2]/d              I2C   default_mode 
     36 11949   u_slave_c/cnt_c_reg[0]/d              I2C   default_mode 
     37 12007   u_slave_c/cnt_c_reg[12]/srl           I2C   default_mode 
     38 12007   u_slave_c/cnt_c_reg[11]/srl           I2C   default_mode 
     39 12007   u_slave_c/cnt_c_reg[10]/srl           I2C   default_mode 
     40 12007   u_slave_c/cnt_c_reg[9]/srl            I2C   default_mode 
     41 12007   u_slave_c/cnt_c_reg[8]/srl            I2C   default_mode 
     42 12007   u_slave_c/cnt_c_reg[7]/srl            I2C   default_mode 
     43 12007   u_slave_c/cnt_c_reg[6]/srl            I2C   default_mode 
     44 12007   u_slave_c/cnt_c_reg[5]/srl            I2C   default_mode 
     45 12007   u_slave_c/cnt_c_reg[4]/srl            I2C   default_mode 
     46 12007   u_slave_c/cnt_c_reg[3]/srl            I2C   default_mode 
     47 12007   u_slave_c/cnt_c_reg[2]/srl            I2C   default_mode 
     48 12007   u_slave_c/cnt_c_reg[1]/srl            I2C   default_mode 
     49 12007   u_slave_c/cnt_c_reg[0]/srl            I2C   default_mode 
     50 12007   u_slave_c/chc_rd_s_reg/srl            I2C   default_mode 
     51 12046   u_slave_c/chc_rd_s_reg/d              I2C   default_mode 
     52 12096   u_sram_c/bus_byte_sel_d1_reg[2]/d     C2C   default_mode 
     53 12096   u_sram_c/bus_byte_sel_d1_reg[1]/d     C2C   default_mode 
     54 12096   u_sram_c/bus_byte_sel_d1_reg[0]/d     C2C   default_mode 
     55 16973   chip_chc_rdata[2]                     C2O   default_mode 
     56 16973   chip_chc_rdata[3]                     C2O   default_mode 
     57 16973   chip_chc_rdata[4]                     C2O   default_mode 
     58 16973   chip_chc_rdata[0]                     C2O   default_mode 
     59 16973   chip_chc_rdata[1]                     C2O   default_mode 
     60 16973   chip_chc_rdata[5]                     C2O   default_mode 
     61 16973   chip_chc_rdata[6]                     C2O   default_mode 
     62 16973   chip_chc_rdata[7]                     C2O   default_mode 
     63 17163   sc_mem_dout[5]                        C2O   default_mode 
     64 17163   sc_mem_dout[6]                        C2O   default_mode 
     65 17163   sc_mem_dout[7]                        C2O   default_mode 
     66 17163   sc_mem_dout[8]                        C2O   default_mode 
     67 17163   sc_mem_dout[9]                        C2O   default_mode 
     68 17163   sc_mem_dout[10]                       C2O   default_mode 
     69 17163   sc_mem_dout[4]                        C2O   default_mode 
     70 17163   sc_mem_dout[11]                       C2O   default_mode 
     71 17163   sc_mem_dout[13]                       C2O   default_mode 
     72 17163   sc_mem_dout[14]                       C2O   default_mode 
     73 17163   sc_mem_dout[15]                       C2O   default_mode 
     74 17163   sc_mem_dout[17]                       C2O   default_mode 
     75 17163   sc_mem_dout[18]                       C2O   default_mode 
     76 17163   sc_mem_dout[19]                       C2O   default_mode 
     77 17163   sc_mem_dout[32]                       C2O   default_mode 
     78 17163   sc_mem_dout[21]                       C2O   default_mode 
     79 17163   sc_mem_dout[22]                       C2O   default_mode 
     80 17163   sc_mem_dout[23]                       C2O   default_mode 
     81 17163   sc_mem_dout[25]                       C2O   default_mode 
     82 17163   sc_mem_dout[26]                       C2O   default_mode 
     83 17163   sc_mem_dout[27]                       C2O   default_mode 
     84 17163   sc_mem_dout[20]                       C2O   default_mode 
     85 17163   sc_mem_dout[29]                       C2O   default_mode 
     86 17163   sc_mem_dout[30]                       C2O   default_mode 
     87 17163   sc_mem_dout[31]                       C2O   default_mode 
     88 17163   sc_mem_dout[33]                       C2O   default_mode 
     89 17163   sc_mem_dout[35]                       C2O   default_mode 
     90 17163   sc_mem_dout[58]                       C2O   default_mode 
     91 17163   sc_mem_dout[37]                       C2O   default_mode 
     92 17163   sc_mem_dout[38]                       C2O   default_mode 
     93 17163   sc_mem_dout[39]                       C2O   default_mode 
     94 17163   sc_mem_dout[41]                       C2O   default_mode 
     95 17163   sc_mem_dout[42]                       C2O   default_mode 
     96 17163   sc_mem_dout[43]                       C2O   default_mode 
     97 17163   sc_mem_dout[59]                       C2O   default_mode 
     98 17163   sc_mem_dout[45]                       C2O   default_mode 
     99 17163   sc_mem_dout[46]                       C2O   default_mode 
    100 17163   sc_mem_dout[47]                       C2O   default_mode 
    101 17163   sc_mem_dout[62]                       C2O   default_mode 
    102 17163   sc_mem_dout[49]                       C2O   default_mode 
    103 17163   sc_mem_dout[50]                       C2O   default_mode 
    104 17163   sc_mem_dout[63]                       C2O   default_mode 
    105 17163   sc_mem_dout[60]                       C2O   default_mode 
    106 17163   sc_mem_dout[57]                       C2O   default_mode 
    107 17163   sc_mem_dout[16]                       C2O   default_mode 
    108 17163   sc_mem_dout[36]                       C2O   default_mode 
    109 17163   sc_mem_dout[53]                       C2O   default_mode 
    110 17163   sc_mem_dout[54]                       C2O   default_mode 
    111 17163   sc_mem_dout[55]                       C2O   default_mode 
    112 17163   sc_mem_dout[48]                       C2O   default_mode 
    113 17163   sc_mem_dout[61]                       C2O   default_mode 
    114 17163   sc_mem_dout[34]                       C2O   default_mode 
    115 17163   sc_mem_dout[12]                       C2O   default_mode 
    116 17163   sc_mem_dout[28]                       C2O   default_mode 
    117 17163   sc_mem_dout[44]                       C2O   default_mode 
    118 17163   sc_mem_dout[56]                       C2O   default_mode 
    119 17163   sc_mem_dout[40]                       C2O   default_mode 
    120 17163   sc_mem_dout[51]                       C2O   default_mode 
    121 17163   sc_mem_dout[52]                       C2O   default_mode 
    122 17163   sc_mem_dout[24]                       C2O   default_mode 
    123 17163   sc_mem_dout[0]                        C2O   default_mode 
    124 17163   sc_mem_dout[1]                        C2O   default_mode 
    125 17163   sc_mem_dout[2]                        C2O   default_mode 
    126 17163   sc_mem_dout[3]                        C2O   default_mode 
    127 24333   u_sram_c/u_sram/WEN                   I2C   default_mode 
    128 24363   u_sram_c/u_sram/D[46]                 I2C   default_mode 
    129 24363   u_sram_c/u_sram/D[59]                 I2C   default_mode 
    130 24363   u_sram_c/u_sram/D[26]                 I2C   default_mode 
    131 24363   u_sram_c/u_sram/D[63]                 I2C   default_mode 
    132 24363   u_sram_c/u_sram/D[47]                 I2C   default_mode 
    133 24363   u_sram_c/u_sram/D[41]                 I2C   default_mode 
    134 24363   u_sram_c/u_sram/D[52]                 I2C   default_mode 
    135 24363   u_sram_c/u_sram/D[30]                 I2C   default_mode 
    136 24363   u_sram_c/u_sram/D[8]                  I2C   default_mode 
    137 24363   u_sram_c/u_sram/D[11]                 I2C   default_mode 
    138 24363   u_sram_c/u_sram/D[37]                 I2C   default_mode 
    139 24363   u_sram_c/u_sram/D[13]                 I2C   default_mode 
    140 24363   u_sram_c/u_sram/D[7]                  I2C   default_mode 
    141 24363   u_sram_c/u_sram/D[31]                 I2C   default_mode 
    142 24363   u_sram_c/u_sram/D[3]                  I2C   default_mode 
    143 24363   u_sram_c/u_sram/D[15]                 I2C   default_mode 
    144 24363   u_sram_c/u_sram/D[6]                  I2C   default_mode 
    145 24363   u_sram_c/u_sram/D[34]                 I2C   default_mode 
    146 24363   u_sram_c/u_sram/D[43]                 I2C   default_mode 
    147 24363   u_sram_c/u_sram/D[35]                 I2C   default_mode 
    148 24363   u_sram_c/u_sram/D[28]                 I2C   default_mode 
    149 24363   u_sram_c/u_sram/D[5]                  I2C   default_mode 
    150 24363   u_sram_c/u_sram/D[32]                 I2C   default_mode 
    151 24363   u_sram_c/u_sram/D[54]                 I2C   default_mode 
    152 24363   u_sram_c/u_sram/D[58]                 I2C   default_mode 
    153 24363   u_sram_c/u_sram/D[2]                  I2C   default_mode 
    154 24363   u_sram_c/u_sram/D[44]                 I2C   default_mode 
    155 24363   u_sram_c/u_sram/D[45]                 I2C   default_mode 
    156 24363   u_sram_c/u_sram/D[38]                 I2C   default_mode 
    157 24363   u_sram_c/u_sram/D[17]                 I2C   default_mode 
    158 24363   u_sram_c/u_sram/D[21]                 I2C   default_mode 
    159 24363   u_sram_c/u_sram/D[22]                 I2C   default_mode 
    160 24363   u_sram_c/u_sram/D[53]                 I2C   default_mode 
    161 24363   u_sram_c/u_sram/D[55]                 I2C   default_mode 
    162 24363   u_sram_c/u_sram/D[9]                  I2C   default_mode 
    163 24363   u_sram_c/u_sram/D[27]                 I2C   default_mode 
    164 24363   u_sram_c/u_sram/D[25]                 I2C   default_mode 
    165 24363   u_sram_c/u_sram/D[23]                 I2C   default_mode 
    166 24363   u_sram_c/u_sram/D[0]                  I2C   default_mode 
    167 24363   u_sram_c/u_sram/D[29]                 I2C   default_mode 
    168 24363   u_sram_c/u_sram/D[40]                 I2C   default_mode 
    169 24363   u_sram_c/u_sram/D[62]                 I2C   default_mode 
    170 24363   u_sram_c/u_sram/D[14]                 I2C   default_mode 
    171 24363   u_sram_c/u_sram/D[16]                 I2C   default_mode 
    172 24363   u_sram_c/u_sram/D[61]                 I2C   default_mode 
    173 24363   u_sram_c/u_sram/D[18]                 I2C   default_mode 
    174 24363   u_sram_c/u_sram/D[39]                 I2C   default_mode 
    175 24363   u_sram_c/u_sram/D[12]                 I2C   default_mode 
    176 24363   u_sram_c/u_sram/D[4]                  I2C   default_mode 
    177 24363   u_sram_c/u_sram/D[48]                 I2C   default_mode 
    178 24363   u_sram_c/u_sram/D[51]                 I2C   default_mode 
    179 24363   u_sram_c/u_sram/D[1]                  I2C   default_mode 
    180 24363   u_sram_c/u_sram/D[33]                 I2C   default_mode 
    181 24363   u_sram_c/u_sram/D[10]                 I2C   default_mode 
    182 24363   u_sram_c/u_sram/D[50]                 I2C   default_mode 
    183 24363   u_sram_c/u_sram/D[49]                 I2C   default_mode 
    184 24363   u_sram_c/u_sram/D[60]                 I2C   default_mode 
    185 24363   u_sram_c/u_sram/D[42]                 I2C   default_mode 
    186 24363   u_sram_c/u_sram/D[36]                 I2C   default_mode 
    187 24363   u_sram_c/u_sram/D[20]                 I2C   default_mode 
    188 24363   u_sram_c/u_sram/D[19]                 I2C   default_mode 
    189 24363   u_sram_c/u_sram/D[24]                 I2C   default_mode 
    190 24363   u_sram_c/u_sram/D[56]                 I2C   default_mode 
    191 24363   u_sram_c/u_sram/D[57]                 I2C   default_mode 
    192 24520   u_sram_c/bus_byte_sel_d1_reg[0]/srl   I2C   default_mode 
    193 24520   u_sram_c/bus_byte_sel_d1_reg[1]/srl   I2C   default_mode 
    194 24520   u_sram_c/bus_byte_sel_d1_reg[2]/srl   I2C   default_mode 
#------------------------------------------------------------------------


