============================================================
  Generated by:           Genus(TM) Synthesis Solution 21.16-s062_1
  Generated on:           Apr 27 2026  08:53:15 pm
  Module:                 bus_slave_sram_c
  Operating conditions:   WCCOM (balanced_tree)
  Wireload mode:          segmented
  Area mode:              timing library
============================================================


Path 1: MET (11918 ps) Setup Check with Pin u_slave_c/cnt_c_reg[12]/clk->sena
           Mode: default_mode
          Group: I2C
     Startpoint: (F) chip_chc_start
          Clock: (R) Clk
       Endpoint: (R) u_slave_c/cnt_c_reg[12]/sena
          Clock: (F) Clk

                     Capture       Launch     
        Clock Edge:+   12500            0     
        Drv Adjust:+       0            0     
       Src Latency:+       0            0     
       Net Latency:+       0 (I)        0 (I) 
           Arrival:=   12500            0     
                                              
             Setup:-     101                  
       Uncertainty:-     150                  
     Required Time:=   12249                  
      Launch Clock:-       0                  
       Input Delay:-     250                  
         Data Path:-      81                  
             Slack:=   11918                  

Exceptions/Constraints:
  input_delay             250             sram_wrapper_c.sdc_line_28_1_1 

#--------------------------------------------------------------------------------------------------------------
#        Timing Point          Flags    Arc    Edge      Cell        Fanout  Load Trans Delay Arrival Instance 
#                                                                            (fF)  (ps)  (ps)   (ps)  Location 
#--------------------------------------------------------------------------------------------------------------
  chip_chc_start               <<< (u) -       F     (arrival)           15 534.5     0     0     250    (-,-) 
  u_slave_c/g5/z               (u)     in_0->z R     unmapped_not         1   2.3     0    13     263    (-,-) 
  u_slave_c/g8/z               (u)     in_1->z R     unmapped_and2        1   2.3     0    21     284    (-,-) 
  u_slave_c/g9/z               (u)     in_0->z R     unmapped_or2        13  13.8     0    47     331    (-,-) 
  u_slave_c/cnt_c_reg[12]/sena -       -       R     unmapped_d_flop     13     -     -     0     331    (-,-) 
#--------------------------------------------------------------------------------------------------------------

(u) : Net has unmapped pin(s).


