============================================================
  Generated by:           Genus(TM) Synthesis Solution 21.16-s062_1
  Generated on:           Apr 27 2026  08:53:15 pm
  Module:                 bus_slave_sram_c
  Operating conditions:   WCCOM (balanced_tree)
  Wireload mode:          segmented
  Area mode:              timing library
============================================================


Path 1: MET (11706 ps) Setup Check with Pin u_sram_c/u_sram/CLK->A[1]
           Mode: default_mode
          Group: C2C
     Startpoint: (R) u_slave_c/cnt_c_reg[4]/clk
          Clock: (F) Clk
       Endpoint: (F) u_sram_c/u_sram/A[1]
          Clock: (R) Clk

                     Capture       Launch     
        Clock Edge:+   25000        12500     
       Src Latency:+       0            0     
       Net Latency:+       0 (I)        0 (I) 
           Arrival:=   25000        12500     
                                              
             Setup:-     341                  
       Uncertainty:-     150                  
     Required Time:=   24509                  
      Launch Clock:-   12500                  
         Data Path:-     303                  
             Slack:=   11706                  

#------------------------------------------------------------------------------------------------------------
#       Timing Point         Flags     Arc    Edge      Cell        Fanout Load Trans Delay Arrival Instance 
#                                                                          (fF)  (ps)  (ps)   (ps)  Location 
#------------------------------------------------------------------------------------------------------------
  u_slave_c/cnt_c_reg[4]/clk -       -        R     (arrival)           14    -   150     0   12500    (-,-) 
  u_slave_c/cnt_c_reg[4]/q   (u)     clk->q   F     unmapped_d_flop      3  6.9     0   199   12699    (-,-) 
  u_sram_c/mux_58_29/g8/z    (u)     data0->z F     unmapped_bmux3       1  2.3     0    50   12749    (-,-) 
  u_sram_c/mux_88_28/g8/z    (u)     data0->z F     unmapped_bmux3       1  5.6     0    54   12803    (-,-) 
  u_sram_c/u_sram/A[1]       (P)     -        F     sram00               1    -     -     0   12803    (-,-) 
#------------------------------------------------------------------------------------------------------------

(P) : Instance is preserved
(u) : Net has unmapped pin(s).


