============================================================
  Generated by:           Genus(TM) Synthesis Solution 21.16-s062_1
  Generated on:           Apr 27 2026  08:53:15 pm
  Module:                 bus_slave_sram_c
  Operating conditions:   WCCOM (balanced_tree)
  Wireload mode:          segmented
  Area mode:              timing library
============================================================


Path 1: MET (16973 ps) Late External Delay Assertion at pin chip_chc_rdata[0]
           Mode: default_mode
          Group: C2O
     Startpoint: (R) u_sram_c/u_sram/CLK
          Clock: (R) Clk
       Endpoint: (F) chip_chc_rdata[0]
          Clock: (R) Clk

                     Capture       Launch     
        Clock Edge:+   25000            0     
       Src Latency:+       0            0     
       Net Latency:+       0 (I)        0 (I) 
           Arrival:=   25000            0     
                                              
      Output Delay:-    6250                  
       Uncertainty:-     150                  
     Required Time:=   18600                  
      Launch Clock:-       0                  
         Data Path:-    1627                  
             Slack:=   16973                  

Exceptions/Constraints:
  output_delay             6250            sram_wrapper_c.sdc_line_31_309_1 

#-------------------------------------------------------------------------------------------------------------------
#          Timing Point           Flags     Arc     Edge      Cell        Fanout  Load Trans Delay Arrival Instance 
#                                                                                 (fF)  (ps)  (ps)   (ps)  Location 
#-------------------------------------------------------------------------------------------------------------------
  u_sram_c/u_sram/CLK             -       -         R     (arrival)            5     -   150     0       0    (-,-) 
  u_sram_c/u_sram/Q[0]            (u,P)   CLK->Q[0] F     sram00               2 502.3    46  1437    1437    (-,-) 
  u_sram_c/mux_sram_q_106_26/g8/z (u)     data7->z  F     unmapped_bmux11      1 500.0     0   190    1627    (-,-) 
  chip_chc_rdata[0]               <<<     -         F     (port)               -     -     -     0    1627    (-,-) 
#-------------------------------------------------------------------------------------------------------------------

(P) : Instance is preserved
(u) : Net has unmapped pin(s).


