============================================================
  Generated by:           Genus(TM) Synthesis Solution 21.16-s062_1
  Generated on:           Apr 27 2026  08:53:19 pm
  Module:                 bus_slave_sram_c
  Operating conditions:   WCCOM (balanced_tree)
  Wireload mode:          segmented
  Area mode:              timing library
============================================================


Path 1: MET (11724 ps) Setup Check with Pin u_slave_c_cnt_c_reg[0]/CPN->D
           Mode: default_mode
          Group: I2C
     Startpoint: (R) rstn
          Clock: (R) Clk
       Endpoint: (R) u_slave_c_cnt_c_reg[0]/D
          Clock: (F) Clk

                     Capture       Launch     
        Clock Edge:+   12500            0     
        Drv Adjust:+       0            0     
       Src Latency:+       0            0     
       Net Latency:+       0 (I)        0 (I) 
           Arrival:=   12500            0     
                                              
             Setup:-     -25                  
       Uncertainty:-     150                  
     Required Time:=   12375                  
      Launch Clock:-       0                  
       Input Delay:-     250                  
         Data Path:-     401                  
             Slack:=   11724                  

Exceptions/Constraints:
  input_delay             250             sram_wrapper_c.sdc_line_28 

#---------------------------------------------------------------------------------------------------
#      Timing Point        Flags    Arc   Edge   Cell     Fanout  Load Trans Delay Arrival Instance 
#                                                                 (fF)  (ps)  (ps)   (ps)  Location 
#---------------------------------------------------------------------------------------------------
  rstn                     -       -      R     (arrival)      5 504.0     0     0     250    (-,-) 
  p11457A__1666/ZN         -       A1->ZN R     INR2D0         2   1.3    75    67     317    (-,-) 
  p11496A__2346/ZN         -       A1->ZN R     INR2D0        12   8.4   313   217     534    (-,-) 
  p11614A2189__9315/ZN     -       B2->ZN R     MOAI22D0       1   0.8    80   117     651    (-,-) 
  u_slave_c_cnt_c_reg[0]/D -       -      R     DFND1          1     -     -     0     651    (-,-) 
#---------------------------------------------------------------------------------------------------


