============================================================
  Generated by:           Genus(TM) Synthesis Solution 21.16-s062_1
  Generated on:           Apr 27 2026  08:53:19 pm
  Module:                 bus_slave_sram_c
  Operating conditions:   WCCOM (balanced_tree)
  Wireload mode:          segmented
  Area mode:              timing library
============================================================


Path 1: MET (16775 ps) Late External Delay Assertion at pin chip_chc_rdata[1]
           Mode: default_mode
          Group: C2O
     Startpoint: (R) u_sram_c_u_sram/CLK
          Clock: (R) Clk
       Endpoint: (F) chip_chc_rdata[1]
          Clock: (R) Clk

                     Capture       Launch     
        Clock Edge:+   25000            0     
       Src Latency:+       0            0     
       Net Latency:+       0 (I)        0 (I) 
           Arrival:=   25000            0     
                                              
      Output Delay:-    6250                  
       Uncertainty:-     150                  
     Required Time:=   18600                  
      Launch Clock:-       0                  
         Data Path:-    1825                  
             Slack:=   16775                  

Exceptions/Constraints:
  output_delay             6250            sram_wrapper_c.sdc_line_31_308_1 

#----------------------------------------------------------------------------------------------------
#     Timing Point      Flags      Arc     Edge   Cell     Fanout  Load Trans Delay Arrival Instance 
#                                                                  (fF)  (ps)  (ps)   (ps)  Location 
#----------------------------------------------------------------------------------------------------
  u_sram_c_u_sram/CLK   -       -          R     (arrival)     17     -   150     0       0    (-,-) 
  u_sram_c_u_sram/Q[49] (P)     CLK->Q[49] F     sram00         2   3.3    20  1405    1405    (-,-) 
  p16247A4474__9315/ZN  -       B1->ZN     R     AOI22D0        1   1.0    93    73    1478    (-,-) 
  p16253A4461__4319/ZN  -       A4->ZN     F     ND4D8          1 500.0   330   347    1825    (-,-) 
  chip_chc_rdata[1]     -       -          F     (port)         -     -     -     0    1825    (-,-) 
#----------------------------------------------------------------------------------------------------

(P) : Instance is preserved


