============================================================
  Generated by:           Genus(TM) Synthesis Solution 21.16-s062_1
  Generated on:           Apr 27 2026  08:53:19 pm
  Module:                 bus_slave_sram_c
  Operating conditions:   WCCOM (balanced_tree)
  Wireload mode:          segmented
  Area mode:              timing library
============================================================

#-----------------------------------------------------------------------
#   ID  Slack               Endpoint               Group      Mode      
#        (ps)                                                           
#-----------------------------------------------------------------------
      1 11627   u_sram_c_u_sram/A[0]                 C2C   default_mode 
      2 11627   u_sram_c_u_sram/A[1]                 C2C   default_mode 
      3 11627   u_sram_c_u_sram/A[2]                 C2C   default_mode 
      4 11627   u_sram_c_u_sram/A[3]                 C2C   default_mode 
      5 11627   u_sram_c_u_sram/A[4]                 C2C   default_mode 
      6 11627   u_sram_c_u_sram/A[5]                 C2C   default_mode 
      7 11627   u_sram_c_u_sram/A[6]                 C2C   default_mode 
      8 11627   u_sram_c_u_sram/A[7]                 C2C   default_mode 
      9 11630   u_sram_c_u_sram/A[8]                 C2C   default_mode 
     10 11724   u_slave_c_cnt_c_reg[3]/D             I2C   default_mode 
     11 11724   u_slave_c_cnt_c_reg[7]/D             I2C   default_mode 
     12 11724   u_slave_c_cnt_c_reg[8]/D             I2C   default_mode 
     13 11724   u_slave_c_cnt_c_reg[0]/D             I2C   default_mode 
     14 11724   u_slave_c_cnt_c_reg[9]/D             I2C   default_mode 
     15 11724   u_slave_c_cnt_c_reg[1]/D             I2C   default_mode 
     16 11724   u_slave_c_cnt_c_reg[4]/D             I2C   default_mode 
     17 11724   u_slave_c_cnt_c_reg[10]/D            I2C   default_mode 
     18 11724   u_slave_c_cnt_c_reg[2]/D             I2C   default_mode 
     19 11724   u_slave_c_cnt_c_reg[5]/D             I2C   default_mode 
     20 11724   u_slave_c_cnt_c_reg[11]/D            I2C   default_mode 
     21 11724   u_slave_c_cnt_c_reg[6]/D             I2C   default_mode 
     22 11883   u_sram_c_u_sram/CEN                  C2C   default_mode 
     23 12046   u_sram_c_bus_byte_sel_d1_reg[2]/D    C2C   default_mode 
     24 12046   u_sram_c_bus_byte_sel_d1_reg[1]/D    C2C   default_mode 
     25 12047   u_sram_c_bus_byte_sel_d1_reg[0]/D    C2C   default_mode 
     26 12049   u_slave_c_chc_rd_s_reg/D             I2C   default_mode 
     27 16775   chip_chc_rdata[1]                    C2O   default_mode 
     28 16775   chip_chc_rdata[2]                    C2O   default_mode 
     29 16775   chip_chc_rdata[3]                    C2O   default_mode 
     30 16775   chip_chc_rdata[6]                    C2O   default_mode 
     31 16775   chip_chc_rdata[7]                    C2O   default_mode 
     32 16775   chip_chc_rdata[0]                    C2O   default_mode 
     33 16775   chip_chc_rdata[5]                    C2O   default_mode 
     34 16775   chip_chc_rdata[4]                    C2O   default_mode 
     35 16902   sc_mem_dout[33]                      C2O   default_mode 
     36 16902   sc_mem_dout[34]                      C2O   default_mode 
     37 16902   sc_mem_dout[35]                      C2O   default_mode 
     38 16902   sc_mem_dout[36]                      C2O   default_mode 
     39 16902   sc_mem_dout[37]                      C2O   default_mode 
     40 16902   sc_mem_dout[38]                      C2O   default_mode 
     41 16902   sc_mem_dout[32]                      C2O   default_mode 
     42 16902   sc_mem_dout[39]                      C2O   default_mode 
     43 16902   sc_mem_dout[63]                      C2O   default_mode 
     44 16902   sc_mem_dout[41]                      C2O   default_mode 
     45 16902   sc_mem_dout[28]                      C2O   default_mode 
     46 16902   sc_mem_dout[42]                      C2O   default_mode 
     47 16902   sc_mem_dout[43]                      C2O   default_mode 
     48 16902   sc_mem_dout[45]                      C2O   default_mode 
     49 16902   sc_mem_dout[24]                      C2O   default_mode 
     50 16902   sc_mem_dout[46]                      C2O   default_mode 
     51 16902   sc_mem_dout[47]                      C2O   default_mode 
     52 16902   sc_mem_dout[48]                      C2O   default_mode 
     53 16902   sc_mem_dout[49]                      C2O   default_mode 
     54 16902   sc_mem_dout[50]                      C2O   default_mode 
     55 16902   sc_mem_dout[51]                      C2O   default_mode 
     56 16902   sc_mem_dout[53]                      C2O   default_mode 
     57 16902   sc_mem_dout[16]                      C2O   default_mode 
     58 16902   sc_mem_dout[54]                      C2O   default_mode 
     59 16902   sc_mem_dout[55]                      C2O   default_mode 
     60 16902   sc_mem_dout[57]                      C2O   default_mode 
     61 16902   sc_mem_dout[12]                      C2O   default_mode 
     62 16902   sc_mem_dout[58]                      C2O   default_mode 
     63 16902   sc_mem_dout[59]                      C2O   default_mode 
     64 16902   sc_mem_dout[62]                      C2O   default_mode 
     65 16902   sc_mem_dout[8]                       C2O   default_mode 
     66 16902   sc_mem_dout[61]                      C2O   default_mode 
     67 16902   sc_mem_dout[40]                      C2O   default_mode 
     68 16902   sc_mem_dout[44]                      C2O   default_mode 
     69 16902   sc_mem_dout[56]                      C2O   default_mode 
     70 16902   sc_mem_dout[60]                      C2O   default_mode 
     71 16902   sc_mem_dout[0]                       C2O   default_mode 
     72 16902   sc_mem_dout[52]                      C2O   default_mode 
     73 16902   sc_mem_dout[1]                       C2O   default_mode 
     74 16902   sc_mem_dout[2]                       C2O   default_mode 
     75 16902   sc_mem_dout[3]                       C2O   default_mode 
     76 16902   sc_mem_dout[4]                       C2O   default_mode 
     77 16902   sc_mem_dout[5]                       C2O   default_mode 
     78 16902   sc_mem_dout[6]                       C2O   default_mode 
     79 16902   sc_mem_dout[7]                       C2O   default_mode 
     80 16902   sc_mem_dout[9]                       C2O   default_mode 
     81 16902   sc_mem_dout[10]                      C2O   default_mode 
     82 16902   sc_mem_dout[11]                      C2O   default_mode 
     83 16902   sc_mem_dout[13]                      C2O   default_mode 
     84 16902   sc_mem_dout[14]                      C2O   default_mode 
     85 16902   sc_mem_dout[15]                      C2O   default_mode 
     86 16902   sc_mem_dout[17]                      C2O   default_mode 
     87 16902   sc_mem_dout[18]                      C2O   default_mode 
     88 16902   sc_mem_dout[19]                      C2O   default_mode 
     89 16902   sc_mem_dout[20]                      C2O   default_mode 
     90 16902   sc_mem_dout[21]                      C2O   default_mode 
     91 16902   sc_mem_dout[22]                      C2O   default_mode 
     92 16902   sc_mem_dout[23]                      C2O   default_mode 
     93 16902   sc_mem_dout[25]                      C2O   default_mode 
     94 16902   sc_mem_dout[26]                      C2O   default_mode 
     95 16902   sc_mem_dout[27]                      C2O   default_mode 
     96 16902   sc_mem_dout[29]                      C2O   default_mode 
     97 16902   sc_mem_dout[30]                      C2O   default_mode 
     98 16902   sc_mem_dout[31]                      C2O   default_mode 
     99 24019   u_sram_c_u_sram/D[4]                 I2C   default_mode 
    100 24019   u_sram_c_u_sram/D[44]                I2C   default_mode 
    101 24019   u_sram_c_u_sram/D[46]                I2C   default_mode 
    102 24019   u_sram_c_u_sram/D[13]                I2C   default_mode 
    103 24019   u_sram_c_u_sram/D[14]                I2C   default_mode 
    104 24019   u_sram_c_u_sram/D[32]                I2C   default_mode 
    105 24019   u_sram_c_u_sram/D[38]                I2C   default_mode 
    106 24019   u_sram_c_u_sram/D[52]                I2C   default_mode 
    107 24019   u_sram_c_u_sram/D[40]                I2C   default_mode 
    108 24019   u_sram_c_u_sram/D[54]                I2C   default_mode 
    109 24019   u_sram_c_u_sram/D[0]                 I2C   default_mode 
    110 24019   u_sram_c_u_sram/D[57]                I2C   default_mode 
    111 24019   u_sram_c_u_sram/D[51]                I2C   default_mode 
    112 24019   u_sram_c_u_sram/D[8]                 I2C   default_mode 
    113 24019   u_sram_c_u_sram/D[60]                I2C   default_mode 
    114 24019   u_sram_c_u_sram/D[45]                I2C   default_mode 
    115 24019   u_sram_c_u_sram/D[25]                I2C   default_mode 
    116 24019   u_sram_c_u_sram/D[17]                I2C   default_mode 
    117 24019   u_sram_c_u_sram/D[47]                I2C   default_mode 
    118 24019   u_sram_c_u_sram/D[27]                I2C   default_mode 
    119 24019   u_sram_c_u_sram/D[28]                I2C   default_mode 
    120 24019   u_sram_c_u_sram/D[55]                I2C   default_mode 
    121 24019   u_sram_c_u_sram/D[18]                I2C   default_mode 
    122 24019   u_sram_c_u_sram/D[3]                 I2C   default_mode 
    123 24019   u_sram_c_u_sram/D[62]                I2C   default_mode 
    124 24019   u_sram_c_u_sram/D[24]                I2C   default_mode 
    125 24019   u_sram_c_u_sram/D[58]                I2C   default_mode 
    126 24019   u_sram_c_u_sram/D[63]                I2C   default_mode 
    127 24019   u_sram_c_u_sram/D[50]                I2C   default_mode 
    128 24019   u_sram_c_u_sram/D[49]                I2C   default_mode 
    129 24019   u_sram_c_u_sram/D[34]                I2C   default_mode 
    130 24019   u_sram_c_u_sram/D[35]                I2C   default_mode 
    131 24019   u_sram_c_u_sram/D[37]                I2C   default_mode 
    132 24019   u_sram_c_u_sram/D[9]                 I2C   default_mode 
    133 24019   u_sram_c_u_sram/D[41]                I2C   default_mode 
    134 24019   u_sram_c_u_sram/D[12]                I2C   default_mode 
    135 24019   u_sram_c_u_sram/D[19]                I2C   default_mode 
    136 24019   u_sram_c_u_sram/D[10]                I2C   default_mode 
    137 24019   u_sram_c_u_sram/D[39]                I2C   default_mode 
    138 24019   u_sram_c_u_sram/D[53]                I2C   default_mode 
    139 24019   u_sram_c_u_sram/D[7]                 I2C   default_mode 
    140 24019   u_sram_c_u_sram/D[15]                I2C   default_mode 
    141 24019   u_sram_c_u_sram/D[23]                I2C   default_mode 
    142 24019   u_sram_c_u_sram/D[2]                 I2C   default_mode 
    143 24019   u_sram_c_u_sram/D[26]                I2C   default_mode 
    144 24019   u_sram_c_u_sram/D[61]                I2C   default_mode 
    145 24019   u_sram_c_u_sram/D[48]                I2C   default_mode 
    146 24019   u_sram_c_u_sram/D[20]                I2C   default_mode 
    147 24019   u_sram_c_u_sram/D[5]                 I2C   default_mode 
    148 24019   u_sram_c_u_sram/D[31]                I2C   default_mode 
    149 24019   u_sram_c_u_sram/D[33]                I2C   default_mode 
    150 24019   u_sram_c_u_sram/D[43]                I2C   default_mode 
    151 24019   u_sram_c_u_sram/D[6]                 I2C   default_mode 
    152 24019   u_sram_c_u_sram/D[36]                I2C   default_mode 
    153 24019   u_sram_c_u_sram/D[16]                I2C   default_mode 
    154 24019   u_sram_c_u_sram/D[59]                I2C   default_mode 
    155 24019   u_sram_c_u_sram/D[1]                 I2C   default_mode 
    156 24019   u_sram_c_u_sram/D[21]                I2C   default_mode 
    157 24019   u_sram_c_u_sram/D[56]                I2C   default_mode 
    158 24019   u_sram_c_u_sram/D[29]                I2C   default_mode 
    159 24019   u_sram_c_u_sram/D[30]                I2C   default_mode 
    160 24019   u_sram_c_u_sram/D[11]                I2C   default_mode 
    161 24019   u_sram_c_u_sram/D[42]                I2C   default_mode 
    162 24019   u_sram_c_u_sram/D[22]                I2C   default_mode 
    163 24165   u_sram_c_u_sram/WEN                  I2C   default_mode 
    164 24517   u_sram_c_bus_byte_sel_d1_reg[1]/CN   I2C   default_mode 
    165 24517   u_sram_c_bus_byte_sel_d1_reg[2]/CN   I2C   default_mode 
    166 24517   u_sram_c_bus_byte_sel_d1_reg[0]/CN   I2C   default_mode 
#-----------------------------------------------------------------------


