============================================================
  Generated by:           Genus(TM) Synthesis Solution 21.16-s062_1
  Generated on:           Apr 27 2026  08:53:19 pm
  Module:                 bus_slave_sram_c
  Operating conditions:   WCCOM (balanced_tree)
  Wireload mode:          segmented
  Area mode:              timing library
============================================================


Path 1: MET (11627 ps) Setup Check with Pin u_sram_c_u_sram/CLK->A[0]
           Mode: default_mode
          Group: C2C
     Startpoint: (F) u_slave_c_cnt_c_reg[3]/CPN
          Clock: (F) Clk
       Endpoint: (F) u_sram_c_u_sram/A[0]
          Clock: (R) Clk

                     Capture       Launch     
        Clock Edge:+   25000        12500     
       Src Latency:+       0            0     
       Net Latency:+       0 (I)        0 (I) 
           Arrival:=   25000        12500     
                                              
             Setup:-     352                  
       Uncertainty:-     150                  
     Required Time:=   24498                  
      Launch Clock:-   12500                  
         Data Path:-     371                  
             Slack:=   11627                  

#----------------------------------------------------------------------------------------------------
#       Timing Point         Flags    Arc   Edge   Cell     Fanout Load Trans Delay Arrival Instance 
#                                                                  (fF)  (ps)  (ps)   (ps)  Location 
#----------------------------------------------------------------------------------------------------
  u_slave_c_cnt_c_reg[3]/CPN -       -      F     (arrival)     17    -   150     0   12500    (-,-) 
  u_slave_c_cnt_c_reg[3]/Q   -       CPN->Q F     DFND1          5  3.4    33   185   12685    (-,-) 
  p10952A4503__5107/Z        -       A1->Z  F     AO222D0        1  5.6    99   186   12871    (-,-) 
  u_sram_c_u_sram/A[0]       (P)     -      F     sram00         1    -     -     0   12871    (-,-) 
#----------------------------------------------------------------------------------------------------

(P) : Instance is preserved



Path 2: MET (11627 ps) Setup Check with Pin u_sram_c_u_sram/CLK->A[1]
           Mode: default_mode
          Group: C2C
     Startpoint: (F) u_slave_c_cnt_c_reg[4]/CPN
          Clock: (F) Clk
       Endpoint: (F) u_sram_c_u_sram/A[1]
          Clock: (R) Clk

                     Capture       Launch     
        Clock Edge:+   25000        12500     
       Src Latency:+       0            0     
       Net Latency:+       0 (I)        0 (I) 
           Arrival:=   25000        12500     
                                              
             Setup:-     352                  
       Uncertainty:-     150                  
     Required Time:=   24498                  
      Launch Clock:-   12500                  
         Data Path:-     371                  
             Slack:=   11627                  

#----------------------------------------------------------------------------------------------------
#       Timing Point         Flags    Arc   Edge   Cell     Fanout Load Trans Delay Arrival Instance 
#                                                                  (fF)  (ps)  (ps)   (ps)  Location 
#----------------------------------------------------------------------------------------------------
  u_slave_c_cnt_c_reg[4]/CPN -       -      F     (arrival)     17    -   150     0   12500    (-,-) 
  u_slave_c_cnt_c_reg[4]/Q   -       CPN->Q F     DFND1          5  3.4    33   185   12685    (-,-) 
  p10952A__8246/Z            -       A1->Z  F     AO222D0        1  5.6    99   186   12871    (-,-) 
  u_sram_c_u_sram/A[1]       (P)     -      F     sram00         1    -     -     0   12871    (-,-) 
#----------------------------------------------------------------------------------------------------

(P) : Instance is preserved



Path 3: MET (11627 ps) Setup Check with Pin u_sram_c_u_sram/CLK->A[2]
           Mode: default_mode
          Group: C2C
     Startpoint: (F) u_slave_c_cnt_c_reg[5]/CPN
          Clock: (F) Clk
       Endpoint: (F) u_sram_c_u_sram/A[2]
          Clock: (R) Clk

                     Capture       Launch     
        Clock Edge:+   25000        12500     
       Src Latency:+       0            0     
       Net Latency:+       0 (I)        0 (I) 
           Arrival:=   25000        12500     
                                              
             Setup:-     352                  
       Uncertainty:-     150                  
     Required Time:=   24498                  
      Launch Clock:-   12500                  
         Data Path:-     371                  
             Slack:=   11627                  

#----------------------------------------------------------------------------------------------------
#       Timing Point         Flags    Arc   Edge   Cell     Fanout Load Trans Delay Arrival Instance 
#                                                                  (fF)  (ps)  (ps)   (ps)  Location 
#----------------------------------------------------------------------------------------------------
  u_slave_c_cnt_c_reg[5]/CPN -       -      F     (arrival)     17    -   150     0   12500    (-,-) 
  u_slave_c_cnt_c_reg[5]/Q   -       CPN->Q F     DFND1          5  3.4    33   185   12685    (-,-) 
  p10952A4502__2398/Z        -       A1->Z  F     AO222D0        1  5.6    99   186   12871    (-,-) 
  u_sram_c_u_sram/A[2]       (P)     -      F     sram00         1    -     -     0   12871    (-,-) 
#----------------------------------------------------------------------------------------------------

(P) : Instance is preserved



Path 4: MET (11627 ps) Setup Check with Pin u_sram_c_u_sram/CLK->A[3]
           Mode: default_mode
          Group: C2C
     Startpoint: (F) u_slave_c_cnt_c_reg[6]/CPN
          Clock: (F) Clk
       Endpoint: (F) u_sram_c_u_sram/A[3]
          Clock: (R) Clk

                     Capture       Launch     
        Clock Edge:+   25000        12500     
       Src Latency:+       0            0     
       Net Latency:+       0 (I)        0 (I) 
           Arrival:=   25000        12500     
                                              
             Setup:-     352                  
       Uncertainty:-     150                  
     Required Time:=   24498                  
      Launch Clock:-   12500                  
         Data Path:-     371                  
             Slack:=   11627                  

#----------------------------------------------------------------------------------------------------
#       Timing Point         Flags    Arc   Edge   Cell     Fanout Load Trans Delay Arrival Instance 
#                                                                  (fF)  (ps)  (ps)   (ps)  Location 
#----------------------------------------------------------------------------------------------------
  u_slave_c_cnt_c_reg[6]/CPN -       -      F     (arrival)     17    -   150     0   12500    (-,-) 
  u_slave_c_cnt_c_reg[6]/Q   -       CPN->Q F     DFND1          5  3.4    33   185   12685    (-,-) 
  p10952A4501__5477/Z        -       A1->Z  F     AO222D0        1  5.6    99   186   12871    (-,-) 
  u_sram_c_u_sram/A[3]       (P)     -      F     sram00         1    -     -     0   12871    (-,-) 
#----------------------------------------------------------------------------------------------------

(P) : Instance is preserved



Path 5: MET (11627 ps) Setup Check with Pin u_sram_c_u_sram/CLK->A[4]
           Mode: default_mode
          Group: C2C
     Startpoint: (F) u_slave_c_cnt_c_reg[7]/CPN
          Clock: (F) Clk
       Endpoint: (F) u_sram_c_u_sram/A[4]
          Clock: (R) Clk

                     Capture       Launch     
        Clock Edge:+   25000        12500     
       Src Latency:+       0            0     
       Net Latency:+       0 (I)        0 (I) 
           Arrival:=   25000        12500     
                                              
             Setup:-     352                  
       Uncertainty:-     150                  
     Required Time:=   24498                  
      Launch Clock:-   12500                  
         Data Path:-     371                  
             Slack:=   11627                  

#----------------------------------------------------------------------------------------------------
#       Timing Point         Flags    Arc   Edge   Cell     Fanout Load Trans Delay Arrival Instance 
#                                                                  (fF)  (ps)  (ps)   (ps)  Location 
#----------------------------------------------------------------------------------------------------
  u_slave_c_cnt_c_reg[7]/CPN -       -      F     (arrival)     17    -   150     0   12500    (-,-) 
  u_slave_c_cnt_c_reg[7]/Q   -       CPN->Q F     DFND1          5  3.4    33   185   12685    (-,-) 
  p10952A4500__6417/Z        -       A1->Z  F     AO222D0        1  5.6    99   186   12871    (-,-) 
  u_sram_c_u_sram/A[4]       (P)     -      F     sram00         1    -     -     0   12871    (-,-) 
#----------------------------------------------------------------------------------------------------

(P) : Instance is preserved


