============================================================
  Generated by:           Genus(TM) Synthesis Solution 21.16-s062_1
  Generated on:           Apr 27 2026  08:53:19 pm
  Module:                 bus_slave_sram_c
  Operating conditions:   WCCOM (balanced_tree)
  Wireload mode:          segmented
  Area mode:              timing library
============================================================

                                 Leakage     Internal  
  Gate    Instances    Area     Power (nW)  Power (nW)               Library               
-------------------------------------------------------------------------------------------
AO222D0           9     38.880     120.328     217.981    tcbn65gpluswc                    
AO22D0           64    184.320     768.003    1069.980    tcbn65gpluswc                    
AOI22D0          32     80.640     195.564     209.435    tcbn65gpluswc                    
CKAN2D0           2      4.320      16.013      17.990    tcbn65gpluswc                    
CKAN2D1           1      2.160      14.747      12.636    tcbn65gpluswc                    
CKBD8            64    368.640    7354.571    2702.460    tcbn65gpluswc                    
CKND0             3      3.240      10.101       8.307    tcbn65gpluswc                    
CKND2D0           3      4.320       8.671       8.261    tcbn65gpluswc                    
DFKCNQD1          3     21.600     140.770     962.164    tcbn65gpluswc                    
DFND1            13     98.280     742.206    4232.557    tcbn65gpluswc                    
IND2D0           11     23.760      78.593      25.150    tcbn65gpluswc                    
INR2D0            3      6.480      32.043      27.644    tcbn65gpluswc                    
IOA21D0           1      2.520      12.396      18.642    tcbn65gpluswc                    
MAOI22D0         10     28.800     130.918     119.320    tcbn65gpluswc                    
MOAI22D0         13     37.440     141.961     239.743    tcbn65gpluswc                    
MUX2ND0           1      2.880      14.243      16.169    tcbn65gpluswc                    
ND4D8             8     60.480    1324.089    1301.159    tcbn65gpluswc                    
NR2D0             8     11.520      33.617      23.180    tcbn65gpluswc                    
sram00            1  40208.160  378414.031  443272.027    USERLIB_nldm_ss_0p90v_0p90v_125c 
-------------------------------------------------------------------------------------------
total           250  41188.440  389552.865  454484.804                                     


                                                                   Leakage  Leakage  Internal  Internal 
             Library             Instances Instances %    Area   Power (nW) Power % Power (nW)  Power % 
--------------------------------------------------------------------------------------------------------
USERLIB_nldm_ss_0p90v_0p90v_125c         1         0.4 40208.160 378414.031    97.1 443272.027     97.5 
tcbn65gpluswc                          249        99.6   980.280  11138.834     2.9  11212.778      2.5 

                                            Leakage  Leakage  Internal  Internal 
     Type      Instances    Area   Area % Power (nW) Power % Power (nW)  Power % 
---------------------------------------------------------------------------------
timing_model           1 40208.160   97.6 378414.031    97.1 443272.027     97.5 
sequential            16   119.880    0.3    882.976     0.2   5194.721      1.1 
inverter               3     3.240    0.0     10.101     0.0      8.307      0.0 
buffer                64   368.640    0.9   7354.571     1.9   2702.460      0.6 
logic                166   488.520    1.2   2891.186     0.7   3307.290      0.7 
physical_cells         0     0.000    0.0      0.000     0.0      0.000      0.0 
---------------------------------------------------------------------------------
total                250 41188.440  100.0 389552.865   100.0 454484.804    100.0 

