============================================================
  Generated by:           Genus(TM) Synthesis Solution 21.16-s062_1
  Generated on:           Apr 27 2026  08:53:19 pm
  Module:                 bus_slave_sram_c
  Operating conditions:   WCCOM (balanced_tree)
  Wireload mode:          segmented
  Area mode:              timing library
============================================================

Timing
--------

Analysis view Clock  Period 
----------------------------
default_mode  Clk   25000.0 


  Analysis     Cost   Critical        Violating 
    View      Group  Path Slack  TNS    Paths   
------------------------------------------------
default_mode     C2C    11626.8  0.0          0 
                 C2O    16774.6  0.0          0 
                 Clk   No paths  0.0          0 
             default   No paths  0.0          0 
                 I2C    11724.1  0.0          0 
                 I2O   No paths  0.0          0 
------------------------------------------------
Total                           -0.0          0 
                                                

Instance Count
--------------
Leaf Instance Count             250 
Physical Instance count           0 
Sequential Instance Count        17 
Combinational Instance Count    233 
Hierarchical Instance Count       0 

Area
----
Cell Area                          41188.440
Physical Cell Area                 0.000
Total Cell Area (Cell+Physical)    41188.440
Net Area                           0.000
Total Area (Cell+Physical+Net)     41188.440

Power
-----
Leakage Power                      389552.865 nW
Dynamic Power                      804915.764 nW
Total Power                        1194468.629 nW

Max Fanout                         77 (sc_mem_ctrl)
Min Fanout                         1 (chip_chc_rdata[0])
Average Fanout                     1.9
Terms to net ratio                 2.4085
Terms to instance ratio            4.5280
Runtime                            8.513347 seconds
Elapsed Runtime                    11 seconds
Genus peak memory usage            1491.74 
Innovus peak memory usage          no_value 
Hostname                           cadpc29.ee.columbia.edu
