============================================================
  Generated by:           Genus(TM) Synthesis Solution 21.16-s062_1
  Generated on:           Mar 22 2026  09:03:09 am
  Module:                 systolic_array_wrapper
  Operating conditions:   WCCOM (balanced_tree)
  Wireload mode:          segmented
  Area mode:              timing library
============================================================


Path 1: MET (10981 ps) Late External Delay Assertion at pin out_ready
           Mode: default_mode
          Group: I2O
     Startpoint: (R) tile_num[0]
          Clock: (R) clk
       Endpoint: (R) out_ready
          Clock: (R) clk

                     Capture       Launch     
        Clock Edge:+   20000            0     
        Drv Adjust:+       0            0     
       Src Latency:+       0            0     
       Net Latency:+       0 (I)        0 (I) 
           Arrival:=   20000            0     
                                              
      Output Delay:-    5000                  
       Uncertainty:-     150                  
     Required Time:=   14850                  
      Launch Clock:-       0                  
       Input Delay:-     250                  
         Data Path:-    3619                  
             Slack:=   10981                  

Exceptions/Constraints:
  input_delay              250             systolic_array_wrapp_line_28_9_1   
  output_delay             5000            systolic_array_wrapp_line_31_560_1 

#---------------------------------------------------------------------------------------------------------------------------------------
#                     Timing Point                      Flags     Arc    Edge      Cell       Fanout  Load Trans Delay Arrival Instance 
#                                                                                                     (fF)  (ps)  (ps)   (ps)  Location 
#---------------------------------------------------------------------------------------------------------------------------------------
  tile_num[0]                                           (u)     -        R     (arrival)           2 504.6     0     0     250    (-,-) 
  systolic_array_8X8/add_32_49/g2/z                     (u)     in_0->z  F     unmapped_nand2      1   2.3     0    21     271    (-,-) 
  systolic_array_8X8/add_32_49/g55/z                    (u)     in_0->z  R     unmapped_not        2   4.6     0    16     288    (-,-) 
  systolic_array_8X8/add_32_49/g17/z                    (u)     in_0->z  F     unmapped_nand2      1   2.3     0    21     309    (-,-) 
  systolic_array_8X8/add_32_49/g57/z                    (u)     in_0->z  R     unmapped_not        3   6.9     0    20     328    (-,-) 
  systolic_array_8X8/add_32_49/g30/z                    (u)     in_1->z  F     unmapped_nand2      1   2.3     0    21     350    (-,-) 
  systolic_array_8X8/add_32_49/g59/z                    (u)     in_0->z  R     unmapped_not        3   6.9     0    20     369    (-,-) 
  systolic_array_8X8/add_32_49/g33/z                    (u)     in_0->z  F     unmapped_nand2      1   2.3     0    21     390    (-,-) 
  systolic_array_8X8/add_32_49/g60/z                    (u)     in_0->z  R     unmapped_not        1   2.3     0    13     403    (-,-) 
  systolic_array_8X8/add_32_49/g48/z                    (u)     in_0->z  F     unmapped_xnor2     13  29.9     0    75     478    (-,-) 
  systolic_array_8X8/add_34_41/g117/z                   (u)     in_0->z  R     unmapped_not        2   4.6     0    16     494    (-,-) 
  systolic_array_8X8/add_34_41/g105/z                   (u)     in_1->z  F     unmapped_xnor2      2   4.6     0    54     548    (-,-) 
  systolic_array_8X8/sub_36_56/g8/z                     (u)     in_0->z  R     unmapped_not        2   4.6     0    16     565    (-,-) 
  systolic_array_8X8/sub_36_56/g33/z                    (u)     in_1->z  F     unmapped_nor2       3   6.9     0    28     593    (-,-) 
  systolic_array_8X8/sub_36_56/g52/z                    (u)     in_1->z  R     unmapped_nor2       1   2.3     0    21     614    (-,-) 
  systolic_array_8X8/sub_36_56/g54/z                    (u)     in_0->z  F     unmapped_nor2       2   4.6     0    25     639    (-,-) 
  systolic_array_8X8/sub_36_56/g81/z                    (u)     in_1->z  R     unmapped_nor2       2   4.6     0    25     664    (-,-) 
  systolic_array_8X8/sub_36_56/g89/z                    (u)     in_0->z  F     unmapped_nor2       2   4.6     0    25     689    (-,-) 
  systolic_array_8X8/sub_36_56/g195/z                   (u)     in_0->z  R     unmapped_not        3   6.9     0    20     709    (-,-) 
  systolic_array_8X8/sub_36_56/g123/z                   (u)     in_0->z  F     unmapped_nor2       1   2.3     0    21     730    (-,-) 
  systolic_array_8X8/sub_36_56/g145/z                   (u)     in_0->z  R     unmapped_nand2      1   2.3     0    21     751    (-,-) 
  systolic_array_8X8/sub_36_56/g185/z                   (u)     in_0->z  F     unmapped_xnor2      7  16.1     0    65     816    (-,-) 
  systolic_array_8X8/rem_38_56/g23/z                    (u)     in_0->z  R     unmapped_nand2      2   4.6     0    25     841    (-,-) 
  systolic_array_8X8/rem_38_56/g320/z                   (u)     in_1->z  F     unmapped_nand2      1   2.3     0    21     862    (-,-) 
  systolic_array_8X8/rem_38_56/g162/z                   (u)     in_1->z  F     unmapped_xnor2      1   2.3     0    50     912    (-,-) 
  systolic_array_8X8/rem_38_56/g1562/z                  (u)     data3->z F     unmapped_mux8       7  16.1     0    85     998    (-,-) 
  systolic_array_8X8/rem_38_56/g539/z                   (u)     in_0->z  R     unmapped_nand2      2   4.6     0    25    1023    (-,-) 
  systolic_array_8X8/rem_38_56/g589/z                   (u)     in_1->z  F     unmapped_nand2      1   2.3     0    21    1044    (-,-) 
  systolic_array_8X8/rem_38_56/g590/z                   (u)     in_1->z  F     unmapped_xnor2      1   2.3     0    50    1094    (-,-) 
  systolic_array_8X8/rem_38_56/g1564/z                  (u)     data3->z F     unmapped_mux8       7  16.1     0    85    1179    (-,-) 
  systolic_array_8X8/rem_38_56/g748/z                   (u)     in_0->z  R     unmapped_nor2       3   6.9     0    28    1207    (-,-) 
  systolic_array_8X8/rem_38_56/g757/z                   (u)     in_1->z  F     unmapped_nor2       1   2.3     0    21    1229    (-,-) 
  systolic_array_8X8/rem_38_56/g771/z                   (u)     in_0->z  R     unmapped_nand2      1   2.3     0    21    1250    (-,-) 
  systolic_array_8X8/rem_38_56/g784/z                   (u)     in_0->z  F     unmapped_not        1   2.3     0    13    1262    (-,-) 
  systolic_array_8X8/rem_38_56/g785/z                   (u)     in_1->z  R     unmapped_nand2      1   2.3     0    21    1284    (-,-) 
  systolic_array_8X8/rem_38_56/g786/z                   (u)     in_1->z  F     unmapped_nand2      1   2.3     0    21    1305    (-,-) 
  systolic_array_8X8/rem_38_56/g801/z                   (u)     in_1->z  R     unmapped_nand2      1   2.3     0    21    1326    (-,-) 
  systolic_array_8X8/rem_38_56/g833/z                   (u)     in_0->z  F     unmapped_not        1   2.3     0    13    1339    (-,-) 
  systolic_array_8X8/rem_38_56/g802/z                   (u)     in_0->z  R     unmapped_nand2      2   4.6     0    25    1364    (-,-) 
  systolic_array_8X8/rem_38_56/g27/z                    (u)     in_0->z  F     unmapped_not        1   2.3     0    13    1376    (-,-) 
  systolic_array_8X8/rem_38_56/g28/z                    (u)     in_0->z  F     unmapped_and2       6  13.8     0    34    1411    (-,-) 
  systolic_array_8X8/rem_38_56/g1570/z                  (u)     sel2->z  F     unmapped_mux8       7  16.1     0    85    1496    (-,-) 
  systolic_array_8X8/rem_38_56/g1088/z                  (u)     in_0->z  R     unmapped_nor2       3   6.9     0    28    1524    (-,-) 
  systolic_array_8X8/rem_38_56/g1099/z                  (u)     in_1->z  F     unmapped_nor2       1   2.3     0    21    1545    (-,-) 
  systolic_array_8X8/rem_38_56/g1101/z                  (u)     in_0->z  R     unmapped_nor2       3   6.9     0    28    1573    (-,-) 
  systolic_array_8X8/rem_38_56/g1122/z                  (u)     in_0->z  F     unmapped_nor2       1   2.3     0    21    1595    (-,-) 
  systolic_array_8X8/rem_38_56/g81/z                    (u)     in_0->z  R     unmapped_nor2       1   2.3     0    21    1616    (-,-) 
  systolic_array_8X8/rem_38_56/g1139/z                  (u)     in_0->z  F     unmapped_nand2      1   2.3     0    21    1637    (-,-) 
  systolic_array_8X8/rem_38_56/g1154/z                  (u)     in_1->z  R     unmapped_nand2      1   2.3     0    21    1658    (-,-) 
  systolic_array_8X8/rem_38_56/g1188/z                  (u)     in_0->z  F     unmapped_not        1   2.3     0    13    1671    (-,-) 
  systolic_array_8X8/rem_38_56/g1155/z                  (u)     in_0->z  R     unmapped_nand2      2   4.6     0    25    1696    (-,-) 
  systolic_array_8X8/rem_38_56/g39/z                    (u)     in_0->z  F     unmapped_not        1   2.3     0    13    1709    (-,-) 
  systolic_array_8X8/rem_38_56/g40/z                    (u)     in_0->z  F     unmapped_and2       8  18.4     0    38    1746    (-,-) 
  systolic_array_8X8/rem_38_56/g1578/z                  (u)     sel2->z  F     unmapped_mux8       7  16.1     0    85    1832    (-,-) 
  systolic_array_8X8/rem_38_56/g1340/z                  (u)     in_0->z  R     unmapped_nor2       3   6.9     0    28    1860    (-,-) 
  systolic_array_8X8/rem_38_56/g1356/z                  (u)     in_1->z  F     unmapped_nor2       1   2.3     0    21    1881    (-,-) 
  systolic_array_8X8/rem_38_56/g1358/z                  (u)     in_0->z  R     unmapped_nor2       3   6.9     0    28    1909    (-,-) 
  systolic_array_8X8/rem_38_56/g1380/z                  (u)     in_0->z  F     unmapped_nor2       1   2.3     0    21    1930    (-,-) 
  systolic_array_8X8/rem_38_56/g1382/z                  (u)     in_0->z  R     unmapped_nor2       1   2.3     0    21    1951    (-,-) 
  systolic_array_8X8/rem_38_56/g1401/z                  (u)     in_0->z  F     unmapped_nand2      3   6.9     0    28    1980    (-,-) 
  systolic_array_8X8/rem_38_56/g1423/z                  (u)     in_1->z  R     unmapped_nand2      1   2.3     0    21    2001    (-,-) 
  systolic_array_8X8/rem_38_56/g1424/z                  (u)     in_1->z  F     unmapped_nand2      1   2.3     0    21    2022    (-,-) 
  systolic_array_8X8/rem_38_56/g1425/z                  (u)     in_0->z  R     unmapped_nand2      2   4.6     0    25    2047    (-,-) 
  systolic_array_8X8/rem_38_56/g51/z                    (u)     in_0->z  F     unmapped_not        1   2.3     0    13    2060    (-,-) 
  systolic_array_8X8/rem_38_56/g52/z                    (u)     in_0->z  F     unmapped_and2      10  23.0     0    41    2100    (-,-) 
  systolic_array_8X8/rem_38_56/g1885/z                  (u)     sel2->z  F     unmapped_mux8       7  16.1     0    85    2186    (-,-) 
  systolic_array_8X8/rem_38_56/g2075/z                  (u)     in_0->z  R     unmapped_nor2       3   6.9     0    28    2214    (-,-) 
  systolic_array_8X8/rem_38_56/g2095/z                  (u)     in_1->z  F     unmapped_nor2       1   2.3     0    21    2235    (-,-) 
  systolic_array_8X8/rem_38_56/g2097/z                  (u)     in_0->z  R     unmapped_nor2       3   6.9     0    28    2263    (-,-) 
  systolic_array_8X8/rem_38_56/g2124/z                  (u)     in_0->z  F     unmapped_nor2       1   2.3     0    21    2284    (-,-) 
  systolic_array_8X8/rem_38_56/g2126/z                  (u)     in_0->z  R     unmapped_nor2       1   2.3     0    21    2306    (-,-) 
  systolic_array_8X8/rem_38_56/g2150/z                  (u)     in_0->z  F     unmapped_nand2      5  11.5     0    32    2338    (-,-) 
  systolic_array_8X8/rem_38_56/g2177/z                  (u)     in_1->z  R     unmapped_nand2      1   2.3     0    21    2359    (-,-) 
  systolic_array_8X8/rem_38_56/g2178/z                  (u)     in_1->z  F     unmapped_nand2      1   2.3     0    21    2380    (-,-) 
  systolic_array_8X8/rem_38_56/g2179/z                  (u)     in_0->z  R     unmapped_nand2      2   4.6     0    25    2405    (-,-) 
  systolic_array_8X8/rem_38_56/g63/z                    (u)     in_0->z  F     unmapped_not        1   2.3     0    13    2418    (-,-) 
  systolic_array_8X8/rem_38_56/g64/z                    (u)     in_0->z  F     unmapped_and2      12  27.6     0    44    2462    (-,-) 
  systolic_array_8X8/rem_38_56/g2390/z                  (u)     sel2->z  F     unmapped_mux8       7  16.1     0    85    2547    (-,-) 
  systolic_array_8X8/rem_38_56/g2600/z                  (u)     in_0->z  R     unmapped_nor2       3   6.9     0    28    2575    (-,-) 
  systolic_array_8X8/rem_38_56/g2624/z                  (u)     in_1->z  F     unmapped_nor2       1   2.3     0    21    2596    (-,-) 
  systolic_array_8X8/rem_38_56/g2626/z                  (u)     in_0->z  R     unmapped_nor2       3   6.9     0    28    2624    (-,-) 
  systolic_array_8X8/rem_38_56/g2656/z                  (u)     in_0->z  F     unmapped_nor2       1   2.3     0    21    2646    (-,-) 
  systolic_array_8X8/rem_38_56/g2658/z                  (u)     in_0->z  R     unmapped_nor2       1   2.3     0    21    2667    (-,-) 
  systolic_array_8X8/rem_38_56/g2685/z                  (u)     in_0->z  F     unmapped_nand2      7  16.1     0    36    2703    (-,-) 
  systolic_array_8X8/rem_38_56/g2718/z                  (u)     in_1->z  R     unmapped_nand2      1   2.3     0    21    2724    (-,-) 
  systolic_array_8X8/rem_38_56/g2719/z                  (u)     in_1->z  F     unmapped_nand2      1   2.3     0    21    2745    (-,-) 
  systolic_array_8X8/rem_38_56/g2720/z                  (u)     in_0->z  R     unmapped_nand2      2   4.6     0    25    2770    (-,-) 
  systolic_array_8X8/rem_38_56/g75/z                    (u)     in_0->z  F     unmapped_not        1   2.3     0    13    2783    (-,-) 
  systolic_array_8X8/rem_38_56/g76/z                    (u)     in_0->z  F     unmapped_and2      14  32.2     0    47    2830    (-,-) 
  systolic_array_8X8/rem_38_56/g2954/z                  (u)     sel2->z  F     unmapped_mux8       7  16.1     0    85    2915    (-,-) 
  systolic_array_8X8/rem_38_56/g3184/z                  (u)     in_0->z  R     unmapped_nor2       3   6.9     0    28    2943    (-,-) 
  systolic_array_8X8/rem_38_56/g3212/z                  (u)     in_1->z  F     unmapped_nor2       1   2.3     0    21    2965    (-,-) 
  systolic_array_8X8/rem_38_56/g3214/z                  (u)     in_0->z  R     unmapped_nor2       3   6.9     0    28    2993    (-,-) 
  systolic_array_8X8/rem_38_56/g3247/z                  (u)     in_0->z  F     unmapped_nor2       1   2.3     0    21    3014    (-,-) 
  systolic_array_8X8/rem_38_56/g3249/z                  (u)     in_0->z  R     unmapped_nor2       1   2.3     0    21    3035    (-,-) 
  systolic_array_8X8/rem_38_56/g3281/z                  (u)     in_0->z  F     unmapped_nand2      9  20.7     0    39    3074    (-,-) 
  systolic_array_8X8/rem_38_56/g3316/z                  (u)     in_1->z  R     unmapped_nand2      1   2.3     0    21    3096    (-,-) 
  systolic_array_8X8/rem_38_56/g3317/z                  (u)     in_1->z  F     unmapped_nand2      1   2.3     0    21    3117    (-,-) 
  systolic_array_8X8/rem_38_56/g3318/z                  (u)     in_0->z  R     unmapped_nand2      2   4.6     0    25    3142    (-,-) 
  systolic_array_8X8/rem_38_56/g87/z                    (u)     in_0->z  F     unmapped_not        1   2.3     0    13    3155    (-,-) 
  systolic_array_8X8/rem_38_56/g88/z                    (u)     in_0->z  F     unmapped_and2      16  36.8     0    50    3205    (-,-) 
  systolic_array_8X8/rem_38_56/g3570/z                  (u)     sel2->z  F     unmapped_mux8      15  34.5     0    98    3303    (-,-) 
  systolic_array_8X8/eq_114_89_I1_I5/g4/z               (u)     in_3->z  R     unmapped_nor4       1   2.3     0    53    3356    (-,-) 
  systolic_array_8X8/eq_114_89_I1_I5/g6/z               (u)     in_3->z  F     unmapped_nand4      1   2.3     0    53    3409    (-,-) 
  systolic_array_8X8/eq_114_89_I1_I5/g8/z               (u)     in_0->z  R     unmapped_nor2       1   2.3     0    21    3430    (-,-) 
  systolic_array_8X8/g3092/z                            (u)     in_1->z  R     unmapped_and2       1   2.3     0    21    3451    (-,-) 
  systolic_array_8X8/g3093/z                            (u)     in_1->z  R     unmapped_or2      165  29.9     0    64    3516    (-,-) 
  systolic_array_8X8/mux_pe_out_valid[4][0]_114_54/g1/z (u)     sel0->z  R     unmapped_bmux3      1   2.3     0    50    3566    (-,-) 
  systolic_array_8X8/mux_pe_out_valid[4][0]_111_6/g1/z  (u)     data1->z R     unmapped_bmux3      1   2.3     0    50    3616    (-,-) 
  systolic_array_8X8/g3416/z                            (u)     in_0->z  R     unmapped_or4        1   2.3     0    53    3669    (-,-) 
  systolic_array_8X8/g3426/z                            (u)     in_0->z  R     unmapped_or4        1   2.3     0    53    3722    (-,-) 
  systolic_array_8X8/g3428/z                            (u)     in_2->z  R     unmapped_or4       13  29.9     0    78    3800    (-,-) 
  output_buffer/g1/z                                    (u)     in_1->z  R     unmapped_and2       1 500.0     0    69    3869    (-,-) 
  out_ready                                             -       -        R     (port)              -     -     -     0    3869    (-,-) 
#---------------------------------------------------------------------------------------------------------------------------------------

(u) : Net has unmapped pin(s).


