============================================================
  Generated by:           Genus(TM) Synthesis Solution 21.16-s062_1
  Generated on:           Mar 22 2026  09:03:19 am
  Module:                 systolic_array_wrapper
  Operating conditions:   WCCOM (balanced_tree)
  Wireload mode:          segmented
  Area mode:              timing library
============================================================

	Timing
	------
 Endpoint  Slack  Cost Group      Mode      
--------------------------------------------
out_ready   10981        I2O   default_mode 
	Area
	----

       Instance        Module  Cell Count  Cell Area  Net Area   Total Area      Wireload     
----------------------------------------------------------------------------------------------
systolic_array_wrapper             150389 537240.608     0.000   537240.608 ZeroWireload (S)  
  (S) = wireload was automatically selected

	Design Rule Check
	-----------------

Max_transition design rule: no violations.

Max_capacitance design rule: no violations.



