============================================================
  Generated by:           Genus(TM) Synthesis Solution 21.16-s062_1
  Generated on:           Mar 22 2026  09:03:09 am
  Module:                 systolic_array_wrapper
  Operating conditions:   WCCOM (balanced_tree)
  Wireload mode:          segmented
  Area mode:              timing library
============================================================


Path 1: UNCONSTRAINED
           Mode: default_mode
     Startpoint: (R) clk
          Clock: (R) clk
       Endpoint: (R) b_buffer/pipe_7_reg[0][8]/clk

                     Capture    Launch     
        Clock Edge:+       -         0     
        Drv Adjust:+       0         0     
       Src Latency:+       -         0     
       Net Latency:+       -         0 (I) 
           Arrival:=       -         0     
                                           
      Launch Clock:-       0               
       Input Delay:-       0               
         Data Path:-       0               

Exceptions/Constraints:
  input_delay              0              create_clock_delay_domain_1_clk_R_0 

#--------------------------------------------------------------------------------------------------------------
#         Timing Point           Flags    Arc   Edge      Cell        Fanout Load Trans Delay Arrival Instance 
#                                                                            (fF)  (ps)  (ps)   (ps)  Location 
#--------------------------------------------------------------------------------------------------------------
  clk                           <<< (i,u) -     R     (arrival)         4628  0.0     0     0       0    (-,-) 
  b_buffer/pipe_7_reg[0][8]/clk -         -     R     unmapped_d_flop   4628    -     -     0       0    (-,-) 
#--------------------------------------------------------------------------------------------------------------

(u) : Net has unmapped pin(s).
(i) : Net is ideal.


