============================================================
  Generated by:           Genus(TM) Synthesis Solution 21.16-s062_1
  Generated on:           Mar 22 2026  09:03:09 am
  Module:                 systolic_array_wrapper
  Operating conditions:   WCCOM (balanced_tree)
  Wireload mode:          segmented
  Area mode:              timing library
============================================================

# SETUP                   WNS  TNS    FEP 
# ------------------------------------------
 View: ALL            10981.4  0.0      0 
    Group : C2C       16130.0  0.0      0 
    Group : C2O       11296.2  0.0      0 
    Group : clk           N/A  N/A    N/A 
    Group : default       N/A  N/A    N/A 
    Group : I2C       15815.2  0.0      0 
    Group : I2O       10981.4  0.0      0 

# ------------------------------------------
# DRV                        WNS  TNS  FEP 
# -------------------------------------------
 View: ALL                                 
    Check: max_transition    N/A  N/A    0 
    Check: max_capacitance   N/A  N/A    0 
    Check: max_fanout        N/A  N/A    0 

# -------------------------------------------
