============================================================
  Generated by:           Genus(TM) Synthesis Solution 21.16-s062_1
  Generated on:           Mar 22 2026  09:03:07 am
  Module:                 systolic_array_wrapper
  Technology library:     tcbn65gpluswc 200
  Operating conditions:   WCCOM (balanced_tree)
  Wireload mode:          segmented
  Area mode:              timing library
============================================================

               Instance                       Module          Cell Count  Cell Area  Net Area   Total Area      Wireload     
-----------------------------------------------------------------------------------------------------------------------------
systolic_array_wrapper                                            150389 537240.608     0.000   537240.608 ZeroWireload (S)  
  systolic_array_8X8                  systolic_array_8X8          147271 516034.144     0.000   516034.144 ZeroWireload (S)  
    rem_37_53                         remainder_unsigned            2501   7828.569     0.000     7828.569 ZeroWireload (S)  
    rem_38_56                         remainder_unsigned            2501   7828.569     0.000     7828.569 ZeroWireload (S)  
    gte_41_46                         geq_unsigned                    79    210.714     0.000      210.714 ZeroWireload (S)  
    sub_35_53                         sub_unsigned                   137    379.606     0.000      379.606 ZeroWireload (S)  
    add_33_41                         add_unsigned                    49    122.246     0.000      122.246 ZeroWireload (S)  
    eq_114_36_I8_I8                   equal_unsigned                   9     35.387     0.000       35.387 ZeroWireload (S)  
    gte_42_46                         geq_unsigned                    79    210.714     0.000      210.714 ZeroWireload (S)  
    sub_36_56                         sub_unsigned                   137    379.606     0.000      379.606 ZeroWireload (S)  
    add_34_41                         add_unsigned                    49    122.246     0.000      122.246 ZeroWireload (S)  
    eq_114_89_I8_I8                   equal_unsigned                   9     35.387     0.000       35.387 ZeroWireload (S)  
    mul_117_79_I8_I8                  mult_signed                    576   1857.818     0.000     1857.818 ZeroWireload (S)  
    add_124_53_I8_I8                  add_signed                     428   1204.766     0.000     1204.766 ZeroWireload (S)  
    gte_128_24_I1_I2                  geq_unsigned_128                30     73.991     0.000       73.991 ZeroWireload (S)  
    lte_128_34_I8_I8                  leq_unsigned                    73    184.977     0.000      184.977 ZeroWireload (S)  
    add_134_52_I8_I8                  add_signed                     428   1204.766     0.000     1204.766 ZeroWireload (S)  
    mul_131_79_I8_I8                  mult_signed                    576   1857.818     0.000     1857.818 ZeroWireload (S)  
    eq_114_36_I7_I8                   equal_unsigned                   9     35.387     0.000       35.387 ZeroWireload (S)  
    eq_114_89_I7_I8                   equal_unsigned                   9     35.387     0.000       35.387 ZeroWireload (S)  
    mul_117_79_I8_I7                  mult_signed                    576   1857.818     0.000     1857.818 ZeroWireload (S)  
    add_124_53_I8_I7                  add_signed                     428   1204.766     0.000     1204.766 ZeroWireload (S)  
    sub_128_46_I1_I2                  sub_unsigned_251                70    191.411     0.000      191.411 ZeroWireload (S)  
    lte_128_34_I1_I2                  leq_unsigned_254                61    149.590     0.000      149.590 ZeroWireload (S)  
    lte_128_34_I1_I3                  leq_unsigned_257                64    159.242     0.000      159.242 ZeroWireload (S)  
    lte_128_34_I1_I4                  leq_unsigned_257                64    159.242     0.000      159.242 ZeroWireload (S)  
    lte_128_34_I1_I5                  leq_unsigned_263                69    172.109     0.000      172.109 ZeroWireload (S)  
    lte_128_34_I1_I6                  leq_unsigned_263                69    172.109     0.000      172.109 ZeroWireload (S)  
    lte_128_34_I1_I7                  leq_unsigned_263                69    172.109     0.000      172.109 ZeroWireload (S)  
    lte_128_34_I1_I8                  leq_unsigned_263                69    172.109     0.000      172.109 ZeroWireload (S)  
    lte_128_34_I2_I8                  leq_unsigned                    73    184.977     0.000      184.977 ZeroWireload (S)  
    lte_128_34_I3_I8                  leq_unsigned                    73    184.977     0.000      184.977 ZeroWireload (S)  
    lte_128_34_I4_I8                  leq_unsigned                    73    184.977     0.000      184.977 ZeroWireload (S)  
    lte_128_34_I5_I8                  leq_unsigned                    73    184.977     0.000      184.977 ZeroWireload (S)  
    lte_128_34_I6_I8                  leq_unsigned                    73    184.977     0.000      184.977 ZeroWireload (S)  
    lte_128_34_I7_I8                  leq_unsigned                    73    184.977     0.000      184.977 ZeroWireload (S)  
    add_134_52_I8_I7                  add_signed                     428   1204.766     0.000     1204.766 ZeroWireload (S)  
    mul_131_79_I8_I7                  mult_signed                    576   1857.818     0.000     1857.818 ZeroWireload (S)  
    eq_114_36_I6_I8                   equal_unsigned                   9     35.387     0.000       35.387 ZeroWireload (S)  
    eq_114_89_I6_I8                   equal_unsigned                   9     35.387     0.000       35.387 ZeroWireload (S)  
    mul_117_79_I8_I6                  mult_signed                    576   1857.818     0.000     1857.818 ZeroWireload (S)  
    add_124_53_I8_I6                  add_signed                     428   1204.766     0.000     1204.766 ZeroWireload (S)  
    add_134_52_I8_I6                  add_signed                     428   1204.766     0.000     1204.766 ZeroWireload (S)  
    mul_131_79_I8_I6                  mult_signed                    576   1857.818     0.000     1857.818 ZeroWireload (S)  
    eq_114_36_I5_I8                   equal_unsigned                   9     35.387     0.000       35.387 ZeroWireload (S)  
    eq_114_89_I5_I8                   equal_unsigned                   9     35.387     0.000       35.387 ZeroWireload (S)  
    mul_117_79_I8_I5                  mult_signed                    576   1857.818     0.000     1857.818 ZeroWireload (S)  
    add_124_53_I8_I5                  add_signed                     428   1204.766     0.000     1204.766 ZeroWireload (S)  
    add_134_52_I8_I5                  add_signed                     428   1204.766     0.000     1204.766 ZeroWireload (S)  
    mul_131_79_I8_I5                  mult_signed                    576   1857.818     0.000     1857.818 ZeroWireload (S)  
    eq_114_36_I4_I8                   equal_unsigned                   9     35.387     0.000       35.387 ZeroWireload (S)  
    eq_114_89_I4_I8                   equal_unsigned                   9     35.387     0.000       35.387 ZeroWireload (S)  
    mul_117_79_I8_I4                  mult_signed                    576   1857.818     0.000     1857.818 ZeroWireload (S)  
    add_124_53_I8_I4                  add_signed                     428   1204.766     0.000     1204.766 ZeroWireload (S)  
    add_134_52_I8_I4                  add_signed                     428   1204.766     0.000     1204.766 ZeroWireload (S)  
    mul_131_79_I8_I4                  mult_signed                    576   1857.818     0.000     1857.818 ZeroWireload (S)  
    eq_114_36_I3_I8                   equal_unsigned                   9     35.387     0.000       35.387 ZeroWireload (S)  
    eq_114_89_I3_I8                   equal_unsigned                   9     35.387     0.000       35.387 ZeroWireload (S)  
    mul_117_79_I8_I3                  mult_signed                    576   1857.818     0.000     1857.818 ZeroWireload (S)  
    add_124_53_I8_I3                  add_signed                     428   1204.766     0.000     1204.766 ZeroWireload (S)  
    add_134_52_I8_I3                  add_signed                     428   1204.766     0.000     1204.766 ZeroWireload (S)  
    mul_131_79_I8_I3                  mult_signed                    576   1857.818     0.000     1857.818 ZeroWireload (S)  
    eq_114_36_I2_I8                   equal_unsigned                   9     35.387     0.000       35.387 ZeroWireload (S)  
    eq_114_89_I2_I8                   equal_unsigned                   9     35.387     0.000       35.387 ZeroWireload (S)  
    mul_117_79_I8_I2                  mult_signed                    576   1857.818     0.000     1857.818 ZeroWireload (S)  
    add_124_53_I8_I2                  add_signed                     428   1204.766     0.000     1204.766 ZeroWireload (S)  
    add_134_52_I8_I2                  add_signed                     428   1204.766     0.000     1204.766 ZeroWireload (S)  
    mul_131_79_I8_I2                  mult_signed                    576   1857.818     0.000     1857.818 ZeroWireload (S)  
    eq_114_36_I1_I8                   equal_unsigned_950               8     32.170     0.000       32.170 ZeroWireload (S)  
    eq_114_89_I1_I8                   equal_unsigned_950               8     32.170     0.000       32.170 ZeroWireload (S)  
    mul_117_79_I8_I1                  mult_signed                    576   1857.818     0.000     1857.818 ZeroWireload (S)  
    add_124_53_I8_I1                  add_signed                     428   1204.766     0.000     1204.766 ZeroWireload (S)  
    add_134_52_I8_I1                  add_signed                     428   1204.766     0.000     1204.766 ZeroWireload (S)  
    mul_131_79_I8_I1                  mult_signed                    576   1857.818     0.000     1857.818 ZeroWireload (S)  
    mul_117_79_I7_I8                  mult_signed                    576   1857.818     0.000     1857.818 ZeroWireload (S)  
    add_124_53_I7_I8                  add_signed                     428   1204.766     0.000     1204.766 ZeroWireload (S)  
    add_134_52_I7_I8                  add_signed                     428   1204.766     0.000     1204.766 ZeroWireload (S)  
    mul_131_79_I7_I8                  mult_signed                    576   1857.818     0.000     1857.818 ZeroWireload (S)  
    mul_117_79_I7_I7                  mult_signed                    576   1857.818     0.000     1857.818 ZeroWireload (S)  
    add_124_53_I7_I7                  add_signed                     428   1204.766     0.000     1204.766 ZeroWireload (S)  
    add_134_52_I7_I7                  add_signed                     428   1204.766     0.000     1204.766 ZeroWireload (S)  
    mul_131_79_I7_I7                  mult_signed                    576   1857.818     0.000     1857.818 ZeroWireload (S)  
    mul_117_79_I7_I6                  mult_signed                    576   1857.818     0.000     1857.818 ZeroWireload (S)  
    add_124_53_I7_I6                  add_signed                     428   1204.766     0.000     1204.766 ZeroWireload (S)  
    add_134_52_I7_I6                  add_signed                     428   1204.766     0.000     1204.766 ZeroWireload (S)  
    mul_131_79_I7_I6                  mult_signed                    576   1857.818     0.000     1857.818 ZeroWireload (S)  
    mul_117_79_I7_I5                  mult_signed                    576   1857.818     0.000     1857.818 ZeroWireload (S)  
    add_124_53_I7_I5                  add_signed                     428   1204.766     0.000     1204.766 ZeroWireload (S)  
    add_134_52_I7_I5                  add_signed                     428   1204.766     0.000     1204.766 ZeroWireload (S)  
    mul_131_79_I7_I5                  mult_signed                    576   1857.818     0.000     1857.818 ZeroWireload (S)  
    mul_117_79_I7_I4                  mult_signed                    576   1857.818     0.000     1857.818 ZeroWireload (S)  
    add_124_53_I7_I4                  add_signed                     428   1204.766     0.000     1204.766 ZeroWireload (S)  
    add_134_52_I7_I4                  add_signed                     428   1204.766     0.000     1204.766 ZeroWireload (S)  
    mul_131_79_I7_I4                  mult_signed                    576   1857.818     0.000     1857.818 ZeroWireload (S)  
    mul_117_79_I7_I3                  mult_signed                    576   1857.818     0.000     1857.818 ZeroWireload (S)  
    add_124_53_I7_I3                  add_signed                     428   1204.766     0.000     1204.766 ZeroWireload (S)  
    add_134_52_I7_I3                  add_signed                     428   1204.766     0.000     1204.766 ZeroWireload (S)  
    mul_131_79_I7_I3                  mult_signed                    576   1857.818     0.000     1857.818 ZeroWireload (S)  
    mul_117_79_I7_I2                  mult_signed                    576   1857.818     0.000     1857.818 ZeroWireload (S)  
    add_124_53_I7_I2                  add_signed                     428   1204.766     0.000     1204.766 ZeroWireload (S)  
    add_134_52_I7_I2                  add_signed                     428   1204.766     0.000     1204.766 ZeroWireload (S)  
    mul_131_79_I7_I2                  mult_signed                    576   1857.818     0.000     1857.818 ZeroWireload (S)  
    eq_114_36_I1_I7                   equal_unsigned_950               8     32.170     0.000       32.170 ZeroWireload (S)  
    eq_114_89_I1_I7                   equal_unsigned_950               8     32.170     0.000       32.170 ZeroWireload (S)  
    mul_117_79_I7_I1                  mult_signed                    576   1857.818     0.000     1857.818 ZeroWireload (S)  
    add_124_53_I7_I1                  add_signed                     428   1204.766     0.000     1204.766 ZeroWireload (S)  
    add_134_52_I7_I1                  add_signed                     428   1204.766     0.000     1204.766 ZeroWireload (S)  
    mul_131_79_I7_I1                  mult_signed                    576   1857.818     0.000     1857.818 ZeroWireload (S)  
    mul_117_79_I6_I8                  mult_signed                    576   1857.818     0.000     1857.818 ZeroWireload (S)  
    add_124_53_I6_I8                  add_signed                     428   1204.766     0.000     1204.766 ZeroWireload (S)  
    add_134_52_I6_I8                  add_signed                     428   1204.766     0.000     1204.766 ZeroWireload (S)  
    mul_131_79_I6_I8                  mult_signed                    576   1857.818     0.000     1857.818 ZeroWireload (S)  
    mul_117_79_I6_I7                  mult_signed                    576   1857.818     0.000     1857.818 ZeroWireload (S)  
    add_124_53_I6_I7                  add_signed                     428   1204.766     0.000     1204.766 ZeroWireload (S)  
    add_134_52_I6_I7                  add_signed                     428   1204.766     0.000     1204.766 ZeroWireload (S)  
    mul_131_79_I6_I7                  mult_signed                    576   1857.818     0.000     1857.818 ZeroWireload (S)  
    mul_117_79_I6_I6                  mult_signed                    576   1857.818     0.000     1857.818 ZeroWireload (S)  
    add_124_53_I6_I6                  add_signed                     428   1204.766     0.000     1204.766 ZeroWireload (S)  
    add_134_52_I6_I6                  add_signed                     428   1204.766     0.000     1204.766 ZeroWireload (S)  
    mul_131_79_I6_I6                  mult_signed                    576   1857.818     0.000     1857.818 ZeroWireload (S)  
    mul_117_79_I6_I5                  mult_signed                    576   1857.818     0.000     1857.818 ZeroWireload (S)  
    add_124_53_I6_I5                  add_signed                     428   1204.766     0.000     1204.766 ZeroWireload (S)  
    add_134_52_I6_I5                  add_signed                     428   1204.766     0.000     1204.766 ZeroWireload (S)  
    mul_131_79_I6_I5                  mult_signed                    576   1857.818     0.000     1857.818 ZeroWireload (S)  
    mul_117_79_I6_I4                  mult_signed                    576   1857.818     0.000     1857.818 ZeroWireload (S)  
    add_124_53_I6_I4                  add_signed                     428   1204.766     0.000     1204.766 ZeroWireload (S)  
    add_134_52_I6_I4                  add_signed                     428   1204.766     0.000     1204.766 ZeroWireload (S)  
    mul_131_79_I6_I4                  mult_signed                    576   1857.818     0.000     1857.818 ZeroWireload (S)  
    mul_117_79_I6_I3                  mult_signed                    576   1857.818     0.000     1857.818 ZeroWireload (S)  
    add_124_53_I6_I3                  add_signed                     428   1204.766     0.000     1204.766 ZeroWireload (S)  
    add_134_52_I6_I3                  add_signed                     428   1204.766     0.000     1204.766 ZeroWireload (S)  
    mul_131_79_I6_I3                  mult_signed                    576   1857.818     0.000     1857.818 ZeroWireload (S)  
    mul_117_79_I6_I2                  mult_signed                    576   1857.818     0.000     1857.818 ZeroWireload (S)  
    add_124_53_I6_I2                  add_signed                     428   1204.766     0.000     1204.766 ZeroWireload (S)  
    add_134_52_I6_I2                  add_signed                     428   1204.766     0.000     1204.766 ZeroWireload (S)  
    mul_131_79_I6_I2                  mult_signed                    576   1857.818     0.000     1857.818 ZeroWireload (S)  
    eq_114_36_I1_I6                   equal_unsigned_950               8     32.170     0.000       32.170 ZeroWireload (S)  
    eq_114_89_I1_I6                   equal_unsigned_950               8     32.170     0.000       32.170 ZeroWireload (S)  
    mul_117_79_I6_I1                  mult_signed                    576   1857.818     0.000     1857.818 ZeroWireload (S)  
    add_124_53_I6_I1                  add_signed                     428   1204.766     0.000     1204.766 ZeroWireload (S)  
    add_134_52_I6_I1                  add_signed                     428   1204.766     0.000     1204.766 ZeroWireload (S)  
    mul_131_79_I6_I1                  mult_signed                    576   1857.818     0.000     1857.818 ZeroWireload (S)  
    mul_117_79_I5_I8                  mult_signed                    576   1857.818     0.000     1857.818 ZeroWireload (S)  
    add_124_53_I5_I8                  add_signed                     428   1204.766     0.000     1204.766 ZeroWireload (S)  
    add_134_52_I5_I8                  add_signed                     428   1204.766     0.000     1204.766 ZeroWireload (S)  
    mul_131_79_I5_I8                  mult_signed                    576   1857.818     0.000     1857.818 ZeroWireload (S)  
    mul_117_79_I5_I7                  mult_signed                    576   1857.818     0.000     1857.818 ZeroWireload (S)  
    add_124_53_I5_I7                  add_signed                     428   1204.766     0.000     1204.766 ZeroWireload (S)  
    add_134_52_I5_I7                  add_signed                     428   1204.766     0.000     1204.766 ZeroWireload (S)  
    mul_131_79_I5_I7                  mult_signed                    576   1857.818     0.000     1857.818 ZeroWireload (S)  
    mul_117_79_I5_I6                  mult_signed                    576   1857.818     0.000     1857.818 ZeroWireload (S)  
    add_124_53_I5_I6                  add_signed                     428   1204.766     0.000     1204.766 ZeroWireload (S)  
    add_134_52_I5_I6                  add_signed                     428   1204.766     0.000     1204.766 ZeroWireload (S)  
    mul_131_79_I5_I6                  mult_signed                    576   1857.818     0.000     1857.818 ZeroWireload (S)  
    mul_117_79_I5_I5                  mult_signed                    576   1857.818     0.000     1857.818 ZeroWireload (S)  
    add_124_53_I5_I5                  add_signed                     428   1204.766     0.000     1204.766 ZeroWireload (S)  
    add_134_52_I5_I5                  add_signed                     428   1204.766     0.000     1204.766 ZeroWireload (S)  
    mul_131_79_I5_I5                  mult_signed                    576   1857.818     0.000     1857.818 ZeroWireload (S)  
    mul_117_79_I5_I4                  mult_signed                    576   1857.818     0.000     1857.818 ZeroWireload (S)  
    add_124_53_I5_I4                  add_signed                     428   1204.766     0.000     1204.766 ZeroWireload (S)  
    add_134_52_I5_I4                  add_signed                     428   1204.766     0.000     1204.766 ZeroWireload (S)  
    mul_131_79_I5_I4                  mult_signed                    576   1857.818     0.000     1857.818 ZeroWireload (S)  
    mul_117_79_I5_I3                  mult_signed                    576   1857.818     0.000     1857.818 ZeroWireload (S)  
    add_124_53_I5_I3                  add_signed                     428   1204.766     0.000     1204.766 ZeroWireload (S)  
    add_134_52_I5_I3                  add_signed                     428   1204.766     0.000     1204.766 ZeroWireload (S)  
    mul_131_79_I5_I3                  mult_signed                    576   1857.818     0.000     1857.818 ZeroWireload (S)  
    mul_117_79_I5_I2                  mult_signed                    576   1857.818     0.000     1857.818 ZeroWireload (S)  
    add_124_53_I5_I2                  add_signed                     428   1204.766     0.000     1204.766 ZeroWireload (S)  
    add_134_52_I5_I2                  add_signed                     428   1204.766     0.000     1204.766 ZeroWireload (S)  
    mul_131_79_I5_I2                  mult_signed                    576   1857.818     0.000     1857.818 ZeroWireload (S)  
    eq_114_36_I1_I5                   equal_unsigned_950               8     32.170     0.000       32.170 ZeroWireload (S)  
    eq_114_89_I1_I5                   equal_unsigned_950               8     32.170     0.000       32.170 ZeroWireload (S)  
    mul_117_79_I5_I1                  mult_signed                    576   1857.818     0.000     1857.818 ZeroWireload (S)  
    add_124_53_I5_I1                  add_signed                     428   1204.766     0.000     1204.766 ZeroWireload (S)  
    add_134_52_I5_I1                  add_signed                     428   1204.766     0.000     1204.766 ZeroWireload (S)  
    mul_131_79_I5_I1                  mult_signed                    576   1857.818     0.000     1857.818 ZeroWireload (S)  
    mul_117_79_I4_I8                  mult_signed                    576   1857.818     0.000     1857.818 ZeroWireload (S)  
    add_124_53_I4_I8                  add_signed                     428   1204.766     0.000     1204.766 ZeroWireload (S)  
    add_134_52_I4_I8                  add_signed                     428   1204.766     0.000     1204.766 ZeroWireload (S)  
    mul_131_79_I4_I8                  mult_signed                    576   1857.818     0.000     1857.818 ZeroWireload (S)  
    mul_117_79_I4_I7                  mult_signed                    576   1857.818     0.000     1857.818 ZeroWireload (S)  
    add_124_53_I4_I7                  add_signed                     428   1204.766     0.000     1204.766 ZeroWireload (S)  
    add_134_52_I4_I7                  add_signed                     428   1204.766     0.000     1204.766 ZeroWireload (S)  
    mul_131_79_I4_I7                  mult_signed                    576   1857.818     0.000     1857.818 ZeroWireload (S)  
    mul_117_79_I4_I6                  mult_signed                    576   1857.818     0.000     1857.818 ZeroWireload (S)  
    add_124_53_I4_I6                  add_signed                     428   1204.766     0.000     1204.766 ZeroWireload (S)  
    add_134_52_I4_I6                  add_signed                     428   1204.766     0.000     1204.766 ZeroWireload (S)  
    mul_131_79_I4_I6                  mult_signed                    576   1857.818     0.000     1857.818 ZeroWireload (S)  
    mul_117_79_I4_I5                  mult_signed                    576   1857.818     0.000     1857.818 ZeroWireload (S)  
    add_124_53_I4_I5                  add_signed                     428   1204.766     0.000     1204.766 ZeroWireload (S)  
    add_134_52_I4_I5                  add_signed                     428   1204.766     0.000     1204.766 ZeroWireload (S)  
    mul_131_79_I4_I5                  mult_signed                    576   1857.818     0.000     1857.818 ZeroWireload (S)  
    mul_117_79_I4_I4                  mult_signed                    576   1857.818     0.000     1857.818 ZeroWireload (S)  
    add_124_53_I4_I4                  add_signed                     428   1204.766     0.000     1204.766 ZeroWireload (S)  
    add_134_52_I4_I4                  add_signed                     428   1204.766     0.000     1204.766 ZeroWireload (S)  
    mul_131_79_I4_I4                  mult_signed                    576   1857.818     0.000     1857.818 ZeroWireload (S)  
    mul_117_79_I4_I3                  mult_signed                    576   1857.818     0.000     1857.818 ZeroWireload (S)  
    add_124_53_I4_I3                  add_signed                     428   1204.766     0.000     1204.766 ZeroWireload (S)  
    add_134_52_I4_I3                  add_signed                     428   1204.766     0.000     1204.766 ZeroWireload (S)  
    mul_131_79_I4_I3                  mult_signed                    576   1857.818     0.000     1857.818 ZeroWireload (S)  
    mul_117_79_I4_I2                  mult_signed                    576   1857.818     0.000     1857.818 ZeroWireload (S)  
    add_124_53_I4_I2                  add_signed                     428   1204.766     0.000     1204.766 ZeroWireload (S)  
    add_134_52_I4_I2                  add_signed                     428   1204.766     0.000     1204.766 ZeroWireload (S)  
    mul_131_79_I4_I2                  mult_signed                    576   1857.818     0.000     1857.818 ZeroWireload (S)  
    eq_114_36_I1_I4                   equal_unsigned_4678              6     27.345     0.000       27.345 ZeroWireload (S)  
    eq_114_89_I1_I4                   equal_unsigned_4678              6     27.345     0.000       27.345 ZeroWireload (S)  
    mul_117_79_I4_I1                  mult_signed                    576   1857.818     0.000     1857.818 ZeroWireload (S)  
    add_124_53_I4_I1                  add_signed                     428   1204.766     0.000     1204.766 ZeroWireload (S)  
    add_134_52_I4_I1                  add_signed                     428   1204.766     0.000     1204.766 ZeroWireload (S)  
    mul_131_79_I4_I1                  mult_signed                    576   1857.818     0.000     1857.818 ZeroWireload (S)  
    mul_117_79_I3_I8                  mult_signed                    576   1857.818     0.000     1857.818 ZeroWireload (S)  
    add_124_53_I3_I8                  add_signed                     428   1204.766     0.000     1204.766 ZeroWireload (S)  
    add_134_52_I3_I8                  add_signed                     428   1204.766     0.000     1204.766 ZeroWireload (S)  
    mul_131_79_I3_I8                  mult_signed                    576   1857.818     0.000     1857.818 ZeroWireload (S)  
    mul_117_79_I3_I7                  mult_signed                    576   1857.818     0.000     1857.818 ZeroWireload (S)  
    add_124_53_I3_I7                  add_signed                     428   1204.766     0.000     1204.766 ZeroWireload (S)  
    add_134_52_I3_I7                  add_signed                     428   1204.766     0.000     1204.766 ZeroWireload (S)  
    mul_131_79_I3_I7                  mult_signed                    576   1857.818     0.000     1857.818 ZeroWireload (S)  
    mul_117_79_I3_I6                  mult_signed                    576   1857.818     0.000     1857.818 ZeroWireload (S)  
    add_124_53_I3_I6                  add_signed                     428   1204.766     0.000     1204.766 ZeroWireload (S)  
    add_134_52_I3_I6                  add_signed                     428   1204.766     0.000     1204.766 ZeroWireload (S)  
    mul_131_79_I3_I6                  mult_signed                    576   1857.818     0.000     1857.818 ZeroWireload (S)  
    mul_117_79_I3_I5                  mult_signed                    576   1857.818     0.000     1857.818 ZeroWireload (S)  
    add_124_53_I3_I5                  add_signed                     428   1204.766     0.000     1204.766 ZeroWireload (S)  
    add_134_52_I3_I5                  add_signed                     428   1204.766     0.000     1204.766 ZeroWireload (S)  
    mul_131_79_I3_I5                  mult_signed                    576   1857.818     0.000     1857.818 ZeroWireload (S)  
    mul_117_79_I3_I4                  mult_signed                    576   1857.818     0.000     1857.818 ZeroWireload (S)  
    add_124_53_I3_I4                  add_signed                     428   1204.766     0.000     1204.766 ZeroWireload (S)  
    add_134_52_I3_I4                  add_signed                     428   1204.766     0.000     1204.766 ZeroWireload (S)  
    mul_131_79_I3_I4                  mult_signed                    576   1857.818     0.000     1857.818 ZeroWireload (S)  
    mul_117_79_I3_I3                  mult_signed                    576   1857.818     0.000     1857.818 ZeroWireload (S)  
    add_124_53_I3_I3                  add_signed                     428   1204.766     0.000     1204.766 ZeroWireload (S)  
    add_134_52_I3_I3                  add_signed                     428   1204.766     0.000     1204.766 ZeroWireload (S)  
    mul_131_79_I3_I3                  mult_signed                    576   1857.818     0.000     1857.818 ZeroWireload (S)  
    mul_117_79_I3_I2                  mult_signed                    576   1857.818     0.000     1857.818 ZeroWireload (S)  
    add_124_53_I3_I2                  add_signed                     428   1204.766     0.000     1204.766 ZeroWireload (S)  
    add_134_52_I3_I2                  add_signed                     428   1204.766     0.000     1204.766 ZeroWireload (S)  
    mul_131_79_I3_I2                  mult_signed                    576   1857.818     0.000     1857.818 ZeroWireload (S)  
    eq_114_36_I1_I3                   equal_unsigned_4678              6     27.345     0.000       27.345 ZeroWireload (S)  
    eq_114_89_I1_I3                   equal_unsigned_4678              6     27.345     0.000       27.345 ZeroWireload (S)  
    mul_117_79_I3_I1                  mult_signed                    576   1857.818     0.000     1857.818 ZeroWireload (S)  
    add_124_53_I3_I1                  add_signed                     428   1204.766     0.000     1204.766 ZeroWireload (S)  
    add_134_52_I3_I1                  add_signed                     428   1204.766     0.000     1204.766 ZeroWireload (S)  
    mul_131_79_I3_I1                  mult_signed                    576   1857.818     0.000     1857.818 ZeroWireload (S)  
    mul_117_79_I2_I8                  mult_signed                    576   1857.818     0.000     1857.818 ZeroWireload (S)  
    add_124_53_I2_I8                  add_signed                     428   1204.766     0.000     1204.766 ZeroWireload (S)  
    add_134_52_I2_I8                  add_signed                     428   1204.766     0.000     1204.766 ZeroWireload (S)  
    mul_131_79_I2_I8                  mult_signed                    576   1857.818     0.000     1857.818 ZeroWireload (S)  
    mul_117_79_I2_I7                  mult_signed                    576   1857.818     0.000     1857.818 ZeroWireload (S)  
    add_124_53_I2_I7                  add_signed                     428   1204.766     0.000     1204.766 ZeroWireload (S)  
    add_134_52_I2_I7                  add_signed                     428   1204.766     0.000     1204.766 ZeroWireload (S)  
    mul_131_79_I2_I7                  mult_signed                    576   1857.818     0.000     1857.818 ZeroWireload (S)  
    mul_117_79_I2_I6                  mult_signed                    576   1857.818     0.000     1857.818 ZeroWireload (S)  
    add_124_53_I2_I6                  add_signed                     428   1204.766     0.000     1204.766 ZeroWireload (S)  
    add_134_52_I2_I6                  add_signed                     428   1204.766     0.000     1204.766 ZeroWireload (S)  
    mul_131_79_I2_I6                  mult_signed                    576   1857.818     0.000     1857.818 ZeroWireload (S)  
    mul_117_79_I2_I5                  mult_signed                    576   1857.818     0.000     1857.818 ZeroWireload (S)  
    add_124_53_I2_I5                  add_signed                     428   1204.766     0.000     1204.766 ZeroWireload (S)  
    add_134_52_I2_I5                  add_signed                     428   1204.766     0.000     1204.766 ZeroWireload (S)  
    mul_131_79_I2_I5                  mult_signed                    576   1857.818     0.000     1857.818 ZeroWireload (S)  
    mul_117_79_I2_I4                  mult_signed                    576   1857.818     0.000     1857.818 ZeroWireload (S)  
    add_124_53_I2_I4                  add_signed                     428   1204.766     0.000     1204.766 ZeroWireload (S)  
    add_134_52_I2_I4                  add_signed                     428   1204.766     0.000     1204.766 ZeroWireload (S)  
    mul_131_79_I2_I4                  mult_signed                    576   1857.818     0.000     1857.818 ZeroWireload (S)  
    mul_117_79_I2_I3                  mult_signed                    576   1857.818     0.000     1857.818 ZeroWireload (S)  
    add_124_53_I2_I3                  add_signed                     428   1204.766     0.000     1204.766 ZeroWireload (S)  
    add_134_52_I2_I3                  add_signed                     428   1204.766     0.000     1204.766 ZeroWireload (S)  
    mul_131_79_I2_I3                  mult_signed                    576   1857.818     0.000     1857.818 ZeroWireload (S)  
    mul_117_79_I2_I2                  mult_signed                    576   1857.818     0.000     1857.818 ZeroWireload (S)  
    add_124_53_I2_I2                  add_signed                     428   1204.766     0.000     1204.766 ZeroWireload (S)  
    add_134_52_I2_I2                  add_signed                     428   1204.766     0.000     1204.766 ZeroWireload (S)  
    mul_131_79_I2_I2                  mult_signed                    576   1857.818     0.000     1857.818 ZeroWireload (S)  
    eq_114_36_I1_I2                   equal_unsigned_6542              6     25.736     0.000       25.736 ZeroWireload (S)  
    eq_114_89_I1_I2                   equal_unsigned_6542              6     25.736     0.000       25.736 ZeroWireload (S)  
    mul_117_79_I2_I1                  mult_signed                    576   1857.818     0.000     1857.818 ZeroWireload (S)  
    add_124_53_I2_I1                  add_signed                     428   1204.766     0.000     1204.766 ZeroWireload (S)  
    add_134_52_I2_I1                  add_signed                     428   1204.766     0.000     1204.766 ZeroWireload (S)  
    mul_131_79_I2_I1                  mult_signed                    576   1857.818     0.000     1857.818 ZeroWireload (S)  
    mul_117_79_I1_I8                  mult_signed                    576   1857.818     0.000     1857.818 ZeroWireload (S)  
    add_124_53_I1_I8                  add_signed                     428   1204.766     0.000     1204.766 ZeroWireload (S)  
    add_134_52_I1_I8                  add_signed                     428   1204.766     0.000     1204.766 ZeroWireload (S)  
    mul_131_79_I1_I8                  mult_signed                    576   1857.818     0.000     1857.818 ZeroWireload (S)  
    mul_117_79_I1_I7                  mult_signed                    576   1857.818     0.000     1857.818 ZeroWireload (S)  
    add_124_53_I1_I7                  add_signed                     428   1204.766     0.000     1204.766 ZeroWireload (S)  
    add_134_52_I1_I7                  add_signed                     428   1204.766     0.000     1204.766 ZeroWireload (S)  
    mul_131_79_I1_I7                  mult_signed                    576   1857.818     0.000     1857.818 ZeroWireload (S)  
    mul_117_79_I1_I6                  mult_signed                    576   1857.818     0.000     1857.818 ZeroWireload (S)  
    add_124_53_I1_I6                  add_signed                     428   1204.766     0.000     1204.766 ZeroWireload (S)  
    add_134_52_I1_I6                  add_signed                     428   1204.766     0.000     1204.766 ZeroWireload (S)  
    mul_131_79_I1_I6                  mult_signed                    576   1857.818     0.000     1857.818 ZeroWireload (S)  
    mul_117_79_I1_I5                  mult_signed                    576   1857.818     0.000     1857.818 ZeroWireload (S)  
    add_124_53_I1_I5                  add_signed                     428   1204.766     0.000     1204.766 ZeroWireload (S)  
    add_134_52_I1_I5                  add_signed                     428   1204.766     0.000     1204.766 ZeroWireload (S)  
    mul_131_79_I1_I5                  mult_signed                    576   1857.818     0.000     1857.818 ZeroWireload (S)  
    mul_117_79_I1_I4                  mult_signed                    576   1857.818     0.000     1857.818 ZeroWireload (S)  
    add_124_53_I1_I4                  add_signed                     428   1204.766     0.000     1204.766 ZeroWireload (S)  
    add_134_52_I1_I4                  add_signed                     428   1204.766     0.000     1204.766 ZeroWireload (S)  
    mul_131_79_I1_I4                  mult_signed                    576   1857.818     0.000     1857.818 ZeroWireload (S)  
    mul_117_79_I1_I3                  mult_signed                    576   1857.818     0.000     1857.818 ZeroWireload (S)  
    add_124_53_I1_I3                  add_signed                     428   1204.766     0.000     1204.766 ZeroWireload (S)  
    add_134_52_I1_I3                  add_signed                     428   1204.766     0.000     1204.766 ZeroWireload (S)  
    mul_131_79_I1_I3                  mult_signed                    576   1857.818     0.000     1857.818 ZeroWireload (S)  
    mul_117_79_I1_I2                  mult_signed                    576   1857.818     0.000     1857.818 ZeroWireload (S)  
    add_124_53_I1_I2                  add_signed                     428   1204.766     0.000     1204.766 ZeroWireload (S)  
    add_134_52_I1_I2                  add_signed                     428   1204.766     0.000     1204.766 ZeroWireload (S)  
    mul_131_79_I1_I2                  mult_signed                    576   1857.818     0.000     1857.818 ZeroWireload (S)  
    eq_114_36_I1_I1                   equal_unsigned_6542              6     25.736     0.000       25.736 ZeroWireload (S)  
    eq_114_89_I1_I1                   equal_unsigned_6542              6     25.736     0.000       25.736 ZeroWireload (S)  
    mul_117_79_I1_I1                  mult_signed                    576   1857.818     0.000     1857.818 ZeroWireload (S)  
    add_124_53_I1_I1                  add_signed                     428   1204.766     0.000     1204.766 ZeroWireload (S)  
    add_134_52_I1_I1                  add_signed                     428   1204.766     0.000     1204.766 ZeroWireload (S)  
    mul_131_79_I1_I1                  mult_signed                    576   1857.818     0.000     1857.818 ZeroWireload (S)  
    add_175_32                        add_unsigned_7596               13     32.170     0.000       32.170 ZeroWireload (S)  
    add_32_49                         add_unsigned_7598               25     62.731     0.000       62.731 ZeroWireload (S)  
    mux_pe_out_valid[0][0]_114_54     bmux                             1      6.434     0.000        6.434 ZeroWireload (S)  
    mux_pe_out_valid[0][0]_111_6      bmux                             1      6.434     0.000        6.434 ZeroWireload (S)  
    mux_pe_out_valid[0][1]_114_54     bmux                             1      6.434     0.000        6.434 ZeroWireload (S)  
    mux_pe_out_valid[0][1]_111_6      bmux                             1      6.434     0.000        6.434 ZeroWireload (S)  
    mux_pe_out_valid[0][2]_114_54     bmux                             1      6.434     0.000        6.434 ZeroWireload (S)  
    mux_pe_out_valid[0][2]_111_6      bmux                             1      6.434     0.000        6.434 ZeroWireload (S)  
    mux_pe_out_valid[0][3]_114_54     bmux                             1      6.434     0.000        6.434 ZeroWireload (S)  
    mux_pe_out_valid[0][3]_111_6      bmux                             1      6.434     0.000        6.434 ZeroWireload (S)  
    mux_pe_out_valid[0][4]_114_54     bmux                             1      6.434     0.000        6.434 ZeroWireload (S)  
    mux_pe_out_valid[0][4]_111_6      bmux                             1      6.434     0.000        6.434 ZeroWireload (S)  
    mux_pe_out_valid[0][5]_114_54     bmux                             1      6.434     0.000        6.434 ZeroWireload (S)  
    mux_pe_out_valid[0][5]_111_6      bmux                             1      6.434     0.000        6.434 ZeroWireload (S)  
    mux_pe_out_valid[0][6]_114_54     bmux                             1      6.434     0.000        6.434 ZeroWireload (S)  
    mux_pe_out_valid[0][6]_111_6      bmux                             1      6.434     0.000        6.434 ZeroWireload (S)  
    mux_pe_out_valid[0][7]_114_54     bmux                             1      6.434     0.000        6.434 ZeroWireload (S)  
    mux_pe_out_valid[0][7]_111_6      bmux                             1      6.434     0.000        6.434 ZeroWireload (S)  
    mux_pe_out_valid[1][0]_114_54     bmux                             1      6.434     0.000        6.434 ZeroWireload (S)  
    mux_pe_out_valid[1][0]_111_6      bmux                             1      6.434     0.000        6.434 ZeroWireload (S)  
    mux_pe_out_valid[1][1]_114_54     bmux                             1      6.434     0.000        6.434 ZeroWireload (S)  
    mux_pe_out_valid[1][1]_111_6      bmux                             1      6.434     0.000        6.434 ZeroWireload (S)  
    mux_pe_out_valid[1][2]_114_54     bmux                             1      6.434     0.000        6.434 ZeroWireload (S)  
    mux_pe_out_valid[1][2]_111_6      bmux                             1      6.434     0.000        6.434 ZeroWireload (S)  
    mux_pe_out_valid[1][3]_114_54     bmux                             1      6.434     0.000        6.434 ZeroWireload (S)  
    mux_pe_out_valid[1][3]_111_6      bmux                             1      6.434     0.000        6.434 ZeroWireload (S)  
    mux_pe_out_valid[1][4]_114_54     bmux                             1      6.434     0.000        6.434 ZeroWireload (S)  
    mux_pe_out_valid[1][4]_111_6      bmux                             1      6.434     0.000        6.434 ZeroWireload (S)  
    mux_pe_out_valid[1][5]_114_54     bmux                             1      6.434     0.000        6.434 ZeroWireload (S)  
    mux_pe_out_valid[1][5]_111_6      bmux                             1      6.434     0.000        6.434 ZeroWireload (S)  
    mux_pe_out_valid[1][6]_114_54     bmux                             1      6.434     0.000        6.434 ZeroWireload (S)  
    mux_pe_out_valid[1][6]_111_6      bmux                             1      6.434     0.000        6.434 ZeroWireload (S)  
    mux_pe_out_valid[1][7]_114_54     bmux                             1      6.434     0.000        6.434 ZeroWireload (S)  
    mux_pe_out_valid[1][7]_111_6      bmux                             1      6.434     0.000        6.434 ZeroWireload (S)  
    mux_pe_out_valid[2][0]_114_54     bmux                             1      6.434     0.000        6.434 ZeroWireload (S)  
    mux_pe_out_valid[2][0]_111_6      bmux                             1      6.434     0.000        6.434 ZeroWireload (S)  
    mux_pe_out_valid[2][1]_114_54     bmux                             1      6.434     0.000        6.434 ZeroWireload (S)  
    mux_pe_out_valid[2][1]_111_6      bmux                             1      6.434     0.000        6.434 ZeroWireload (S)  
    mux_pe_out_valid[2][2]_114_54     bmux                             1      6.434     0.000        6.434 ZeroWireload (S)  
    mux_pe_out_valid[2][2]_111_6      bmux                             1      6.434     0.000        6.434 ZeroWireload (S)  
    mux_pe_out_valid[2][3]_114_54     bmux                             1      6.434     0.000        6.434 ZeroWireload (S)  
    mux_pe_out_valid[2][3]_111_6      bmux                             1      6.434     0.000        6.434 ZeroWireload (S)  
    mux_pe_out_valid[2][4]_114_54     bmux                             1      6.434     0.000        6.434 ZeroWireload (S)  
    mux_pe_out_valid[2][4]_111_6      bmux                             1      6.434     0.000        6.434 ZeroWireload (S)  
    mux_pe_out_valid[2][5]_114_54     bmux                             1      6.434     0.000        6.434 ZeroWireload (S)  
    mux_pe_out_valid[2][5]_111_6      bmux                             1      6.434     0.000        6.434 ZeroWireload (S)  
    mux_pe_out_valid[2][6]_114_54     bmux                             1      6.434     0.000        6.434 ZeroWireload (S)  
    mux_pe_out_valid[2][6]_111_6      bmux                             1      6.434     0.000        6.434 ZeroWireload (S)  
    mux_pe_out_valid[2][7]_114_54     bmux                             1      6.434     0.000        6.434 ZeroWireload (S)  
    mux_pe_out_valid[2][7]_111_6      bmux                             1      6.434     0.000        6.434 ZeroWireload (S)  
    mux_pe_out_valid[3][0]_114_54     bmux                             1      6.434     0.000        6.434 ZeroWireload (S)  
    mux_pe_out_valid[3][0]_111_6      bmux                             1      6.434     0.000        6.434 ZeroWireload (S)  
    mux_pe_out_valid[3][1]_114_54     bmux                             1      6.434     0.000        6.434 ZeroWireload (S)  
    mux_pe_out_valid[3][1]_111_6      bmux                             1      6.434     0.000        6.434 ZeroWireload (S)  
    mux_pe_out_valid[3][2]_114_54     bmux                             1      6.434     0.000        6.434 ZeroWireload (S)  
    mux_pe_out_valid[3][2]_111_6      bmux                             1      6.434     0.000        6.434 ZeroWireload (S)  
    mux_pe_out_valid[3][3]_114_54     bmux                             1      6.434     0.000        6.434 ZeroWireload (S)  
    mux_pe_out_valid[3][3]_111_6      bmux                             1      6.434     0.000        6.434 ZeroWireload (S)  
    mux_pe_out_valid[3][4]_114_54     bmux                             1      6.434     0.000        6.434 ZeroWireload (S)  
    mux_pe_out_valid[3][4]_111_6      bmux                             1      6.434     0.000        6.434 ZeroWireload (S)  
    mux_pe_out_valid[3][5]_114_54     bmux                             1      6.434     0.000        6.434 ZeroWireload (S)  
    mux_pe_out_valid[3][5]_111_6      bmux                             1      6.434     0.000        6.434 ZeroWireload (S)  
    mux_pe_out_valid[3][6]_114_54     bmux                             1      6.434     0.000        6.434 ZeroWireload (S)  
    mux_pe_out_valid[3][6]_111_6      bmux                             1      6.434     0.000        6.434 ZeroWireload (S)  
    mux_pe_out_valid[3][7]_114_54     bmux                             1      6.434     0.000        6.434 ZeroWireload (S)  
    mux_pe_out_valid[3][7]_111_6      bmux                             1      6.434     0.000        6.434 ZeroWireload (S)  
    mux_pe_out_valid[4][0]_114_54     bmux                             1      6.434     0.000        6.434 ZeroWireload (S)  
    mux_pe_out_valid[4][0]_111_6      bmux                             1      6.434     0.000        6.434 ZeroWireload (S)  
    mux_pe_out_valid[4][1]_114_54     bmux                             1      6.434     0.000        6.434 ZeroWireload (S)  
    mux_pe_out_valid[4][1]_111_6      bmux                             1      6.434     0.000        6.434 ZeroWireload (S)  
    mux_pe_out_valid[4][2]_114_54     bmux                             1      6.434     0.000        6.434 ZeroWireload (S)  
    mux_pe_out_valid[4][2]_111_6      bmux                             1      6.434     0.000        6.434 ZeroWireload (S)  
    mux_pe_out_valid[4][3]_114_54     bmux                             1      6.434     0.000        6.434 ZeroWireload (S)  
    mux_pe_out_valid[4][3]_111_6      bmux                             1      6.434     0.000        6.434 ZeroWireload (S)  
    mux_pe_out_valid[4][4]_114_54     bmux                             1      6.434     0.000        6.434 ZeroWireload (S)  
    mux_pe_out_valid[4][4]_111_6      bmux                             1      6.434     0.000        6.434 ZeroWireload (S)  
    mux_pe_out_valid[4][5]_114_54     bmux                             1      6.434     0.000        6.434 ZeroWireload (S)  
    mux_pe_out_valid[4][5]_111_6      bmux                             1      6.434     0.000        6.434 ZeroWireload (S)  
    mux_pe_out_valid[4][6]_114_54     bmux                             1      6.434     0.000        6.434 ZeroWireload (S)  
    mux_pe_out_valid[4][6]_111_6      bmux                             1      6.434     0.000        6.434 ZeroWireload (S)  
    mux_pe_out_valid[4][7]_114_54     bmux                             1      6.434     0.000        6.434 ZeroWireload (S)  
    mux_pe_out_valid[4][7]_111_6      bmux                             1      6.434     0.000        6.434 ZeroWireload (S)  
    mux_pe_out_valid[5][0]_114_54     bmux                             1      6.434     0.000        6.434 ZeroWireload (S)  
    mux_pe_out_valid[5][0]_111_6      bmux                             1      6.434     0.000        6.434 ZeroWireload (S)  
    mux_pe_out_valid[5][1]_114_54     bmux                             1      6.434     0.000        6.434 ZeroWireload (S)  
    mux_pe_out_valid[5][1]_111_6      bmux                             1      6.434     0.000        6.434 ZeroWireload (S)  
    mux_pe_out_valid[5][2]_114_54     bmux                             1      6.434     0.000        6.434 ZeroWireload (S)  
    mux_pe_out_valid[5][2]_111_6      bmux                             1      6.434     0.000        6.434 ZeroWireload (S)  
    mux_pe_out_valid[5][3]_114_54     bmux                             1      6.434     0.000        6.434 ZeroWireload (S)  
    mux_pe_out_valid[5][3]_111_6      bmux                             1      6.434     0.000        6.434 ZeroWireload (S)  
    mux_pe_out_valid[5][4]_114_54     bmux                             1      6.434     0.000        6.434 ZeroWireload (S)  
    mux_pe_out_valid[5][4]_111_6      bmux                             1      6.434     0.000        6.434 ZeroWireload (S)  
    mux_pe_out_valid[5][5]_114_54     bmux                             1      6.434     0.000        6.434 ZeroWireload (S)  
    mux_pe_out_valid[5][5]_111_6      bmux                             1      6.434     0.000        6.434 ZeroWireload (S)  
    mux_pe_out_valid[5][6]_114_54     bmux                             1      6.434     0.000        6.434 ZeroWireload (S)  
    mux_pe_out_valid[5][6]_111_6      bmux                             1      6.434     0.000        6.434 ZeroWireload (S)  
    mux_pe_out_valid[5][7]_114_54     bmux                             1      6.434     0.000        6.434 ZeroWireload (S)  
    mux_pe_out_valid[5][7]_111_6      bmux                             1      6.434     0.000        6.434 ZeroWireload (S)  
    mux_pe_out_valid[6][0]_114_54     bmux                             1      6.434     0.000        6.434 ZeroWireload (S)  
    mux_pe_out_valid[6][0]_111_6      bmux                             1      6.434     0.000        6.434 ZeroWireload (S)  
    mux_pe_out_valid[6][1]_114_54     bmux                             1      6.434     0.000        6.434 ZeroWireload (S)  
    mux_pe_out_valid[6][1]_111_6      bmux                             1      6.434     0.000        6.434 ZeroWireload (S)  
    mux_pe_out_valid[6][2]_114_54     bmux                             1      6.434     0.000        6.434 ZeroWireload (S)  
    mux_pe_out_valid[6][2]_111_6      bmux                             1      6.434     0.000        6.434 ZeroWireload (S)  
    mux_pe_out_valid[6][3]_114_54     bmux                             1      6.434     0.000        6.434 ZeroWireload (S)  
    mux_pe_out_valid[6][3]_111_6      bmux                             1      6.434     0.000        6.434 ZeroWireload (S)  
    mux_pe_out_valid[6][4]_114_54     bmux                             1      6.434     0.000        6.434 ZeroWireload (S)  
    mux_pe_out_valid[6][4]_111_6      bmux                             1      6.434     0.000        6.434 ZeroWireload (S)  
    mux_pe_out_valid[6][5]_114_54     bmux                             1      6.434     0.000        6.434 ZeroWireload (S)  
    mux_pe_out_valid[6][5]_111_6      bmux                             1      6.434     0.000        6.434 ZeroWireload (S)  
    mux_pe_out_valid[6][6]_114_54     bmux                             1      6.434     0.000        6.434 ZeroWireload (S)  
    mux_pe_out_valid[6][6]_111_6      bmux                             1      6.434     0.000        6.434 ZeroWireload (S)  
    mux_pe_out_valid[6][7]_114_54     bmux                             1      6.434     0.000        6.434 ZeroWireload (S)  
    mux_pe_out_valid[6][7]_111_6      bmux                             1      6.434     0.000        6.434 ZeroWireload (S)  
    mux_pe_out_valid[7][0]_114_54     bmux                             1      6.434     0.000        6.434 ZeroWireload (S)  
    mux_pe_out_valid[7][0]_111_6      bmux                             1      6.434     0.000        6.434 ZeroWireload (S)  
    mux_pe_out_valid[7][1]_114_54     bmux                             1      6.434     0.000        6.434 ZeroWireload (S)  
    mux_pe_out_valid[7][1]_111_6      bmux                             1      6.434     0.000        6.434 ZeroWireload (S)  
    mux_pe_out_valid[7][2]_114_54     bmux                             1      6.434     0.000        6.434 ZeroWireload (S)  
    mux_pe_out_valid[7][2]_111_6      bmux                             1      6.434     0.000        6.434 ZeroWireload (S)  
    mux_pe_out_valid[7][3]_114_54     bmux                             1      6.434     0.000        6.434 ZeroWireload (S)  
    mux_pe_out_valid[7][3]_111_6      bmux                             1      6.434     0.000        6.434 ZeroWireload (S)  
    mux_pe_out_valid[7][4]_114_54     bmux                             1      6.434     0.000        6.434 ZeroWireload (S)  
    mux_pe_out_valid[7][4]_111_6      bmux                             1      6.434     0.000        6.434 ZeroWireload (S)  
    mux_pe_out_valid[7][5]_114_54     bmux                             1      6.434     0.000        6.434 ZeroWireload (S)  
    mux_pe_out_valid[7][5]_111_6      bmux                             1      6.434     0.000        6.434 ZeroWireload (S)  
    mux_pe_out_valid[7][6]_114_54     bmux                             1      6.434     0.000        6.434 ZeroWireload (S)  
    mux_pe_out_valid[7][6]_111_6      bmux                             1      6.434     0.000        6.434 ZeroWireload (S)  
    mux_pe_out_valid[7][7]_114_54     bmux                             1      6.434     0.000        6.434 ZeroWireload (S)  
    mux_pe_out_valid[7][7]_111_6      bmux                             1      6.434     0.000        6.434 ZeroWireload (S)  
    mux_matrix_index_172_24           bmux_7726                        4     25.736     0.000       25.736 ZeroWireload (S)  
    mux_matrix_mul_2D_nx[0][0]_120_10 bmux_7730                       32    205.888     0.000      205.888 ZeroWireload (S)  
    mux_matrix_mul_2D_nx[0][0]_128_28 bmux_7730                       32    205.888     0.000      205.888 ZeroWireload (S)  
    mux_matrix_mul_2D_nx[0][0]_114_54 bmux_7730                       32    205.888     0.000      205.888 ZeroWireload (S)  
    mux_matrix_mul_2D_nx[0][0]_111_6  bmux_7730                       32    205.888     0.000      205.888 ZeroWireload (S)  
    mux_matrix_mul_2D_nx[0][1]_120_10 bmux_7730                       32    205.888     0.000      205.888 ZeroWireload (S)  
    mux_matrix_mul_2D_nx[0][1]_128_28 bmux_7730                       32    205.888     0.000      205.888 ZeroWireload (S)  
    mux_matrix_mul_2D_nx[0][1]_114_54 bmux_7730                       32    205.888     0.000      205.888 ZeroWireload (S)  
    mux_matrix_mul_2D_nx[0][1]_111_6  bmux_7730                       32    205.888     0.000      205.888 ZeroWireload (S)  
    mux_matrix_mul_2D_nx[0][2]_120_10 bmux_7730                       32    205.888     0.000      205.888 ZeroWireload (S)  
    mux_matrix_mul_2D_nx[0][2]_128_28 bmux_7730                       32    205.888     0.000      205.888 ZeroWireload (S)  
    mux_matrix_mul_2D_nx[0][2]_114_54 bmux_7730                       32    205.888     0.000      205.888 ZeroWireload (S)  
    mux_matrix_mul_2D_nx[0][2]_111_6  bmux_7730                       32    205.888     0.000      205.888 ZeroWireload (S)  
    mux_matrix_mul_2D_nx[0][3]_120_10 bmux_7730                       32    205.888     0.000      205.888 ZeroWireload (S)  
    mux_matrix_mul_2D_nx[0][3]_128_28 bmux_7730                       32    205.888     0.000      205.888 ZeroWireload (S)  
    mux_matrix_mul_2D_nx[0][3]_114_54 bmux_7730                       32    205.888     0.000      205.888 ZeroWireload (S)  
    mux_matrix_mul_2D_nx[0][3]_111_6  bmux_7730                       32    205.888     0.000      205.888 ZeroWireload (S)  
    mux_matrix_mul_2D_nx[0][4]_120_10 bmux_7730                       32    205.888     0.000      205.888 ZeroWireload (S)  
    mux_matrix_mul_2D_nx[0][4]_128_28 bmux_7730                       32    205.888     0.000      205.888 ZeroWireload (S)  
    mux_matrix_mul_2D_nx[0][4]_114_54 bmux_7730                       32    205.888     0.000      205.888 ZeroWireload (S)  
    mux_matrix_mul_2D_nx[0][4]_111_6  bmux_7730                       32    205.888     0.000      205.888 ZeroWireload (S)  
    mux_matrix_mul_2D_nx[0][5]_120_10 bmux_7730                       32    205.888     0.000      205.888 ZeroWireload (S)  
    mux_matrix_mul_2D_nx[0][5]_128_28 bmux_7730                       32    205.888     0.000      205.888 ZeroWireload (S)  
    mux_matrix_mul_2D_nx[0][5]_114_54 bmux_7730                       32    205.888     0.000      205.888 ZeroWireload (S)  
    mux_matrix_mul_2D_nx[0][5]_111_6  bmux_7730                       32    205.888     0.000      205.888 ZeroWireload (S)  
    mux_matrix_mul_2D_nx[0][6]_120_10 bmux_7730                       32    205.888     0.000      205.888 ZeroWireload (S)  
    mux_matrix_mul_2D_nx[0][6]_128_28 bmux_7730                       32    205.888     0.000      205.888 ZeroWireload (S)  
    mux_matrix_mul_2D_nx[0][6]_114_54 bmux_7730                       32    205.888     0.000      205.888 ZeroWireload (S)  
    mux_matrix_mul_2D_nx[0][6]_111_6  bmux_7730                       32    205.888     0.000      205.888 ZeroWireload (S)  
    mux_matrix_mul_2D_nx[0][7]_120_10 bmux_7730                       32    205.888     0.000      205.888 ZeroWireload (S)  
    mux_matrix_mul_2D_nx[0][7]_128_28 bmux_7730                       32    205.888     0.000      205.888 ZeroWireload (S)  
    mux_matrix_mul_2D_nx[0][7]_114_54 bmux_7730                       32    205.888     0.000      205.888 ZeroWireload (S)  
    mux_matrix_mul_2D_nx[0][7]_111_6  bmux_7730                       32    205.888     0.000      205.888 ZeroWireload (S)  
    mux_matrix_mul_2D_nx[1][0]_120_10 bmux_7730                       32    205.888     0.000      205.888 ZeroWireload (S)  
    mux_matrix_mul_2D_nx[1][0]_128_28 bmux_7730                       32    205.888     0.000      205.888 ZeroWireload (S)  
    mux_matrix_mul_2D_nx[1][0]_114_54 bmux_7730                       32    205.888     0.000      205.888 ZeroWireload (S)  
    mux_matrix_mul_2D_nx[1][0]_111_6  bmux_7730                       32    205.888     0.000      205.888 ZeroWireload (S)  
    mux_matrix_mul_2D_nx[1][1]_120_10 bmux_7730                       32    205.888     0.000      205.888 ZeroWireload (S)  
    mux_matrix_mul_2D_nx[1][1]_128_28 bmux_7730                       32    205.888     0.000      205.888 ZeroWireload (S)  
    mux_matrix_mul_2D_nx[1][1]_114_54 bmux_7730                       32    205.888     0.000      205.888 ZeroWireload (S)  
    mux_matrix_mul_2D_nx[1][1]_111_6  bmux_7730                       32    205.888     0.000      205.888 ZeroWireload (S)  
    mux_matrix_mul_2D_nx[1][2]_120_10 bmux_7730                       32    205.888     0.000      205.888 ZeroWireload (S)  
    mux_matrix_mul_2D_nx[1][2]_128_28 bmux_7730                       32    205.888     0.000      205.888 ZeroWireload (S)  
    mux_matrix_mul_2D_nx[1][2]_114_54 bmux_7730                       32    205.888     0.000      205.888 ZeroWireload (S)  
    mux_matrix_mul_2D_nx[1][2]_111_6  bmux_7730                       32    205.888     0.000      205.888 ZeroWireload (S)  
    mux_matrix_mul_2D_nx[1][3]_120_10 bmux_7730                       32    205.888     0.000      205.888 ZeroWireload (S)  
    mux_matrix_mul_2D_nx[1][3]_128_28 bmux_7730                       32    205.888     0.000      205.888 ZeroWireload (S)  
    mux_matrix_mul_2D_nx[1][3]_114_54 bmux_7730                       32    205.888     0.000      205.888 ZeroWireload (S)  
    mux_matrix_mul_2D_nx[1][3]_111_6  bmux_7730                       32    205.888     0.000      205.888 ZeroWireload (S)  
    mux_matrix_mul_2D_nx[1][4]_120_10 bmux_7730                       32    205.888     0.000      205.888 ZeroWireload (S)  
    mux_matrix_mul_2D_nx[1][4]_128_28 bmux_7730                       32    205.888     0.000      205.888 ZeroWireload (S)  
    mux_matrix_mul_2D_nx[1][4]_114_54 bmux_7730                       32    205.888     0.000      205.888 ZeroWireload (S)  
    mux_matrix_mul_2D_nx[1][4]_111_6  bmux_7730                       32    205.888     0.000      205.888 ZeroWireload (S)  
    mux_matrix_mul_2D_nx[1][5]_120_10 bmux_7730                       32    205.888     0.000      205.888 ZeroWireload (S)  
    mux_matrix_mul_2D_nx[1][5]_128_28 bmux_7730                       32    205.888     0.000      205.888 ZeroWireload (S)  
    mux_matrix_mul_2D_nx[1][5]_114_54 bmux_7730                       32    205.888     0.000      205.888 ZeroWireload (S)  
    mux_matrix_mul_2D_nx[1][5]_111_6  bmux_7730                       32    205.888     0.000      205.888 ZeroWireload (S)  
    mux_matrix_mul_2D_nx[1][6]_120_10 bmux_7730                       32    205.888     0.000      205.888 ZeroWireload (S)  
    mux_matrix_mul_2D_nx[1][6]_128_28 bmux_7730                       32    205.888     0.000      205.888 ZeroWireload (S)  
    mux_matrix_mul_2D_nx[1][6]_114_54 bmux_7730                       32    205.888     0.000      205.888 ZeroWireload (S)  
    mux_matrix_mul_2D_nx[1][6]_111_6  bmux_7730                       32    205.888     0.000      205.888 ZeroWireload (S)  
    mux_matrix_mul_2D_nx[1][7]_120_10 bmux_7730                       32    205.888     0.000      205.888 ZeroWireload (S)  
    mux_matrix_mul_2D_nx[1][7]_128_28 bmux_7730                       32    205.888     0.000      205.888 ZeroWireload (S)  
    mux_matrix_mul_2D_nx[1][7]_114_54 bmux_7730                       32    205.888     0.000      205.888 ZeroWireload (S)  
    mux_matrix_mul_2D_nx[1][7]_111_6  bmux_7730                       32    205.888     0.000      205.888 ZeroWireload (S)  
    mux_matrix_mul_2D_nx[2][0]_120_10 bmux_7730                       32    205.888     0.000      205.888 ZeroWireload (S)  
    mux_matrix_mul_2D_nx[2][0]_128_28 bmux_7730                       32    205.888     0.000      205.888 ZeroWireload (S)  
    mux_matrix_mul_2D_nx[2][0]_114_54 bmux_7730                       32    205.888     0.000      205.888 ZeroWireload (S)  
    mux_matrix_mul_2D_nx[2][0]_111_6  bmux_7730                       32    205.888     0.000      205.888 ZeroWireload (S)  
    mux_matrix_mul_2D_nx[2][1]_120_10 bmux_7730                       32    205.888     0.000      205.888 ZeroWireload (S)  
    mux_matrix_mul_2D_nx[2][1]_128_28 bmux_7730                       32    205.888     0.000      205.888 ZeroWireload (S)  
    mux_matrix_mul_2D_nx[2][1]_114_54 bmux_7730                       32    205.888     0.000      205.888 ZeroWireload (S)  
    mux_matrix_mul_2D_nx[2][1]_111_6  bmux_7730                       32    205.888     0.000      205.888 ZeroWireload (S)  
    mux_matrix_mul_2D_nx[2][2]_120_10 bmux_7730                       32    205.888     0.000      205.888 ZeroWireload (S)  
    mux_matrix_mul_2D_nx[2][2]_128_28 bmux_7730                       32    205.888     0.000      205.888 ZeroWireload (S)  
    mux_matrix_mul_2D_nx[2][2]_114_54 bmux_7730                       32    205.888     0.000      205.888 ZeroWireload (S)  
    mux_matrix_mul_2D_nx[2][2]_111_6  bmux_7730                       32    205.888     0.000      205.888 ZeroWireload (S)  
    mux_matrix_mul_2D_nx[2][3]_120_10 bmux_7730                       32    205.888     0.000      205.888 ZeroWireload (S)  
    mux_matrix_mul_2D_nx[2][3]_128_28 bmux_7730                       32    205.888     0.000      205.888 ZeroWireload (S)  
    mux_matrix_mul_2D_nx[2][3]_114_54 bmux_7730                       32    205.888     0.000      205.888 ZeroWireload (S)  
    mux_matrix_mul_2D_nx[2][3]_111_6  bmux_7730                       32    205.888     0.000      205.888 ZeroWireload (S)  
    mux_matrix_mul_2D_nx[2][4]_120_10 bmux_7730                       32    205.888     0.000      205.888 ZeroWireload (S)  
    mux_matrix_mul_2D_nx[2][4]_128_28 bmux_7730                       32    205.888     0.000      205.888 ZeroWireload (S)  
    mux_matrix_mul_2D_nx[2][4]_114_54 bmux_7730                       32    205.888     0.000      205.888 ZeroWireload (S)  
    mux_matrix_mul_2D_nx[2][4]_111_6  bmux_7730                       32    205.888     0.000      205.888 ZeroWireload (S)  
    mux_matrix_mul_2D_nx[2][5]_120_10 bmux_7730                       32    205.888     0.000      205.888 ZeroWireload (S)  
    mux_matrix_mul_2D_nx[2][5]_128_28 bmux_7730                       32    205.888     0.000      205.888 ZeroWireload (S)  
    mux_matrix_mul_2D_nx[2][5]_114_54 bmux_7730                       32    205.888     0.000      205.888 ZeroWireload (S)  
    mux_matrix_mul_2D_nx[2][5]_111_6  bmux_7730                       32    205.888     0.000      205.888 ZeroWireload (S)  
    mux_matrix_mul_2D_nx[2][6]_120_10 bmux_7730                       32    205.888     0.000      205.888 ZeroWireload (S)  
    mux_matrix_mul_2D_nx[2][6]_128_28 bmux_7730                       32    205.888     0.000      205.888 ZeroWireload (S)  
    mux_matrix_mul_2D_nx[2][6]_114_54 bmux_7730                       32    205.888     0.000      205.888 ZeroWireload (S)  
    mux_matrix_mul_2D_nx[2][6]_111_6  bmux_7730                       32    205.888     0.000      205.888 ZeroWireload (S)  
    mux_matrix_mul_2D_nx[2][7]_120_10 bmux_7730                       32    205.888     0.000      205.888 ZeroWireload (S)  
    mux_matrix_mul_2D_nx[2][7]_128_28 bmux_7730                       32    205.888     0.000      205.888 ZeroWireload (S)  
    mux_matrix_mul_2D_nx[2][7]_114_54 bmux_7730                       32    205.888     0.000      205.888 ZeroWireload (S)  
    mux_matrix_mul_2D_nx[2][7]_111_6  bmux_7730                       32    205.888     0.000      205.888 ZeroWireload (S)  
    mux_matrix_mul_2D_nx[3][0]_120_10 bmux_7730                       32    205.888     0.000      205.888 ZeroWireload (S)  
    mux_matrix_mul_2D_nx[3][0]_128_28 bmux_7730                       32    205.888     0.000      205.888 ZeroWireload (S)  
    mux_matrix_mul_2D_nx[3][0]_114_54 bmux_7730                       32    205.888     0.000      205.888 ZeroWireload (S)  
    mux_matrix_mul_2D_nx[3][0]_111_6  bmux_7730                       32    205.888     0.000      205.888 ZeroWireload (S)  
    mux_matrix_mul_2D_nx[3][1]_120_10 bmux_7730                       32    205.888     0.000      205.888 ZeroWireload (S)  
    mux_matrix_mul_2D_nx[3][1]_128_28 bmux_7730                       32    205.888     0.000      205.888 ZeroWireload (S)  
    mux_matrix_mul_2D_nx[3][1]_114_54 bmux_7730                       32    205.888     0.000      205.888 ZeroWireload (S)  
    mux_matrix_mul_2D_nx[3][1]_111_6  bmux_7730                       32    205.888     0.000      205.888 ZeroWireload (S)  
    mux_matrix_mul_2D_nx[3][2]_120_10 bmux_7730                       32    205.888     0.000      205.888 ZeroWireload (S)  
    mux_matrix_mul_2D_nx[3][2]_128_28 bmux_7730                       32    205.888     0.000      205.888 ZeroWireload (S)  
    mux_matrix_mul_2D_nx[3][2]_114_54 bmux_7730                       32    205.888     0.000      205.888 ZeroWireload (S)  
    mux_matrix_mul_2D_nx[3][2]_111_6  bmux_7730                       32    205.888     0.000      205.888 ZeroWireload (S)  
    mux_matrix_mul_2D_nx[3][3]_120_10 bmux_7730                       32    205.888     0.000      205.888 ZeroWireload (S)  
    mux_matrix_mul_2D_nx[3][3]_128_28 bmux_7730                       32    205.888     0.000      205.888 ZeroWireload (S)  
    mux_matrix_mul_2D_nx[3][3]_114_54 bmux_7730                       32    205.888     0.000      205.888 ZeroWireload (S)  
    mux_matrix_mul_2D_nx[3][3]_111_6  bmux_7730                       32    205.888     0.000      205.888 ZeroWireload (S)  
    mux_matrix_mul_2D_nx[3][4]_120_10 bmux_7730                       32    205.888     0.000      205.888 ZeroWireload (S)  
    mux_matrix_mul_2D_nx[3][4]_128_28 bmux_7730                       32    205.888     0.000      205.888 ZeroWireload (S)  
    mux_matrix_mul_2D_nx[3][4]_114_54 bmux_7730                       32    205.888     0.000      205.888 ZeroWireload (S)  
    mux_matrix_mul_2D_nx[3][4]_111_6  bmux_7730                       32    205.888     0.000      205.888 ZeroWireload (S)  
    mux_matrix_mul_2D_nx[3][5]_120_10 bmux_7730                       32    205.888     0.000      205.888 ZeroWireload (S)  
    mux_matrix_mul_2D_nx[3][5]_128_28 bmux_7730                       32    205.888     0.000      205.888 ZeroWireload (S)  
    mux_matrix_mul_2D_nx[3][5]_114_54 bmux_7730                       32    205.888     0.000      205.888 ZeroWireload (S)  
    mux_matrix_mul_2D_nx[3][5]_111_6  bmux_7730                       32    205.888     0.000      205.888 ZeroWireload (S)  
    mux_matrix_mul_2D_nx[3][6]_120_10 bmux_7730                       32    205.888     0.000      205.888 ZeroWireload (S)  
    mux_matrix_mul_2D_nx[3][6]_128_28 bmux_7730                       32    205.888     0.000      205.888 ZeroWireload (S)  
    mux_matrix_mul_2D_nx[3][6]_114_54 bmux_7730                       32    205.888     0.000      205.888 ZeroWireload (S)  
    mux_matrix_mul_2D_nx[3][6]_111_6  bmux_7730                       32    205.888     0.000      205.888 ZeroWireload (S)  
    mux_matrix_mul_2D_nx[3][7]_120_10 bmux_7730                       32    205.888     0.000      205.888 ZeroWireload (S)  
    mux_matrix_mul_2D_nx[3][7]_128_28 bmux_7730                       32    205.888     0.000      205.888 ZeroWireload (S)  
    mux_matrix_mul_2D_nx[3][7]_114_54 bmux_7730                       32    205.888     0.000      205.888 ZeroWireload (S)  
    mux_matrix_mul_2D_nx[3][7]_111_6  bmux_7730                       32    205.888     0.000      205.888 ZeroWireload (S)  
    mux_matrix_mul_2D_nx[4][0]_120_10 bmux_7730                       32    205.888     0.000      205.888 ZeroWireload (S)  
    mux_matrix_mul_2D_nx[4][0]_128_28 bmux_7730                       32    205.888     0.000      205.888 ZeroWireload (S)  
    mux_matrix_mul_2D_nx[4][0]_114_54 bmux_7730                       32    205.888     0.000      205.888 ZeroWireload (S)  
    mux_matrix_mul_2D_nx[4][0]_111_6  bmux_7730                       32    205.888     0.000      205.888 ZeroWireload (S)  
    mux_matrix_mul_2D_nx[4][1]_120_10 bmux_7730                       32    205.888     0.000      205.888 ZeroWireload (S)  
    mux_matrix_mul_2D_nx[4][1]_128_28 bmux_7730                       32    205.888     0.000      205.888 ZeroWireload (S)  
    mux_matrix_mul_2D_nx[4][1]_114_54 bmux_7730                       32    205.888     0.000      205.888 ZeroWireload (S)  
    mux_matrix_mul_2D_nx[4][1]_111_6  bmux_7730                       32    205.888     0.000      205.888 ZeroWireload (S)  
    mux_matrix_mul_2D_nx[4][2]_120_10 bmux_7730                       32    205.888     0.000      205.888 ZeroWireload (S)  
    mux_matrix_mul_2D_nx[4][2]_128_28 bmux_7730                       32    205.888     0.000      205.888 ZeroWireload (S)  
    mux_matrix_mul_2D_nx[4][2]_114_54 bmux_7730                       32    205.888     0.000      205.888 ZeroWireload (S)  
    mux_matrix_mul_2D_nx[4][2]_111_6  bmux_7730                       32    205.888     0.000      205.888 ZeroWireload (S)  
    mux_matrix_mul_2D_nx[4][3]_120_10 bmux_7730                       32    205.888     0.000      205.888 ZeroWireload (S)  
    mux_matrix_mul_2D_nx[4][3]_128_28 bmux_7730                       32    205.888     0.000      205.888 ZeroWireload (S)  
    mux_matrix_mul_2D_nx[4][3]_114_54 bmux_7730                       32    205.888     0.000      205.888 ZeroWireload (S)  
    mux_matrix_mul_2D_nx[4][3]_111_6  bmux_7730                       32    205.888     0.000      205.888 ZeroWireload (S)  
    mux_matrix_mul_2D_nx[4][4]_120_10 bmux_7730                       32    205.888     0.000      205.888 ZeroWireload (S)  
    mux_matrix_mul_2D_nx[4][4]_128_28 bmux_7730                       32    205.888     0.000      205.888 ZeroWireload (S)  
    mux_matrix_mul_2D_nx[4][4]_114_54 bmux_7730                       32    205.888     0.000      205.888 ZeroWireload (S)  
    mux_matrix_mul_2D_nx[4][4]_111_6  bmux_7730                       32    205.888     0.000      205.888 ZeroWireload (S)  
    mux_matrix_mul_2D_nx[4][5]_120_10 bmux_7730                       32    205.888     0.000      205.888 ZeroWireload (S)  
    mux_matrix_mul_2D_nx[4][5]_128_28 bmux_7730                       32    205.888     0.000      205.888 ZeroWireload (S)  
    mux_matrix_mul_2D_nx[4][5]_114_54 bmux_7730                       32    205.888     0.000      205.888 ZeroWireload (S)  
    mux_matrix_mul_2D_nx[4][5]_111_6  bmux_7730                       32    205.888     0.000      205.888 ZeroWireload (S)  
    mux_matrix_mul_2D_nx[4][6]_120_10 bmux_7730                       32    205.888     0.000      205.888 ZeroWireload (S)  
    mux_matrix_mul_2D_nx[4][6]_128_28 bmux_7730                       32    205.888     0.000      205.888 ZeroWireload (S)  
    mux_matrix_mul_2D_nx[4][6]_114_54 bmux_7730                       32    205.888     0.000      205.888 ZeroWireload (S)  
    mux_matrix_mul_2D_nx[4][6]_111_6  bmux_7730                       32    205.888     0.000      205.888 ZeroWireload (S)  
    mux_matrix_mul_2D_nx[4][7]_120_10 bmux_7730                       32    205.888     0.000      205.888 ZeroWireload (S)  
    mux_matrix_mul_2D_nx[4][7]_128_28 bmux_7730                       32    205.888     0.000      205.888 ZeroWireload (S)  
    mux_matrix_mul_2D_nx[4][7]_114_54 bmux_7730                       32    205.888     0.000      205.888 ZeroWireload (S)  
    mux_matrix_mul_2D_nx[4][7]_111_6  bmux_7730                       32    205.888     0.000      205.888 ZeroWireload (S)  
    mux_matrix_mul_2D_nx[5][0]_120_10 bmux_7730                       32    205.888     0.000      205.888 ZeroWireload (S)  
    mux_matrix_mul_2D_nx[5][0]_128_28 bmux_7730                       32    205.888     0.000      205.888 ZeroWireload (S)  
    mux_matrix_mul_2D_nx[5][0]_114_54 bmux_7730                       32    205.888     0.000      205.888 ZeroWireload (S)  
    mux_matrix_mul_2D_nx[5][0]_111_6  bmux_7730                       32    205.888     0.000      205.888 ZeroWireload (S)  
    mux_matrix_mul_2D_nx[5][1]_120_10 bmux_7730                       32    205.888     0.000      205.888 ZeroWireload (S)  
    mux_matrix_mul_2D_nx[5][1]_128_28 bmux_7730                       32    205.888     0.000      205.888 ZeroWireload (S)  
    mux_matrix_mul_2D_nx[5][1]_114_54 bmux_7730                       32    205.888     0.000      205.888 ZeroWireload (S)  
    mux_matrix_mul_2D_nx[5][1]_111_6  bmux_7730                       32    205.888     0.000      205.888 ZeroWireload (S)  
    mux_matrix_mul_2D_nx[5][2]_120_10 bmux_7730                       32    205.888     0.000      205.888 ZeroWireload (S)  
    mux_matrix_mul_2D_nx[5][2]_128_28 bmux_7730                       32    205.888     0.000      205.888 ZeroWireload (S)  
    mux_matrix_mul_2D_nx[5][2]_114_54 bmux_7730                       32    205.888     0.000      205.888 ZeroWireload (S)  
    mux_matrix_mul_2D_nx[5][2]_111_6  bmux_7730                       32    205.888     0.000      205.888 ZeroWireload (S)  
    mux_matrix_mul_2D_nx[5][3]_120_10 bmux_7730                       32    205.888     0.000      205.888 ZeroWireload (S)  
    mux_matrix_mul_2D_nx[5][3]_128_28 bmux_7730                       32    205.888     0.000      205.888 ZeroWireload (S)  
    mux_matrix_mul_2D_nx[5][3]_114_54 bmux_7730                       32    205.888     0.000      205.888 ZeroWireload (S)  
    mux_matrix_mul_2D_nx[5][3]_111_6  bmux_7730                       32    205.888     0.000      205.888 ZeroWireload (S)  
    mux_matrix_mul_2D_nx[5][4]_120_10 bmux_7730                       32    205.888     0.000      205.888 ZeroWireload (S)  
    mux_matrix_mul_2D_nx[5][4]_128_28 bmux_7730                       32    205.888     0.000      205.888 ZeroWireload (S)  
    mux_matrix_mul_2D_nx[5][4]_114_54 bmux_7730                       32    205.888     0.000      205.888 ZeroWireload (S)  
    mux_matrix_mul_2D_nx[5][4]_111_6  bmux_7730                       32    205.888     0.000      205.888 ZeroWireload (S)  
    mux_matrix_mul_2D_nx[5][5]_120_10 bmux_7730                       32    205.888     0.000      205.888 ZeroWireload (S)  
    mux_matrix_mul_2D_nx[5][5]_128_28 bmux_7730                       32    205.888     0.000      205.888 ZeroWireload (S)  
    mux_matrix_mul_2D_nx[5][5]_114_54 bmux_7730                       32    205.888     0.000      205.888 ZeroWireload (S)  
    mux_matrix_mul_2D_nx[5][5]_111_6  bmux_7730                       32    205.888     0.000      205.888 ZeroWireload (S)  
    mux_matrix_mul_2D_nx[5][6]_120_10 bmux_7730                       32    205.888     0.000      205.888 ZeroWireload (S)  
    mux_matrix_mul_2D_nx[5][6]_128_28 bmux_7730                       32    205.888     0.000      205.888 ZeroWireload (S)  
    mux_matrix_mul_2D_nx[5][6]_114_54 bmux_7730                       32    205.888     0.000      205.888 ZeroWireload (S)  
    mux_matrix_mul_2D_nx[5][6]_111_6  bmux_7730                       32    205.888     0.000      205.888 ZeroWireload (S)  
    mux_matrix_mul_2D_nx[5][7]_120_10 bmux_7730                       32    205.888     0.000      205.888 ZeroWireload (S)  
    mux_matrix_mul_2D_nx[5][7]_128_28 bmux_7730                       32    205.888     0.000      205.888 ZeroWireload (S)  
    mux_matrix_mul_2D_nx[5][7]_114_54 bmux_7730                       32    205.888     0.000      205.888 ZeroWireload (S)  
    mux_matrix_mul_2D_nx[5][7]_111_6  bmux_7730                       32    205.888     0.000      205.888 ZeroWireload (S)  
    mux_matrix_mul_2D_nx[6][0]_120_10 bmux_7730                       32    205.888     0.000      205.888 ZeroWireload (S)  
    mux_matrix_mul_2D_nx[6][0]_128_28 bmux_7730                       32    205.888     0.000      205.888 ZeroWireload (S)  
    mux_matrix_mul_2D_nx[6][0]_114_54 bmux_7730                       32    205.888     0.000      205.888 ZeroWireload (S)  
    mux_matrix_mul_2D_nx[6][0]_111_6  bmux_7730                       32    205.888     0.000      205.888 ZeroWireload (S)  
    mux_matrix_mul_2D_nx[6][1]_120_10 bmux_7730                       32    205.888     0.000      205.888 ZeroWireload (S)  
    mux_matrix_mul_2D_nx[6][1]_128_28 bmux_7730                       32    205.888     0.000      205.888 ZeroWireload (S)  
    mux_matrix_mul_2D_nx[6][1]_114_54 bmux_7730                       32    205.888     0.000      205.888 ZeroWireload (S)  
    mux_matrix_mul_2D_nx[6][1]_111_6  bmux_7730                       32    205.888     0.000      205.888 ZeroWireload (S)  
    mux_matrix_mul_2D_nx[6][2]_120_10 bmux_7730                       32    205.888     0.000      205.888 ZeroWireload (S)  
    mux_matrix_mul_2D_nx[6][2]_128_28 bmux_7730                       32    205.888     0.000      205.888 ZeroWireload (S)  
    mux_matrix_mul_2D_nx[6][2]_114_54 bmux_7730                       32    205.888     0.000      205.888 ZeroWireload (S)  
    mux_matrix_mul_2D_nx[6][2]_111_6  bmux_7730                       32    205.888     0.000      205.888 ZeroWireload (S)  
    mux_matrix_mul_2D_nx[6][3]_120_10 bmux_7730                       32    205.888     0.000      205.888 ZeroWireload (S)  
    mux_matrix_mul_2D_nx[6][3]_128_28 bmux_7730                       32    205.888     0.000      205.888 ZeroWireload (S)  
    mux_matrix_mul_2D_nx[6][3]_114_54 bmux_7730                       32    205.888     0.000      205.888 ZeroWireload (S)  
    mux_matrix_mul_2D_nx[6][3]_111_6  bmux_7730                       32    205.888     0.000      205.888 ZeroWireload (S)  
    mux_matrix_mul_2D_nx[6][4]_120_10 bmux_7730                       32    205.888     0.000      205.888 ZeroWireload (S)  
    mux_matrix_mul_2D_nx[6][4]_128_28 bmux_7730                       32    205.888     0.000      205.888 ZeroWireload (S)  
    mux_matrix_mul_2D_nx[6][4]_114_54 bmux_7730                       32    205.888     0.000      205.888 ZeroWireload (S)  
    mux_matrix_mul_2D_nx[6][4]_111_6  bmux_7730                       32    205.888     0.000      205.888 ZeroWireload (S)  
    mux_matrix_mul_2D_nx[6][5]_120_10 bmux_7730                       32    205.888     0.000      205.888 ZeroWireload (S)  
    mux_matrix_mul_2D_nx[6][5]_128_28 bmux_7730                       32    205.888     0.000      205.888 ZeroWireload (S)  
    mux_matrix_mul_2D_nx[6][5]_114_54 bmux_7730                       32    205.888     0.000      205.888 ZeroWireload (S)  
    mux_matrix_mul_2D_nx[6][5]_111_6  bmux_7730                       32    205.888     0.000      205.888 ZeroWireload (S)  
    mux_matrix_mul_2D_nx[6][6]_120_10 bmux_7730                       32    205.888     0.000      205.888 ZeroWireload (S)  
    mux_matrix_mul_2D_nx[6][6]_128_28 bmux_7730                       32    205.888     0.000      205.888 ZeroWireload (S)  
    mux_matrix_mul_2D_nx[6][6]_114_54 bmux_7730                       32    205.888     0.000      205.888 ZeroWireload (S)  
    mux_matrix_mul_2D_nx[6][6]_111_6  bmux_7730                       32    205.888     0.000      205.888 ZeroWireload (S)  
    mux_matrix_mul_2D_nx[6][7]_120_10 bmux_7730                       32    205.888     0.000      205.888 ZeroWireload (S)  
    mux_matrix_mul_2D_nx[6][7]_128_28 bmux_7730                       32    205.888     0.000      205.888 ZeroWireload (S)  
    mux_matrix_mul_2D_nx[6][7]_114_54 bmux_7730                       32    205.888     0.000      205.888 ZeroWireload (S)  
    mux_matrix_mul_2D_nx[6][7]_111_6  bmux_7730                       32    205.888     0.000      205.888 ZeroWireload (S)  
    mux_matrix_mul_2D_nx[7][0]_120_10 bmux_7730                       32    205.888     0.000      205.888 ZeroWireload (S)  
    mux_matrix_mul_2D_nx[7][0]_128_28 bmux_7730                       32    205.888     0.000      205.888 ZeroWireload (S)  
    mux_matrix_mul_2D_nx[7][0]_114_54 bmux_7730                       32    205.888     0.000      205.888 ZeroWireload (S)  
    mux_matrix_mul_2D_nx[7][0]_111_6  bmux_7730                       32    205.888     0.000      205.888 ZeroWireload (S)  
    mux_matrix_mul_2D_nx[7][1]_120_10 bmux_7730                       32    205.888     0.000      205.888 ZeroWireload (S)  
    mux_matrix_mul_2D_nx[7][1]_128_28 bmux_7730                       32    205.888     0.000      205.888 ZeroWireload (S)  
    mux_matrix_mul_2D_nx[7][1]_114_54 bmux_7730                       32    205.888     0.000      205.888 ZeroWireload (S)  
    mux_matrix_mul_2D_nx[7][1]_111_6  bmux_7730                       32    205.888     0.000      205.888 ZeroWireload (S)  
    mux_matrix_mul_2D_nx[7][2]_120_10 bmux_7730                       32    205.888     0.000      205.888 ZeroWireload (S)  
    mux_matrix_mul_2D_nx[7][2]_128_28 bmux_7730                       32    205.888     0.000      205.888 ZeroWireload (S)  
    mux_matrix_mul_2D_nx[7][2]_114_54 bmux_7730                       32    205.888     0.000      205.888 ZeroWireload (S)  
    mux_matrix_mul_2D_nx[7][2]_111_6  bmux_7730                       32    205.888     0.000      205.888 ZeroWireload (S)  
    mux_matrix_mul_2D_nx[7][3]_120_10 bmux_7730                       32    205.888     0.000      205.888 ZeroWireload (S)  
    mux_matrix_mul_2D_nx[7][3]_128_28 bmux_7730                       32    205.888     0.000      205.888 ZeroWireload (S)  
    mux_matrix_mul_2D_nx[7][3]_114_54 bmux_7730                       32    205.888     0.000      205.888 ZeroWireload (S)  
    mux_matrix_mul_2D_nx[7][3]_111_6  bmux_7730                       32    205.888     0.000      205.888 ZeroWireload (S)  
    mux_matrix_mul_2D_nx[7][4]_120_10 bmux_7730                       32    205.888     0.000      205.888 ZeroWireload (S)  
    mux_matrix_mul_2D_nx[7][4]_128_28 bmux_7730                       32    205.888     0.000      205.888 ZeroWireload (S)  
    mux_matrix_mul_2D_nx[7][4]_114_54 bmux_7730                       32    205.888     0.000      205.888 ZeroWireload (S)  
    mux_matrix_mul_2D_nx[7][4]_111_6  bmux_7730                       32    205.888     0.000      205.888 ZeroWireload (S)  
    mux_matrix_mul_2D_nx[7][5]_120_10 bmux_7730                       32    205.888     0.000      205.888 ZeroWireload (S)  
    mux_matrix_mul_2D_nx[7][5]_128_28 bmux_7730                       32    205.888     0.000      205.888 ZeroWireload (S)  
    mux_matrix_mul_2D_nx[7][5]_114_54 bmux_7730                       32    205.888     0.000      205.888 ZeroWireload (S)  
    mux_matrix_mul_2D_nx[7][5]_111_6  bmux_7730                       32    205.888     0.000      205.888 ZeroWireload (S)  
    mux_matrix_mul_2D_nx[7][6]_120_10 bmux_7730                       32    205.888     0.000      205.888 ZeroWireload (S)  
    mux_matrix_mul_2D_nx[7][6]_128_28 bmux_7730                       32    205.888     0.000      205.888 ZeroWireload (S)  
    mux_matrix_mul_2D_nx[7][6]_114_54 bmux_7730                       32    205.888     0.000      205.888 ZeroWireload (S)  
    mux_matrix_mul_2D_nx[7][6]_111_6  bmux_7730                       32    205.888     0.000      205.888 ZeroWireload (S)  
    mux_matrix_mul_2D_nx[7][7]_120_10 bmux_7730                       32    205.888     0.000      205.888 ZeroWireload (S)  
    mux_matrix_mul_2D_nx[7][7]_128_28 bmux_7730                       32    205.888     0.000      205.888 ZeroWireload (S)  
    mux_matrix_mul_2D_nx[7][7]_114_54 bmux_7730                       32    205.888     0.000      205.888 ZeroWireload (S)  
    mux_matrix_mul_2D_nx[7][7]_111_6  bmux_7730                       32    205.888     0.000      205.888 ZeroWireload (S)  
    mux_mul_outcome_183_8             bmux_8176                      256  13176.832     0.000    13176.832 ZeroWireload (S)  
  input_offset_substract              input_offset_substract        1440   3937.608     0.000     3937.608 ZeroWireload (S)  
    sub_31_73_I1                      sub_signed                      90    246.101     0.000      246.101 ZeroWireload (S)  
    sub_31_73_I2                      sub_signed                      90    246.101     0.000      246.101 ZeroWireload (S)  
    sub_31_73_I3                      sub_signed                      90    246.101     0.000      246.101 ZeroWireload (S)  
    sub_31_73_I4                      sub_signed                      90    246.101     0.000      246.101 ZeroWireload (S)  
    sub_32_73_I1                      sub_signed                      90    246.101     0.000      246.101 ZeroWireload (S)  
    sub_32_73_I2                      sub_signed                      90    246.101     0.000      246.101 ZeroWireload (S)  
    sub_32_73_I3                      sub_signed                      90    246.101     0.000      246.101 ZeroWireload (S)  
    sub_32_73_I4                      sub_signed                      90    246.101     0.000      246.101 ZeroWireload (S)  
    sub_33_73_I1                      sub_signed                      90    246.101     0.000      246.101 ZeroWireload (S)  
    sub_33_73_I2                      sub_signed                      90    246.101     0.000      246.101 ZeroWireload (S)  
    sub_33_73_I3                      sub_signed                      90    246.101     0.000      246.101 ZeroWireload (S)  
    sub_33_73_I4                      sub_signed                      90    246.101     0.000      246.101 ZeroWireload (S)  
    sub_34_73_I1                      sub_signed                      90    246.101     0.000      246.101 ZeroWireload (S)  
    sub_34_73_I2                      sub_signed                      90    246.101     0.000      246.101 ZeroWireload (S)  
    sub_34_73_I3                      sub_signed                      90    246.101     0.000      246.101 ZeroWireload (S)  
    sub_34_73_I4                      sub_signed                      90    246.101     0.000      246.101 ZeroWireload (S)  
  a_buffer                            input_buffer                   253   2839.003     0.000     2839.003 ZeroWireload (S)  
  b_buffer                            input_buffer                   253   2839.003     0.000     2839.003 ZeroWireload (S)  
  output_buffer                       output_buffer                  927  10260.621     0.000    10260.621 ZeroWireload (S)  
    add_30_59                         add_unsigned_8240                9     22.519     0.000       22.519 ZeroWireload (S)  
    mux_out_valid_pipe[0]_46_16       bmux                             1      6.434     0.000        6.434 ZeroWireload (S)  
    mux_out_valid_pipe[1]_46_16       bmux                             1      6.434     0.000        6.434 ZeroWireload (S)  
    mux_out_valid_pipe[2]_46_16       bmux                             1      6.434     0.000        6.434 ZeroWireload (S)  
    mux_out_valid_pipe[3]_46_16       bmux                             1      6.434     0.000        6.434 ZeroWireload (S)  
    mux_out_valid_pipe[4]_46_16       bmux                             1      6.434     0.000        6.434 ZeroWireload (S)  
    mux_out_valid_pipe[5]_46_16       bmux                             1      6.434     0.000        6.434 ZeroWireload (S)  
    mux_out_valid_pipe[6]_46_16       bmux                             1      6.434     0.000        6.434 ZeroWireload (S)  
  add_63_39                           add_unsigned_8284               80    201.062     0.000      201.062 ZeroWireload (S)  
  mux_a0_buffer_77_13                 bmux_8287                       36    231.624     0.000      231.624 ZeroWireload (S)  
  mux_a1_buffer_77_13                 bmux_8287                       36    231.624     0.000      231.624 ZeroWireload (S)  
  mux_b0_buffer_77_13                 bmux_8287                       36    231.624     0.000      231.624 ZeroWireload (S)  
  mux_b1_buffer_77_13                 bmux_8287                       36    231.624     0.000      231.624 ZeroWireload (S)  
  (S) = wireload was automatically selected
