============================================================
  Generated by:           Genus(TM) Synthesis Solution 21.16-s062_1
  Generated on:           Mar 22 2026  09:09:19 am
  Module:                 systolic_array_wrapper
  Operating conditions:   WCCOM (balanced_tree)
  Wireload mode:          segmented
  Area mode:              timing library
============================================================

# SETUP                  WNS  TNS    FEP 
# -----------------------------------------
 View: ALL            2420.7  0.0      0 
    Group : C2C       7069.2  0.0      0 
    Group : C2O       2845.4  0.0      0 
    Group : clk          N/A  N/A    N/A 
    Group : default      N/A  N/A    N/A 
    Group : I2C       6644.5  0.0      0 
    Group : I2O       2420.7  0.0      0 

# -----------------------------------------
# DRV                        WNS  TNS  FEP 
# -------------------------------------------
 View: ALL                                 
    Check: max_transition    N/A  N/A    0 
    Check: max_capacitance   N/A  N/A    0 
    Check: max_fanout        N/A  N/A    0 

# -------------------------------------------
