============================================================
  Generated by:           Genus(TM) Synthesis Solution 21.16-s062_1
  Generated on:           Mar 22 2026  09:09:15 am
  Module:                 systolic_array_wrapper
  Operating conditions:   WCCOM (balanced_tree)
  Wireload mode:          segmented
  Area mode:              timing library
============================================================


Path 1: MET (6644 ps) Setup Check with Pin output_buffer_pipe_6_reg[23]/CP->D
           Mode: default_mode
          Group: I2C
     Startpoint: (F) tile_num[0]
          Clock: (R) clk
       Endpoint: (F) output_buffer_pipe_6_reg[23]/D
          Clock: (R) clk

                     Capture       Launch     
        Clock Edge:+   20000            0     
        Drv Adjust:+       0            0     
       Src Latency:+       0            0     
       Net Latency:+       0 (I)        0 (I) 
           Arrival:=   20000            0     
                                              
             Setup:-      -4                  
       Uncertainty:-     150                  
     Required Time:=   19854                  
      Launch Clock:-       0                  
       Input Delay:-     250                  
         Data Path:-   12960                  
             Slack:=    6644                  

Exceptions/Constraints:
  input_delay             250             systolic_array_wrapp_line_28_9_1 

#------------------------------------------------------------------------------------------------------------------
#              Timing Point               Flags    Arc   Edge   Cell     Fanout  Load Trans Delay Arrival Instance 
#                                                                                (fF)  (ps)  (ps)   (ps)  Location 
#------------------------------------------------------------------------------------------------------------------
  tile_num[0]                             -       -      F     (arrival)     47 534.2     0     0     250    (-,-) 
  systolic_array_8X8_p4167A/ZN            -       A2->ZN R     CKND2D0        2   1.3    49    31     281    (-,-) 
  systolic_array_8X8_p4165A/Z             -       B->Z   R     OA21D0        35  27.0   452   303     584    (-,-) 
  systolic_array_8X8_rem_38_56_Fp5324A/ZN -       I->ZN  F     CKND0         32  24.8   348   323     906    (-,-) 
  systolic_array_8X8_p3979A/CO            -       B->CO  F     FA1D0          1   1.0    34   191    1098    (-,-) 
  systolic_array_8X8_p4093A/CO            -       A->CO  F     FA1D0          1   1.0    34   161    1259    (-,-) 
  systolic_array_8X8_p4211A/CO            -       A->CO  F     FA1D0          1   1.0    34   161    1420    (-,-) 
  systolic_array_8X8_p4328A/CO            -       A->CO  F     FA1D0          1   1.0    34   161    1581    (-,-) 
  systolic_array_8X8_p4445A/CO            -       A->CO  F     FA1D0          1   1.0    34   161    1742    (-,-) 
  systolic_array_8X8_p4563A/CO            -       A->CO  F     FA1D0          2   1.3    37   164    1906    (-,-) 
  systolic_array_8X8_p4651A/ZN            -       A1->ZN R     NR2D0          5   3.3   142    93    1999    (-,-) 
  systolic_array_8X8_p4706A/ZN            -       B1->ZN F     IND2D0         3   2.0    70    71    2070    (-,-) 
  systolic_array_8X8_p4710A/ZN            -       B1->ZN F     MOAI22D0       1   0.6    38    80    2151    (-,-) 
  systolic_array_8X8_rem_38_56_p4738A/ZN  -       B->ZN  R     IOA21D0        2   1.2    50    32    2183    (-,-) 
  systolic_array_8X8_rem_38_56_Fp4741A/ZN -       I->ZN  F     CKND0          1   0.7    22    26    2210    (-,-) 
  systolic_array_8X8_rem_38_56_p4742A/ZN  -       A1->ZN R     OAI221D0       2   1.3   150    65    2274    (-,-) 
  systolic_array_8X8_rem_38_56_p4781A/ZN  -       A1->ZN F     CKND2D0        4   3.4    92    89    2363    (-,-) 
  systolic_array_8X8_rem_38_56_p4797A/ZN  -       A->ZN  R     MAOI222D0      1   0.8   136    94    2458    (-,-) 
  systolic_array_8X8_rem_38_56_p4834A/ZN  -       A2->ZN F     OAI221D0       5   3.3   178   128    2585    (-,-) 
  systolic_array_8X8_rem_38_56_p4936A/ZN  -       B1->ZN F     MAOI22D0       2   1.9    88   126    2712    (-,-) 
  systolic_array_8X8_rem_38_56_p4954A/ZN  -       A->ZN  R     MAOI222D0      3   2.7   190   129    2841    (-,-) 
  systolic_array_8X8_rem_38_56_p5021A/ZN  -       A->ZN  F     MAOI222D0      1   1.3   114    95    2936    (-,-) 
  systolic_array_8X8_rem_38_56_p5062A/ZN  -       A->ZN  R     MAOI222D0      1   0.6   120    96    3032    (-,-) 
  systolic_array_8X8_rem_38_56_p5106A/ZN  -       A1->ZN F     CKND2D0        7   4.8   111    97    3129    (-,-) 
  systolic_array_8X8_rem_38_56_p5137A/ZN  -       B1->ZN F     MAOI22D0       2   1.9    68   111    3240    (-,-) 
  systolic_array_8X8_rem_38_56_p5155A/ZN  -       A->ZN  R     MAOI222D0      3   2.7   190   125    3364    (-,-) 
  systolic_array_8X8_rem_38_56_p5218A/ZN  -       A->ZN  F     MAOI222D0      3   2.7   137   113    3477    (-,-) 
  systolic_array_8X8_rem_38_56_p5285A/ZN  -       A->ZN  R     MAOI222D0      1   0.7   125   104    3581    (-,-) 
  systolic_array_8X8_rem_38_56_p5326A/ZN  -       A1->ZN F     OAI221D0       9   6.2   237   164    3744    (-,-) 
  systolic_array_8X8_rem_38_56_p5503A/ZN  -       A1->ZN R     MAOI22D0       4   3.4   166   146    3891    (-,-) 
  systolic_array_8X8_rem_38_56_p5555A/ZN  -       A->ZN  F     MAOI222D0      3   2.7   146   107    3998    (-,-) 
  systolic_array_8X8_rem_38_56_p5617A/ZN  -       A->ZN  R     MAOI222D0      1   0.6   136   104    4102    (-,-) 
  systolic_array_8X8_rem_38_56_Fp5651A/ZN -       I->ZN  F     CKND0          1   1.0    44    46    4148    (-,-) 
  systolic_array_8X8_rem_38_56_p5671A/CO  -       CI->CO F     FA1D0          3   2.7    51   103    4251    (-,-) 
  systolic_array_8X8_rem_38_56_p5733A/ZN  -       A->ZN  R     MAOI222D0      1   1.3   143    94    4346    (-,-) 
  systolic_array_8X8_rem_38_56_p5779A/ZN  -       A->ZN  F     MAOI222D0      1   0.6    82    78    4423    (-,-) 
  systolic_array_8X8_rem_38_56_p5822A/ZN  -       A1->ZN R     CKND2D0        7   4.8   165    92    4515    (-,-) 
  systolic_array_8X8_rem_38_56_p5851A/ZN  -       B1->ZN R     MAOI22D0       4   3.4   159   157    4672    (-,-) 
  systolic_array_8X8_rem_38_56_p5903A/ZN  -       A->ZN  F     MAOI222D0      3   2.7   146   106    4778    (-,-) 
  systolic_array_8X8_rem_38_56_p5965A/ZN  -       A->ZN  R     MAOI222D0      3   2.7   195   143    4921    (-,-) 
  systolic_array_8X8_rem_38_56_p6033A/ZN  -       A->ZN  F     MAOI222D0      1   0.6    94    86    5007    (-,-) 
  systolic_array_8X8_rem_38_56_Fp6078A/ZN -       I->ZN  R     CKND0          1   1.0    41    42    5049    (-,-) 
  systolic_array_8X8_rem_38_56_p6080A/CO  -       CI->CO R     FA1D0          3   2.7    64    94    5143    (-,-) 
  systolic_array_8X8_rem_38_56_p6141A/ZN  -       A->ZN  F     MAOI222D0      1   1.3    95    66    5210    (-,-) 
  systolic_array_8X8_rem_38_56_p6193A/ZN  -       A->ZN  R     MAOI222D0      9   6.2   306   196    5406    (-,-) 
  systolic_array_8X8_rem_38_56_p6318A/ZN  -       B1->ZN R     MAOI22D0       4   3.4   159   172    5578    (-,-) 
  systolic_array_8X8_rem_38_56_p6382A/ZN  -       A->ZN  F     MAOI222D0      3   2.7   146   106    5684    (-,-) 
  systolic_array_8X8_rem_38_56_p6442A/ZN  -       A->ZN  R     MAOI222D0      3   2.7   195   143    5827    (-,-) 
  systolic_array_8X8_rem_38_56_p6513A/ZN  -       A->ZN  F     MAOI222D0      3   2.7   126   114    5941    (-,-) 
  systolic_array_8X8_rem_38_56_p6581A/ZN  -       A->ZN  R     MAOI222D0      1   0.6   122    99    6040    (-,-) 
  systolic_array_8X8_rem_38_56_Fp6608A/ZN -       I->ZN  F     CKND0          1   1.0    41    44    6083    (-,-) 
  systolic_array_8X8_rem_38_56_p6632A/CO  -       CI->CO F     FA1D0          3   2.1    45    98    6181    (-,-) 
  systolic_array_8X8_rem_38_56_p6692A/ZN  -       A1->ZN R     AOI222D0       9   6.2   449   257    6439    (-,-) 
  systolic_array_8X8_rem_38_56_p6845A/ZN  -       B1->ZN R     MAOI22D0       4   3.4   161   182    6621    (-,-) 
  systolic_array_8X8_rem_38_56_p6903A/ZN  -       A->ZN  F     MAOI222D0      3   2.7   146   106    6727    (-,-) 
  systolic_array_8X8_rem_38_56_p6962A/ZN  -       A->ZN  R     MAOI222D0      3   2.7   195   143    6870    (-,-) 
  systolic_array_8X8_rem_38_56_p7031A/ZN  -       A->ZN  F     MAOI222D0      3   2.7   126   114    6984    (-,-) 
  systolic_array_8X8_rem_38_56_p7098A/ZN  -       A->ZN  R     MAOI222D0      3   2.7   189   138    7122    (-,-) 
  systolic_array_8X8_rem_38_56_p7164A/ZN  -       A->ZN  F     MAOI222D0      3   2.0   114   104    7226    (-,-) 
  systolic_array_8X8_rem_38_56_Fp7225A/ZN -       I->ZN  R     CKND0          1   1.3    50    50    7276    (-,-) 
  systolic_array_8X8_rem_38_56_p7232A/ZN  -       A->ZN  F     MAOI222D0      1   0.7    86    56    7332    (-,-) 
  systolic_array_8X8_rem_38_56_p7279A/ZN  -       C->ZN  R     AOI221D0       9   6.2   423   303    7635    (-,-) 
  systolic_array_8X8_rem_38_56_p7493A/ZN  -       B1->ZN R     MAOI22D0       4   3.4   163   180    7815    (-,-) 
  systolic_array_8X8_rem_38_56_p7551A/ZN  -       A->ZN  F     MAOI222D0      3   2.7   146   107    7922    (-,-) 
  systolic_array_8X8_rem_38_56_p7612A/ZN  -       A->ZN  R     MAOI222D0      3   2.7   195   143    8065    (-,-) 
  systolic_array_8X8_rem_38_56_p7680A/ZN  -       A->ZN  F     MAOI222D0      3   2.7   126   114    8179    (-,-) 
  systolic_array_8X8_rem_38_56_p7748A/ZN  -       A->ZN  R     MAOI222D0      3   2.7   191   138    8317    (-,-) 
  systolic_array_8X8_rem_38_56_p7815A/ZN  -       A->ZN  F     MAOI222D0      3   2.7   125   113    8430    (-,-) 
  systolic_array_8X8_rem_38_56_p7885A/ZN  -       A->ZN  R     MAOI222D0      1   0.7   141   101    8531    (-,-) 
  systolic_array_8X8_rem_38_56_p7918A/ZN  -       C->ZN  F     OAI221D0       7   4.8   226   175    8706    (-,-) 
  systolic_array_8X8_rem_38_56_Fp8133A/ZN -       I->ZN  R     CKND0          8   5.6   128   123    8829    (-,-) 
  systolic_array_8X8_rem_38_56_p8181A/ZN  -       B1->ZN R     MAOI22D0       2   1.9   109   124    8953    (-,-) 
  systolic_array_8X8_rem_38_56_p8211A/ZN  -       A->ZN  F     MAOI222D0      3   2.7   146    94    9047    (-,-) 
  systolic_array_8X8_rem_38_56_p8271A/ZN  -       A->ZN  R     MAOI222D0      3   2.7   195   143    9190    (-,-) 
  systolic_array_8X8_rem_38_56_p8340A/ZN  -       A->ZN  F     MAOI222D0      3   2.7   126   114    9304    (-,-) 
  systolic_array_8X8_rem_38_56_p8410A/ZN  -       A->ZN  R     MAOI222D0      3   2.7   189   138    9442    (-,-) 
  systolic_array_8X8_rem_38_56_p8476A/ZN  -       A->ZN  F     MAOI222D0      1   1.0    98    91    9533    (-,-) 
  systolic_array_8X8_rem_38_56_p8523A/CO  -       CI->CO F     FA1D0          1   0.7    32   100    9634    (-,-) 
  systolic_array_8X8_rem_38_56_p8567A/ZN  -       C->ZN  R     AOI221D0      10   6.9   458   309    9942    (-,-) 
  systolic_array_8X8_rem_38_56_p8797A/ZN  -       B1->ZN R     MAOI22D0       3   3.5   163   184   10127    (-,-) 
  systolic_array_8X8_rem_38_56_p8848A/ZN  -       A->ZN  F     MAOI222D0      1   0.6   111    81   10208    (-,-) 
  systolic_array_8X8_rem_38_56_Fp8879A/ZN -       I->ZN  R     CKND0          1   1.0    46    45   10253    (-,-) 
  systolic_array_8X8_rem_38_56_p8881A/CO  -       CI->CO R     FA1D0          3   2.7    65    96   10349    (-,-) 
  systolic_array_8X8_rem_38_56_p8944A/ZN  -       A->ZN  F     MAOI222D0      1   0.6    91    58   10407    (-,-) 
  systolic_array_8X8_rem_38_56_Fp8985A/ZN -       I->ZN  R     CKND0          1   1.0    41    42   10449    (-,-) 
  systolic_array_8X8_rem_38_56_p8987A/CO  -       CI->CO R     FA1D0          3   2.7    64    94   10543    (-,-) 
  systolic_array_8X8_rem_38_56_p9048A/ZN  -       A->ZN  F     MAOI222D0      1   0.6    84    58   10602    (-,-) 
  systolic_array_8X8_rem_38_56_Fp9091A/ZN -       I->ZN  R     CKND0          1   1.3    42    44   10645    (-,-) 
  systolic_array_8X8_rem_38_56_p9093A/ZN  -       A->ZN  F     MAOI222D0      1   0.7    82    54   10699    (-,-) 
  systolic_array_8X8_rem_38_56_p9097A/ZN  -       C->ZN  R     AOI221D0       8   5.5   388   282   10981    (-,-) 
  systolic_array_8X8_rem_38_56_Fp9418A/ZN -       I->ZN  F     CKND0          5   3.5   121   116   11097    (-,-) 
  systolic_array_8X8_rem_38_56_p9441A/ZN  -       B1->ZN R     OAI22D0        1   0.9   116    97   11194    (-,-) 
  systolic_array_8X8_p10588A/ZN           -       A3->ZN F     NR4D0          1   0.7    48    53   11247    (-,-) 
  systolic_array_8X8_p10629A/ZN           -       B->ZN  R     OAI211D0       3   2.0   120    54   11301    (-,-) 
  systolic_array_8X8_p10603A/ZN           -       B1->ZN F     OAI22D0        2   1.2    69    74   11375    (-,-) 
  systolic_array_8X8_p10607A/ZN           -       A1->ZN R     CKND2D0        5   3.0    90    68   11442    (-,-) 
  systolic_array_8X8_Fp15655A/ZN          -       I->ZN  F     CKND0          4   2.8    51    54   11497    (-,-) 
  systolic_array_8X8_p10628A/ZN           -       A1->ZN R     CKND2D0        3   3.0    86    62   11559    (-,-) 
  systolic_array_8X8_p10636A/Z            -       A2->Z  R     AN3D0          1   0.7    38    97   11656    (-,-) 
  systolic_array_8X8_p10660A/Z            -       A1->Z  R     AN4D0          1   0.7    45    99   11755    (-,-) 
  systolic_array_8X8_p10676A/Z            -       A1->Z  R     AN4D0          1   0.7    45   100   11855    (-,-) 
  systolic_array_8X8_p10687A/Z            -       A1->Z  R     AN4D0          1   0.7    45   100   11956    (-,-) 
  systolic_array_8X8_p10675A/ZN           -       A1->ZN F     ND4D0          4   6.6   298   190   12146    (-,-) 
  p15433A/Z                               -       A1->Z  F     AN2D8        645 458.1   304   269   12414    (-,-) 
  hi_fo_buf128036/ZN                      -       I->ZN  R     CKND2        129  92.3   395   296   12711    (-,-) 
  hi_fo_buf128440/ZN                      -       I->ZN  F     CKND3        256 179.2   402   336   13047    (-,-) 
  p15560A17977__5526/Z                    -       A1->Z  F     AO22D0         1   1.0    45   163   13210    (-,-) 
  output_buffer_pipe_6_reg[23]/D          -       -      F     DFKCND1        1     -     -     0   13210    (-,-) 
#------------------------------------------------------------------------------------------------------------------


