============================================================
  Generated by:           Genus(TM) Synthesis Solution 21.16-s062_1
  Generated on:           Mar 22 2026  09:09:15 am
  Module:                 systolic_array_wrapper
  Operating conditions:   WCCOM (balanced_tree)
  Wireload mode:          segmented
  Area mode:              timing library
============================================================


Path 1: MET (7069 ps) Setup Check with Pin output_buffer_pipe_6_reg[23]/CP->D
           Mode: default_mode
          Group: C2C
     Startpoint: (R) cycle_num_reg[0]/CP
          Clock: (R) clk
       Endpoint: (F) output_buffer_pipe_6_reg[23]/D
          Clock: (R) clk

                     Capture       Launch     
        Clock Edge:+   20000            0     
       Src Latency:+       0            0     
       Net Latency:+       0 (I)        0 (I) 
           Arrival:=   20000            0     
                                              
             Setup:-      -4                  
       Uncertainty:-     150                  
     Required Time:=   19854                  
      Launch Clock:-       0                  
         Data Path:-   12785                  
             Slack:=    7069                  

#------------------------------------------------------------------------------------------------------------------
#              Timing Point               Flags    Arc   Edge   Cell     Fanout  Load Trans Delay Arrival Instance 
#                                                                                (fF)  (ps)  (ps)   (ps)  Location 
#------------------------------------------------------------------------------------------------------------------
  cycle_num_reg[0]/CP                     -       -      R     (arrival)   4628     -   150     0       0    (-,-) 
  cycle_num_reg[0]/Q                      -       CP->Q  F     DFKCNQD1       8   5.2    38   181     181    (-,-) 
  systolic_array_8X8_p3791A/Z             -       A1->Z  F     OR2D0          8   6.0    77   107     288    (-,-) 
  systolic_array_8X8_p3832A/Z             -       A3->Z  F     OR3D0          3   2.3    56   132     420    (-,-) 
  systolic_array_8X8_p3903A/CO            -       CI->CO F     FA1D0          1   1.0    34    92     512    (-,-) 
  systolic_array_8X8_p3979A/CO            -       A->CO  F     FA1D0          1   1.0    34   161     673    (-,-) 
  systolic_array_8X8_p4093A/CO            -       A->CO  F     FA1D0          1   1.0    34   161     834    (-,-) 
  systolic_array_8X8_p4211A/CO            -       A->CO  F     FA1D0          1   1.0    34   161     995    (-,-) 
  systolic_array_8X8_p4328A/CO            -       A->CO  F     FA1D0          1   1.0    34   161    1156    (-,-) 
  systolic_array_8X8_p4445A/CO            -       A->CO  F     FA1D0          1   1.0    34   161    1317    (-,-) 
  systolic_array_8X8_p4563A/CO            -       A->CO  F     FA1D0          2   1.3    37   164    1481    (-,-) 
  systolic_array_8X8_p4651A/ZN            -       A1->ZN R     NR2D0          5   3.3   142    93    1575    (-,-) 
  systolic_array_8X8_p4706A/ZN            -       B1->ZN F     IND2D0         3   2.0    70    71    1646    (-,-) 
  systolic_array_8X8_p4710A/ZN            -       B1->ZN F     MOAI22D0       1   0.6    38    80    1726    (-,-) 
  systolic_array_8X8_rem_38_56_p4738A/ZN  -       B->ZN  R     IOA21D0        2   1.2    50    32    1758    (-,-) 
  systolic_array_8X8_rem_38_56_Fp4741A/ZN -       I->ZN  F     CKND0          1   0.7    22    26    1785    (-,-) 
  systolic_array_8X8_rem_38_56_p4742A/ZN  -       A1->ZN R     OAI221D0       2   1.3   150    65    1850    (-,-) 
  systolic_array_8X8_rem_38_56_p4781A/ZN  -       A1->ZN F     CKND2D0        4   3.4    92    89    1939    (-,-) 
  systolic_array_8X8_rem_38_56_p4797A/ZN  -       A->ZN  R     MAOI222D0      1   0.8   136    94    2033    (-,-) 
  systolic_array_8X8_rem_38_56_p4834A/ZN  -       A2->ZN F     OAI221D0       5   3.3   178   128    2161    (-,-) 
  systolic_array_8X8_rem_38_56_p4936A/ZN  -       B1->ZN F     MAOI22D0       2   1.9    88   126    2287    (-,-) 
  systolic_array_8X8_rem_38_56_p4954A/ZN  -       A->ZN  R     MAOI222D0      3   2.7   190   129    2416    (-,-) 
  systolic_array_8X8_rem_38_56_p5021A/ZN  -       A->ZN  F     MAOI222D0      1   1.3   114    95    2511    (-,-) 
  systolic_array_8X8_rem_38_56_p5062A/ZN  -       A->ZN  R     MAOI222D0      1   0.6   120    96    2607    (-,-) 
  systolic_array_8X8_rem_38_56_p5106A/ZN  -       A1->ZN F     CKND2D0        7   4.8   111    97    2704    (-,-) 
  systolic_array_8X8_rem_38_56_p5137A/ZN  -       B1->ZN F     MAOI22D0       2   1.9    68   111    2815    (-,-) 
  systolic_array_8X8_rem_38_56_p5155A/ZN  -       A->ZN  R     MAOI222D0      3   2.7   190   125    2940    (-,-) 
  systolic_array_8X8_rem_38_56_p5218A/ZN  -       A->ZN  F     MAOI222D0      3   2.7   137   113    3052    (-,-) 
  systolic_array_8X8_rem_38_56_p5285A/ZN  -       A->ZN  R     MAOI222D0      1   0.7   125   104    3156    (-,-) 
  systolic_array_8X8_rem_38_56_p5326A/ZN  -       A1->ZN F     OAI221D0       9   6.2   237   164    3320    (-,-) 
  systolic_array_8X8_rem_38_56_p5503A/ZN  -       A1->ZN R     MAOI22D0       4   3.4   166   146    3466    (-,-) 
  systolic_array_8X8_rem_38_56_p5555A/ZN  -       A->ZN  F     MAOI222D0      3   2.7   146   107    3573    (-,-) 
  systolic_array_8X8_rem_38_56_p5617A/ZN  -       A->ZN  R     MAOI222D0      1   0.6   136   104    3677    (-,-) 
  systolic_array_8X8_rem_38_56_Fp5651A/ZN -       I->ZN  F     CKND0          1   1.0    44    46    3723    (-,-) 
  systolic_array_8X8_rem_38_56_p5671A/CO  -       CI->CO F     FA1D0          3   2.7    51   103    3826    (-,-) 
  systolic_array_8X8_rem_38_56_p5733A/ZN  -       A->ZN  R     MAOI222D0      1   1.3   143    94    3921    (-,-) 
  systolic_array_8X8_rem_38_56_p5779A/ZN  -       A->ZN  F     MAOI222D0      1   0.6    82    78    3998    (-,-) 
  systolic_array_8X8_rem_38_56_p5822A/ZN  -       A1->ZN R     CKND2D0        7   4.8   165    92    4090    (-,-) 
  systolic_array_8X8_rem_38_56_p5851A/ZN  -       B1->ZN R     MAOI22D0       4   3.4   159   157    4247    (-,-) 
  systolic_array_8X8_rem_38_56_p5903A/ZN  -       A->ZN  F     MAOI222D0      3   2.7   146   106    4353    (-,-) 
  systolic_array_8X8_rem_38_56_p5965A/ZN  -       A->ZN  R     MAOI222D0      3   2.7   195   143    4496    (-,-) 
  systolic_array_8X8_rem_38_56_p6033A/ZN  -       A->ZN  F     MAOI222D0      1   0.6    94    86    4582    (-,-) 
  systolic_array_8X8_rem_38_56_Fp6078A/ZN -       I->ZN  R     CKND0          1   1.0    41    42    4624    (-,-) 
  systolic_array_8X8_rem_38_56_p6080A/CO  -       CI->CO R     FA1D0          3   2.7    64    94    4719    (-,-) 
  systolic_array_8X8_rem_38_56_p6141A/ZN  -       A->ZN  F     MAOI222D0      1   1.3    95    66    4785    (-,-) 
  systolic_array_8X8_rem_38_56_p6193A/ZN  -       A->ZN  R     MAOI222D0      9   6.2   306   196    4981    (-,-) 
  systolic_array_8X8_rem_38_56_p6318A/ZN  -       B1->ZN R     MAOI22D0       4   3.4   159   172    5153    (-,-) 
  systolic_array_8X8_rem_38_56_p6382A/ZN  -       A->ZN  F     MAOI222D0      3   2.7   146   106    5259    (-,-) 
  systolic_array_8X8_rem_38_56_p6442A/ZN  -       A->ZN  R     MAOI222D0      3   2.7   195   143    5402    (-,-) 
  systolic_array_8X8_rem_38_56_p6513A/ZN  -       A->ZN  F     MAOI222D0      3   2.7   126   114    5516    (-,-) 
  systolic_array_8X8_rem_38_56_p6581A/ZN  -       A->ZN  R     MAOI222D0      1   0.6   122    99    5615    (-,-) 
  systolic_array_8X8_rem_38_56_Fp6608A/ZN -       I->ZN  F     CKND0          1   1.0    41    44    5659    (-,-) 
  systolic_array_8X8_rem_38_56_p6632A/CO  -       CI->CO F     FA1D0          3   2.1    45    98    5756    (-,-) 
  systolic_array_8X8_rem_38_56_p6692A/ZN  -       A1->ZN R     AOI222D0       9   6.2   449   257    6014    (-,-) 
  systolic_array_8X8_rem_38_56_p6845A/ZN  -       B1->ZN R     MAOI22D0       4   3.4   161   182    6196    (-,-) 
  systolic_array_8X8_rem_38_56_p6903A/ZN  -       A->ZN  F     MAOI222D0      3   2.7   146   106    6302    (-,-) 
  systolic_array_8X8_rem_38_56_p6962A/ZN  -       A->ZN  R     MAOI222D0      3   2.7   195   143    6445    (-,-) 
  systolic_array_8X8_rem_38_56_p7031A/ZN  -       A->ZN  F     MAOI222D0      3   2.7   126   114    6559    (-,-) 
  systolic_array_8X8_rem_38_56_p7098A/ZN  -       A->ZN  R     MAOI222D0      3   2.7   189   138    6697    (-,-) 
  systolic_array_8X8_rem_38_56_p7164A/ZN  -       A->ZN  F     MAOI222D0      3   2.0   114   104    6801    (-,-) 
  systolic_array_8X8_rem_38_56_Fp7225A/ZN -       I->ZN  R     CKND0          1   1.3    50    50    6852    (-,-) 
  systolic_array_8X8_rem_38_56_p7232A/ZN  -       A->ZN  F     MAOI222D0      1   0.7    86    56    6908    (-,-) 
  systolic_array_8X8_rem_38_56_p7279A/ZN  -       C->ZN  R     AOI221D0       9   6.2   423   303    7210    (-,-) 
  systolic_array_8X8_rem_38_56_p7493A/ZN  -       B1->ZN R     MAOI22D0       4   3.4   163   180    7390    (-,-) 
  systolic_array_8X8_rem_38_56_p7551A/ZN  -       A->ZN  F     MAOI222D0      3   2.7   146   107    7497    (-,-) 
  systolic_array_8X8_rem_38_56_p7612A/ZN  -       A->ZN  R     MAOI222D0      3   2.7   195   143    7640    (-,-) 
  systolic_array_8X8_rem_38_56_p7680A/ZN  -       A->ZN  F     MAOI222D0      3   2.7   126   114    7754    (-,-) 
  systolic_array_8X8_rem_38_56_p7748A/ZN  -       A->ZN  R     MAOI222D0      3   2.7   191   138    7892    (-,-) 
  systolic_array_8X8_rem_38_56_p7815A/ZN  -       A->ZN  F     MAOI222D0      3   2.7   125   113    8006    (-,-) 
  systolic_array_8X8_rem_38_56_p7885A/ZN  -       A->ZN  R     MAOI222D0      1   0.7   141   101    8106    (-,-) 
  systolic_array_8X8_rem_38_56_p7918A/ZN  -       C->ZN  F     OAI221D0       7   4.8   226   175    8281    (-,-) 
  systolic_array_8X8_rem_38_56_Fp8133A/ZN -       I->ZN  R     CKND0          8   5.6   128   123    8404    (-,-) 
  systolic_array_8X8_rem_38_56_p8181A/ZN  -       B1->ZN R     MAOI22D0       2   1.9   109   124    8529    (-,-) 
  systolic_array_8X8_rem_38_56_p8211A/ZN  -       A->ZN  F     MAOI222D0      3   2.7   146    94    8622    (-,-) 
  systolic_array_8X8_rem_38_56_p8271A/ZN  -       A->ZN  R     MAOI222D0      3   2.7   195   143    8765    (-,-) 
  systolic_array_8X8_rem_38_56_p8340A/ZN  -       A->ZN  F     MAOI222D0      3   2.7   126   114    8879    (-,-) 
  systolic_array_8X8_rem_38_56_p8410A/ZN  -       A->ZN  R     MAOI222D0      3   2.7   189   138    9018    (-,-) 
  systolic_array_8X8_rem_38_56_p8476A/ZN  -       A->ZN  F     MAOI222D0      1   1.0    98    91    9108    (-,-) 
  systolic_array_8X8_rem_38_56_p8523A/CO  -       CI->CO F     FA1D0          1   0.7    32   100    9209    (-,-) 
  systolic_array_8X8_rem_38_56_p8567A/ZN  -       C->ZN  R     AOI221D0      10   6.9   458   309    9518    (-,-) 
  systolic_array_8X8_rem_38_56_p8797A/ZN  -       B1->ZN R     MAOI22D0       3   3.5   163   184    9702    (-,-) 
  systolic_array_8X8_rem_38_56_p8848A/ZN  -       A->ZN  F     MAOI222D0      1   0.6   111    81    9783    (-,-) 
  systolic_array_8X8_rem_38_56_Fp8879A/ZN -       I->ZN  R     CKND0          1   1.0    46    45    9828    (-,-) 
  systolic_array_8X8_rem_38_56_p8881A/CO  -       CI->CO R     FA1D0          3   2.7    65    96    9924    (-,-) 
  systolic_array_8X8_rem_38_56_p8944A/ZN  -       A->ZN  F     MAOI222D0      1   0.6    91    58    9983    (-,-) 
  systolic_array_8X8_rem_38_56_Fp8985A/ZN -       I->ZN  R     CKND0          1   1.0    41    42   10024    (-,-) 
  systolic_array_8X8_rem_38_56_p8987A/CO  -       CI->CO R     FA1D0          3   2.7    64    94   10118    (-,-) 
  systolic_array_8X8_rem_38_56_p9048A/ZN  -       A->ZN  F     MAOI222D0      1   0.6    84    58   10177    (-,-) 
  systolic_array_8X8_rem_38_56_Fp9091A/ZN -       I->ZN  R     CKND0          1   1.3    42    44   10220    (-,-) 
  systolic_array_8X8_rem_38_56_p9093A/ZN  -       A->ZN  F     MAOI222D0      1   0.7    82    54   10274    (-,-) 
  systolic_array_8X8_rem_38_56_p9097A/ZN  -       C->ZN  R     AOI221D0       8   5.5   388   282   10556    (-,-) 
  systolic_array_8X8_rem_38_56_Fp9418A/ZN -       I->ZN  F     CKND0          5   3.5   121   116   10672    (-,-) 
  systolic_array_8X8_rem_38_56_p9441A/ZN  -       B1->ZN R     OAI22D0        1   0.9   116    97   10769    (-,-) 
  systolic_array_8X8_p10588A/ZN           -       A3->ZN F     NR4D0          1   0.7    48    53   10822    (-,-) 
  systolic_array_8X8_p10629A/ZN           -       B->ZN  R     OAI211D0       3   2.0   120    54   10876    (-,-) 
  systolic_array_8X8_p10603A/ZN           -       B1->ZN F     OAI22D0        2   1.2    69    74   10950    (-,-) 
  systolic_array_8X8_p10607A/ZN           -       A1->ZN R     CKND2D0        5   3.0    90    68   11018    (-,-) 
  systolic_array_8X8_Fp15655A/ZN          -       I->ZN  F     CKND0          4   2.8    51    54   11072    (-,-) 
  systolic_array_8X8_p10628A/ZN           -       A1->ZN R     CKND2D0        3   3.0    86    62   11134    (-,-) 
  systolic_array_8X8_p10636A/Z            -       A2->Z  R     AN3D0          1   0.7    38    97   11231    (-,-) 
  systolic_array_8X8_p10660A/Z            -       A1->Z  R     AN4D0          1   0.7    45    99   11330    (-,-) 
  systolic_array_8X8_p10676A/Z            -       A1->Z  R     AN4D0          1   0.7    45   100   11430    (-,-) 
  systolic_array_8X8_p10687A/Z            -       A1->Z  R     AN4D0          1   0.7    45   100   11531    (-,-) 
  systolic_array_8X8_p10675A/ZN           -       A1->ZN F     ND4D0          4   6.6   298   190   11721    (-,-) 
  p15433A/Z                               -       A1->Z  F     AN2D8        645 458.1   304   269   11990    (-,-) 
  hi_fo_buf128036/ZN                      -       I->ZN  R     CKND2        129  92.3   395   296   12286    (-,-) 
  hi_fo_buf128440/ZN                      -       I->ZN  F     CKND3        256 179.2   402   336   12622    (-,-) 
  p15560A17977__5526/Z                    -       A1->Z  F     AO22D0         1   1.0    45   163   12785    (-,-) 
  output_buffer_pipe_6_reg[23]/D          -       -      F     DFKCND1        1     -     -     0   12785    (-,-) 
#------------------------------------------------------------------------------------------------------------------


