============================================================
  Generated by:           Genus(TM) Synthesis Solution 21.16-s062_1
  Generated on:           Mar 22 2026  09:09:18 am
  Module:                 systolic_array_wrapper
  Operating conditions:   WCCOM (balanced_tree)
  Wireload mode:          segmented
  Area mode:              timing library
============================================================

                                   Leakage     Internal   
   Gate    Instances     Area     Power (nW)  Power (nW)       Library     
---------------------------------------------------------------------------
AN2D4              8      34.560     561.424      458.591    tcbn65gpluswc 
AN2D8              3      20.520     407.552      326.206    tcbn65gpluswc 
AN3D0              1       2.520      18.883        3.220    tcbn65gpluswc 
AN4D0              3       8.640      71.811       16.678    tcbn65gpluswc 
AO21D0            75     189.000     904.541     1470.251    tcbn65gpluswc 
AO21D1             2       5.040      47.186       57.481    tcbn65gpluswc 
AO21D2             6      17.280     215.789      276.352    tcbn65gpluswc 
AO21D4             5      25.200     367.387      366.129    tcbn65gpluswc 
AO221D0          960    3456.000   14385.789    80131.265    tcbn65gpluswc 
AO222D0         1088    4700.160   15525.508    92593.219    tcbn65gpluswc 
AO22D0          1223    3522.240   15177.859    25120.089    tcbn65gpluswc 
AO22D1             1       3.240      25.700       30.701    tcbn65gpluswc 
AO32D0            84     332.640     969.908     2619.481    tcbn65gpluswc 
AOI211D0           1       2.520      11.395       11.331    tcbn65gpluswc 
AOI21D0          535    1155.600    4142.654     6431.862    tcbn65gpluswc 
AOI221D0           6      17.280      36.347      403.800    tcbn65gpluswc 
AOI222D0           2       7.200      19.445      126.392    tcbn65gpluswc 
AOI22D0         1694    4268.880   11355.176    34377.969    tcbn65gpluswc 
AOI32D0           64     184.320     471.482     1092.681    tcbn65gpluswc 
CKAN2D0          139     300.240    1013.597      891.645    tcbn65gpluswc 
CKAN2D1            3       6.480      45.088        3.464    tcbn65gpluswc 
CKAN2D2            5      12.600     141.859        9.138    tcbn65gpluswc 
CKND0           1672    1805.760    6311.849    18085.889    tcbn65gpluswc 
CKND1             64      69.120     584.671     1606.964    tcbn65gpluswc 
CKND2              6       8.640      98.559       33.568    tcbn65gpluswc 
CKND2D0          497     715.680    2028.905     2801.036    tcbn65gpluswc 
CKND3              3       6.480      82.705       14.393    tcbn65gpluswc 
CKND8            225     972.000   18935.733     7764.242    tcbn65gpluswc 
CKXOR2D0           3      10.800      65.518      112.531    tcbn65gpluswc 
CMPE42D1         576    9538.559  135511.531   238957.642    tcbn65gpluswc 
DFD1               2      14.400     132.160      897.842    tcbn65gpluswc 
DFKCND1          224    1854.720   14579.462    92131.751    tcbn65gpluswc 
DFKCNQD1         786    5659.200   39802.145   318792.787    tcbn65gpluswc 
DFQD1           2055   14056.200  109574.489  1211600.803    tcbn65gpluswc 
DFXD1              1       9.720      81.572      507.399    tcbn65gpluswc 
DFXQD1             1       9.000      66.413      560.083    tcbn65gpluswc 
EDFKCND1         384    4008.960   27586.109   189277.854    tcbn65gpluswc 
EDFKCNQD1       1175   11844.000   69811.753   565987.108    tcbn65gpluswc 
FA1D0           2425   21825.000  264524.988   758505.881    tcbn65gpluswc 
IAO21D0           64     161.280     775.335     2626.703    tcbn65gpluswc 
IAO21D1            2       5.040      40.680       57.253    tcbn65gpluswc 
IND2D0            29      62.640     252.576      432.520    tcbn65gpluswc 
IND3D0             2       5.040      17.567       48.024    tcbn65gpluswc 
INR2D0            12      25.920     114.548      171.331    tcbn65gpluswc 
IOA21D0           11      27.720     132.378      391.964    tcbn65gpluswc 
IOA22D2            2       7.920      97.689      138.701    tcbn65gpluswc 
MAOI222D0        978    2816.640    7727.023    65811.176    tcbn65gpluswc 
MAOI22D0        1066    3070.080   13090.903    37970.086    tcbn65gpluswc 
MOAI22D0        2271    6540.480   28835.903   163802.975    tcbn65gpluswc 
MOAI22D1           1       2.880      31.870       39.788    tcbn65gpluswc 
MOAI22D2           1       4.320      51.706       65.319    tcbn65gpluswc 
MOAI22D4           4      20.160     303.574      443.960    tcbn65gpluswc 
MUX2ND0         2026    5834.880   31508.520    96419.821    tcbn65gpluswc 
ND3D0             64     138.240     275.191      415.933    tcbn65gpluswc 
ND4D0            225     567.000    3270.464     6051.496    tcbn65gpluswc 
ND4D8             32     241.920    5406.832    11330.523    tcbn65gpluswc 
NR2D0           1609    2316.960    6977.925     9183.107    tcbn65gpluswc 
NR2XD0             2       2.880      15.628        1.702    tcbn65gpluswc 
NR2XD1             3       7.560      48.040        4.848    tcbn65gpluswc 
NR4D0              4      10.080      27.519      164.932    tcbn65gpluswc 
OA21D0            82     206.640     871.081     2412.110    tcbn65gpluswc 
OAI211D0           4      10.080      21.108       59.557    tcbn65gpluswc 
OAI211D1           1       2.520      15.816       28.435    tcbn65gpluswc 
OAI21D0          272     587.520    1632.705     3251.283    tcbn65gpluswc 
OAI21D2            1       3.240      24.849       42.491    tcbn65gpluswc 
OAI221D0           8      23.040      38.279      253.209    tcbn65gpluswc 
OAI222D4           2      12.240     154.965      242.781    tcbn65gpluswc 
OAI22D0         1211    3051.720    8675.402    23443.356    tcbn65gpluswc 
OAI31D0            1       2.520       4.742       20.574    tcbn65gpluswc 
OAI32D0           16      46.080     114.349      422.368    tcbn65gpluswc 
OR2D0             80     172.800     676.998     1131.695    tcbn65gpluswc 
OR2D2              1       2.520      32.888       27.892    tcbn65gpluswc 
OR2D4              1       4.320      68.530       52.266    tcbn65gpluswc 
OR2D8              1       6.840     127.788      208.758    tcbn65gpluswc 
OR3D0              2       5.040      17.383       37.705    tcbn65gpluswc 
XNR3D0             2      12.240      78.773      152.661    tcbn65gpluswc 
---------------------------------------------------------------------------
total          26100  116699.399  867252.467  4081815.019                  


                                             Leakage  Leakage   Internal  Internal 
     Type      Instances    Area    Area % Power (nW) Power %  Power (nW)  Power % 
-----------------------------------------------------------------------------------
sequential          4628  37456.200   32.1 261634.103    30.2 2379755.627     58.3 
inverter            1970   2862.000    2.5  26013.518     3.0   27505.056      0.7 
logic              19502  76381.199   65.5 579604.846    66.8 1674554.336     41.0 
physical_cells         0      0.000    0.0      0.000     0.0       0.000      0.0 
-----------------------------------------------------------------------------------
total              26100 116699.399  100.0 867252.467   100.0 4081815.019    100.0 

