Command: report datapath > ../report/syn_preopt.datapath_generic.rpt
============================================================
  Generated by:           Genus(TM) Synthesis Solution 21.16-s062_1
  Generated on:           Mar 22 2026  09:06:11 am
  Module:                 systolic_array_wrapper
  Operating conditions:   WCCOM (balanced_tree)
  Wireload mode:          segmented
  Area mode:              timing library
============================================================


Inferred components

              Operator Signedness Inputs Outputs CellArea Line Col       Filename       
========================================================================================
systolic_array_wrapper
 systolic_array_8X8
  add_124_53_I1_I1
   
   module:add_signed_126
    very_fast     +    signed     32x18  32        871.81  124  53 systolic_array_8x8.v 
========================================================================================
systolic_array_wrapper
 systolic_array_8X8
  add_124_53_I1_I2
   
   module:add_signed_126
    very_fast     +    signed     32x18  32        871.81  124  53 systolic_array_8x8.v 
========================================================================================
systolic_array_wrapper
 systolic_array_8X8
  add_124_53_I1_I3
   
   module:add_signed_126
    very_fast     +    signed     32x18  32        871.81  124  53 systolic_array_8x8.v 
========================================================================================
systolic_array_wrapper
 systolic_array_8X8
  add_124_53_I1_I4
   
   module:add_signed_126
    very_fast     +    signed     32x18  32        871.81  124  53 systolic_array_8x8.v 
========================================================================================
systolic_array_wrapper
 systolic_array_8X8
  add_124_53_I1_I5
   
   module:add_signed_126
    very_fast     +    signed     32x18  32        871.81  124  53 systolic_array_8x8.v 
========================================================================================
systolic_array_wrapper
 systolic_array_8X8
  add_124_53_I1_I6
   
   module:add_signed_126
    very_fast     +    signed     32x18  32        871.81  124  53 systolic_array_8x8.v 
========================================================================================
systolic_array_wrapper
 systolic_array_8X8
  add_124_53_I1_I7
   
   module:add_signed_126
    very_fast     +    signed     32x18  32        871.81  124  53 systolic_array_8x8.v 
========================================================================================
systolic_array_wrapper
 systolic_array_8X8
  add_124_53_I1_I8
   
   module:add_signed_126
    very_fast     +    signed     32x18  32        871.81  124  53 systolic_array_8x8.v 
========================================================================================
systolic_array_wrapper
 systolic_array_8X8
  add_124_53_I2_I1
   
   module:add_signed_126
    very_fast     +    signed     32x18  32        871.81  124  53 systolic_array_8x8.v 
========================================================================================
systolic_array_wrapper
 systolic_array_8X8
  add_124_53_I2_I2
   
   module:add_signed_126
    very_fast     +    signed     32x18  32        871.81  124  53 systolic_array_8x8.v 
========================================================================================
systolic_array_wrapper
 systolic_array_8X8
  add_124_53_I2_I3
   
   module:add_signed_126
    very_fast     +    signed     32x18  32        871.81  124  53 systolic_array_8x8.v 
========================================================================================
systolic_array_wrapper
 systolic_array_8X8
  add_124_53_I2_I4
   
   module:add_signed_126
    very_fast     +    signed     32x18  32        871.81  124  53 systolic_array_8x8.v 
========================================================================================
systolic_array_wrapper
 systolic_array_8X8
  add_124_53_I2_I5
   
   module:add_signed_126
    very_fast     +    signed     32x18  32        871.81  124  53 systolic_array_8x8.v 
========================================================================================
systolic_array_wrapper
 systolic_array_8X8
  add_124_53_I2_I6
   
   module:add_signed_126
    very_fast     +    signed     32x18  32        871.81  124  53 systolic_array_8x8.v 
========================================================================================
systolic_array_wrapper
 systolic_array_8X8
  add_124_53_I2_I7
   
   module:add_signed_126
    very_fast     +    signed     32x18  32        871.81  124  53 systolic_array_8x8.v 
========================================================================================
systolic_array_wrapper
 systolic_array_8X8
  add_124_53_I2_I8
   
   module:add_signed_126
    very_fast     +    signed     32x18  32        871.81  124  53 systolic_array_8x8.v 
========================================================================================
systolic_array_wrapper
 systolic_array_8X8
  add_124_53_I3_I1
   
   module:add_signed_126
    very_fast     +    signed     32x18  32        871.81  124  53 systolic_array_8x8.v 
========================================================================================
systolic_array_wrapper
 systolic_array_8X8
  add_124_53_I3_I2
   
   module:add_signed_126
    very_fast     +    signed     32x18  32        871.81  124  53 systolic_array_8x8.v 
========================================================================================
systolic_array_wrapper
 systolic_array_8X8
  add_124_53_I3_I3
   
   module:add_signed_126
    very_fast     +    signed     32x18  32        871.81  124  53 systolic_array_8x8.v 
========================================================================================
systolic_array_wrapper
 systolic_array_8X8
  add_124_53_I3_I4
   
   module:add_signed_126
    very_fast     +    signed     32x18  32        871.81  124  53 systolic_array_8x8.v 
========================================================================================
systolic_array_wrapper
 systolic_array_8X8
  add_124_53_I3_I5
   
   module:add_signed_126
    very_fast     +    signed     32x18  32        871.81  124  53 systolic_array_8x8.v 
========================================================================================
systolic_array_wrapper
 systolic_array_8X8
  add_124_53_I3_I6
   
   module:add_signed_126
    very_fast     +    signed     32x18  32        871.81  124  53 systolic_array_8x8.v 
========================================================================================
systolic_array_wrapper
 systolic_array_8X8
  add_124_53_I3_I7
   
   module:add_signed_126
    very_fast     +    signed     32x18  32        871.81  124  53 systolic_array_8x8.v 
========================================================================================
systolic_array_wrapper
 systolic_array_8X8
  add_124_53_I3_I8
   
   module:add_signed_126
    very_fast     +    signed     32x18  32        871.81  124  53 systolic_array_8x8.v 
========================================================================================
systolic_array_wrapper
 systolic_array_8X8
  add_124_53_I4_I1
   
   module:add_signed_126
    very_fast     +    signed     32x18  32        871.81  124  53 systolic_array_8x8.v 
========================================================================================
systolic_array_wrapper
 systolic_array_8X8
  add_124_53_I4_I2
   
   module:add_signed_126
    very_fast     +    signed     32x18  32        871.81  124  53 systolic_array_8x8.v 
========================================================================================
systolic_array_wrapper
 systolic_array_8X8
  add_124_53_I4_I3
   
   module:add_signed_126
    very_fast     +    signed     32x18  32        871.81  124  53 systolic_array_8x8.v 
========================================================================================
systolic_array_wrapper
 systolic_array_8X8
  add_124_53_I4_I4
   
   module:add_signed_126
    very_fast     +    signed     32x18  32        871.81  124  53 systolic_array_8x8.v 
========================================================================================
systolic_array_wrapper
 systolic_array_8X8
  add_124_53_I4_I5
   
   module:add_signed_126
    very_fast     +    signed     32x18  32        871.81  124  53 systolic_array_8x8.v 
========================================================================================
systolic_array_wrapper
 systolic_array_8X8
  add_124_53_I4_I6
   
   module:add_signed_126
    very_fast     +    signed     32x18  32        871.81  124  53 systolic_array_8x8.v 
========================================================================================
systolic_array_wrapper
 systolic_array_8X8
  add_124_53_I4_I7
   
   module:add_signed_126
    very_fast     +    signed     32x18  32        871.81  124  53 systolic_array_8x8.v 
========================================================================================
systolic_array_wrapper
 systolic_array_8X8
  add_124_53_I4_I8
   
   module:add_signed_126
    very_fast     +    signed     32x18  32        871.81  124  53 systolic_array_8x8.v 
========================================================================================
systolic_array_wrapper
 systolic_array_8X8
  add_124_53_I5_I1
   
   module:add_signed_126
    very_fast     +    signed     32x18  32        871.81  124  53 systolic_array_8x8.v 
========================================================================================
systolic_array_wrapper
 systolic_array_8X8
  add_124_53_I5_I2
   
   module:add_signed_126
    very_fast     +    signed     32x18  32        871.81  124  53 systolic_array_8x8.v 
========================================================================================
systolic_array_wrapper
 systolic_array_8X8
  add_124_53_I5_I3
   
   module:add_signed_126
    very_fast     +    signed     32x18  32        871.81  124  53 systolic_array_8x8.v 
========================================================================================
systolic_array_wrapper
 systolic_array_8X8
  add_124_53_I5_I4
   
   module:add_signed_126
    very_fast     +    signed     32x18  32        871.81  124  53 systolic_array_8x8.v 
========================================================================================
systolic_array_wrapper
 systolic_array_8X8
  add_124_53_I5_I5
   
   module:add_signed_126
    very_fast     +    signed     32x18  32        871.81  124  53 systolic_array_8x8.v 
========================================================================================
systolic_array_wrapper
 systolic_array_8X8
  add_124_53_I5_I6
   
   module:add_signed_126
    very_fast     +    signed     32x18  32        871.81  124  53 systolic_array_8x8.v 
========================================================================================
systolic_array_wrapper
 systolic_array_8X8
  add_124_53_I5_I7
   
   module:add_signed_126
    very_fast     +    signed     32x18  32        871.81  124  53 systolic_array_8x8.v 
========================================================================================
systolic_array_wrapper
 systolic_array_8X8
  add_124_53_I5_I8
   
   module:add_signed_126
    very_fast     +    signed     32x18  32        871.81  124  53 systolic_array_8x8.v 
========================================================================================
systolic_array_wrapper
 systolic_array_8X8
  add_124_53_I6_I1
   
   module:add_signed_126
    very_fast     +    signed     32x18  32        871.81  124  53 systolic_array_8x8.v 
========================================================================================
systolic_array_wrapper
 systolic_array_8X8
  add_124_53_I6_I2
   
   module:add_signed_126
    very_fast     +    signed     32x18  32        871.81  124  53 systolic_array_8x8.v 
========================================================================================
systolic_array_wrapper
 systolic_array_8X8
  add_124_53_I6_I3
   
   module:add_signed_126
    very_fast     +    signed     32x18  32        871.81  124  53 systolic_array_8x8.v 
========================================================================================
systolic_array_wrapper
 systolic_array_8X8
  add_124_53_I6_I4
   
   module:add_signed_126
    very_fast     +    signed     32x18  32        871.81  124  53 systolic_array_8x8.v 
========================================================================================
systolic_array_wrapper
 systolic_array_8X8
  add_124_53_I6_I5
   
   module:add_signed_126
    very_fast     +    signed     32x18  32        871.81  124  53 systolic_array_8x8.v 
========================================================================================
systolic_array_wrapper
 systolic_array_8X8
  add_124_53_I6_I6
   
   module:add_signed_126
    very_fast     +    signed     32x18  32        871.81  124  53 systolic_array_8x8.v 
========================================================================================
systolic_array_wrapper
 systolic_array_8X8
  add_124_53_I6_I7
   
   module:add_signed_126
    very_fast     +    signed     32x18  32        871.81  124  53 systolic_array_8x8.v 
========================================================================================
systolic_array_wrapper
 systolic_array_8X8
  add_124_53_I6_I8
   
   module:add_signed_126
    very_fast     +    signed     32x18  32        871.81  124  53 systolic_array_8x8.v 
========================================================================================
systolic_array_wrapper
 systolic_array_8X8
  add_124_53_I7_I1
   
   module:add_signed_126
    very_fast     +    signed     32x18  32        871.81  124  53 systolic_array_8x8.v 
========================================================================================
systolic_array_wrapper
 systolic_array_8X8
  add_124_53_I7_I2
   
   module:add_signed_126
    very_fast     +    signed     32x18  32        871.81  124  53 systolic_array_8x8.v 
========================================================================================
systolic_array_wrapper
 systolic_array_8X8
  add_124_53_I7_I3
   
   module:add_signed_126
    very_fast     +    signed     32x18  32        871.81  124  53 systolic_array_8x8.v 
========================================================================================
systolic_array_wrapper
 systolic_array_8X8
  add_124_53_I7_I4
   
   module:add_signed_126
    very_fast     +    signed     32x18  32        871.81  124  53 systolic_array_8x8.v 
========================================================================================
systolic_array_wrapper
 systolic_array_8X8
  add_124_53_I7_I5
   
   module:add_signed_126
    very_fast     +    signed     32x18  32        871.81  124  53 systolic_array_8x8.v 
========================================================================================
systolic_array_wrapper
 systolic_array_8X8
  add_124_53_I7_I6
   
   module:add_signed_126
    very_fast     +    signed     32x18  32        871.81  124  53 systolic_array_8x8.v 
========================================================================================
systolic_array_wrapper
 systolic_array_8X8
  add_124_53_I7_I7
   
   module:add_signed_126
    very_fast     +    signed     32x18  32        871.81  124  53 systolic_array_8x8.v 
========================================================================================
systolic_array_wrapper
 systolic_array_8X8
  add_124_53_I7_I8
   
   module:add_signed_126
    very_fast     +    signed     32x18  32        871.81  124  53 systolic_array_8x8.v 
========================================================================================
systolic_array_wrapper
 systolic_array_8X8
  add_124_53_I8_I1
   
   module:add_signed_126
    very_fast     +    signed     32x18  32        871.81  124  53 systolic_array_8x8.v 
========================================================================================
systolic_array_wrapper
 systolic_array_8X8
  add_124_53_I8_I2
   
   module:add_signed_126
    very_fast     +    signed     32x18  32        871.81  124  53 systolic_array_8x8.v 
========================================================================================
systolic_array_wrapper
 systolic_array_8X8
  add_124_53_I8_I3
   
   module:add_signed_126
    very_fast     +    signed     32x18  32        871.81  124  53 systolic_array_8x8.v 
========================================================================================
systolic_array_wrapper
 systolic_array_8X8
  add_124_53_I8_I4
   
   module:add_signed_126
    very_fast     +    signed     32x18  32        871.81  124  53 systolic_array_8x8.v 
========================================================================================
systolic_array_wrapper
 systolic_array_8X8
  add_124_53_I8_I5
   
   module:add_signed_126
    very_fast     +    signed     32x18  32        871.81  124  53 systolic_array_8x8.v 
========================================================================================
systolic_array_wrapper
 systolic_array_8X8
  add_124_53_I8_I6
   
   module:add_signed_126
    very_fast     +    signed     32x18  32        871.81  124  53 systolic_array_8x8.v 
========================================================================================
systolic_array_wrapper
 systolic_array_8X8
  add_124_53_I8_I7
   
   module:add_signed_126
    very_fast     +    signed     32x18  32        871.81  124  53 systolic_array_8x8.v 
========================================================================================
systolic_array_wrapper
 systolic_array_8X8
  add_124_53_I8_I8
   
   module:add_signed_126
    very_fast     +    signed     32x18  32        871.81  124  53 systolic_array_8x8.v 
========================================================================================
systolic_array_wrapper
 systolic_array_8X8
  mul_117_79_I1_I1
   
   module:mult_signed_126
    very_fast/non_booth
                  *    signed     9x9    18       2317.85  117  79 systolic_array_8x8.v 
========================================================================================
systolic_array_wrapper
 systolic_array_8X8
  mul_117_79_I1_I2
   
   module:mult_signed_126
    very_fast/non_booth
                  *    signed     9x9    18       2317.85  117  79 systolic_array_8x8.v 
========================================================================================
systolic_array_wrapper
 systolic_array_8X8
  mul_117_79_I1_I3
   
   module:mult_signed_126
    very_fast/non_booth
                  *    signed     9x9    18       2317.85  117  79 systolic_array_8x8.v 
========================================================================================
systolic_array_wrapper
 systolic_array_8X8
  mul_117_79_I1_I4
   
   module:mult_signed_126
    very_fast/non_booth
                  *    signed     9x9    18       2317.85  117  79 systolic_array_8x8.v 
========================================================================================
systolic_array_wrapper
 systolic_array_8X8
  mul_117_79_I1_I5
   
   module:mult_signed_126
    very_fast/non_booth
                  *    signed     9x9    18       2317.85  117  79 systolic_array_8x8.v 
========================================================================================
systolic_array_wrapper
 systolic_array_8X8
  mul_117_79_I1_I6
   
   module:mult_signed_126
    very_fast/non_booth
                  *    signed     9x9    18       2317.85  117  79 systolic_array_8x8.v 
========================================================================================
systolic_array_wrapper
 systolic_array_8X8
  mul_117_79_I1_I7
   
   module:mult_signed_126
    very_fast/non_booth
                  *    signed     9x9    18       2317.85  117  79 systolic_array_8x8.v 
========================================================================================
systolic_array_wrapper
 systolic_array_8X8
  mul_117_79_I1_I8
   
   module:mult_signed_126
    very_fast/non_booth
                  *    signed     9x9    18       2317.85  117  79 systolic_array_8x8.v 
========================================================================================
systolic_array_wrapper
 systolic_array_8X8
  mul_117_79_I2_I1
   
   module:mult_signed_126
    very_fast/non_booth
                  *    signed     9x9    18       2317.85  117  79 systolic_array_8x8.v 
========================================================================================
systolic_array_wrapper
 systolic_array_8X8
  mul_117_79_I2_I2
   
   module:mult_signed_126
    very_fast/non_booth
                  *    signed     9x9    18       2317.85  117  79 systolic_array_8x8.v 
========================================================================================
systolic_array_wrapper
 systolic_array_8X8
  mul_117_79_I2_I3
   
   module:mult_signed_126
    very_fast/non_booth
                  *    signed     9x9    18       2317.85  117  79 systolic_array_8x8.v 
========================================================================================
systolic_array_wrapper
 systolic_array_8X8
  mul_117_79_I2_I4
   
   module:mult_signed_126
    very_fast/non_booth
                  *    signed     9x9    18       2317.85  117  79 systolic_array_8x8.v 
========================================================================================
systolic_array_wrapper
 systolic_array_8X8
  mul_117_79_I2_I5
   
   module:mult_signed_126
    very_fast/non_booth
                  *    signed     9x9    18       2317.85  117  79 systolic_array_8x8.v 
========================================================================================
systolic_array_wrapper
 systolic_array_8X8
  mul_117_79_I2_I6
   
   module:mult_signed_126
    very_fast/non_booth
                  *    signed     9x9    18       2317.85  117  79 systolic_array_8x8.v 
========================================================================================
systolic_array_wrapper
 systolic_array_8X8
  mul_117_79_I2_I7
   
   module:mult_signed_126
    very_fast/non_booth
                  *    signed     9x9    18       2317.85  117  79 systolic_array_8x8.v 
========================================================================================
systolic_array_wrapper
 systolic_array_8X8
  mul_117_79_I2_I8
   
   module:mult_signed_126
    very_fast/non_booth
                  *    signed     9x9    18       2317.85  117  79 systolic_array_8x8.v 
========================================================================================
systolic_array_wrapper
 systolic_array_8X8
  mul_117_79_I3_I1
   
   module:mult_signed_126
    very_fast/non_booth
                  *    signed     9x9    18       2317.85  117  79 systolic_array_8x8.v 
========================================================================================
systolic_array_wrapper
 systolic_array_8X8
  mul_117_79_I3_I2
   
   module:mult_signed_126
    very_fast/non_booth
                  *    signed     9x9    18       2317.85  117  79 systolic_array_8x8.v 
========================================================================================
systolic_array_wrapper
 systolic_array_8X8
  mul_117_79_I3_I3
   
   module:mult_signed_126
    very_fast/non_booth
                  *    signed     9x9    18       2317.85  117  79 systolic_array_8x8.v 
========================================================================================
systolic_array_wrapper
 systolic_array_8X8
  mul_117_79_I3_I4
   
   module:mult_signed_126
    very_fast/non_booth
                  *    signed     9x9    18       2317.85  117  79 systolic_array_8x8.v 
========================================================================================
systolic_array_wrapper
 systolic_array_8X8
  mul_117_79_I3_I5
   
   module:mult_signed_126
    very_fast/non_booth
                  *    signed     9x9    18       2317.85  117  79 systolic_array_8x8.v 
========================================================================================
systolic_array_wrapper
 systolic_array_8X8
  mul_117_79_I3_I6
   
   module:mult_signed_126
    very_fast/non_booth
                  *    signed     9x9    18       2317.85  117  79 systolic_array_8x8.v 
========================================================================================
systolic_array_wrapper
 systolic_array_8X8
  mul_117_79_I3_I7
   
   module:mult_signed_126
    very_fast/non_booth
                  *    signed     9x9    18       2317.85  117  79 systolic_array_8x8.v 
========================================================================================
systolic_array_wrapper
 systolic_array_8X8
  mul_117_79_I3_I8
   
   module:mult_signed_126
    very_fast/non_booth
                  *    signed     9x9    18       2317.85  117  79 systolic_array_8x8.v 
========================================================================================
systolic_array_wrapper
 systolic_array_8X8
  mul_117_79_I4_I1
   
   module:mult_signed_126
    very_fast/non_booth
                  *    signed     9x9    18       2317.85  117  79 systolic_array_8x8.v 
========================================================================================
systolic_array_wrapper
 systolic_array_8X8
  mul_117_79_I4_I2
   
   module:mult_signed_126
    very_fast/non_booth
                  *    signed     9x9    18       2317.85  117  79 systolic_array_8x8.v 
========================================================================================
systolic_array_wrapper
 systolic_array_8X8
  mul_117_79_I4_I3
   
   module:mult_signed_126
    very_fast/non_booth
                  *    signed     9x9    18       2317.85  117  79 systolic_array_8x8.v 
========================================================================================
systolic_array_wrapper
 systolic_array_8X8
  mul_117_79_I4_I4
   
   module:mult_signed_126
    very_fast/non_booth
                  *    signed     9x9    18       2317.85  117  79 systolic_array_8x8.v 
========================================================================================
systolic_array_wrapper
 systolic_array_8X8
  mul_117_79_I4_I5
   
   module:mult_signed_126
    very_fast/non_booth
                  *    signed     9x9    18       2317.85  117  79 systolic_array_8x8.v 
========================================================================================
systolic_array_wrapper
 systolic_array_8X8
  mul_117_79_I4_I6
   
   module:mult_signed_126
    very_fast/non_booth
                  *    signed     9x9    18       2317.85  117  79 systolic_array_8x8.v 
========================================================================================
systolic_array_wrapper
 systolic_array_8X8
  mul_117_79_I4_I7
   
   module:mult_signed_126
    very_fast/non_booth
                  *    signed     9x9    18       2317.85  117  79 systolic_array_8x8.v 
========================================================================================
systolic_array_wrapper
 systolic_array_8X8
  mul_117_79_I4_I8
   
   module:mult_signed_126
    very_fast/non_booth
                  *    signed     9x9    18       2317.85  117  79 systolic_array_8x8.v 
========================================================================================
systolic_array_wrapper
 systolic_array_8X8
  mul_117_79_I5_I1
   
   module:mult_signed_126
    very_fast/non_booth
                  *    signed     9x9    18       2317.85  117  79 systolic_array_8x8.v 
========================================================================================
systolic_array_wrapper
 systolic_array_8X8
  mul_117_79_I5_I2
   
   module:mult_signed_126
    very_fast/non_booth
                  *    signed     9x9    18       2317.85  117  79 systolic_array_8x8.v 
========================================================================================
systolic_array_wrapper
 systolic_array_8X8
  mul_117_79_I5_I3
   
   module:mult_signed_126
    very_fast/non_booth
                  *    signed     9x9    18       2317.85  117  79 systolic_array_8x8.v 
========================================================================================
systolic_array_wrapper
 systolic_array_8X8
  mul_117_79_I5_I4
   
   module:mult_signed_126
    very_fast/non_booth
                  *    signed     9x9    18       2317.85  117  79 systolic_array_8x8.v 
========================================================================================
systolic_array_wrapper
 systolic_array_8X8
  mul_117_79_I5_I5
   
   module:mult_signed_126
    very_fast/non_booth
                  *    signed     9x9    18       2317.85  117  79 systolic_array_8x8.v 
========================================================================================
systolic_array_wrapper
 systolic_array_8X8
  mul_117_79_I5_I6
   
   module:mult_signed_126
    very_fast/non_booth
                  *    signed     9x9    18       2317.85  117  79 systolic_array_8x8.v 
========================================================================================
systolic_array_wrapper
 systolic_array_8X8
  mul_117_79_I5_I7
   
   module:mult_signed_126
    very_fast/non_booth
                  *    signed     9x9    18       2317.85  117  79 systolic_array_8x8.v 
========================================================================================
systolic_array_wrapper
 systolic_array_8X8
  mul_117_79_I5_I8
   
   module:mult_signed_126
    very_fast/non_booth
                  *    signed     9x9    18       2317.85  117  79 systolic_array_8x8.v 
========================================================================================
systolic_array_wrapper
 systolic_array_8X8
  mul_117_79_I6_I1
   
   module:mult_signed_126
    very_fast/non_booth
                  *    signed     9x9    18       2317.85  117  79 systolic_array_8x8.v 
========================================================================================
systolic_array_wrapper
 systolic_array_8X8
  mul_117_79_I6_I2
   
   module:mult_signed_126
    very_fast/non_booth
                  *    signed     9x9    18       2317.85  117  79 systolic_array_8x8.v 
========================================================================================
systolic_array_wrapper
 systolic_array_8X8
  mul_117_79_I6_I3
   
   module:mult_signed_126
    very_fast/non_booth
                  *    signed     9x9    18       2317.85  117  79 systolic_array_8x8.v 
========================================================================================
systolic_array_wrapper
 systolic_array_8X8
  mul_117_79_I6_I4
   
   module:mult_signed_126
    very_fast/non_booth
                  *    signed     9x9    18       2317.85  117  79 systolic_array_8x8.v 
========================================================================================
systolic_array_wrapper
 systolic_array_8X8
  mul_117_79_I6_I5
   
   module:mult_signed_126
    very_fast/non_booth
                  *    signed     9x9    18       2317.85  117  79 systolic_array_8x8.v 
========================================================================================
systolic_array_wrapper
 systolic_array_8X8
  mul_117_79_I6_I6
   
   module:mult_signed_126
    very_fast/non_booth
                  *    signed     9x9    18       2317.85  117  79 systolic_array_8x8.v 
========================================================================================
systolic_array_wrapper
 systolic_array_8X8
  mul_117_79_I6_I7
   
   module:mult_signed_126
    very_fast/non_booth
                  *    signed     9x9    18       2317.85  117  79 systolic_array_8x8.v 
========================================================================================
systolic_array_wrapper
 systolic_array_8X8
  mul_117_79_I6_I8
   
   module:mult_signed_126
    very_fast/non_booth
                  *    signed     9x9    18       2317.85  117  79 systolic_array_8x8.v 
========================================================================================
systolic_array_wrapper
 systolic_array_8X8
  mul_117_79_I7_I1
   
   module:mult_signed_126
    very_fast/non_booth
                  *    signed     9x9    18       2317.85  117  79 systolic_array_8x8.v 
========================================================================================
systolic_array_wrapper
 systolic_array_8X8
  mul_117_79_I7_I2
   
   module:mult_signed_126
    very_fast/non_booth
                  *    signed     9x9    18       2317.85  117  79 systolic_array_8x8.v 
========================================================================================
systolic_array_wrapper
 systolic_array_8X8
  mul_117_79_I7_I3
   
   module:mult_signed_126
    very_fast/non_booth
                  *    signed     9x9    18       2317.85  117  79 systolic_array_8x8.v 
========================================================================================
systolic_array_wrapper
 systolic_array_8X8
  mul_117_79_I7_I4
   
   module:mult_signed_126
    very_fast/non_booth
                  *    signed     9x9    18       2317.85  117  79 systolic_array_8x8.v 
========================================================================================
systolic_array_wrapper
 systolic_array_8X8
  mul_117_79_I7_I5
   
   module:mult_signed_126
    very_fast/non_booth
                  *    signed     9x9    18       2317.85  117  79 systolic_array_8x8.v 
========================================================================================
systolic_array_wrapper
 systolic_array_8X8
  mul_117_79_I7_I6
   
   module:mult_signed_126
    very_fast/non_booth
                  *    signed     9x9    18       2317.85  117  79 systolic_array_8x8.v 
========================================================================================
systolic_array_wrapper
 systolic_array_8X8
  mul_117_79_I7_I7
   
   module:mult_signed_126
    very_fast/non_booth
                  *    signed     9x9    18       2317.85  117  79 systolic_array_8x8.v 
========================================================================================
systolic_array_wrapper
 systolic_array_8X8
  mul_117_79_I7_I8
   
   module:mult_signed_126
    very_fast/non_booth
                  *    signed     9x9    18       2317.85  117  79 systolic_array_8x8.v 
========================================================================================
systolic_array_wrapper
 systolic_array_8X8
  mul_117_79_I8_I1
   
   module:mult_signed_126
    very_fast/non_booth
                  *    signed     9x9    18       2317.85  117  79 systolic_array_8x8.v 
========================================================================================
systolic_array_wrapper
 systolic_array_8X8
  mul_117_79_I8_I2
   
   module:mult_signed_126
    very_fast/non_booth
                  *    signed     9x9    18       2317.85  117  79 systolic_array_8x8.v 
========================================================================================
systolic_array_wrapper
 systolic_array_8X8
  mul_117_79_I8_I3
   
   module:mult_signed_126
    very_fast/non_booth
                  *    signed     9x9    18       2317.85  117  79 systolic_array_8x8.v 
========================================================================================
systolic_array_wrapper
 systolic_array_8X8
  mul_117_79_I8_I4
   
   module:mult_signed_126
    very_fast/non_booth
                  *    signed     9x9    18       2317.85  117  79 systolic_array_8x8.v 
========================================================================================
systolic_array_wrapper
 systolic_array_8X8
  mul_117_79_I8_I5
   
   module:mult_signed_126
    very_fast/non_booth
                  *    signed     9x9    18       2317.85  117  79 systolic_array_8x8.v 
========================================================================================
systolic_array_wrapper
 systolic_array_8X8
  mul_117_79_I8_I6
   
   module:mult_signed_126
    very_fast/non_booth
                  *    signed     9x9    18       2317.85  117  79 systolic_array_8x8.v 
========================================================================================
systolic_array_wrapper
 systolic_array_8X8
  mul_117_79_I8_I7
   
   module:mult_signed_126
    very_fast/non_booth
                  *    signed     9x9    18       2317.85  117  79 systolic_array_8x8.v 
========================================================================================
systolic_array_wrapper
 systolic_array_8X8
  mul_117_79_I8_I8
   
   module:mult_signed_126
    very_fast/non_booth
                  *    signed     9x9    18       2317.85  117  79 systolic_array_8x8.v 
========================================================================================
systolic_array_wrapper
 systolic_array_8X8
  rem_37_53
   
   module:remainder_unsigned_1449
    very_fast     %    unsigned   16x16  16       2908.17   37  53 systolic_array_8x8.v 
========================================================================================
systolic_array_wrapper
 systolic_array_8X8
  rem_38_56
   
   module:remainder_unsigned_1449_3
    very_fast     %    unsigned   16x16  16       2908.17   38  56 systolic_array_8x8.v 
========================================================================================

      Type        CellArea Percentage 
--------------------------------------
datapath modules 209954.29      67.76 
external muxes        0.00       0.00 
others            99895.89      32.24 
--------------------------------------
total            309850.18     100.00 

