============================================================
  Generated by:           Genus(TM) Synthesis Solution 21.16-s062_1
  Generated on:           Mar 22 2026  09:09:22 am
  Module:                 systolic_array_wrapper
  Operating conditions:   WCCOM (balanced_tree)
  Wireload mode:          segmented
  Area mode:              timing library
============================================================

Timing
--------

Analysis view Clock  Period 
----------------------------
default_mode  clk   20000.0 


  Analysis     Cost   Critical        Violating 
    View      Group  Path Slack  TNS    Paths   
------------------------------------------------
default_mode     C2C     7069.2  0.0          0 
                 C2O     2845.4  0.0          0 
                 clk   No paths  0.0          0 
             default   No paths  0.0          0 
                 I2C     6644.5  0.0          0 
                 I2O     2420.7  0.0          0 
------------------------------------------------
Total                           -0.0          0 
                                                

Instance Count
--------------
Leaf Instance Count             26100 
Physical Instance count             0 
Sequential Instance Count        4628 
Combinational Instance Count    21472 
Hierarchical Instance Count         0 

Area
----
Cell Area                          116699.399
Physical Cell Area                 0.000
Total Cell Area (Cell+Physical)    116699.399
Net Area                           0.000
Total Area (Cell+Physical+Net)     116699.399

Power
-----
Leakage Power                      867252.467 nW
Dynamic Power                      5640391.335 nW
Total Power                        6507643.802 nW

Max Fanout                         4628 (clk)
Min Fanout                         1 (a0_buffer[27])
Average Fanout                     2.8
Terms to net ratio                 3.8171
Terms to instance ratio            4.4523
Runtime                            390.6073539999999 seconds
Elapsed Runtime                    399 seconds
Genus peak memory usage            1861.50 
Innovus peak memory usage          no_value 
Hostname                           cadpc19.ee.columbia.edu
