#Refrence Spef File Name                                 .signoff_RC_WORST.spef.gz
#Compare Spef File Name                                  .preroute_RC_WORST_dataNets.spef.gz
#Suggested Resistance Scale Factor                       0.806987
#Suggested Capacitance Scale Factor                      1.014995

Cap stats
=========
total_nets 326
total_nets_in_calc 326
num_nets_not_found_golden 0
num_nets_not_found_target 4
num_nets_too_small 0
num_nets_too_small_fanout 0
num_nets_too_high_fanout 0
num_outliers 0
num_nets_too_big 0
appl_scale_factor 1.000000
rec_scale_factor 1.014995
diff_mean -0.0000
diff_sigma 0.0006
diff_max 0.0028
diff_min -0.0035
ratio_mean 0.9613
ratio_sigma 0.4807
ratio_max 4.6676
ratio_min 0.2356
num_wi_1_perc { 1}
num_wi_2_perc { 4}
num_wi_5_perc 10
num_wi_10_perc 21
num_wi_20_perc 40
num_wi_30_perc 59
num_wi_40_perc 73
num_wi_50_perc 85

Res stats
=========
total_nets 604
total_nets_in_calc 604
num_nets_not_found_golden 0
num_nets_not_found_target 29
num_nets_too_small 0
num_nets_too_small_fanout 0
num_nets_too_high_fanout 0
num_outliers 0
num_nets_too_big 0
appl_scale_factor 1.000000
rec_scale_factor 0.806987
diff_mean 4.9068
diff_sigma 7.6999
diff_max 58.1890
diff_min -19.8912
ratio_mean 1.5566
ratio_sigma 1.8267
ratio_max 31.1606
ratio_min 0.1901
num_wi_1_perc { 0}
num_wi_2_perc { 2}
num_wi_5_perc { 8}
num_wi_10_perc 20
num_wi_20_perc 38
num_wi_30_perc 51
num_wi_40_perc 62
num_wi_50_perc 68
