#Refrence Spef File Name                                 .signoff_RC_WORST.spef.gz
#Compare Spef File Name                                  .postroutemedium_RC_WORST_clkNets.spef.gz
#Suggested Resistance Scale Factor                       0.960715
#Suggested Capacitance Scale Factor                      0.936700
#Suggested Cross Coupling Cap. Scale Factor              1.000000

Cap stats
=========
total_nets 4
total_nets_in_calc 4
num_nets_not_found_golden 0
num_nets_not_found_target 326
num_nets_too_small 0
num_nets_too_small_fanout 0
num_nets_too_high_fanout 0
num_outliers 0
num_nets_too_big 0
appl_scale_factor 1.000000
rec_scale_factor 0.936700
diff_mean 0.0004
diff_sigma 0.0003
diff_max 0.0010
diff_min 0.0000
ratio_mean 1.0640
ratio_sigma 0.0275
ratio_max 1.1024
ratio_min 1.0273
num_wi_1_perc { 0}
num_wi_2_perc { 0}
num_wi_5_perc 25
num_wi_10_perc 75
num_wi_20_perc 100
num_wi_30_perc 100
num_wi_40_perc 100
num_wi_50_perc 100

Res stats
=========
total_nets 29
total_nets_in_calc 29
num_nets_not_found_golden 0
num_nets_not_found_target 604
num_nets_too_small 0
num_nets_too_small_fanout 0
num_nets_too_high_fanout 0
num_outliers 0
num_nets_too_big 0
appl_scale_factor 1.000000
rec_scale_factor 0.960715
diff_mean 1.4555
diff_sigma 0.4642
diff_max 2.0573
diff_min 0.0746
ratio_mean 1.0498
ratio_sigma 0.0368
ratio_max 1.1947
ratio_min 1.0019
num_wi_1_perc { 3}
num_wi_2_perc { 3}
num_wi_5_perc 72
num_wi_10_perc 93
num_wi_20_perc 100
num_wi_30_perc 100
num_wi_40_perc 100
num_wi_50_perc 100

Coupling Cap stats
=========
