#Refrence Spef File Name                                 .signoff_RC_BEST.spef.gz
#Compare Spef File Name                                  .preroute_RC_BEST_clkNets.spef.gz
#Suggested Resistance Scale Factor                       1.030784
#Suggested Capacitance Scale Factor                      1.001392

Cap stats
=========
total_nets 4
total_nets_in_calc 4
num_nets_not_found_golden 0
num_nets_not_found_target 326
num_nets_too_small 0
num_nets_too_small_fanout 0
num_nets_too_high_fanout 0
num_outliers 0
num_nets_too_big 0
appl_scale_factor 1.000000
rec_scale_factor 1.001392
diff_mean -0.0000
diff_sigma 0.0006
diff_max 0.0010
diff_min -0.0005
ratio_mean 1.0029
ratio_sigma 0.2195
ratio_max 1.3444
ratio_min 0.7326
num_wi_1_perc { 0}
num_wi_2_perc 25
num_wi_5_perc 50
num_wi_10_perc 50
num_wi_20_perc 50
num_wi_30_perc 75
num_wi_40_perc 100
num_wi_50_perc 100

Res stats
=========
total_nets 29
total_nets_in_calc 29
num_nets_not_found_golden 0
num_nets_not_found_target 604
num_nets_too_small 0
num_nets_too_small_fanout 0
num_nets_too_high_fanout 0
num_outliers 0
num_nets_too_big 0
appl_scale_factor 1.000000
rec_scale_factor 1.030784
diff_mean -0.5305
diff_sigma 0.2999
diff_max -0.0722
diff_min -1.7808
ratio_mean 0.9619
ratio_sigma 0.0303
ratio_max 0.9969
ratio_min 0.8613
num_wi_1_perc { 3}
num_wi_2_perc 10
num_wi_5_perc 82
num_wi_10_perc 93
num_wi_20_perc 100
num_wi_30_perc 100
num_wi_40_perc 100
num_wi_50_perc 100
