#Refrence Spef File Name                                 .signoff_RC_BEST.spef.gz
#Compare Spef File Name                                  .preroute_RC_BEST_dataNets.spef.gz
#Suggested Resistance Scale Factor                       0.876706
#Suggested Capacitance Scale Factor                      1.028668

Cap stats
=========
total_nets 326
total_nets_in_calc 326
num_nets_not_found_golden 0
num_nets_not_found_target 4
num_nets_too_small 0
num_nets_too_small_fanout 0
num_nets_too_high_fanout 0
num_outliers 0
num_nets_too_big 0
appl_scale_factor 1.000000
rec_scale_factor 1.028668
diff_mean -0.0001
diff_sigma 0.0007
diff_max 0.0034
diff_min -0.0041
ratio_mean 0.9631
ratio_sigma 0.5012
ratio_max 4.9673
ratio_min 0.2208
num_wi_1_perc { 2}
num_wi_2_perc { 4}
num_wi_5_perc 11
num_wi_10_perc 20
num_wi_20_perc 42
num_wi_30_perc 59
num_wi_40_perc 75
num_wi_50_perc 85

Res stats
=========
total_nets 604
total_nets_in_calc 604
num_nets_not_found_golden 0
num_nets_not_found_target 29
num_nets_too_small 0
num_nets_too_small_fanout 0
num_nets_too_high_fanout 0
num_outliers 0
num_nets_too_big 0
appl_scale_factor 1.000000
rec_scale_factor 0.876706
diff_mean 1.4224
diff_sigma 3.5063
diff_max 28.7728
diff_min -12.5564
ratio_mean 1.3512
ratio_sigma 0.7804
ratio_max 9.1122
ratio_min 0.3354
num_wi_1_perc { 3}
num_wi_2_perc { 5}
num_wi_5_perc 14
num_wi_10_perc 30
num_wi_20_perc 51
num_wi_30_perc 64
num_wi_40_perc 72
num_wi_50_perc 77
