#Refrence Spef File Name                                 .signoff_RC_TYP.spef.gz
#Compare Spef File Name                                  .preroute_RC_TYP_dataNets.spef.gz
#Suggested Resistance Scale Factor                       0.836139
#Suggested Capacitance Scale Factor                      1.023349

Cap stats
=========
total_nets 326
total_nets_in_calc 326
num_nets_not_found_golden 0
num_nets_not_found_target 4
num_nets_too_small 0
num_nets_too_small_fanout 0
num_nets_too_high_fanout 0
num_outliers 0
num_nets_too_big 0
appl_scale_factor 1.000000
rec_scale_factor 1.023349
diff_mean -0.0000
diff_sigma 0.0006
diff_max 0.0030
diff_min -0.0038
ratio_mean 0.9617
ratio_sigma 0.4884
ratio_max 4.7077
ratio_min 0.2261
num_wi_1_perc { 1}
num_wi_2_perc { 4}
num_wi_5_perc 10
num_wi_10_perc 21
num_wi_20_perc 43
num_wi_30_perc 60
num_wi_40_perc 75
num_wi_50_perc 85

Res stats
=========
total_nets 604
total_nets_in_calc 604
num_nets_not_found_golden 0
num_nets_not_found_target 29
num_nets_too_small 0
num_nets_too_small_fanout 0
num_nets_too_high_fanout 0
num_outliers 0
num_nets_too_big 0
appl_scale_factor 1.000000
rec_scale_factor 0.836139
diff_mean 2.8403
diff_sigma 5.1621
diff_max 40.8251
diff_min -15.6901
ratio_mean 1.4599
ratio_sigma 1.2876
ratio_max 20.7709
ratio_min 0.2691
num_wi_1_perc { 1}
num_wi_2_perc { 3}
num_wi_5_perc 11
num_wi_10_perc 23
num_wi_20_perc 44
num_wi_30_perc 57
num_wi_40_perc 66
num_wi_50_perc 72
