#Refrence Spef File Name                                 .signoff_RC_WORST.spef.gz
#Compare Spef File Name                                  .preroute_RC_WORST_clkNets.spef.gz
#Suggested Resistance Scale Factor                       1.028508
#Suggested Capacitance Scale Factor                      0.948407

Cap stats
=========
total_nets 4
total_nets_in_calc 4
num_nets_not_found_golden 0
num_nets_not_found_target 326
num_nets_too_small 0
num_nets_too_small_fanout 0
num_nets_too_high_fanout 0
num_outliers 0
num_nets_too_big 0
appl_scale_factor 1.000000
rec_scale_factor 0.948407
diff_mean 0.0004
diff_sigma 0.0005
diff_max 0.0011
diff_min -0.0002
ratio_mean 1.0616
ratio_sigma 0.2144
ratio_max 1.3988
ratio_min 0.8026
num_wi_1_perc { 0}
num_wi_2_perc { 0}
num_wi_5_perc 50
num_wi_10_perc 50
num_wi_20_perc 75
num_wi_30_perc 75
num_wi_40_perc 100
num_wi_50_perc 100

Res stats
=========
total_nets 29
total_nets_in_calc 29
num_nets_not_found_golden 0
num_nets_not_found_target 604
num_nets_too_small 0
num_nets_too_small_fanout 0
num_nets_too_high_fanout 0
num_outliers 0
num_nets_too_big 0
appl_scale_factor 1.000000
rec_scale_factor 1.028508
diff_mean -0.9866
diff_sigma 0.5397
diff_max -0.1880
diff_min -3.2148
ratio_mean 0.9691
ratio_sigma 0.0179
ratio_max 0.9952
ratio_min 0.9109
num_wi_1_perc { 3}
num_wi_2_perc 17
num_wi_5_perc 86
num_wi_10_perc 100
num_wi_20_perc 100
num_wi_30_perc 100
num_wi_40_perc 100
num_wi_50_perc 100
