#Refrence Spef File Name                                 .signoff_RC_TYP.spef.gz
#Compare Spef File Name                                  .preroute_RC_TYP_clkNets.spef.gz
#Suggested Resistance Scale Factor                       1.028622
#Suggested Capacitance Scale Factor                      0.975549

Cap stats
=========
total_nets 4
total_nets_in_calc 4
num_nets_not_found_golden 0
num_nets_not_found_target 326
num_nets_too_small 0
num_nets_too_small_fanout 0
num_nets_too_high_fanout 0
num_outliers 0
num_nets_too_big 0
appl_scale_factor 1.000000
rec_scale_factor 0.975549
diff_mean 0.0002
diff_sigma 0.0005
diff_max 0.0009
diff_min -0.0002
ratio_mean 1.0267
ratio_sigma 0.1995
ratio_max 1.3362
ratio_min 0.7792
num_wi_1_perc 25
num_wi_2_perc 50
num_wi_5_perc 50
num_wi_10_perc 50
num_wi_20_perc 50
num_wi_30_perc 75
num_wi_40_perc 100
num_wi_50_perc 100

Res stats
=========
total_nets 29
total_nets_in_calc 29
num_nets_not_found_golden 0
num_nets_not_found_target 604
num_nets_too_small 0
num_nets_too_small_fanout 0
num_nets_too_high_fanout 0
num_outliers 0
num_nets_too_big 0
appl_scale_factor 1.000000
rec_scale_factor 1.028622
diff_mean -0.7037
diff_sigma 0.3920
diff_max -0.1123
diff_min -2.3315
ratio_mean 0.9676
ratio_sigma 0.0208
ratio_max 0.9963
ratio_min 0.9088
num_wi_1_perc { 3}
num_wi_2_perc 24
num_wi_5_perc 86
num_wi_10_perc 100
num_wi_20_perc 100
num_wi_30_perc 100
num_wi_40_perc 100
num_wi_50_perc 100
