*----------------------------------------------------------------------------------------
*	Innovus 21.16-s078_1 (64bit) 12/07/2022 12:07 (Linux 3.10.0-693.el7.x86_64)
*	
*
* 	Date & Time:	2026-Apr-02 21:23:56 (2026-Apr-03 01:23:56 GMT)
*
*----------------------------------------------------------------------------------------
*
*	Design: sram_wrapper_c
*
*	Liberty Libraries used: 
*	        av_normal_max: /courses/ee6350/pdk2023/T-N65-CM-SP-018-K3_MOM/digital/Front_End/timing_power_noise/NLDM/tcbn65gplus_200a/tcbn65gpluswc.lib
*	        av_normal_max: ../../../SRAM00_gen/sram00_nldm_ss_0p90v_0p90v_125c_syn.lib
*
*	Power Domain used: 
*              Rail:       DVDD      Voltage:        0.9 
*
*       Power View : av_normal_max
*
*       User-Defined Activity : N.A.
*
*       Activity File: N.A.
*
*       Hierarchical Global Activity: N.A.
*
*       Global Activity: N.A.
*
*       Sequential Element Activity: 0.200000
*
*       Primary Input Activity: 0.200000
*
*       Default icg ratio: N.A.
*
*       Global Comb ClockGate Ratio: N.A.
*
*	Power Units = 1mW
*
*	Time Units = 1e-09 secs 
*
*       report_power -outfile ../report/place.power_insts.rpt -instances {*}
*
-----------------------------------------------------------------------------------------


Total Power 
-----------------------------------------------------------------------------------------
Total Internal Power:        0.12194274 	   23.9945%
Total Switching Power:       0.00424198 	    0.8347%
Total Leakage Power:         0.38202712 	   75.1708%
Total Power:                 0.50821183 
-----------------------------------------------------------------------------------------


Group                           Internal   Switching     Leakage       Total  Percentage 
                                Power      Power         Power         Power  (%)        
-----------------------------------------------------------------------------------------
Sequential                     0.0003265   2.787e-05   0.0001532   0.0005075     0.09987 
Macro                             0.1211   0.0002177      0.3784      0.4997       98.32 
IO                                     0           0   1.451e-06   1.451e-06   0.0002855 
Combinational                  0.0005588    0.003996    0.003459    0.008014       1.577 
Clock (Combinational)                  0           0           0           0           0 
Clock (Sequential)                     0           0           0           0           0 
-----------------------------------------------------------------------------------------
Total                             0.1219    0.004242       0.382      0.5082         100 
-----------------------------------------------------------------------------------------


Rail                  Voltage   Internal   Switching     Leakage       Total  Percentage 
                                Power      Power         Power         Power  (%)        
-----------------------------------------------------------------------------------------
DVDD                      0.9     0.1219    0.004242       0.382      0.5082         100 


Instance                      Max Toggles   Total Toggles   Internal   Switching     Leakage       Total  Percentage    Cell
                              Input Pins    Output Pins     Power      Power         Power         Power  (%)           Name
----------------------------------------------------------------------------------------------------------------------------
u_sram                              2e+07       1.396e+08     0.1211   0.0002177      0.3784      0.4997       98.32    sram00
FE_OFC8_bus_dout_7              1.704e+06       1.704e+06  3.181e-05   0.0003659   0.0002607   0.0006584      0.1295    BUFFD16
FE_OFC14_bus_dout_1             1.704e+06       1.704e+06  3.171e-05   0.0003624   0.0002607   0.0006547      0.1288    BUFFD16
FE_OFC12_bus_dout_3             1.704e+06       1.704e+06  3.166e-05   0.0003624   0.0002607   0.0006547      0.1288    BUFFD16
FE_OFC15_bus_dout_0             1.704e+06       1.704e+06  3.167e-05   0.0003623   0.0002607   0.0006547      0.1288    BUFFD16
FE_OFC9_bus_dout_6              1.704e+06       1.704e+06  2.422e-05   0.0003595   0.0001964   0.0005801      0.1142    BUFFD12
FE_OFC10_bus_dout_5             1.704e+06       1.704e+06  2.422e-05   0.0003593   0.0001964   0.0005799      0.1141    BUFFD12
FE_OFC11_bus_dout_4             1.704e+06       1.704e+06  2.412e-05    0.000359   0.0001964   0.0005796       0.114    BUFFD12
FE_OFC13_bus_dout_2             1.704e+06       1.704e+06  2.547e-05   0.0003514   0.0001964   0.0005733      0.1128    BUFFD12
bus_byte_sel_d1_reg[0]              2e+07           4e+06   0.000112   1.826e-05   5.964e-05   0.0001899     0.03736    DFCND1
bus_byte_sel_d1_reg[2]              2e+07           2e+06  0.0001073   5.172e-06   4.676e-05   0.0001592     0.03132    DFCNQD1
bus_byte_sel_d1_reg[1]              2e+07           2e+06  0.0001073   4.441e-06   4.676e-05   0.0001585     0.03118    DFCNQD1
p70817A__2398                   1.363e+06       1.704e+06  2.651e-06   1.141e-05   4.017e-05   5.424e-05     0.01067    ND4D1
p96447A1120__4319                   2e+06           2e+06  3.977e-06   2.644e-05   2.359e-05   5.401e-05     0.01063    AN2XD1
p96447A1123__6783                   2e+06           2e+06  3.975e-06   2.566e-05   2.359e-05   5.323e-05     0.01047    AN2XD1
p96447A1128__5122                   2e+06           2e+06  3.973e-06   2.555e-05   2.359e-05   5.312e-05     0.01045    AN2XD1
p96447A1141__7410                   2e+06           2e+06  3.974e-06   2.549e-05   2.359e-05   5.306e-05     0.01044    AN2XD1
p96447A1125__1617                   2e+06           2e+06  3.975e-06    2.54e-05   2.359e-05   5.297e-05     0.01042    AN2XD1
p96447A1122__5526                   2e+06           2e+06  3.975e-06   2.517e-05   2.359e-05   5.274e-05     0.01038    AN2XD1
p96447A1131__6131                   2e+06           2e+06   3.97e-06   2.426e-05   2.359e-05   5.182e-05      0.0102    AN2XD1
p96447A1129__8246                   2e+06           2e+06  3.971e-06   2.349e-05   2.359e-05   5.105e-05     0.01005    AN2XD1
p96447A1119__6260                   2e+06           2e+06  3.972e-06   2.308e-05   2.359e-05   5.064e-05    0.009965    AN2XD1
p96447A1117__2398                   2e+06           2e+06   3.97e-06   2.207e-05   2.359e-05   4.963e-05    0.009765    AN2XD1
p96447A1105__5115                   2e+06           2e+06  3.968e-06   2.128e-05   2.359e-05   4.884e-05     0.00961    AN2XD1
p96447A1115__6417                   2e+06           2e+06  3.968e-06   2.113e-05   2.359e-05   4.869e-05     0.00958    AN2XD1
p96447A1108__6161                   2e+06           2e+06  3.968e-06   2.035e-05   2.359e-05   4.791e-05    0.009427    AN2XD1
p96447A1113__1666                   2e+06           2e+06  3.967e-06   1.985e-05   2.359e-05   4.741e-05    0.009328    AN2XD1
p70817A1798__6260               1.363e+06       1.704e+06  2.696e-06   3.905e-06   4.017e-05   4.677e-05    0.009203    ND4D1
p96447A1112__2346                   2e+06           2e+06  3.968e-06   1.906e-05   2.359e-05   4.662e-05    0.009173    AN2XD1
p70817A1799__4319               1.363e+06       1.704e+06  2.668e-06   3.716e-06   4.017e-05   4.655e-05    0.009161    ND4D1
p70817A1803__3680               1.363e+06       1.704e+06   2.67e-06   3.581e-06   4.017e-05   4.642e-05    0.009135    ND4D1
p70817A1801__5526               1.363e+06       1.704e+06  2.664e-06    3.46e-06   4.017e-05    4.63e-05     0.00911    ND4D1
p96447A__5526                       2e+06           2e+06  3.966e-06   1.841e-05   2.359e-05   4.596e-05    0.009044    AN2XD1
p70817A1797__5107               1.363e+06       1.704e+06  2.714e-06   2.877e-06   4.017e-05   4.576e-05    0.009005    ND4D1
p70817A1800__8428               1.363e+06       1.704e+06  2.713e-06   2.816e-06   4.017e-05    4.57e-05    0.008993    ND4D1
p70817A1802__6783               1.363e+06       1.704e+06  2.671e-06   2.855e-06   4.017e-05    4.57e-05    0.008992    ND4D1
FE_OFC4_n_26                    1.363e+06       1.363e+06  2.189e-06   1.239e-05   1.908e-05   3.366e-05    0.006623    CKBD1
FE_OFC7_n_43                    1.363e+06       1.363e+06  2.181e-06    1.21e-05   1.908e-05   3.336e-05    0.006564    CKBD1
FE_OFC1_n_21                    1.363e+06       1.363e+06  2.185e-06   1.206e-05   1.908e-05   3.332e-05    0.006557    CKBD1
FE_OFC3_n_25                    1.363e+06       1.363e+06  2.201e-06   1.196e-05   1.908e-05   3.324e-05     0.00654    CKBD1
FE_OFC6_n_36                    1.363e+06       1.363e+06  2.193e-06   1.195e-05   1.908e-05   3.322e-05    0.006537    CKBD1
p96447A1109__9315                   2e+06           2e+06  2.393e-06   1.802e-05   7.844e-06   2.825e-05    0.005559    CKAN2D0
p96447A1106__7482                   2e+06           2e+06  2.392e-06   1.668e-05   7.844e-06   2.691e-05    0.005296    CKAN2D0
p96447A1104__1881                   2e+06           2e+06  2.391e-06   1.552e-05   7.844e-06   2.575e-05    0.005067    CKAN2D0
p96447A1102__7098                   2e+06           2e+06  2.391e-06   1.477e-05   7.844e-06     2.5e-05     0.00492    CKAN2D0
p96447A1149__5526                   2e+06           2e+06  2.393e-06    1.47e-05   7.844e-06   2.494e-05    0.004907    CKAN2D0
p71884A__1881                       2e+06         1.5e+06  1.224e-06   1.381e-05   9.678e-06   2.472e-05    0.004863    NR2D1
p96447A1101__8246                   2e+06           2e+06   2.39e-06   1.412e-05   7.844e-06   2.436e-05    0.004793    CKAN2D0
p96144A1093__4319                   2e+06         2.5e+06  4.127e-06   7.721e-06   1.222e-05   2.407e-05    0.004737    AO22D0
p96144A1092__6260                   2e+06         2.5e+06  4.123e-06   7.428e-06   1.222e-05   2.378e-05    0.004678    AO22D0
p71871A__8246                       2e+06         1.5e+06  1.229e-06   1.285e-05   9.678e-06   2.376e-05    0.004675    NR2D1
p96144A1094__8428                   2e+06         2.5e+06  4.128e-06   7.226e-06   1.222e-05   2.358e-05    0.004639    AO22D0
p96447A1099__1705                   2e+06           2e+06   2.39e-06    1.32e-05   7.844e-06   2.344e-05    0.004612    CKAN2D0
p96144A__1666                       2e+06         2.5e+06  4.121e-06   6.872e-06   1.222e-05   2.322e-05    0.004568    AO22D0
p96144A1091__5107                   2e+06         2.5e+06  4.119e-06   6.807e-06   1.222e-05   2.315e-05    0.004555    AO22D0
p96144A1087__7410                   2e+06         2.5e+06  4.121e-06   6.775e-06   1.222e-05   2.312e-05    0.004549    AO22D0
p96144A1089__5477                   2e+06         2.5e+06   4.12e-06   6.768e-06   1.222e-05   2.311e-05    0.004548    AO22D0
p96144A1090__2398                   2e+06         2.5e+06  4.119e-06   6.741e-06   1.222e-05   2.308e-05    0.004542    AO22D0
p96144A1088__6417                   2e+06         2.5e+06  4.123e-06   6.685e-06   1.222e-05   2.303e-05    0.004532    AO22D0
p71859A__7482                       2e+06         1.5e+06  1.222e-06    1.21e-05   9.678e-06     2.3e-05    0.004526    NR2D1
Fp96144A1836                        2e+06           2e+06   7.29e-07    1.79e-05   3.713e-06   2.234e-05    0.004396    CKND0
p96447A1098__2802                   2e+06           2e+06  2.388e-06   1.202e-05   7.844e-06   2.225e-05    0.004378    CKAN2D0
p70810A1825__5526               2.181e+06       1.363e+06  2.675e-06   7.909e-06   1.138e-05   2.196e-05    0.004321    AOI22D1
p70824A1806__6131               2.181e+06       1.363e+06  2.675e-06   7.774e-06   1.138e-05   2.182e-05    0.004294    AOI22D1
p70816A__2802                   2.181e+06       1.363e+06  2.676e-06   7.764e-06   1.138e-05   2.181e-05    0.004292    AOI22D1
p70816A1826__6783               2.181e+06       1.363e+06  2.676e-06    7.73e-06   1.138e-05   2.178e-05    0.004286    AOI22D1
p70812A1805__8246               2.181e+06       1.363e+06  2.676e-06   7.645e-06   1.138e-05    2.17e-05    0.004269    AOI22D1
p70810A1822__6260               2.181e+06       1.363e+06  2.676e-06   7.591e-06   1.138e-05   2.164e-05    0.004258    AOI22D1
p70824A1814__2883               2.181e+06       1.363e+06  2.676e-06   7.578e-06   1.138e-05   2.163e-05    0.004256    AOI22D1
p96447A1096__3680                   2e+06           2e+06  2.387e-06   1.103e-05   7.844e-06   2.126e-05    0.004183    CKAN2D0
p96447A1095__6783                   2e+06           2e+06  2.386e-06   1.092e-05   7.844e-06   2.115e-05    0.004161    CKAN2D0
p70816A1827__3680               2.181e+06       1.363e+06  2.676e-06   6.801e-06   1.138e-05   2.085e-05    0.004103    AOI22D1
FE_OFC0_n_15                    1.363e+06       1.363e+06  1.488e-06   1.159e-05   7.611e-06   2.069e-05     0.00407    CKBD0
FE_OFC2_n_22                    1.363e+06       1.363e+06  1.488e-06   1.154e-05   7.611e-06   2.064e-05     0.00406    CKBD0
p71846A__4733                       2e+06         1.5e+06  1.224e-06   9.705e-06   9.678e-06   2.061e-05    0.004055    NR2D1
p96447A1157__7098                   2e+06           2e+06  2.385e-06   9.486e-06   7.844e-06   1.972e-05    0.003879    CKAN2D0
FE_OFC5_n_32                    1.363e+06       1.363e+06  1.488e-06   1.058e-05   7.611e-06   1.968e-05    0.003873    CKBD0
p71849A1832__5115                   2e+06         1.5e+06  1.222e-06   8.484e-06   9.678e-06   1.938e-05    0.003814    NR2D1
p71862A__6161                       2e+06         1.5e+06  1.215e-06   8.169e-06   9.678e-06   1.906e-05    0.003751    NR2D1
p96447A1156__8246                   2e+06           2e+06  2.384e-06   8.652e-06   7.844e-06   1.888e-05    0.003715    CKAN2D0
p96447A1146__6260                   2e+06           2e+06  2.386e-06   8.476e-06   7.844e-06   1.871e-05    0.003681    CKAN2D0
p96447A1153__2802                   2e+06           2e+06  2.384e-06   8.388e-06   7.844e-06   1.862e-05    0.003663    CKAN2D0
p96447A1148__8428                   2e+06           2e+06  2.385e-06   8.255e-06   7.844e-06   1.848e-05    0.003637    CKAN2D0
p96447A1154__1705                   2e+06           2e+06  2.383e-06   7.997e-06   7.844e-06   1.822e-05    0.003586    CKAN2D0
p96447A1151__3680                   2e+06           2e+06  2.383e-06    7.72e-06   7.844e-06   1.795e-05    0.003531    CKAN2D0
p96447A1143__5477                   2e+06           2e+06  2.384e-06   7.585e-06   7.844e-06   1.781e-05    0.003505    CKAN2D0
p71849A__7098                       2e+06         1.5e+06  2.452e-06   6.891e-06   8.187e-06   1.753e-05    0.003449    INR2D0
p96447A1145__5107                   2e+06           2e+06  2.383e-06   7.122e-06   7.844e-06   1.735e-05    0.003414    CKAN2D0
p71898A__6131                       2e+06         1.5e+06   1.76e-06   7.602e-06   7.476e-06   1.684e-05    0.003313    CKAN2D0
p96447A1135__4733                   2e+06           2e+06  2.377e-06   6.174e-06   7.844e-06    1.64e-05    0.003226    CKAN2D0
p96447A1142__6417                   2e+06           2e+06  2.378e-06   6.143e-06   7.844e-06   1.637e-05     0.00322    CKAN2D0
p71822A__9945                       2e+06           2e+06  2.419e-06   4.543e-06   9.263e-06   1.623e-05    0.003193    IND2D0
p96447A1137__9945                   2e+06           2e+06  2.377e-06   5.954e-06   7.844e-06   1.618e-05    0.003183    CKAN2D0
p96447A1140__1666                   2e+06           2e+06  2.376e-06   5.844e-06   7.844e-06   1.606e-05    0.003161    CKAN2D0
p96447A1139__2346                   2e+06           2e+06  2.374e-06   5.576e-06   7.844e-06   1.579e-05    0.003108    CKAN2D0
p96447A1136__9315                   2e+06           2e+06  2.371e-06   5.104e-06   7.844e-06   1.532e-05    0.003014    CKAN2D0
p96447A1134__7482                   2e+06           2e+06  2.371e-06    5.06e-06   7.844e-06   1.528e-05    0.003006    CKAN2D0
p96447A1133__5115                   2e+06           2e+06  2.369e-06   4.869e-06   7.844e-06   1.508e-05    0.002968    CKAN2D0
p96447A1132__1881                   2e+06           2e+06  2.368e-06   4.662e-06   7.844e-06   1.487e-05    0.002927    CKAN2D0
p96447A1130__7098                   2e+06           2e+06  2.368e-06   4.537e-06   7.844e-06   1.475e-05    0.002902    CKAN2D0
p71824A__9315                       2e+06           2e+06  1.069e-06    8.68e-06   4.646e-06    1.44e-05    0.002833    NR2D0
p96447A1127__1705                   2e+06           2e+06  2.363e-06   3.851e-06   7.844e-06   1.406e-05    0.002766    CKAN2D0
p96447A1121__8428                   2e+06           2e+06  2.362e-06   3.699e-06   7.844e-06   1.391e-05    0.002736    CKAN2D0
p96447A1124__3680                   2e+06           2e+06  2.361e-06   3.564e-06   7.844e-06   1.377e-05    0.002709    CKAN2D0
p71825A__2883                       2e+06           2e+06  2.398e-06    1.95e-06   9.263e-06   1.361e-05    0.002678    IND2D0
p96447A1116__5477                   2e+06           2e+06  2.357e-06   3.016e-06   7.844e-06   1.322e-05    0.002601    CKAN2D0
p96447A1118__5107                   2e+06           2e+06  2.356e-06   3.004e-06   7.844e-06    1.32e-05    0.002598    CKAN2D0
p96447A1147__4319                   2e+06           2e+06  2.356e-06   2.907e-06   7.844e-06   1.311e-05    0.002579    CKAN2D0
p96447A1103__6131                   2e+06           2e+06  2.355e-06   2.837e-06   7.844e-06   1.304e-05    0.002565    CKAN2D0
p96447A1138__2883                   2e+06           2e+06  2.357e-06   2.803e-06   7.844e-06     1.3e-05    0.002559    CKAN2D0
p96447A1114__7410                   2e+06           2e+06  2.354e-06   2.794e-06   7.844e-06   1.299e-05    0.002556    CKAN2D0
p96447A1126__2802                   2e+06           2e+06  2.356e-06   2.686e-06   7.844e-06   1.289e-05    0.002536    CKAN2D0
p96447A1107__4733                   2e+06           2e+06  2.353e-06   2.624e-06   7.844e-06   1.282e-05    0.002523    CKAN2D0
p96447A1111__2883                   2e+06           2e+06  2.353e-06   2.617e-06   7.844e-06   1.281e-05    0.002521    CKAN2D0
p96447A1144__2398                   2e+06           2e+06  2.354e-06   2.612e-06   7.844e-06   1.281e-05    0.002521    CKAN2D0
p70810A1829__2802               2.181e+06       1.363e+06  1.711e-06   5.695e-06   5.265e-06   1.267e-05    0.002493    AOI22D0
p96447A1100__5122                   2e+06           2e+06  2.351e-06   2.352e-06   7.844e-06   1.255e-05    0.002469    CKAN2D0
p96447A1150__6783                   2e+06           2e+06  2.351e-06   2.266e-06   7.844e-06   1.246e-05    0.002452    CKAN2D0
p96447A1097__1617                   2e+06           2e+06   2.35e-06    2.25e-06   7.844e-06   1.244e-05    0.002449    CKAN2D0
p96447A1155__5122                   2e+06           2e+06   2.35e-06   2.246e-06   7.844e-06   1.244e-05    0.002448    CKAN2D0
p96447A1110__9945                   2e+06           2e+06   2.35e-06   2.237e-06   7.844e-06   1.243e-05    0.002446    CKAN2D0
p96447A1152__1617                   2e+06           2e+06   2.35e-06   2.232e-06   7.844e-06   1.243e-05    0.002445    CKAN2D0
p70812A1810__4733               2.181e+06       1.363e+06  1.711e-06   5.424e-06   5.265e-06    1.24e-05     0.00244    AOI22D0
p70810A1807__1881               2.181e+06       1.363e+06  1.711e-06   5.251e-06   5.265e-06   1.223e-05    0.002406    AOI22D0
p70810A1816__1666               2.181e+06       1.363e+06  1.711e-06   5.156e-06   5.265e-06   1.213e-05    0.002387    AOI22D0
p70810A__7098                   2.181e+06       1.363e+06  1.711e-06   5.131e-06   5.265e-06   1.211e-05    0.002382    AOI22D0
p70812A1831__5122               2.181e+06       1.363e+06  1.711e-06   5.069e-06   5.265e-06   1.205e-05     0.00237    AOI22D0
p70810A1812__9315               2.181e+06       1.363e+06  1.711e-06   4.875e-06   5.265e-06   1.185e-05    0.002332    AOI22D0
p70810A1821__5107               2.181e+06       1.363e+06   1.71e-06   4.443e-06   5.265e-06   1.142e-05    0.002247    AOI22D0
p96407A__6161                       2e+06           2e+06  1.076e-06   3.218e-06   4.646e-06   8.941e-06    0.001759    NR2D0
p71861A__2346                       2e+06           2e+06  9.946e-07   3.932e-06    3.91e-06   8.836e-06    0.001739    CKND2D0
p70812A1817__7410               2.181e+06       1.363e+06  1.699e-06   1.291e-06   5.265e-06   8.255e-06    0.001624    AOI22D0
p70816A1820__2398               2.181e+06       1.363e+06  1.711e-06   1.122e-06   5.265e-06   8.099e-06    0.001594    AOI22D0
p70816A1809__7482               2.181e+06       1.363e+06  1.712e-06    9.49e-07   5.265e-06   7.926e-06     0.00156    AOI22D0
p70812A__1617                   2.181e+06       1.363e+06  1.696e-06   9.077e-07   5.265e-06   7.869e-06    0.001548    AOI22D0
p70812A1828__1617               2.181e+06       1.363e+06  1.696e-06   8.908e-07   5.265e-06   7.852e-06    0.001545    AOI22D0
p70816A1819__5477               2.181e+06       1.363e+06  1.712e-06   8.249e-07   5.265e-06   7.802e-06    0.001535    AOI22D0
p70812A1808__5115               2.181e+06       1.363e+06  1.695e-06   8.101e-07   5.265e-06   7.771e-06    0.001529    AOI22D0
p70824A1813__9945               2.181e+06       1.363e+06  1.711e-06   7.923e-07   5.265e-06   7.769e-06    0.001529    AOI22D0
p70816A1815__2346               2.181e+06       1.363e+06  1.695e-06   7.962e-07   5.265e-06   7.757e-06    0.001526    AOI22D0
p70824A1824__8428               2.181e+06       1.363e+06  1.712e-06   7.491e-07   5.265e-06   7.726e-06     0.00152    AOI22D0
p70824A1811__6161               2.181e+06       1.363e+06  1.695e-06    7.25e-07   5.265e-06   7.685e-06    0.001512    AOI22D0
p70824A__1705                   2.181e+06       1.363e+06  1.712e-06    6.76e-07   5.265e-06   7.653e-06    0.001506    AOI22D0
p70816A1818__6417               2.181e+06       1.363e+06  1.694e-06    6.52e-07   5.265e-06   7.611e-06    0.001498    AOI22D0
p70812A1804__5122               2.181e+06       1.363e+06  1.694e-06   6.513e-07   5.265e-06   7.611e-06    0.001498    AOI22D0
p70824A1823__4319               2.181e+06       1.363e+06  1.712e-06   5.284e-07   5.265e-06   7.505e-06    0.001477    AOI22D0
p70824A1830__1705               2.181e+06       1.363e+06  1.712e-06   5.258e-07   5.265e-06   7.503e-06    0.001476    AOI22D0
LTIELO                                  0               0          0           0   7.574e-07   7.574e-07    0.000149    TIEL
LTIEHI                                  0               0          0           0   6.934e-07   6.934e-07   0.0001364    TIEH
----------------------------------------------------------------------------------------------------------------------------
Total                                                         0.1219    0.004242       0.382      0.5082         100    


-----------------------------------------------------------------------------------------
*	Power Distribution Summary: 
*                Highest Average Power:                    u_sram (sram00):           0.4997 
*                Highest Leakage Power:                    u_sram (sram00):           0.3784 
*          Total Cap:      6.00863e-12 F
*          Total instances in design:   149
*          Total instances in design with no power:     0
*          Total instances in design with no activity:     0
*          Total Fillers and Decap:     0
-----------------------------------------------------------------------------------------

