*----------------------------------------------------------------------------------------
*	Innovus 21.16-s078_1 (64bit) 12/07/2022 12:07 (Linux 3.10.0-693.el7.x86_64)
*	
*
* 	Date & Time:	2026-Apr-02 21:34:21 (2026-Apr-03 01:34:21 GMT)
*
*----------------------------------------------------------------------------------------
*
*	Design: sram_wrapper_c
*
*	Liberty Libraries used: 
*	        av_normal_max: /courses/ee6350/pdk2023/T-N65-CM-SP-018-K3_MOM/digital/Front_End/timing_power_noise/NLDM/tcbn65gplus_200a/tcbn65gpluswc.lib
*	        av_normal_max: ../../../SRAM00_gen/sram00_nldm_ss_0p90v_0p90v_125c_syn.lib
*
*	Power Domain used: 
*              Rail:       DVDD      Voltage:        0.9 
*
*       Power View : av_normal_max
*
*       User-Defined Activity : N.A.
*
*       Activity File: N.A.
*
*       Hierarchical Global Activity: N.A.
*
*       Global Activity: N.A.
*
*       Sequential Element Activity: 0.200000
*
*       Primary Input Activity: 0.200000
*
*       Default icg ratio: N.A.
*
*       Global Comb ClockGate Ratio: N.A.
*
*	Power Units = 1mW
*
*	Time Units = 1e-09 secs 
*
*       report_power -outfile ../report/postRoute.power_instances.rpt -instances {*}
*
-----------------------------------------------------------------------------------------


Total Power 
-----------------------------------------------------------------------------------------
Total Internal Power:        0.12694356 	   24.2811%
Total Switching Power:       0.00547761 	    1.0477%
Total Leakage Power:         0.39038726 	   74.6712%
Total Glitch Power:          0.00000000 	    0.0000%
Total Power:                 0.52280843 
-----------------------------------------------------------------------------------------


Group                           Internal   Switching     Leakage       Glitch       Total  Percentage 
                                Power      Power         Power         Power        Power  (%)        
-----------------------------------------------------------------------------------------
Sequential                     0.0003262   1.327e-05   0.0001532           0   0.0004926     0.09423 
Macro                             0.1211   0.0002324      0.3784           0      0.4997       95.59 
IO                                     0           0   1.451e-06           0   1.451e-06   0.0002775 
Combinational                   0.005475    0.004733     0.01175           0     0.02196         4.2 
Clock (Combinational)           6.15e-05   0.0004987   7.102e-05           0   0.0006312      0.1207 
Clock (Sequential)                     0           0           0           0           0           0 
-----------------------------------------------------------------------------------------
Total                             0.1269    0.005478      0.3904           0      0.5228         100 
-----------------------------------------------------------------------------------------


Clock                           Internal   Switching     Leakage       Glitch       Total  Percentage 
                                Power      Power         Power         Power        Power  (%)        
-----------------------------------------------------------------------------------------
Clk                             6.15e-05   0.0004987   7.102e-05           0   0.0006312      0.1207 
-----------------------------------------------------------------------------------------
Total (excluding duplicates)    6.15e-05   0.0004987   7.102e-05           0   0.0006312      0.1207 
-----------------------------------------------------------------------------------------
Clock: Clk
Clock Period: 0.100000 usec 
Clock Toggle Rate:    20.0000 Mhz 
Clock Static Probability:  0.5000



Rail                  Voltage   Internal   Switching     Leakage       Glitch       Total  Percentage 
                                Power      Power         Power         Power        Power  (%)        
-----------------------------------------------------------------------------------------
DVDD                      0.9     0.1269    0.005478      0.3904           0      0.5228         100 


Instance                      Max Toggles   Total Toggles   Internal   Switching     Leakage       Glitch       Total  Percentage    Cell
                              Input Pins    Output Pins     Power      Power         Power         Power        Power  (%)           Name
-----------------------------------------------------------------------------------------------------------------------------------------
u_sram                              2e+07       1.396e+08     0.1211   0.0002324      0.3784           0      0.4997       95.59    sram00
FE_OFC8_bus_dout_7              1.704e+06       1.704e+06  3.166e-05   0.0003618   0.0002607           0   0.0006541      0.1251    BUFFD16
FE_OFC15_bus_dout_0             1.704e+06       1.704e+06  3.162e-05   0.0003611   0.0002607           0   0.0006533       0.125    BUFFD16
FE_OFC12_bus_dout_3             1.704e+06       1.704e+06  3.157e-05   0.0003592   0.0002607           0   0.0006515      0.1246    BUFFD16
FE_OFC14_bus_dout_1             1.704e+06       1.704e+06  3.163e-05   0.0003587   0.0002607           0    0.000651      0.1245    BUFFD16
FE_OFC11_bus_dout_4             1.704e+06       1.704e+06   2.41e-05   0.0003614   0.0001964           0   0.0005819      0.1113    BUFFD12
FE_OFC10_bus_dout_5             1.704e+06       1.704e+06  2.411e-05   0.0003609   0.0001964           0   0.0005814      0.1112    BUFFD12
FE_OFC9_bus_dout_6              1.704e+06       1.704e+06  2.415e-05   0.0003601   0.0001964           0   0.0005807      0.1111    BUFFD12
FE_OFC13_bus_dout_2             1.704e+06       1.704e+06  2.408e-05   0.0003511   0.0001964           0   0.0005716      0.1093    BUFFD12
CTS_ccl_a_inv_00001                 2e+07           2e+07  5.052e-05   0.0004509   6.188e-05           0   0.0005633      0.1077    CKND6
bus_byte_sel_d1_reg[0]              2e+07           4e+06  0.0001118   9.427e-06   5.964e-05           0   0.0001809      0.0346    DFCND1
bus_byte_sel_d1_reg[2]              2e+07           2e+06  0.0001072   2.016e-06   4.676e-05           0    0.000156     0.02983    DFCNQD1
bus_byte_sel_d1_reg[1]              2e+07           2e+06  0.0001072   1.825e-06   4.676e-05           0   0.0001558     0.02979    DFCNQD1
FE_PHC40_tpu_we                     2e+06           2e+06  4.847e-06   7.604e-05   2.943e-05           0   0.0001103      0.0211    CKBD2
FE_PHC39_tpu_din_17                 2e+06           2e+06  4.645e-05   2.018e-06   5.219e-05           0   0.0001007     0.01925    DEL2
FE_PHC105_sram_din_2                2e+06           2e+06  3.049e-05   1.653e-05   4.192e-05           0   8.893e-05     0.01701    DEL1
FE_PHC160_sram_din_31               2e+06           2e+06  3.044e-05   1.613e-05   4.192e-05           0    8.85e-05     0.01693    DEL1
FE_PHC102_sram_din_6                2e+06           2e+06  3.049e-05   1.592e-05   4.192e-05           0   8.833e-05      0.0169    DEL1
FE_PHC80_sram_addr_6              2.5e+06         2.5e+06  3.837e-05   7.702e-06   4.154e-05           0   8.762e-05     0.01676    DEL1
FE_PHC78_sram_addr_0              2.5e+06         2.5e+06  3.839e-05   7.453e-06   4.154e-05           0   8.739e-05     0.01672    DEL1
FE_PHC76_sram_addr_5              2.5e+06         2.5e+06  3.839e-05   7.437e-06   4.154e-05           0   8.738e-05     0.01671    DEL1
FE_PHC79_sram_addr_4              2.5e+06         2.5e+06  3.839e-05   7.413e-06   4.154e-05           0   8.735e-05     0.01671    DEL1
FE_PHC77_sram_addr_2              2.5e+06         2.5e+06  3.838e-05    7.36e-06   4.154e-05           0   8.729e-05      0.0167    DEL1
FE_PHC36_bus_byte_sel_d1_0          2e+06           2e+06   3.05e-05   1.526e-05   4.142e-05           0   8.719e-05     0.01668    DEL1
FE_PHC74_sram_addr_3              2.5e+06         2.5e+06  3.842e-05   7.161e-06   4.154e-05           0   8.712e-05     0.01666    DEL1
FE_PHC75_sram_addr_1              2.5e+06         2.5e+06  3.842e-05   7.151e-06   4.154e-05           0   8.712e-05     0.01666    DEL1
FE_PHC72_sram_addr_8              2.5e+06         2.5e+06  3.844e-05   6.941e-06   4.154e-05           0   8.692e-05     0.01663    DEL1
FE_PHC150_sram_din_14               2e+06           2e+06  3.051e-05   1.447e-05   4.192e-05           0    8.69e-05     0.01662    DEL1
FE_PHC73_sram_addr_7              2.5e+06         2.5e+06  3.843e-05   6.791e-06   4.154e-05           0   8.677e-05      0.0166    DEL1
FE_PHC157_sram_din_22               2e+06           2e+06  3.049e-05   1.288e-05   4.192e-05           0   8.529e-05     0.01631    DEL1
FE_PHC97_sram_din_9                 2e+06           2e+06  3.058e-05   1.132e-05   4.192e-05           0   8.382e-05     0.01603    DEL1
FE_PHC29_tpu_din_28                 2e+06           2e+06  3.065e-05    1.17e-05   4.142e-05           0   8.376e-05     0.01602    DEL1
FE_PHC158_sram_din_28               2e+06           2e+06  3.056e-05   1.113e-05   4.192e-05           0   8.361e-05     0.01599    DEL1
FE_PHC155_sram_din_24               2e+06           2e+06  3.054e-05    1.09e-05   4.192e-05           0   8.336e-05     0.01594    DEL1
FE_PHC100_sram_din_11               2e+06           2e+06  3.059e-05   1.049e-05   4.192e-05           0     8.3e-05     0.01587    DEL1
FE_PHC156_sram_din_23               2e+06           2e+06  3.055e-05   1.024e-05   4.192e-05           0   8.271e-05     0.01582    DEL1
FE_PHC153_sram_din_26               2e+06           2e+06  3.056e-05   1.016e-05   4.192e-05           0   8.264e-05     0.01581    DEL1
FE_PHC94_sram_din_12                2e+06           2e+06  3.062e-05    1.01e-05   4.192e-05           0   8.264e-05     0.01581    DEL1
FE_PHC154_sram_din_25               2e+06           2e+06  3.056e-05   1.007e-05   4.192e-05           0   8.255e-05     0.01579    DEL1
FE_PHC95_sram_din_10                2e+06           2e+06  3.062e-05   9.949e-06   4.192e-05           0   8.249e-05     0.01578    DEL1
FE_PHC151_sram_din_27               2e+06           2e+06  3.058e-05   9.722e-06   4.192e-05           0   8.222e-05     0.01573    DEL1
FE_PHC152_sram_din_29               2e+06           2e+06  3.062e-05   8.739e-06   4.192e-05           0   8.127e-05     0.01555    DEL1
FE_PHC34_tpu_din_31                 2e+06           2e+06  3.073e-05   8.711e-06   4.142e-05           0   8.086e-05     0.01547    DEL1
FE_PHC104_sram_din_3                2e+06           2e+06  3.063e-05   6.895e-06   4.192e-05           0   7.945e-05      0.0152    DEL1
FE_PHC83_sram_din_44                2e+06           2e+06   3.07e-05   6.299e-06   4.192e-05           0   7.892e-05     0.01509    DEL1
FE_PHC96_sram_din_13                2e+06           2e+06  3.068e-05    6.08e-06   4.192e-05           0   7.868e-05     0.01505    DEL1
FE_PHC111_sram_din_30               2e+06           2e+06  3.073e-05   5.892e-06   4.192e-05           0   7.854e-05     0.01502    DEL1
FE_PHC98_sram_din_8                 2e+06           2e+06   3.07e-05   5.845e-06   4.192e-05           0   7.846e-05     0.01501    DEL1
FE_PHC149_sram_din_15               2e+06           2e+06   3.07e-05   5.797e-06   4.192e-05           0   7.842e-05       0.015    DEL1
FE_PHC159_sram_din_16               2e+06           2e+06  3.076e-05    5.65e-06   4.192e-05           0   7.832e-05     0.01498    DEL1
FE_PHC103_sram_din_4                2e+06           2e+06  3.072e-05   5.601e-06   4.192e-05           0   7.824e-05     0.01497    DEL1
FE_PHC99_sram_din_1                 2e+06           2e+06  3.074e-05    5.29e-06   4.192e-05           0   7.795e-05     0.01491    DEL1
FE_PHC101_sram_din_0                2e+06           2e+06  3.075e-05   5.099e-06   4.192e-05           0   7.777e-05     0.01488    DEL1
FE_PHC88_sram_din_39                2e+06           2e+06  3.078e-05   4.993e-06   4.192e-05           0   7.769e-05     0.01486    DEL1
FE_PHC41_sram_cen                   2e+06           2e+06   3.08e-05   4.903e-06   4.192e-05           0   7.762e-05     0.01485    DEL1
FE_PHC106_sram_din_5                2e+06           2e+06  3.078e-05   4.801e-06   4.192e-05           0    7.75e-05     0.01482    DEL1
FE_PHC91_sram_din_35                2e+06           2e+06  3.079e-05   4.793e-06   4.192e-05           0    7.75e-05     0.01482    DEL1
FE_PHC93_sram_din_33                2e+06           2e+06  3.078e-05   4.769e-06   4.192e-05           0   7.747e-05     0.01482    DEL1
FE_PHC37_bus_byte_sel_d1_1          2e+06           2e+06  3.084e-05   4.853e-06   4.142e-05           0   7.712e-05     0.01475    DEL1
FE_PHC68_sram_din_49                2e+06           2e+06  3.089e-05     3.9e-06   4.192e-05           0   7.671e-05     0.01467    DEL1
FE_PHC82_sram_din_43                2e+06           2e+06   3.09e-05   3.816e-06   4.192e-05           0   7.663e-05     0.01466    DEL1
FE_PHC85_sram_din_40                2e+06           2e+06  3.087e-05   3.814e-06   4.192e-05           0    7.66e-05     0.01465    DEL1
FE_PHC87_sram_din_41                2e+06           2e+06  3.089e-05   3.733e-06   4.192e-05           0   7.654e-05     0.01464    DEL1
FE_PHC38_bus_byte_sel_d1_2          2e+06           2e+06  3.089e-05   4.185e-06   4.142e-05           0   7.649e-05     0.01463    DEL1
FE_PHC65_sram_din_53                2e+06           2e+06  3.096e-05   3.221e-06   4.192e-05           0    7.61e-05     0.01456    DEL1
FE_PHC70_sram_din_47                2e+06           2e+06  3.094e-05    3.16e-06   4.192e-05           0   7.602e-05     0.01454    DEL1
FE_PHC108_rstn                      2e+06           2e+06  3.101e-05   3.582e-06   4.142e-05           0   7.601e-05     0.01454    DEL1
FE_PHC51_rstn                       2e+06           2e+06  3.101e-05   3.582e-06   4.142e-05           0   7.601e-05     0.01454    DEL1
FE_PHC61_sram_din_62                2e+06           2e+06  3.097e-05   3.104e-06   4.192e-05           0     7.6e-05     0.01454    DEL1
FE_PHC84_sram_din_42                2e+06           2e+06  3.096e-05   3.074e-06   4.192e-05           0   7.595e-05     0.01453    DEL1
FE_PHC62_sram_din_54                2e+06           2e+06  3.099e-05   3.001e-06   4.192e-05           0   7.591e-05     0.01452    DEL1
FE_PHC67_sram_din_48                2e+06           2e+06  3.096e-05   2.934e-06   4.192e-05           0   7.581e-05      0.0145    DEL1
FE_PHC89_sram_din_37                2e+06           2e+06  3.094e-05   2.951e-06   4.192e-05           0   7.581e-05      0.0145    DEL1
FE_PHC64_sram_din_52                2e+06           2e+06  3.101e-05   2.804e-06   4.192e-05           0   7.574e-05     0.01449    DEL1
FE_PHC66_sram_din_50                2e+06           2e+06  3.099e-05   2.797e-06   4.192e-05           0    7.57e-05     0.01448    DEL1
FE_PHC207_sram_addr_2             2.5e+06         2.5e+06  1.701e-05   1.218e-05   4.651e-05           0   7.569e-05     0.01448    DEL01
FE_PHC71_sram_din_45                2e+06           2e+06  3.102e-05   2.747e-06   4.192e-05           0   7.569e-05     0.01448    DEL1
FE_PHC90_sram_din_34                2e+06           2e+06  3.096e-05   2.795e-06   4.192e-05           0   7.567e-05     0.01447    DEL1
FE_PHC60_sram_din_60                2e+06           2e+06  3.103e-05   2.716e-06   4.192e-05           0   7.566e-05     0.01447    DEL1
FE_PHC63_sram_din_51                2e+06           2e+06  3.103e-05    2.71e-06   4.192e-05           0   7.566e-05     0.01447    DEL1
FE_PHC52_sram_din_55                2e+06           2e+06  3.103e-05   2.705e-06   4.192e-05           0   7.565e-05     0.01447    DEL1
FE_PHC92_sram_din_32                2e+06           2e+06  3.097e-05   2.666e-06   4.192e-05           0   7.556e-05     0.01445    DEL1
FE_PHC69_sram_din_46                2e+06           2e+06  3.099e-05   2.594e-06   4.192e-05           0   7.551e-05     0.01444    DEL1
FE_PHC57_sram_din_63                2e+06           2e+06  3.101e-05   2.578e-06   4.192e-05           0    7.55e-05     0.01444    DEL1
FE_PHC59_sram_din_56                2e+06           2e+06  3.101e-05   2.561e-06   4.192e-05           0   7.549e-05     0.01444    DEL1
FE_PHC86_sram_din_38                2e+06           2e+06    3.1e-05   2.492e-06   4.192e-05           0   7.542e-05     0.01443    DEL1
FE_PHC42_sram_din_58                2e+06           2e+06  3.103e-05   2.435e-06   4.192e-05           0   7.538e-05     0.01442    DEL1
FE_PHC55_sram_din_57                2e+06           2e+06  3.103e-05   2.419e-06   4.192e-05           0   7.537e-05     0.01442    DEL1
FE_PHC56_sram_din_59                2e+06           2e+06  3.103e-05   2.389e-06   4.192e-05           0   7.534e-05     0.01441    DEL1
FE_PHC58_sram_din_61                2e+06           2e+06  3.105e-05   2.307e-06   4.192e-05           0   7.527e-05      0.0144    DEL1
FE_PHC22_bus_addr_1                 2e+06           2e+06  3.098e-05   2.652e-06   4.142e-05           0   7.505e-05     0.01436    DEL1
FE_PHC81_sram_din_36                2e+06           2e+06  3.116e-05   1.484e-06   4.192e-05           0   7.456e-05     0.01426    DEL1
FE_PHC26_tpu_din_24                 2e+06           2e+06  3.124e-05   1.817e-06   4.142e-05           0   7.448e-05     0.01425    DEL1
FE_PHC25_tpu_din_25                 2e+06           2e+06  3.127e-05     1.6e-06   4.142e-05           0   7.429e-05     0.01421    DEL1
FE_PHC205_sram_addr_7             2.5e+06         2.5e+06  1.699e-05   1.077e-05   4.651e-05           0   7.428e-05     0.01421    DEL01
FE_PHC20_tpu_din_14                 2e+06           2e+06   3.13e-05   1.482e-06   4.142e-05           0    7.42e-05     0.01419    DEL1
FE_PHC21_tpu_din_26                 2e+06           2e+06   3.13e-05   1.465e-06   4.142e-05           0   7.418e-05     0.01419    DEL1
FE_PHC18_tpu_din_15                 2e+06           2e+06   3.13e-05   1.452e-06   4.142e-05           0   7.417e-05     0.01419    DEL1
FE_PHC33_tpu_din_20                 2e+06           2e+06  3.131e-05   1.401e-06   4.142e-05           0   7.413e-05     0.01418    DEL1
FE_PHC24_bus_addr_0                 2e+06           2e+06  3.116e-05   1.529e-06   4.142e-05           0    7.41e-05     0.01417    DEL1
FE_PHC179_tpu_we                    2e+06           2e+06  3.121e-05   1.454e-06   4.142e-05           0   7.408e-05     0.01417    DEL1
FE_PHC31_tpu_din_19                 2e+06           2e+06  3.134e-05   1.319e-06   4.142e-05           0   7.407e-05     0.01417    DEL1
FE_PHC23_bus_addr_2                 2e+06           2e+06  3.119e-05   1.457e-06   4.142e-05           0   7.406e-05     0.01417    DEL1
FE_PHC16_tpu_din_30                 2e+06           2e+06  3.135e-05   1.282e-06   4.142e-05           0   7.405e-05     0.01416    DEL1
FE_PHC19_tpu_din_29                 2e+06           2e+06  3.135e-05   1.267e-06   4.142e-05           0   7.404e-05     0.01416    DEL1
FE_PHC28_tpu_din_22                 2e+06           2e+06  3.138e-05   1.143e-06   4.142e-05           0   7.394e-05     0.01414    DEL1
FE_PHC27_tpu_din_23                 2e+06           2e+06  3.139e-05   1.105e-06   4.142e-05           0   7.391e-05     0.01414    DEL1
FE_PHC17_tpu_din_27                 2e+06           2e+06   3.14e-05   1.058e-06   4.142e-05           0   7.388e-05     0.01413    DEL1
FE_PHC32_tpu_din_16                 2e+06           2e+06  3.141e-05   1.032e-06   4.142e-05           0   7.386e-05     0.01413    DEL1
FE_PHC30_tpu_din_21                 2e+06           2e+06  3.142e-05   9.944e-07   4.142e-05           0   7.383e-05     0.01412    DEL1
FE_PHC35_tpu_din_18                 2e+06           2e+06  3.136e-05   9.338e-07   4.142e-05           0   7.371e-05      0.0141    DEL1
FE_PHC43_FE_OFN8_bus_dout_7
                                1.704e+06       1.704e+06  2.626e-05    3.94e-06   4.191e-05           0   7.211e-05     0.01379    DEL1
FE_PHC46_FE_OFN14_bus_dout_1
                                1.704e+06       1.704e+06  2.627e-05   3.791e-06   4.191e-05           0   7.197e-05     0.01377    DEL1
FE_PHC204_sram_addr_8             2.5e+06         2.5e+06  1.699e-05   8.361e-06   4.651e-05           0   7.186e-05     0.01375    DEL01
FE_PHC47_FE_OFN9_bus_dout_6
                                1.704e+06       1.704e+06  2.629e-05   3.648e-06   4.191e-05           0   7.184e-05     0.01374    DEL1
FE_PHC48_FE_OFN15_bus_dout_0
                                1.704e+06       1.704e+06  2.628e-05   3.649e-06   4.191e-05           0   7.183e-05     0.01374    DEL1
FE_PHC214_sram_din_32               2e+06           2e+06  1.371e-05   1.127e-05   4.654e-05           0   7.152e-05     0.01368    DEL01
FE_PHC54_FE_OFN10_bus_dout_5
                                1.704e+06       1.704e+06  2.631e-05   3.231e-06   4.191e-05           0   7.145e-05     0.01367    DEL1
FE_PHC49_FE_OFN12_bus_dout_3
                                1.704e+06       1.704e+06  2.631e-05   3.202e-06   4.191e-05           0   7.142e-05     0.01366    DEL1
FE_PHC53_FE_OFN11_bus_dout_4
                                1.704e+06       1.704e+06  2.632e-05   3.124e-06   4.191e-05           0   7.135e-05     0.01365    DEL1
FE_PHC50_FE_OFN13_bus_dout_2
                                1.704e+06       1.704e+06  2.638e-05   3.042e-06   4.191e-05           0   7.133e-05     0.01364    DEL1
FE_PHC221_sram_din_33               2e+06           2e+06   1.37e-05   1.052e-05   4.654e-05           0   7.075e-05     0.01353    DEL01
FE_PHC216_sram_din_37               2e+06           2e+06  1.374e-05   1.027e-05   4.654e-05           0   7.055e-05     0.01349    DEL01
FE_PHC219_sram_din_34               2e+06           2e+06  1.368e-05   9.847e-06   4.654e-05           0   7.006e-05      0.0134    DEL01
FE_PHC212_sram_din_38               2e+06           2e+06  1.369e-05   9.687e-06   4.654e-05           0   6.992e-05     0.01337    DEL01
FE_PHC213_sram_din_43               2e+06           2e+06  1.367e-05   9.567e-06   4.654e-05           0   6.977e-05     0.01335    DEL01
FE_PHC217_sram_din_47               2e+06           2e+06  1.366e-05   9.409e-06   4.654e-05           0    6.96e-05     0.01331    DEL01
FE_PHC220_sram_din_35               2e+06           2e+06  1.365e-05   8.897e-06   4.654e-05           0   6.908e-05     0.01321    DEL01
FE_PHC182_sram_din_20               2e+06           2e+06  2.107e-05   1.279e-05   3.499e-05           0   6.885e-05     0.01317    DEL0
FE_PHC209_sram_din_45               2e+06           2e+06  1.366e-05   8.616e-06   4.654e-05           0   6.881e-05     0.01316    DEL01
FE_PHC208_sram_din_46               2e+06           2e+06   1.36e-05   8.542e-06   4.654e-05           0   6.868e-05     0.01314    DEL01
FE_PHC203_sram_din_36               2e+06           2e+06   1.36e-05   8.121e-06   4.654e-05           0   6.826e-05     0.01306    DEL01
CTS_cmf_inv_00047                   2e+07           2e+07  1.098e-05   4.781e-05   9.143e-06           0   6.793e-05     0.01299    CKND1
FE_PHC193_bus_addr_0                2e+06           2e+06   1.38e-05   6.756e-06   4.651e-05           0   6.707e-05     0.01283    DEL01
FE_PHC195_sram_din_7                2e+06           2e+06  5.211e-06   2.785e-05   3.388e-05           0   6.695e-05     0.01281    BUFFD2
FE_PHC206_sram_din_48               2e+06           2e+06  1.359e-05   6.693e-06   4.654e-05           0   6.682e-05     0.01278    DEL01
FE_PHC147_sram_addr_4             2.5e+06         2.5e+06  2.645e-05   5.266e-06   3.499e-05           0    6.67e-05     0.01276    DEL0
FE_PHC181_sram_din_21               2e+06           2e+06  2.111e-05   1.047e-05   3.499e-05           0   6.657e-05     0.01273    DEL0
FE_PHC123_sram_addr_6             2.5e+06         2.5e+06  2.647e-05   4.972e-06   3.499e-05           0   6.643e-05     0.01271    DEL0
FE_PHC192_bus_addr_5                2e+06           2e+06   1.38e-05   6.052e-06   4.651e-05           0   6.635e-05     0.01269    DEL01
FE_PHC191_bus_addr_10               2e+06           2e+06   1.38e-05   5.753e-06   4.651e-05           0   6.606e-05     0.01263    DEL01
FE_PHC190_bus_addr_11               2e+06           2e+06  1.381e-05   5.399e-06   4.651e-05           0   6.572e-05     0.01257    DEL01
FE_PHC137_sram_addr_0             2.5e+06         2.5e+06   2.65e-05   3.974e-06   3.499e-05           0   6.546e-05     0.01252    DEL0
FE_PHC118_sram_addr_5             2.5e+06         2.5e+06  2.651e-05   3.761e-06   3.499e-05           0   6.526e-05     0.01248    DEL0
FE_PHC211_sram_din_50               2e+06           2e+06  1.358e-05   4.938e-06   4.654e-05           0   6.505e-05     0.01244    DEL01
FE_PHC171_sram_din_13               2e+06           2e+06  1.368e-05   4.415e-06   4.654e-05           0   6.463e-05     0.01236    DEL01
FE_PHC115_sram_addr_3             2.5e+06         2.5e+06  2.657e-05   2.908e-06   3.499e-05           0   6.447e-05     0.01233    DEL0
FE_PHC130_sram_addr_1             2.5e+06         2.5e+06  2.662e-05   2.427e-06   3.499e-05           0   6.404e-05     0.01225    DEL0
FE_PHC231_sram_din_9                2e+06           2e+06  2.108e-05   7.936e-06   3.499e-05           0   6.401e-05     0.01224    DEL0
FE_PHC234_sram_din_13               2e+06           2e+06  1.358e-05   3.772e-06   4.654e-05           0   6.389e-05     0.01222    DEL01
FE_PHC215_sram_din_49               2e+06           2e+06  1.359e-05   3.508e-06   4.654e-05           0   6.363e-05     0.01217    DEL01
FE_PHC228_sram_din_4                2e+06           2e+06  2.116e-05   7.376e-06   3.499e-05           0   6.353e-05     0.01215    DEL0
FE_PHC230_sram_din_3                2e+06           2e+06  2.116e-05   6.774e-06   3.499e-05           0   6.293e-05     0.01204    DEL0
FE_PHC229_sram_din_5                2e+06           2e+06  2.115e-05   6.688e-06   3.499e-05           0   6.283e-05     0.01202    DEL0
FE_PHC183_sram_din_19               2e+06           2e+06  2.112e-05   6.394e-06   3.499e-05           0    6.25e-05     0.01196    DEL0
FE_PHC201_sram_din_51               2e+06           2e+06  1.353e-05   2.372e-06   4.654e-05           0   6.244e-05     0.01194    DEL01
FE_PHC202_sram_din_53               2e+06           2e+06  1.353e-05    2.37e-06   4.654e-05           0   6.244e-05     0.01194    DEL01
FE_PHC198_sram_din_52               2e+06           2e+06  1.354e-05   2.342e-06   4.654e-05           0   6.242e-05     0.01194    DEL01
FE_PHC226_sram_din_10               2e+06           2e+06   2.11e-05   6.295e-06   3.499e-05           0   6.238e-05     0.01193    DEL0
FE_PHC227_sram_din_11               2e+06           2e+06  2.111e-05   6.106e-06   3.499e-05           0   6.221e-05      0.0119    DEL0
FE_PHC199_sram_din_54               2e+06           2e+06  1.355e-05   2.096e-06   4.654e-05           0   6.218e-05     0.01189    DEL01
FE_PHC187_tpu_din_18                2e+06           2e+06  1.376e-05   1.574e-06   4.651e-05           0   6.183e-05     0.01183    DEL01
FE_PHC196_sram_din_60               2e+06           2e+06  1.354e-05   1.555e-06   4.654e-05           0   6.163e-05     0.01179    DEL01
FE_PHC200_sram_din_62               2e+06           2e+06  1.355e-05   1.511e-06   4.654e-05           0    6.16e-05     0.01178    DEL01
FE_PHC224_sram_din_12               2e+06           2e+06  2.112e-05   5.428e-06   3.499e-05           0   6.154e-05     0.01177    DEL0
FE_PHC197_sram_din_55               2e+06           2e+06  1.352e-05   8.547e-07   4.654e-05           0   6.091e-05     0.01165    DEL01
FE_PHC116_sram_addr_2             2.5e+06         2.5e+06  1.897e-05   9.744e-06   3.141e-05           0   6.012e-05      0.0115    DEL015
FE_PHC222_sram_din_2                2e+06           2e+06  2.136e-05   3.706e-06   3.499e-05           0   6.006e-05     0.01149    DEL0
FE_PHC223_sram_din_6                2e+06           2e+06  2.135e-05   3.622e-06   3.499e-05           0   5.997e-05     0.01147    DEL0
FE_PHC144_sram_din_39               2e+06           2e+06  2.118e-05   3.782e-06   3.499e-05           0   5.995e-05     0.01147    DEL0
FE_PHC141_sram_din_40               2e+06           2e+06  2.124e-05   2.574e-06   3.499e-05           0   5.881e-05     0.01125    DEL0
FE_PHC134_sram_din_59               2e+06           2e+06  2.135e-05   1.684e-06   3.499e-05           0   5.802e-05      0.0111    DEL0
FE_PHC114_sram_addr_7             2.5e+06         2.5e+06  1.897e-05   7.603e-06   3.141e-05           0   5.798e-05     0.01109    DEL015
FE_PHC133_sram_din_57               2e+06           2e+06  2.136e-05   1.581e-06   3.499e-05           0   5.793e-05     0.01108    DEL0
FE_PHC131_sram_din_63               2e+06           2e+06  2.138e-05   1.537e-06   3.499e-05           0   5.791e-05     0.01108    DEL0
FE_PHC148_sram_din_44               2e+06           2e+06   2.13e-05   1.552e-06   3.499e-05           0   5.785e-05     0.01106    DEL0
FE_PHC112_sram_cen                  2e+06           2e+06   2.13e-05   1.556e-06   3.499e-05           0   5.785e-05     0.01106    DEL0
FE_PHC135_sram_din_56               2e+06           2e+06  2.138e-05   1.417e-06   3.499e-05           0   5.779e-05     0.01105    DEL0
FE_PHC132_sram_din_61               2e+06           2e+06  2.138e-05   1.375e-06   3.499e-05           0   5.775e-05     0.01105    DEL0
FE_PHC136_sram_din_58               2e+06           2e+06  2.139e-05   1.348e-06   3.499e-05           0   5.774e-05     0.01104    DEL0
FE_PHC113_sram_addr_8             2.5e+06         2.5e+06  1.896e-05   6.573e-06   3.141e-05           0   5.694e-05     0.01089    DEL015
FE_PHC125_sram_din_46               2e+06           2e+06  1.518e-05     8.3e-06   3.141e-05           0   5.489e-05      0.0105    DEL015
FE_PHC44_n_14                   1.363e+06       1.363e+06  1.438e-05   5.007e-06   3.498e-05           0   5.437e-05      0.0104    DEL0
FE_PHC45_n_38                   1.363e+06       1.363e+06  1.438e-05   4.975e-06   3.498e-05           0   5.434e-05     0.01039    DEL0
p96447A1142__6417                   2e+06           2e+06  6.021e-06   1.175e-05   3.575e-05           0   5.352e-05     0.01024    AN2D2
FE_PHC127_sram_din_48               2e+06           2e+06  1.517e-05   5.399e-06   3.141e-05           0   5.198e-05    0.009943    DEL015
FE_PHC233_sram_din_1                2e+06           2e+06   1.53e-05   5.137e-06   3.141e-05           0   5.185e-05    0.009917    DEL015
FE_PHC218_sram_din_42               2e+06           2e+06  5.135e-06   1.263e-05   3.388e-05           0   5.165e-05     0.00988    BUFFD2
p70817A__2398                   1.363e+06       1.704e+06  2.643e-06   8.481e-06   4.017e-05           0    5.13e-05    0.009812    ND4D1
FE_PHC128_sram_din_50               2e+06           2e+06  1.514e-05   4.396e-06   3.141e-05           0   5.094e-05    0.009744    DEL015
FE_PHC225_sram_din_0                2e+06           2e+06   1.53e-05   4.122e-06   3.141e-05           0   5.083e-05    0.009722    DEL015
FE_PHC146_sram_din_41               2e+06           2e+06  1.513e-05   4.216e-06   3.141e-05           0   5.076e-05    0.009709    DEL015
FE_PHC235_sram_din_18               2e+06           2e+06  1.523e-05   3.804e-06   3.141e-05           0   5.044e-05    0.009648    DEL015
FE_PHC165_sram_din_35               2e+06           2e+06  1.514e-05   3.796e-06   3.141e-05           0   5.034e-05    0.009629    DEL015
FE_PHC145_bus_addr_1                2e+06           2e+06  1.512e-05   3.719e-06   3.141e-05           0   5.025e-05    0.009612    DEL015
FE_PHC166_sram_din_32               2e+06           2e+06  1.512e-05   3.687e-06   3.141e-05           0   5.022e-05    0.009606    DEL015
FE_PHC161_sram_din_36               2e+06           2e+06  1.512e-05   3.402e-06   3.141e-05           0   4.993e-05    0.009551    DEL015
FE_PHC139_sram_din_47               2e+06           2e+06  1.511e-05   3.392e-06   3.141e-05           0   4.991e-05    0.009547    DEL015
FE_PHC164_sram_din_34               2e+06           2e+06  1.512e-05   3.137e-06   3.141e-05           0   4.966e-05    0.009499    DEL015
FE_PHC163_sram_din_37               2e+06           2e+06  1.511e-05   3.066e-06   3.141e-05           0   4.959e-05    0.009485    DEL015
FE_PHC143_sram_din_49               2e+06           2e+06  1.512e-05   2.998e-06   3.141e-05           0   4.952e-05    0.009472    DEL015
FE_PHC232_sram_din_8                2e+06           2e+06  1.522e-05   2.795e-06   3.141e-05           0   4.942e-05    0.009453    DEL015
FE_PHC142_bus_addr_0                2e+06           2e+06  1.512e-05    2.83e-06   3.141e-05           0   4.935e-05     0.00944    DEL015
FE_PHC167_sram_din_33               2e+06           2e+06  1.513e-05   2.798e-06   3.141e-05           0   4.933e-05    0.009436    DEL015
FE_PHC138_sram_din_43               2e+06           2e+06   1.51e-05   2.761e-06   3.141e-05           0   4.927e-05    0.009425    DEL015
FE_PHC140_sram_din_42               2e+06           2e+06  1.513e-05   2.713e-06   3.141e-05           0   4.926e-05    0.009421    DEL015
FE_PHC162_sram_din_38               2e+06           2e+06  1.511e-05   2.686e-06   3.141e-05           0   4.921e-05    0.009412    DEL015
FE_PHC124_sram_din_52               2e+06           2e+06  1.519e-05   1.568e-06   3.141e-05           0   4.817e-05    0.009214    DEL015
FE_PHC126_sram_din_51               2e+06           2e+06  1.519e-05   1.432e-06   3.141e-05           0   4.803e-05    0.009188    DEL015
FE_PHC119_sram_din_54               2e+06           2e+06   1.52e-05     1.4e-06   3.141e-05           0   4.801e-05    0.009183    DEL015
FE_PHC129_sram_din_45               2e+06           2e+06  1.509e-05   1.448e-06   3.141e-05           0   4.795e-05    0.009172    DEL015
FE_PHC117_sram_din_55               2e+06           2e+06  1.525e-05    1.28e-06   3.141e-05           0   4.794e-05    0.009169    DEL015
FE_PHC122_sram_din_62               2e+06           2e+06  1.522e-05   1.243e-06   3.141e-05           0   4.787e-05    0.009157    DEL015
FE_PHC121_sram_din_53               2e+06           2e+06  1.519e-05   1.266e-06   3.141e-05           0   4.787e-05    0.009156    DEL015
FE_PHC120_sram_din_60               2e+06           2e+06  1.522e-05   1.208e-06   3.141e-05           0   4.783e-05     0.00915    DEL015
FE_PHC189_bus_addr_2                2e+06           2e+06  1.537e-05   1.013e-06   3.141e-05           0   4.779e-05    0.009141    DEL015
FE_OFC0_n_15                    1.363e+06       1.363e+06   3.47e-06    1.09e-05   3.178e-05           0   4.615e-05    0.008828    BUFFD2
p70817A1803__3680               1.363e+06       1.704e+06  2.653e-06   2.246e-06   4.017e-05           0   4.507e-05    0.008621    ND4D1
p70817A1801__5526               1.363e+06       1.704e+06  2.679e-06   1.794e-06   4.017e-05           0   4.465e-05    0.008539    ND4D1
p70817A1799__4319               1.363e+06       1.704e+06  2.675e-06   1.744e-06   4.017e-05           0   4.459e-05    0.008529    ND4D1
p70817A1798__6260               1.363e+06       1.704e+06  2.683e-06   1.545e-06   4.017e-05           0    4.44e-05    0.008492    ND4D1
p70817A1802__6783               1.363e+06       1.704e+06   2.64e-06    1.33e-06   4.017e-05           0   4.414e-05    0.008443    ND4D1
p70817A1797__5107               1.363e+06       1.704e+06  2.657e-06   1.058e-06   4.017e-05           0   4.389e-05    0.008394    ND4D1
p70817A1800__8428               1.363e+06       1.704e+06  2.646e-06   1.062e-06   4.017e-05           0   4.388e-05    0.008393    ND4D1
p96447A1123__6783                   2e+06           2e+06  4.346e-06   1.582e-05   2.359e-05           0   4.376e-05     0.00837    AN2XD1
p96447A1125__1617                   2e+06           2e+06  4.343e-06   1.428e-05   2.359e-05           0   4.222e-05    0.008075    AN2XD1
p96447A1129__8246                   2e+06           2e+06   4.34e-06   1.384e-05   2.359e-05           0   4.177e-05    0.007989    AN2XD1
FE_PHC107_sram_din_7                2e+06           2e+06  4.902e-06   2.351e-06   3.388e-05           0   4.114e-05    0.007868    BUFFD2
p96447A1131__6131                   2e+06           2e+06  4.337e-06   1.297e-05   2.359e-05           0   4.089e-05    0.007822    AN2XD1
p96447A1141__7410                   2e+06           2e+06  4.338e-06   1.235e-05   2.359e-05           0   4.028e-05    0.007705    AN2XD1
p96447A1119__6260                   2e+06           2e+06  4.336e-06   1.176e-05   2.359e-05           0   3.969e-05    0.007591    AN2XD1
p96447A__5526                       2e+06           2e+06  4.245e-06   1.156e-05   2.359e-05           0    3.94e-05    0.007535    AN2XD1
p96447A1113__1666                   2e+06           2e+06  4.333e-06   1.081e-05   2.359e-05           0   3.873e-05    0.007409    AN2XD1
p71871A__8246                       2e+06         1.5e+06  2.314e-06   1.392e-05   2.065e-05           0   3.688e-05    0.007054    NR2D2
FE_OFC2_n_22                    1.363e+06       1.363e+06  2.178e-06   1.171e-05   1.908e-05           0   3.297e-05    0.006307    CKBD1
FE_OFC1_n_21                    1.363e+06       1.363e+06   2.17e-06   1.106e-05   1.908e-05           0   3.231e-05     0.00618    CKBD1
FE_OFC6_n_36                    1.363e+06       1.363e+06  2.178e-06    1.08e-05   1.908e-05           0   3.206e-05    0.006132    CKBD1
FE_OFC7_n_43                    1.363e+06       1.363e+06  2.162e-06   1.065e-05   1.908e-05           0   3.189e-05      0.0061    CKBD1
p71884A__1881                       2e+06         1.5e+06  1.922e-06   1.312e-05   1.682e-05           0   3.186e-05    0.006094    NR2XD1
FE_PHC188_bus_addr_1                2e+06           2e+06  3.289e-06   9.315e-06   1.908e-05           0   3.169e-05    0.006061    CKBD1
FE_OFC3_n_25                    1.363e+06       1.363e+06  2.187e-06   1.025e-05   1.908e-05           0   3.152e-05    0.006029    CKBD1
p96447A1120__4319                   2e+06           2e+06  4.304e-06   3.486e-06   2.359e-05           0   3.138e-05    0.006003    AN2XD1
p96447A1115__6417                   2e+06           2e+06  4.304e-06   3.408e-06   2.359e-05           0    3.13e-05    0.005988    AN2XD1
FE_PHC175_sram_din_8                2e+06           2e+06  4.801e-06   2.607e-06   2.353e-05           0   3.094e-05    0.005918    DEL005
FE_OFC4_n_26                    1.363e+06       1.363e+06  2.314e-06   9.254e-06   1.908e-05           0   3.065e-05    0.005862    CKBD1
p96447A1122__5526                   2e+06           2e+06  4.294e-06   2.711e-06   2.359e-05           0    3.06e-05    0.005852    AN2XD1
p96447A1128__5122                   2e+06           2e+06  4.286e-06   2.014e-06   2.359e-05           0   2.989e-05    0.005717    AN2XD1
p96447A1112__2346                   2e+06           2e+06  4.198e-06   2.063e-06   2.359e-05           0   2.985e-05     0.00571    AN2XD1
p96447A1117__2398                   2e+06           2e+06  4.275e-06     1.1e-06   2.359e-05           0   2.897e-05    0.005541    AN2XD1
p96447A1105__5115                   2e+06           2e+06  4.274e-06   1.045e-06   2.359e-05           0   2.891e-05     0.00553    AN2XD1
p96447A1108__6161                   2e+06           2e+06  4.272e-06     8.7e-07   2.359e-05           0   2.873e-05    0.005496    AN2XD1
p96447A1106__7482                   2e+06           2e+06  2.399e-06   1.424e-05   7.844e-06           0   2.448e-05    0.004683    CKAN2D0
p96144A1091__5107                   2e+06         2.5e+06   4.12e-06   6.251e-06   1.222e-05           0   2.259e-05    0.004322    AO22D0
p70816A__2802                   2.181e+06       1.363e+06  2.672e-06   7.929e-06   1.138e-05           0   2.198e-05    0.004203    AOI22D1
p70824A1806__6131               2.181e+06       1.363e+06  2.672e-06   7.684e-06   1.138e-05           0   2.173e-05    0.004157    AOI22D1
FE_PHC180_bus_addr_2                2e+06           2e+06  2.986e-06   3.723e-06   1.483e-05           0   2.154e-05    0.004119    BUFFD1
p70812A1805__8246               2.181e+06       1.363e+06  2.672e-06   7.478e-06   1.138e-05           0   2.153e-05    0.004117    AOI22D1
p70824A1814__2883               2.181e+06       1.363e+06  2.672e-06   7.458e-06   1.138e-05           0   2.151e-05    0.004113    AOI22D1
p71846A__4733                       2e+06         1.5e+06  1.225e-06   1.059e-05   9.678e-06           0   2.149e-05    0.004111    NR2D1
p70816A1827__3680               2.181e+06       1.363e+06  2.672e-06   7.395e-06   1.138e-05           0   2.144e-05    0.004101    AOI22D1
p70816A1826__6783               2.181e+06       1.363e+06  2.672e-06   6.972e-06   1.138e-05           0   2.102e-05    0.004021    AOI22D1
FE_PHC185_sram_din_8                2e+06           2e+06  2.946e-06   2.421e-06   1.558e-05           0   2.095e-05    0.004007    BUFFD1
p70810A1822__6260               2.181e+06       1.363e+06  2.672e-06   6.875e-06   1.138e-05           0   2.092e-05    0.004002    AOI22D1
p96144A1090__2398                   2e+06         2.5e+06  4.107e-06   4.574e-06   1.222e-05           0   2.091e-05    0.003999    AO22D0
p96144A__1666                       2e+06         2.5e+06  4.108e-06   4.541e-06   1.222e-05           0   2.087e-05    0.003993    AO22D0
p96144A1094__8428                   2e+06         2.5e+06  4.107e-06   4.428e-06   1.222e-05           0   2.076e-05    0.003971    AO22D0
p70810A1825__5526               2.181e+06       1.363e+06  2.672e-06   6.709e-06   1.138e-05           0   2.076e-05     0.00397    AOI22D1
p71859A__7482                       2e+06         1.5e+06   1.23e-06   9.841e-06   9.678e-06           0   2.075e-05    0.003969    NR2D1
p96447A1104__1881                   2e+06           2e+06  2.391e-06   1.049e-05   7.844e-06           0   2.072e-05    0.003963    CKAN2D0
p96144A1093__4319                   2e+06         2.5e+06  4.107e-06   4.378e-06   1.222e-05           0   2.071e-05    0.003961    AO22D0
p96447A1109__9315                   2e+06           2e+06  2.389e-06   9.927e-06   7.844e-06           0   2.016e-05    0.003856    CKAN2D0
p70812A1810__4733               2.181e+06       1.363e+06  2.684e-06   5.867e-06   1.138e-05           0   1.993e-05    0.003811    AOI22D1
p70810A1816__1666               2.181e+06       1.363e+06  2.684e-06   5.701e-06   1.138e-05           0   1.976e-05     0.00378    AOI22D1
Fp96144A1836                        2e+06           2e+06    7.5e-07   1.529e-05   3.713e-06           0   1.975e-05    0.003778    CKND0
p70810A__7098                   2.181e+06       1.363e+06  2.684e-06   5.508e-06   1.138e-05           0   1.957e-05    0.003743    AOI22D1
p96144A1089__5477                   2e+06         2.5e+06  4.061e-06   3.229e-06   1.222e-05           0   1.951e-05    0.003732    AO22D0
FE_PHC186_sram_din_1                2e+06           2e+06  2.867e-06   1.016e-06   1.558e-05           0   1.946e-05    0.003723    BUFFD1
p96447A1140__1666                   2e+06           2e+06   2.45e-06   9.049e-06   7.844e-06           0   1.934e-05      0.0037    CKAN2D0
FE_PHC184_sram_din_0                2e+06           2e+06  2.869e-06   8.539e-07   1.558e-05           0    1.93e-05    0.003692    BUFFD1
p96144A1092__6260                   2e+06         2.5e+06   4.09e-06   2.975e-06   1.222e-05           0   1.929e-05     0.00369    AO22D0
p96144A1087__7410                   2e+06         2.5e+06  4.054e-06   2.584e-06   1.222e-05           0   1.886e-05    0.003608    AO22D0
p96144A1088__6417                   2e+06         2.5e+06  4.053e-06   2.372e-06   1.222e-05           0   1.865e-05    0.003567    AO22D0
p71849A1832__5115                   2e+06         1.5e+06  1.216e-06   7.718e-06   9.678e-06           0   1.861e-05     0.00356    NR2D1
p96447A1148__8428                   2e+06           2e+06  2.449e-06   8.315e-06   7.844e-06           0   1.861e-05    0.003559    CKAN2D0
FE_PHC110_tpu_we                    2e+06           2e+06  3.016e-06    6.78e-07   1.483e-05           0   1.852e-05    0.003543    BUFFD1
p96447A1102__7098                   2e+06           2e+06  2.385e-06   8.255e-06   7.844e-06           0   1.848e-05    0.003536    CKAN2D0
FE_PHC109_bus_addr_2                2e+06           2e+06  2.177e-06   8.621e-06   7.611e-06           0   1.841e-05    0.003521    CKBD0
p96447A1146__6260                   2e+06           2e+06  2.448e-06   8.042e-06   7.844e-06           0   1.833e-05    0.003507    CKAN2D0
p96447A1139__2346                   2e+06           2e+06  2.448e-06   7.971e-06   7.844e-06           0   1.826e-05    0.003493    CKAN2D0
p71862A__6161                       2e+06         1.5e+06  1.225e-06   7.275e-06   9.678e-06           0   1.818e-05    0.003477    NR2D1
p96447A1145__5107                   2e+06           2e+06  2.447e-06   7.609e-06   7.844e-06           0    1.79e-05    0.003424    CKAN2D0
p71849A__7098                       2e+06         1.5e+06  2.396e-06   7.304e-06   8.187e-06           0   1.789e-05    0.003421    INR2D0
FE_OFC5_n_32                    1.363e+06       1.363e+06  1.489e-06   8.622e-06   7.611e-06           0   1.772e-05     0.00339    CKBD0
p96447A1133__5115                   2e+06           2e+06  2.444e-06    7.21e-06   7.844e-06           0    1.75e-05    0.003347    CKAN2D0
p96447A1132__1881                   2e+06           2e+06  2.446e-06   7.199e-06   7.844e-06           0   1.749e-05    0.003345    CKAN2D0
p96447A1127__1705                   2e+06           2e+06  2.446e-06   6.968e-06   7.844e-06           0   1.726e-05    0.003301    CKAN2D0
p96447A1121__8428                   2e+06           2e+06  2.444e-06   6.952e-06   7.844e-06           0   1.724e-05    0.003298    CKAN2D0
p71898A__6131                       2e+06         1.5e+06  1.759e-06     7.8e-06   7.476e-06           0   1.704e-05    0.003258    CKAN2D0
p96447A1143__5477                   2e+06           2e+06  2.445e-06   6.714e-06   7.844e-06           0     1.7e-05    0.003252    CKAN2D0
FE_PHC210_sram_din_41               2e+06           2e+06  2.176e-06    6.93e-06   7.611e-06           0   1.672e-05    0.003198    CKBD0
FE_PHC178_sram_din_11               2e+06           2e+06  2.234e-06   6.831e-06   7.611e-06           0   1.668e-05     0.00319    CKBD0
FE_PHC176_sram_din_10               2e+06           2e+06  2.225e-06   6.145e-06   7.611e-06           0   1.598e-05    0.003057    CKBD0
FE_PHC172_sram_din_12               2e+06           2e+06  2.226e-06   6.045e-06   7.611e-06           0   1.588e-05    0.003038    CKBD0
p71822A__9945                       2e+06           2e+06  2.453e-06   4.134e-06   9.263e-06           0   1.585e-05    0.003032    IND2D0
FE_PHC177_sram_din_9                2e+06           2e+06  2.236e-06   5.824e-06   7.611e-06           0   1.567e-05    0.002998    CKBD0
FE_PDC16_n_16                   1.363e+06       1.363e+06   1.48e-06   6.184e-06   7.611e-06           0   1.527e-05    0.002922    CKBD0
p96447A1149__5526                   2e+06           2e+06  2.377e-06   4.746e-06   7.844e-06           0   1.497e-05    0.002863    CKAN2D0
p96447A1096__3680                   2e+06           2e+06  2.369e-06   4.747e-06   7.844e-06           0   1.496e-05    0.002862    CKAN2D0
p96447A1137__9945                   2e+06           2e+06  2.434e-06   4.545e-06   7.844e-06           0   1.482e-05    0.002835    CKAN2D0
p96447A1157__7098                   2e+06           2e+06  2.366e-06   4.301e-06   7.844e-06           0   1.451e-05    0.002776    CKAN2D0
p96447A1095__6783                   2e+06           2e+06  2.365e-06   4.271e-06   7.844e-06           0   1.448e-05     0.00277    CKAN2D0
p96447A1130__7098                   2e+06           2e+06   2.43e-06   4.166e-06   7.844e-06           0   1.444e-05    0.002762    CKAN2D0
p96447A1136__9315                   2e+06           2e+06   2.43e-06    3.93e-06   7.844e-06           0    1.42e-05    0.002717    CKAN2D0
p96447A1156__8246                   2e+06           2e+06  2.362e-06   3.699e-06   7.844e-06           0   1.391e-05     0.00266    CKAN2D0
p71825A__2883                       2e+06           2e+06  2.433e-06   2.178e-06   9.263e-06           0   1.387e-05    0.002654    IND2D0
p96447A1098__2802                   2e+06           2e+06  2.362e-06   3.599e-06   7.844e-06           0    1.38e-05    0.002641    CKAN2D0
p96447A1116__5477                   2e+06           2e+06  2.427e-06    3.52e-06   7.844e-06           0   1.379e-05    0.002638    CKAN2D0
p96447A1154__1705                   2e+06           2e+06  2.359e-06   3.109e-06   7.844e-06           0   1.331e-05    0.002546    CKAN2D0
p96447A1111__2883                   2e+06           2e+06  2.423e-06    2.87e-06   7.844e-06           0   1.314e-05    0.002513    CKAN2D0
p96447A1114__7410                   2e+06           2e+06  2.424e-06   2.787e-06   7.844e-06           0   1.306e-05    0.002497    CKAN2D0
p96447A1103__6131                   2e+06           2e+06  2.424e-06   2.677e-06   7.844e-06           0   1.294e-05    0.002476    CKAN2D0
p71824A__9315                       2e+06           2e+06  1.047e-06   7.189e-06   4.646e-06           0   1.288e-05    0.002464    NR2D0
p96447A1151__3680                   2e+06           2e+06  2.355e-06   2.625e-06   7.844e-06           0   1.282e-05    0.002453    CKAN2D0
p96447A1135__4733                   2e+06           2e+06  2.355e-06   2.603e-06   7.844e-06           0    1.28e-05    0.002449    CKAN2D0
p96447A1124__3680                   2e+06           2e+06   2.42e-06   2.371e-06   7.844e-06           0   1.264e-05    0.002417    CKAN2D0
p96447A1101__8246                   2e+06           2e+06  2.353e-06   2.399e-06   7.844e-06           0    1.26e-05    0.002409    CKAN2D0
FE_PHC173_sram_din_1                2e+06           2e+06  2.146e-06   2.682e-06   7.611e-06           0   1.244e-05    0.002379    CKBD0
p96447A1107__4733                   2e+06           2e+06   2.42e-06   2.001e-06   7.844e-06           0   1.226e-05    0.002346    CKAN2D0
p70810A1821__5107               2.181e+06       1.363e+06  1.712e-06   5.247e-06   5.265e-06           0   1.222e-05    0.002338    AOI22D0
p96447A1118__5107                   2e+06           2e+06  2.419e-06   1.893e-06   7.844e-06           0   1.216e-05    0.002325    CKAN2D0
FE_PHC174_sram_din_0                2e+06           2e+06  2.139e-06    2.22e-06   7.611e-06           0   1.197e-05     0.00229    CKBD0
p96447A1100__5122                   2e+06           2e+06  2.414e-06   1.554e-06   7.844e-06           0   1.181e-05    0.002259    CKAN2D0
p96447A1153__2802                   2e+06           2e+06  2.363e-06   1.585e-06   7.844e-06           0   1.179e-05    0.002256    CKAN2D0
p96447A1147__4319                   2e+06           2e+06   2.41e-06   1.453e-06   7.844e-06           0   1.171e-05    0.002239    CKAN2D0
p96447A1097__1617                   2e+06           2e+06  2.409e-06   1.396e-06   7.844e-06           0   1.165e-05    0.002228    CKAN2D0
p96447A1099__1705                   2e+06           2e+06  2.344e-06   1.435e-06   7.844e-06           0   1.162e-05    0.002223    CKAN2D0
p96447A1144__2398                   2e+06           2e+06   2.41e-06   1.318e-06   7.844e-06           0   1.157e-05    0.002213    CKAN2D0
FE_PHC194_tpu_we                    2e+06           2e+06  2.263e-06   1.626e-06   7.611e-06           0    1.15e-05      0.0022    CKBD0
p70810A1812__9315               2.181e+06       1.363e+06  1.711e-06   4.435e-06   5.265e-06           0   1.141e-05    0.002183    AOI22D0
p96447A1150__6783                   2e+06           2e+06  2.407e-06   1.145e-06   7.844e-06           0    1.14e-05     0.00218    CKAN2D0
p96447A1126__2802                   2e+06           2e+06  2.405e-06   1.144e-06   7.844e-06           0   1.139e-05    0.002179    CKAN2D0
p96447A1155__5122                   2e+06           2e+06  2.404e-06   1.061e-06   7.844e-06           0   1.131e-05    0.002163    CKAN2D0
p96447A1110__9945                   2e+06           2e+06  2.402e-06   1.028e-06   7.844e-06           0   1.127e-05    0.002157    CKAN2D0
p96447A1138__2883                   2e+06           2e+06   2.34e-06    1.02e-06   7.844e-06           0    1.12e-05    0.002143    CKAN2D0
FE_PHC168_sram_din_5                2e+06           2e+06  2.121e-06   1.387e-06   7.611e-06           0   1.112e-05    0.002127    CKBD0
p96447A1152__1617                   2e+06           2e+06  2.399e-06    8.57e-07   7.844e-06           0    1.11e-05    0.002123    CKAN2D0
FE_PHC169_sram_din_3                2e+06           2e+06  2.139e-06   1.078e-06   7.611e-06           0   1.083e-05    0.002071    CKBD0
p96447A1134__7482                   2e+06           2e+06  2.394e-06   5.423e-07   7.844e-06           0   1.078e-05    0.002062    CKAN2D0
FE_PHC170_sram_din_4                2e+06           2e+06  2.117e-06   8.572e-07   7.611e-06           0   1.059e-05    0.002025    CKBD0
p71861A__2346                       2e+06           2e+06  9.838e-07   5.641e-06    3.91e-06           0   1.053e-05    0.002015    CKND2D0
p70816A1819__5477               2.181e+06       1.363e+06  1.706e-06   3.062e-06   5.265e-06           0   1.003e-05    0.001919    AOI22D0
p70824A1813__9945               2.181e+06       1.363e+06  1.701e-06   1.632e-06   5.265e-06           0   8.598e-06    0.001645    AOI22D0
p70816A1820__2398               2.181e+06       1.363e+06    1.7e-06   1.259e-06   5.265e-06           0   8.224e-06    0.001573    AOI22D0
p70812A1808__5115               2.181e+06       1.363e+06  1.698e-06   1.134e-06   5.265e-06           0   8.097e-06    0.001549    AOI22D0
p70816A1809__7482               2.181e+06       1.363e+06  1.698e-06   1.043e-06   5.265e-06           0   8.007e-06    0.001531    AOI22D0
p70824A1823__4319               2.181e+06       1.363e+06  1.698e-06   1.017e-06   5.265e-06           0   7.981e-06    0.001526    AOI22D0
p70824A1830__1705               2.181e+06       1.363e+06  1.698e-06   1.013e-06   5.265e-06           0   7.976e-06    0.001526    AOI22D0
p70812A1804__5122               2.181e+06       1.363e+06  1.697e-06   9.863e-07   5.265e-06           0   7.948e-06     0.00152    AOI22D0
p70812A1831__5122               2.181e+06       1.363e+06  1.709e-06   9.724e-07   5.265e-06           0   7.947e-06     0.00152    AOI22D0
p70812A__1617                   2.181e+06       1.363e+06  1.697e-06   9.783e-07   5.265e-06           0   7.941e-06    0.001519    AOI22D0
p70812A1817__7410               2.181e+06       1.363e+06  1.697e-06   9.623e-07   5.265e-06           0   7.924e-06    0.001516    AOI22D0
p70816A1815__2346               2.181e+06       1.363e+06  1.696e-06   8.909e-07   5.265e-06           0   7.852e-06    0.001502    AOI22D0
p70824A1811__6161               2.181e+06       1.363e+06  1.696e-06   8.836e-07   5.265e-06           0   7.845e-06    0.001501    AOI22D0
p70824A1824__8428               2.181e+06       1.363e+06  1.697e-06   8.525e-07   5.265e-06           0   7.815e-06    0.001495    AOI22D0
p70810A1807__1881               2.181e+06       1.363e+06  1.709e-06   8.059e-07   5.265e-06           0    7.78e-06    0.001488    AOI22D0
p70812A1828__1617               2.181e+06       1.363e+06  1.695e-06   8.154e-07   5.265e-06           0   7.776e-06    0.001487    AOI22D0
p70816A1818__6417               2.181e+06       1.363e+06  1.695e-06   6.985e-07   5.265e-06           0   7.659e-06    0.001465    AOI22D0
p70824A__1705                   2.181e+06       1.363e+06  1.696e-06    6.81e-07   5.265e-06           0   7.642e-06    0.001462    AOI22D0
p96407A__6161                       2e+06           2e+06  1.148e-06   1.793e-06   4.646e-06           0   7.587e-06    0.001451    NR2D0
p70810A1829__2802               2.181e+06       1.363e+06  1.709e-06   3.689e-07   5.265e-06           0   7.343e-06    0.001405    AOI22D0
LTIELO                                  0               0          0           0   7.574e-07           0   7.574e-07   0.0001449    TIEL
LTIEHI                                  0               0          0           0   6.934e-07           0   6.934e-07   0.0001326    TIEH
----------------------------------------------------------------------------------------------------------------------------
Total                                                         0.1269    0.005478      0.3904           0      0.5228         100    


-----------------------------------------------------------------------------------------
*	Power Distribution Summary: 
*                Highest Average Power:                    u_sram (sram00):           0.4997 
*                Highest Leakage Power:                    u_sram (sram00):           0.3784 
*          Total Cap:      6.94815e-12 F
*          Total instances in design:   372
*          Total instances in design with no power:     0
*          Total instances in design with no activity:     0
*          Total Fillers and Decap:     0
-----------------------------------------------------------------------------------------

