#Refrence Spef File Name                                 .signoff_RC_BEST.spef.gz
#Compare Spef File Name                                  .postroutemedium_RC_BEST_clkNets.spef.gz
#Suggested Resistance Scale Factor                       0.967915
#Suggested Capacitance Scale Factor                      0.969326
#Suggested Cross Coupling Cap. Scale Factor              1.023304

Cap stats
=========
total_nets 254
total_nets_in_calc 254
num_nets_not_found_golden 0
num_nets_not_found_target 40486
num_nets_too_small 0
num_nets_too_small_fanout 0
num_nets_too_high_fanout 0
num_outliers 0
num_nets_too_big 0
appl_scale_factor 1.000000
rec_scale_factor 0.969326
diff_mean 0.0006
diff_sigma 0.0004
diff_max 0.0018
diff_min -0.0007
ratio_mean 1.0362
ratio_sigma 0.0232
ratio_max 1.1326
ratio_min 0.9734
num_wi_1_perc 11
num_wi_2_perc 20
num_wi_5_perc 75
num_wi_10_perc 99
num_wi_20_perc 100
num_wi_30_perc 100
num_wi_40_perc 100
num_wi_50_perc 100

Res stats
=========
total_nets 4881
total_nets_in_calc 4881
num_nets_not_found_golden 0
num_nets_not_found_target 91593
num_nets_too_small 0
num_nets_too_small_fanout 0
num_nets_too_high_fanout 0
num_outliers 0
num_nets_too_big 0
appl_scale_factor 1.000000
rec_scale_factor 0.967915
diff_mean 0.6172
diff_sigma 0.4556
diff_max 2.8596
diff_min -2.3097
ratio_mean 1.0550
ratio_sigma 0.0746
ratio_max 2.1232
ratio_min 0.9112
num_wi_1_perc 12
num_wi_2_perc 25
num_wi_5_perc 62
num_wi_10_perc 86
num_wi_20_perc 96
num_wi_30_perc 98
num_wi_40_perc 99
num_wi_50_perc 99

Coupling Cap stats
=========
total_nets 43
total_nets_in_calc 43
num_nets_not_found_golden 4
num_nets_not_found_target 26457
num_nets_too_small 0
num_nets_too_small_fanout 0
num_nets_too_high_fanout 0
num_outliers 0
num_nets_too_big 0
appl_scale_factor 1.000000
rec_scale_factor 1.023304
diff_mean -0.0000
diff_sigma 0.0001
diff_max 0.0002
diff_min -0.0002
ratio_mean 0.9495
ratio_sigma 0.0986
ratio_max 1.1259
ratio_min 0.6136
num_wi_1_perc { 9}
num_wi_2_perc 16
num_wi_5_perc 48
num_wi_10_perc 72
num_wi_20_perc 93
num_wi_30_perc 97
num_wi_40_perc 100
num_wi_50_perc 100
