#Refrence Spef File Name                                 .signoff_RC_TYP.spef.gz
#Compare Spef File Name                                  .postroutemedium_RC_TYP_clkNets.spef.gz
#Suggested Resistance Scale Factor                       0.972273
#Suggested Capacitance Scale Factor                      0.960378
#Suggested Cross Coupling Cap. Scale Factor              1.021645

Cap stats
=========
total_nets 254
total_nets_in_calc 254
num_nets_not_found_golden 0
num_nets_not_found_target 40486
num_nets_too_small 0
num_nets_too_small_fanout 0
num_nets_too_high_fanout 0
num_outliers 0
num_nets_too_big 0
appl_scale_factor 1.000000
rec_scale_factor 0.960378
diff_mean 0.0008
diff_sigma 0.0004
diff_max 0.0018
diff_min -0.0004
ratio_mean 1.0462
ratio_sigma 0.0239
ratio_max 1.1354
ratio_min 0.9915
num_wi_1_perc { 7}
num_wi_2_perc 12
num_wi_5_perc 57
num_wi_10_perc 97
num_wi_20_perc 100
num_wi_30_perc 100
num_wi_40_perc 100
num_wi_50_perc 100

Res stats
=========
total_nets 4881
total_nets_in_calc 4881
num_nets_not_found_golden 0
num_nets_not_found_target 91593
num_nets_too_small 0
num_nets_too_small_fanout 0
num_nets_too_high_fanout 0
num_outliers 0
num_nets_too_big 0
appl_scale_factor 1.000000
rec_scale_factor 0.972273
diff_mean 0.7553
diff_sigma 0.5658
diff_max 3.6013
diff_min -2.9762
ratio_mean 1.0417
ratio_sigma 0.0510
ratio_max 1.8607
ratio_min 0.9294
num_wi_1_perc 14
num_wi_2_perc 30
num_wi_5_perc 71
num_wi_10_perc 92
num_wi_20_perc 99
num_wi_30_perc 99
num_wi_40_perc 99
num_wi_50_perc 99

Coupling Cap stats
=========
total_nets 37
total_nets_in_calc 37
num_nets_not_found_golden 10
num_nets_not_found_target 22491
num_nets_too_small 0
num_nets_too_small_fanout 0
num_nets_too_high_fanout 0
num_outliers 0
num_nets_too_big 0
appl_scale_factor 1.000000
rec_scale_factor 1.021645
diff_mean -0.0000
diff_sigma 0.0001
diff_max 0.0002
diff_min -0.0002
ratio_mean 0.9457
ratio_sigma 0.1196
ratio_max 1.1396
ratio_min 0.5562
num_wi_1_perc { 5}
num_wi_2_perc 16
num_wi_5_perc 40
num_wi_10_perc 59
num_wi_20_perc 91
num_wi_30_perc 94
num_wi_40_perc 97
num_wi_50_perc 100
