#Refrence Spef File Name                                 .signoff_RC_WORST.spef.gz
#Compare Spef File Name                                  .preroute_RC_WORST_dataNets.spef.gz
#Suggested Resistance Scale Factor                       0.866640
#Suggested Capacitance Scale Factor                      0.956090

Cap stats
=========
total_nets 40486
total_nets_in_calc 40486
num_nets_not_found_golden 0
num_nets_not_found_target 254
num_nets_too_small 0
num_nets_too_small_fanout 0
num_nets_too_high_fanout 0
num_outliers 0
num_nets_too_big 0
appl_scale_factor 1.000000
rec_scale_factor 0.956090
diff_mean 0.0002
diff_sigma 0.0012
diff_max 0.0311
diff_min -0.0137
ratio_mean 1.0396
ratio_sigma 0.6122
ratio_max 27.3764
ratio_min 0.0861
num_wi_1_perc { 3}
num_wi_2_perc { 6}
num_wi_5_perc 16
num_wi_10_perc 31
num_wi_20_perc 55
num_wi_30_perc 71
num_wi_40_perc 82
num_wi_50_perc 88

Res stats
=========
total_nets 91593
total_nets_in_calc 91593
num_nets_not_found_golden 0
num_nets_not_found_target 4881
num_nets_too_small 0
num_nets_too_small_fanout 0
num_nets_too_high_fanout 0
num_outliers 0
num_nets_too_big 0
appl_scale_factor 1.000000
rec_scale_factor 0.866640
diff_mean 7.9773
diff_sigma 20.3253
diff_max 284.1505
diff_min -484.8304
ratio_mean 1.4270
ratio_sigma 1.7063
ratio_max 120.8452
ratio_min 0.0462
num_wi_1_perc { 2}
num_wi_2_perc { 4}
num_wi_5_perc 11
num_wi_10_perc 23
num_wi_20_perc 44
num_wi_30_perc 59
num_wi_40_perc 68
num_wi_50_perc 74
