#Refrence Spef File Name                                 .signoff_RC_WORST.spef.gz
#Compare Spef File Name                                  .postroutemedium_RC_WORST_clkNets.spef.gz
#Suggested Resistance Scale Factor                       0.974904
#Suggested Capacitance Scale Factor                      0.956686
#Suggested Cross Coupling Cap. Scale Factor              1.040939

Cap stats
=========
total_nets 254
total_nets_in_calc 254
num_nets_not_found_golden 0
num_nets_not_found_target 40486
num_nets_too_small 0
num_nets_too_small_fanout 0
num_nets_too_high_fanout 0
num_outliers 0
num_nets_too_big 0
appl_scale_factor 1.000000
rec_scale_factor 0.956686
diff_mean 0.0008
diff_sigma 0.0004
diff_max 0.0019
diff_min -0.0002
ratio_mean 1.0496
ratio_sigma 0.0248
ratio_max 1.1421
ratio_min 0.9893
num_wi_1_perc { 4}
num_wi_2_perc 10
num_wi_5_perc 50
num_wi_10_perc 96
num_wi_20_perc 100
num_wi_30_perc 100
num_wi_40_perc 100
num_wi_50_perc 100

Res stats
=========
total_nets 4881
total_nets_in_calc 4881
num_nets_not_found_golden 0
num_nets_not_found_target 91593
num_nets_too_small 0
num_nets_too_small_fanout 0
num_nets_too_high_fanout 0
num_outliers 0
num_nets_too_big 0
appl_scale_factor 1.000000
rec_scale_factor 0.974904
diff_mean 0.9598
diff_sigma 0.7270
diff_max 4.7114
diff_min -3.8803
ratio_mean 1.0347
ratio_sigma 0.0375
ratio_max 1.6214
ratio_min 0.9408
num_wi_1_perc 15
num_wi_2_perc 34
num_wi_5_perc 77
num_wi_10_perc 96
num_wi_20_perc 99
num_wi_30_perc 99
num_wi_40_perc 99
num_wi_50_perc 99

Coupling Cap stats
=========
total_nets 34
total_nets_in_calc 34
num_nets_not_found_golden 13
num_nets_not_found_target 19171
num_nets_too_small 0
num_nets_too_small_fanout 0
num_nets_too_high_fanout 0
num_outliers 0
num_nets_too_big 0
appl_scale_factor 1.000000
rec_scale_factor 1.040939
diff_mean -0.0000
diff_sigma 0.0001
diff_max 0.0001
diff_min -0.0002
ratio_mean 0.9244
ratio_sigma 0.1317
ratio_max 1.1484
ratio_min 0.4860
num_wi_1_perc { 8}
num_wi_2_perc 20
num_wi_5_perc 35
num_wi_10_perc 58
num_wi_20_perc 88
num_wi_30_perc 94
num_wi_40_perc 97
num_wi_50_perc 97
