#Refrence Spef File Name                                 .signoff_RC_BEST.spef.gz
#Compare Spef File Name                                  .preroute_RC_BEST_clkNets.spef.gz
#Suggested Resistance Scale Factor                       1.069608
#Suggested Capacitance Scale Factor                      1.026251

Cap stats
=========
total_nets 254
total_nets_in_calc 254
num_nets_not_found_golden 0
num_nets_not_found_target 40486
num_nets_too_small 0
num_nets_too_small_fanout 0
num_nets_too_high_fanout 0
num_outliers 0
num_nets_too_big 0
appl_scale_factor 1.000000
rec_scale_factor 1.026251
diff_mean -0.0005
diff_sigma 0.0018
diff_max 0.0019
diff_min -0.0092
ratio_mean 0.9916
ratio_sigma 0.0636
ratio_max 1.2505
ratio_min 0.8269
num_wi_1_perc 11
num_wi_2_perc 25
num_wi_5_perc 62
num_wi_10_perc 87
num_wi_20_perc 99
num_wi_30_perc 100
num_wi_40_perc 100
num_wi_50_perc 100

Res stats
=========
total_nets 4881
total_nets_in_calc 4881
num_nets_not_found_golden 0
num_nets_not_found_target 91593
num_nets_too_small 0
num_nets_too_small_fanout 0
num_nets_too_high_fanout 0
num_outliers 0
num_nets_too_big 0
appl_scale_factor 1.000000
rec_scale_factor 1.069608
diff_mean -1.2117
diff_sigma 1.2890
diff_max 0.1538
diff_min -19.2782
ratio_mean 0.9380
ratio_sigma 0.0400
ratio_max 1.0750
ratio_min 0.6881
num_wi_1_perc { 4}
num_wi_2_perc 11
num_wi_5_perc 43
num_wi_10_perc 83
num_wi_20_perc 99
num_wi_30_perc 99
num_wi_40_perc 100
num_wi_50_perc 100
