#Refrence Spef File Name                                 .signoff_RC_BEST.spef.gz
#Compare Spef File Name                                  .preroute_RC_BEST_dataNets.spef.gz
#Suggested Resistance Scale Factor                       0.882707
#Suggested Capacitance Scale Factor                      0.917543

Cap stats
=========
total_nets 40486
total_nets_in_calc 40486
num_nets_not_found_golden 0
num_nets_not_found_target 254
num_nets_too_small 0
num_nets_too_small_fanout 0
num_nets_too_high_fanout 0
num_outliers 0
num_nets_too_big 0
appl_scale_factor 1.000000
rec_scale_factor 0.917543
diff_mean 0.0004
diff_sigma 0.0017
diff_max 0.0500
diff_min -0.0161
ratio_mean 1.0890
ratio_sigma 0.6776
ratio_max 30.4725
ratio_min 0.0791
num_wi_1_perc { 2}
num_wi_2_perc { 5}
num_wi_5_perc 14
num_wi_10_perc 28
num_wi_20_perc 51
num_wi_30_perc 68
num_wi_40_perc 80
num_wi_50_perc 87

Res stats
=========
total_nets 91593
total_nets_in_calc 91593
num_nets_not_found_golden 0
num_nets_not_found_target 4881
num_nets_too_small 0
num_nets_too_small_fanout 0
num_nets_too_high_fanout 0
num_outliers 0
num_nets_too_big 0
appl_scale_factor 1.000000
rec_scale_factor 0.882707
diff_mean 3.6795
diff_sigma 10.9242
diff_max 151.1308
diff_min -309.7733
ratio_mean 1.3646
ratio_sigma 1.0255
ratio_max 89.1454
ratio_min 0.0522
num_wi_1_perc { 2}
num_wi_2_perc { 5}
num_wi_5_perc 13
num_wi_10_perc 27
num_wi_20_perc 50
num_wi_30_perc 64
num_wi_40_perc 72
num_wi_50_perc 78
