#Refrence Spef File Name                                 .signoff_RC_BEST.spef.gz
#Compare Spef File Name                                  .postroutemedium_RC_BEST_dataNets.spef.gz
#Suggested Resistance Scale Factor                       0.969594
#Suggested Capacitance Scale Factor                      0.998480
#Suggested Cross Coupling Cap. Scale Factor              0.946301

Cap stats
=========
total_nets 40486
total_nets_in_calc 40486
num_nets_not_found_golden 0
num_nets_not_found_target 254
num_nets_too_small 0
num_nets_too_small_fanout 0
num_nets_too_high_fanout 0
num_outliers 0
num_nets_too_big 0
appl_scale_factor 1.000000
rec_scale_factor 0.998480
diff_mean 0.0000
diff_sigma 0.0002
diff_max 0.0041
diff_min -0.0017
ratio_mean 0.9789
ratio_sigma 0.0863
ratio_max 4.2301
ratio_min 0.6291
num_wi_1_perc 18
num_wi_2_perc 34
num_wi_5_perc 66
num_wi_10_perc 88
num_wi_20_perc 98
num_wi_30_perc 99
num_wi_40_perc 99
num_wi_50_perc 99

Res stats
=========
total_nets 91593
total_nets_in_calc 91593
num_nets_not_found_golden 0
num_nets_not_found_target 4881
num_nets_too_small 0
num_nets_too_small_fanout 0
num_nets_too_high_fanout 0
num_outliers 0
num_nets_too_big 0
appl_scale_factor 1.000000
rec_scale_factor 0.969594
diff_mean 0.8684
diff_sigma 1.1512
diff_max 12.0957
diff_min -4.7346
ratio_mean 1.0611
ratio_sigma 0.0910
ratio_max 4.0352
ratio_min 0.6526
num_wi_1_perc { 6}
num_wi_2_perc 17
num_wi_5_perc 55
num_wi_10_perc 85
num_wi_20_perc 97
num_wi_30_perc 98
num_wi_40_perc 99
num_wi_50_perc 99

Coupling Cap stats
=========
total_nets 24508
total_nets_in_calc 24508
num_nets_not_found_golden 4186
num_nets_not_found_target 1992
num_nets_too_small 0
num_nets_too_small_fanout 0
num_nets_too_high_fanout 0
num_outliers 0
num_nets_too_big 0
appl_scale_factor 1.000000
rec_scale_factor 0.946301
diff_mean 0.0000
diff_sigma 0.0001
diff_max 0.0011
diff_min -0.0010
ratio_mean 1.0299
ratio_sigma 0.1299
ratio_max 1.7796
ratio_min 0.3207
num_wi_1_perc { 5}
num_wi_2_perc 11
num_wi_5_perc 28
num_wi_10_perc 54
num_wi_20_perc 87
num_wi_30_perc 97
num_wi_40_perc 99
num_wi_50_perc 99
