#Refrence Spef File Name                                 .signoff_RC_WORST.spef.gz
#Compare Spef File Name                                  .preroute_RC_WORST_clkNets.spef.gz
#Suggested Resistance Scale Factor                       1.061227
#Suggested Capacitance Scale Factor                      0.974249

Cap stats
=========
total_nets 254
total_nets_in_calc 254
num_nets_not_found_golden 0
num_nets_not_found_target 40486
num_nets_too_small 0
num_nets_too_small_fanout 0
num_nets_too_high_fanout 0
num_outliers 0
num_nets_too_big 0
appl_scale_factor 1.000000
rec_scale_factor 0.974249
diff_mean 0.0005
diff_sigma 0.0011
diff_max 0.0021
diff_min -0.0047
ratio_mean 1.0402
ratio_sigma 0.0533
ratio_max 1.3103
ratio_min 0.8986
num_wi_1_perc { 9}
num_wi_2_perc 21
num_wi_5_perc 50
num_wi_10_perc 88
num_wi_20_perc 99
num_wi_30_perc 99
num_wi_40_perc 100
num_wi_50_perc 100

Res stats
=========
total_nets 4881
total_nets_in_calc 4881
num_nets_not_found_golden 0
num_nets_not_found_target 91593
num_nets_too_small 0
num_nets_too_small_fanout 0
num_nets_too_high_fanout 0
num_outliers 0
num_nets_too_big 0
appl_scale_factor 1.000000
rec_scale_factor 1.061227
diff_mean -2.1512
diff_sigma 2.2907
diff_max 0.2176
diff_min -34.2876
ratio_mean 0.9474
ratio_sigma 0.0346
ratio_max 1.0259
ratio_min 0.6661
num_wi_1_perc { 6}
num_wi_2_perc 16
num_wi_5_perc 54
num_wi_10_perc 90
num_wi_20_perc 99
num_wi_30_perc 99
num_wi_40_perc 100
num_wi_50_perc 100
