###############################################################
#  Generated by:      Cadence Innovus 21.16-s078_1
#  OS:                Linux x86_64(Host ID cadpc16)
#  Generated on:      Mon Apr  6 21:26:10 2026
#  Design:            sram_wrapper
###############################################################
Design: sram_wrapper

------ Design Summary:
Total Standard Cell Number   (cells) : 1442
Total Block Cell Number      (cells) : 1
Total I/O Pad Cell Number    (cells) : 0
Total Standard Cell Area     ( um^2) : 4546.44
Total Block Cell Area        ( um^2) : 40208.16
Total I/O Pad Cell Area      ( um^2) : 0.00

------ Design Statistics:

Number of Instances            : 1443
Number of Non-uniquified Insts : 1423
Number of Nets                 : 942
Average number of Pins per Net : 2.55
Maximum number of Pins in Net  : 56

------ I/O Port summary

Number of Primary I/O Ports    : 97
Number of Input Ports          : 33
Number of Output Ports         : 64
Number of Bidirectional Ports  : 0
Number of Power/Ground Ports   : 0



------------------------------------------------------------
Detail report:


------ I/O Pad/Port Checking


