*----------------------------------------------------------------------------------------
*	Innovus 21.16-s078_1 (64bit) 12/07/2022 12:07 (Linux 3.10.0-693.el7.x86_64)
*	
*
* 	Date & Time:	2026-Apr-01 00:23:08 (2026-Apr-01 04:23:08 GMT)
*
*----------------------------------------------------------------------------------------
*
*	Design: sram_wrapper
*
*	Liberty Libraries used: 
*	        av_normal_max: /courses/ee6350/pdk2023/T-N65-CM-SP-018-K3_MOM/digital/Front_End/timing_power_noise/NLDM/tcbn65gplus_200a/tcbn65gpluswc.lib
*	        av_normal_max: ../../../SRAM00_gen/sram00_nldm_ss_0p90v_0p90v_125c_syn.lib
*
*	Power Domain used: 
*              Rail:       DVDD      Voltage:        0.9 
*
*       Power View : av_normal_max
*
*       User-Defined Activity : N.A.
*
*       Activity File: N.A.
*
*       Hierarchical Global Activity: N.A.
*
*       Global Activity: N.A.
*
*       Sequential Element Activity: 0.200000
*
*       Primary Input Activity: 0.200000
*
*       Default icg ratio: N.A.
*
*       Global Comb ClockGate Ratio: N.A.
*
*	Power Units = 1mW
*
*	Time Units = 1e-09 secs 
*
*       report_power -outfile ../report/place.power_insts.rpt -instances {*}
*
-----------------------------------------------------------------------------------------


Total Power 
-----------------------------------------------------------------------------------------
Total Internal Power:        0.70555142 	   58.1875%
Total Switching Power:       0.11813433 	    9.7427%
Total Leakage Power:         0.38886224 	   32.0698%
Total Power:                 1.21254799 
-----------------------------------------------------------------------------------------


Group                           Internal   Switching     Leakage       Total  Percentage 
                                Power      Power         Power         Power  (%)        
-----------------------------------------------------------------------------------------
Sequential                       0.06181   0.0009051    0.009091     0.07181       5.922 
Macro                             0.6423      0.1144      0.3784       1.135       93.61 
IO                                     0           0   1.451e-06   1.451e-06   0.0001196 
Combinational                   0.001441    0.002833    0.001356    0.005629      0.4642 
Clock (Combinational)                  0           0           0           0           0 
Clock (Sequential)                     0           0           0           0           0 
-----------------------------------------------------------------------------------------
Total                             0.7056      0.1181      0.3889       1.213         100 
-----------------------------------------------------------------------------------------


Rail                  Voltage   Internal   Switching     Leakage       Total  Percentage 
                                Power      Power         Power         Power  (%)        
-----------------------------------------------------------------------------------------
DVDD                      0.9     0.7056      0.1181      0.3889       1.213         100 


Instance                      Max Toggles   Total Toggles   Internal   Switching     Leakage       Total  Percentage    Cell
                              Input Pins    Output Pins     Power      Power         Power         Power  (%)           Name
----------------------------------------------------------------------------------------------------------------------------
u_sram                              8e+07       5.584e+08     0.6423      0.1144      0.3784       1.135       93.61    sram00
sram_din_ff_reg[6]                  8e+07         1.6e+07  0.0004509   9.168e-06   5.851e-05   0.0005186     0.04277    DFNCND1
sram_din_ff_reg[7]                  8e+07         1.6e+07  0.0004509   8.785e-06   5.851e-05   0.0005182     0.04274    DFNCND1
sram_din_ff_reg[5]                  8e+07         1.6e+07  0.0004508   7.407e-06   5.851e-05   0.0005167     0.04262    DFNCND1
sram_din_ff_reg[9]                  8e+07         1.6e+07  0.0004509   6.607e-06   5.851e-05    0.000516     0.04256    DFNCND1
sram_din_ff_reg[4]                  8e+07         1.6e+07  0.0004508   5.709e-06   5.851e-05    0.000515     0.04247    DFNCND1
sram_din_ff_reg[17]                 8e+07         1.6e+07  0.0004509   5.615e-06   5.851e-05    0.000515     0.04247    DFNCND1
sram_din_ff_reg[21]                 8e+07         1.6e+07  0.0004508   5.486e-06   5.851e-05   0.0005148     0.04246    DFNCND1
sram_din_ff_reg[11]                 8e+07         1.6e+07  0.0004509   5.424e-06   5.851e-05   0.0005148     0.04246    DFNCND1
sram_din_ff_reg[29]                 8e+07         1.6e+07  0.0004508   5.387e-06   5.851e-05   0.0005147     0.04245    DFNCND1
sram_din_ff_reg[20]                 8e+07         1.6e+07  0.0004509   5.365e-06   5.851e-05   0.0005147     0.04245    DFNCND1
sram_din_ff_reg[14]                 8e+07         1.6e+07  0.0004509   5.364e-06   5.851e-05   0.0005147     0.04245    DFNCND1
sram_din_ff_reg[61]                 8e+07         1.6e+07  0.0004508   4.961e-06   5.851e-05   0.0005143     0.04241    DFNCND1
sram_din_ff_reg[13]                 8e+07         1.6e+07  0.0004508   4.935e-06   5.851e-05   0.0005143     0.04241    DFNCND1
sram_din_ff_reg[23]                 8e+07         1.6e+07  0.0004508   4.877e-06   5.851e-05   0.0005142     0.04241    DFNCND1
sram_din_ff_reg[12]                 8e+07         1.6e+07  0.0004508   4.872e-06   5.851e-05   0.0005142      0.0424    DFNCND1
sram_din_ff_reg[16]                 8e+07         1.6e+07  0.0004508   4.693e-06   5.851e-05    0.000514     0.04239    DFNCND1
sram_din_ff_reg[0]                  8e+07         1.6e+07  0.0004508   4.695e-06   5.851e-05    0.000514     0.04239    DFNCND1
sram_din_ff_reg[10]                 8e+07         1.6e+07  0.0004508     4.5e-06   5.851e-05   0.0005138     0.04238    DFNCND1
sram_addr_ff_reg[0]                 8e+07         1.6e+07  0.0004508   4.435e-06   5.851e-05   0.0005138     0.04237    DFNCND1
sram_din_ff_reg[62]                 8e+07         1.6e+07  0.0004508   4.449e-06   5.851e-05   0.0005137     0.04237    DFNCND1
sram_din_ff_reg[3]                  8e+07         1.6e+07  0.0004507   4.478e-06   5.851e-05   0.0005137     0.04237    DFNCND1
sram_din_ff_reg[26]                 8e+07         1.6e+07  0.0004508   4.272e-06   5.851e-05   0.0005136     0.04236    DFNCND1
sram_addr_ff_reg[4]                 8e+07         1.6e+07  0.0004508   4.257e-06   5.851e-05   0.0005136     0.04236    DFNCND1
sram_din_ff_reg[22]                 8e+07         1.6e+07  0.0004508    4.23e-06   5.851e-05   0.0005136     0.04235    DFNCND1
sram_addr_ff_reg[8]                 8e+07         1.6e+07  0.0004508   4.109e-06   5.851e-05   0.0005134     0.04234    DFNCND1
sram_din_ff_reg[2]                  8e+07         1.6e+07  0.0004508   4.089e-06   5.851e-05   0.0005134     0.04234    DFNCND1
sram_din_ff_reg[59]                 8e+07         1.6e+07  0.0004508   3.897e-06   5.851e-05   0.0005132     0.04233    DFNCND1
sram_din_ff_reg[55]                 8e+07         1.6e+07  0.0004508   3.842e-06   5.851e-05   0.0005132     0.04232    DFNCND1
sram_din_ff_reg[18]                 8e+07         1.6e+07  0.0004508   3.852e-06   5.851e-05   0.0005132     0.04232    DFNCND1
sram_din_ff_reg[33]                 8e+07         1.6e+07  0.0004508   3.836e-06   5.851e-05   0.0005131     0.04232    DFNCND1
sram_din_ff_reg[56]                 8e+07         1.6e+07  0.0004507   3.675e-06   5.851e-05   0.0005129      0.0423    DFNCND1
sram_addr_ff_reg[6]                 8e+07         1.6e+07  0.0004508   3.582e-06   5.851e-05   0.0005129      0.0423    DFNCND1
sram_din_ff_reg[25]                 8e+07         1.6e+07  0.0004508   3.561e-06   5.851e-05   0.0005129      0.0423    DFNCND1
sram_din_ff_reg[1]                  8e+07         1.6e+07  0.0004508   3.561e-06   5.851e-05   0.0005128      0.0423    DFNCND1
sram_din_ff_reg[57]                 8e+07         1.6e+07  0.0004508   3.537e-06   5.851e-05   0.0005128      0.0423    DFNCND1
sram_din_ff_reg[19]                 8e+07         1.6e+07  0.0004508   3.579e-06   5.851e-05   0.0005128     0.04229    DFNCND1
sram_addr_ff_reg[2]                 8e+07         1.6e+07  0.0004508   3.535e-06   5.851e-05   0.0005128     0.04229    DFNCND1
sram_din_ff_reg[34]                 8e+07         1.6e+07  0.0004508   3.485e-06   5.851e-05   0.0005128     0.04229    DFNCND1
sram_din_ff_reg[58]                 8e+07         1.6e+07  0.0004508   3.472e-06   5.851e-05   0.0005128     0.04229    DFNCND1
sram_din_ff_reg[52]                 8e+07         1.6e+07  0.0004508   3.458e-06   5.851e-05   0.0005128     0.04229    DFNCND1
sram_din_ff_reg[53]                 8e+07         1.6e+07  0.0004508   3.474e-06   5.851e-05   0.0005128     0.04229    DFNCND1
sram_din_ff_reg[15]                 8e+07         1.6e+07  0.0004508   3.446e-06   5.851e-05   0.0005128     0.04229    DFNCND1
sram_din_ff_reg[32]                 8e+07         1.6e+07  0.0004508   3.435e-06   5.851e-05   0.0005127     0.04229    DFNCND1
sram_din_ff_reg[24]                 8e+07         1.6e+07  0.0004508   3.446e-06   5.851e-05   0.0005127     0.04229    DFNCND1
sram_din_ff_reg[35]                 8e+07         1.6e+07  0.0004508   3.412e-06   5.851e-05   0.0005127     0.04228    DFNCND1
sram_din_ff_reg[31]                 8e+07         1.6e+07  0.0004508   3.399e-06   5.851e-05   0.0005127     0.04228    DFNCND1
sram_din_ff_reg[50]                 8e+07         1.6e+07  0.0004508    3.33e-06   5.851e-05   0.0005126     0.04228    DFNCND1
sram_din_ff_reg[48]                 8e+07         1.6e+07  0.0004508   3.251e-06   5.851e-05   0.0005125     0.04227    DFNCND1
sram_addr_ff_reg[3]                 8e+07         1.6e+07  0.0004508   3.236e-06   5.851e-05   0.0005125     0.04227    DFNCND1
sram_addr_ff_reg[1]                 8e+07         1.6e+07  0.0004508   3.216e-06   5.851e-05   0.0005125     0.04227    DFNCND1
sram_din_ff_reg[41]                 8e+07         1.6e+07  0.0004508    3.15e-06   5.851e-05   0.0005124     0.04226    DFNCND1
sram_din_ff_reg[42]                 8e+07         1.6e+07  0.0004508    3.15e-06   5.851e-05   0.0005124     0.04226    DFNCND1
sram_din_ff_reg[51]                 8e+07         1.6e+07  0.0004508   3.106e-06   5.851e-05   0.0005124     0.04226    DFNCND1
sram_din_ff_reg[36]                 8e+07         1.6e+07  0.0004508   3.112e-06   5.851e-05   0.0005124     0.04226    DFNCND1
sram_din_ff_reg[49]                 8e+07         1.6e+07  0.0004508   3.107e-06   5.851e-05   0.0005124     0.04226    DFNCND1
sram_din_ff_reg[47]                 8e+07         1.6e+07  0.0004508   3.108e-06   5.851e-05   0.0005124     0.04226    DFNCND1
sram_din_ff_reg[46]                 8e+07         1.6e+07  0.0004508   3.108e-06   5.851e-05   0.0005124     0.04226    DFNCND1
sram_din_ff_reg[30]                 8e+07         1.6e+07  0.0004508   3.068e-06   5.851e-05   0.0005123     0.04225    DFNCND1
sram_din_ff_reg[40]                 8e+07         1.6e+07  0.0004508   3.067e-06   5.851e-05   0.0005123     0.04225    DFNCND1
sram_din_ff_reg[39]                 8e+07         1.6e+07  0.0004508   3.054e-06   5.851e-05   0.0005123     0.04225    DFNCND1
sram_addr_ff_reg[7]                 8e+07         1.6e+07  0.0004508   2.957e-06   5.851e-05   0.0005122     0.04224    DFNCND1
sram_addr_ff_reg[5]                 8e+07         1.6e+07  0.0004508   2.849e-06   5.851e-05   0.0005121     0.04224    DFNCND1
sram_din_ff_reg[28]                 8e+07         1.6e+07  0.0004507    2.85e-06   5.851e-05   0.0005121     0.04223    DFNCND1
sram_din_ff_reg[27]                 8e+07         1.6e+07  0.0004508    2.71e-06   5.851e-05    0.000512     0.04222    DFNCND1
sram_din_ff_reg[38]                 8e+07         1.6e+07  0.0004508   2.705e-06   5.851e-05    0.000512     0.04222    DFNCND1
sram_din_ff_reg[54]                 8e+07         1.6e+07  0.0004508   2.644e-06   5.851e-05   0.0005119     0.04222    DFNCND1
sram_din_ff_reg[45]                 8e+07         1.6e+07  0.0004508   2.665e-06   5.851e-05   0.0005119     0.04222    DFNCND1
sram_din_ff_reg[8]                  8e+07         1.6e+07  0.0004508   2.648e-06   5.851e-05   0.0005119     0.04222    DFNCND1
sram_din_ff_reg[44]                 8e+07         1.6e+07  0.0004508   2.651e-06   5.851e-05   0.0005119     0.04222    DFNCND1
sram_din_ff_reg[43]                 8e+07         1.6e+07  0.0004508   2.651e-06   5.851e-05   0.0005119     0.04222    DFNCND1
sram_din_ff_reg[37]                 8e+07         1.6e+07  0.0004508   2.569e-06   5.851e-05   0.0005118     0.04221    DFNCND1
sram_din_ff_reg[60]                 8e+07         1.6e+07  0.0004507   2.564e-06   5.851e-05   0.0005118     0.04221    DFNCND1
sram_din_ff_reg[63]                 8e+07         1.6e+07  0.0004507   2.564e-06   5.851e-05   0.0005118     0.04221    DFNCND1
bus_we_d1_reg                       8e+07         1.6e+07  0.0004398   9.198e-06    5.91e-05   0.0005081      0.0419    DFCND1
bus_waddr_d1_reg[3]                 8e+07           8e+06  0.0004286   3.702e-06   4.676e-05   0.0004791     0.03951    DFCNQD1
bus_waddr_d1_reg[1]                 8e+07           8e+06  0.0004286   3.439e-06   4.676e-05   0.0004788     0.03949    DFCNQD1
bus_waddr_d1_reg[7]                 8e+07           8e+06  0.0004286   3.275e-06   4.676e-05   0.0004787     0.03948    DFCNQD1
bus_waddr_d1_reg[2]                 8e+07           8e+06  0.0004286   3.174e-06   4.676e-05   0.0004786     0.03947    DFCNQD1
bus_waddr_d1_reg[4]                 8e+07           8e+06  0.0004286   3.077e-06   4.676e-05   0.0004785     0.03946    DFCNQD1
bus_waddr_d1_reg[0]                 8e+07           8e+06  0.0004286   2.865e-06   4.676e-05   0.0004783     0.03944    DFCNQD1
bus_waddr_d1_reg[8]                 8e+07           8e+06  0.0004286   2.694e-06   4.676e-05   0.0004781     0.03943    DFCNQD1
bus_waddr_d1_reg[5]                 8e+07           8e+06  0.0004286   2.629e-06   4.676e-05    0.000478     0.03942    DFCNQD1
bus_waddr_d1_reg[6]                 8e+07           8e+06  0.0004286   2.549e-06   4.676e-05   0.0004779     0.03942    DFCNQD1
bus_wbuf_reg[57]                    8e+07           8e+06  0.0003788   1.775e-05   6.867e-05   0.0004653     0.03837    DFXQD1
bus_wbuf_reg[1]                     8e+07           8e+06  0.0003785   1.693e-05   6.867e-05   0.0004641     0.03828    DFXQD1
bus_wbuf_reg[58]                    8e+07           8e+06  0.0003788   1.599e-05   6.867e-05   0.0004635     0.03822    DFXQD1
bus_wbuf_reg[0]                     8e+07           8e+06  0.0003785    1.57e-05   6.867e-05   0.0004629     0.03817    DFXQD1
bus_wbuf_reg[59]                    8e+07           8e+06  0.0003788   1.534e-05   6.867e-05   0.0004628     0.03817    DFXQD1
bus_wbuf_reg[3]                     8e+07           8e+06  0.0003785   1.409e-05   6.867e-05   0.0004612     0.03804    DFXQD1
bus_wbuf_reg[2]                     8e+07           8e+06  0.0003785   1.351e-05   6.867e-05   0.0004607     0.03799    DFXQD1
bus_wbuf_reg[61]                    8e+07           8e+06  0.0003788    1.27e-05   6.867e-05   0.0004602     0.03795    DFXQD1
bus_wbuf_reg[60]                    8e+07           8e+06  0.0003788   1.223e-05   6.867e-05   0.0004597     0.03791    DFXQD1
bus_wbuf_reg[4]                     8e+07           8e+06  0.0003785   1.219e-05   6.867e-05   0.0004593     0.03788    DFXQD1
bus_wbuf_reg[6]                     8e+07           8e+06  0.0003784   1.093e-05   6.867e-05    0.000458     0.03777    DFXQD1
bus_wbuf_reg[63]                    8e+07           8e+06  0.0003788   1.035e-05   6.867e-05   0.0004578     0.03775    DFXQD1
bus_wbuf_reg[7]                     8e+07           8e+06  0.0003785   1.048e-05   6.867e-05   0.0004576     0.03774    DFXQD1
bus_wbuf_reg[62]                    8e+07           8e+06  0.0003787    9.78e-06   6.867e-05   0.0004572      0.0377    DFXQD1
bus_wbuf_reg[56]                    8e+07           8e+06  0.0003787   9.529e-06   6.867e-05   0.0004569     0.03768    DFXQD1
bus_wbuf_reg[5]                     8e+07           8e+06  0.0003784   9.488e-06   6.867e-05   0.0004566     0.03765    DFXQD1
bus_wbuf_reg[17]                    8e+07           8e+06   0.000379   8.565e-06   6.867e-05   0.0004563     0.03763    DFXQD1
bus_wbuf_reg[18]                    8e+07           8e+06   0.000379   8.539e-06   6.867e-05   0.0004562     0.03763    DFXQD1
bus_wbuf_reg[8]                     8e+07           8e+06  0.0003792   8.083e-06   6.867e-05    0.000456     0.03761    DFXQD1
bus_wbuf_reg[15]                    8e+07           8e+06  0.0003792   7.495e-06   6.867e-05   0.0004554     0.03756    DFXQD1
bus_wbuf_reg[9]                     8e+07           8e+06  0.0003792   7.449e-06   6.867e-05   0.0004553     0.03755    DFXQD1
bus_wbuf_reg[11]                    8e+07           8e+06  0.0003792   7.412e-06   6.867e-05   0.0004553     0.03755    DFXQD1
bus_wbuf_reg[13]                    8e+07           8e+06  0.0003792   7.226e-06   6.867e-05   0.0004551     0.03753    DFXQD1
bus_wbuf_reg[27]                    8e+07           8e+06   0.000379   7.278e-06   6.867e-05    0.000455     0.03752    DFXQD1
bus_wbuf_reg[31]                    8e+07           8e+06   0.000379   7.255e-06   6.867e-05    0.000455     0.03752    DFXQD1
bus_wbuf_reg[12]                    8e+07           8e+06  0.0003792   6.973e-06   6.867e-05   0.0004548     0.03751    DFXQD1
bus_wbuf_reg[10]                    8e+07           8e+06  0.0003792   6.952e-06   6.867e-05   0.0004548     0.03751    DFXQD1
bus_wbuf_reg[22]                    8e+07           8e+06   0.000379   7.135e-06   6.867e-05   0.0004548     0.03751    DFXQD1
bus_wbuf_reg[20]                    8e+07           8e+06   0.000379   7.136e-06   6.867e-05   0.0004548     0.03751    DFXQD1
bus_wbuf_reg[23]                    8e+07           8e+06   0.000379   7.014e-06   6.867e-05   0.0004547      0.0375    DFXQD1
bus_wbuf_reg[21]                    8e+07           8e+06   0.000379   7.008e-06   6.867e-05   0.0004547      0.0375    DFXQD1
bus_wbuf_reg[29]                    8e+07           8e+06   0.000379   6.939e-06   6.867e-05   0.0004546     0.03749    DFXQD1
bus_wbuf_reg[25]                    8e+07           8e+06   0.000379   6.927e-06   6.867e-05   0.0004546     0.03749    DFXQD1
bus_wbuf_reg[16]                    8e+07           8e+06   0.000379   6.838e-06   6.867e-05   0.0004545     0.03748    DFXQD1
bus_wbuf_reg[26]                    8e+07           8e+06   0.000379   6.754e-06   6.867e-05   0.0004544     0.03748    DFXQD1
bus_wbuf_reg[14]                    8e+07           8e+06  0.0003792   6.418e-06   6.867e-05   0.0004543     0.03747    DFXQD1
bus_wbuf_reg[24]                    8e+07           8e+06   0.000379   6.487e-06   6.867e-05   0.0004542     0.03746    DFXQD1
bus_wbuf_reg[19]                    8e+07           8e+06   0.000379    6.49e-06   6.867e-05   0.0004541     0.03745    DFXQD1
bus_wbuf_reg[28]                    8e+07           8e+06   0.000379   6.404e-06   6.867e-05   0.0004541     0.03745    DFXQD1
bus_wbuf_reg[30]                    8e+07           8e+06   0.000379   6.337e-06   6.867e-05    0.000454     0.03744    DFXQD1
bus_wbuf_reg[53]                    8e+07           8e+06  0.0003781   9.841e-06   6.345e-05   0.0004514     0.03723    DFXQD1
bus_wbuf_reg[54]                    8e+07           8e+06  0.0003781   9.836e-06   6.345e-05   0.0004514     0.03723    DFXQD1
bus_wbuf_reg[47]                    8e+07           8e+06  0.0003788   8.665e-06   6.345e-05   0.0004509     0.03719    DFXQD1
bus_wbuf_reg[51]                    8e+07           8e+06  0.0003781   9.332e-06   6.345e-05   0.0004509     0.03719    DFXQD1
bus_wbuf_reg[41]                    8e+07           8e+06  0.0003788   8.595e-06   6.345e-05   0.0004509     0.03718    DFXQD1
bus_wbuf_reg[50]                    8e+07           8e+06  0.0003781   9.082e-06   6.345e-05   0.0004506     0.03716    DFXQD1
bus_wbuf_reg[43]                    8e+07           8e+06  0.0003788   8.287e-06   6.345e-05   0.0004505     0.03716    DFXQD1
bus_wbuf_reg[46]                    8e+07           8e+06  0.0003788   8.174e-06   6.345e-05   0.0004504     0.03715    DFXQD1
bus_wbuf_reg[48]                    8e+07           8e+06  0.0003781   8.499e-06   6.345e-05     0.00045     0.03712    DFXQD1
bus_wbuf_reg[52]                    8e+07           8e+06  0.0003781   8.486e-06   6.345e-05     0.00045     0.03711    DFXQD1
bus_wbuf_reg[55]                    8e+07           8e+06  0.0003781   8.459e-06   6.345e-05     0.00045     0.03711    DFXQD1
bus_wbuf_reg[32]                    8e+07           8e+06  0.0003783   8.259e-06   6.345e-05     0.00045     0.03711    DFXQD1
bus_wbuf_reg[45]                    8e+07           8e+06  0.0003788   7.683e-06   6.345e-05   0.0004499     0.03711    DFXQD1
bus_wbuf_reg[44]                    8e+07           8e+06  0.0003788   7.591e-06   6.345e-05   0.0004498      0.0371    DFXQD1
bus_wbuf_reg[42]                    8e+07           8e+06  0.0003788   7.521e-06   6.345e-05   0.0004498     0.03709    DFXQD1
bus_wbuf_reg[35]                    8e+07           8e+06  0.0003783   7.805e-06   6.345e-05   0.0004495     0.03707    DFXQD1
bus_wbuf_reg[40]                    8e+07           8e+06  0.0003788     7.2e-06   6.345e-05   0.0004494     0.03706    DFXQD1
bus_wbuf_reg[38]                    8e+07           8e+06  0.0003783    7.69e-06   6.345e-05   0.0004494     0.03706    DFXQD1
bus_wbuf_reg[36]                    8e+07           8e+06  0.0003783   7.666e-06   6.345e-05   0.0004494     0.03706    DFXQD1
bus_wbuf_reg[37]                    8e+07           8e+06  0.0003783   7.527e-06   6.345e-05   0.0004492     0.03705    DFXQD1
bus_wbuf_reg[34]                    8e+07           8e+06  0.0003783   7.457e-06   6.345e-05   0.0004492     0.03704    DFXQD1
bus_wbuf_reg[33]                    8e+07           8e+06  0.0003783   7.387e-06   6.345e-05   0.0004491     0.03704    DFXQD1
bus_wbuf_reg[39]                    8e+07           8e+06  0.0003783     7.2e-06   6.345e-05   0.0004489     0.03702    DFXQD1
bus_wbuf_reg[49]                    8e+07           8e+06  0.0003781   7.193e-06   6.345e-05   0.0004487     0.03701    DFXQD1
sram_cen_ff_reg                     8e+07         1.6e+07  0.0003721   6.218e-06   7.014e-05   0.0004485     0.03699    DFNSND1
FE_OFC2_bus_we_d1                   8e+06           8e+06  2.097e-05   0.0003043   3.311e-05   0.0003583     0.02955    BUFFD2
FE_OFC1_tpu_re                      8e+06           8e+06  1.305e-05   0.0001412   1.908e-05   0.0001733     0.01429    CKBD1
FE_OFC0_rstn                        8e+06           8e+06  1.266e-05   0.0001116   1.908e-05   0.0001433     0.01182    CKBD1
FE_OFC10_sram_addr_1                1e+07           1e+07  1.574e-05   0.0001036   1.908e-05   0.0001384     0.01141    CKBD1
FE_OFC11_sram_addr_0                1e+07           1e+07  1.578e-05    0.000103   1.908e-05   0.0001378     0.01137    CKBD1
FE_OFC9_sram_addr_2                 1e+07           1e+07  1.574e-05   0.0001014   1.908e-05   0.0001362     0.01124    CKBD1
FE_OFC7_sram_addr_4                 1e+07           1e+07  1.574e-05    9.86e-05   1.908e-05   0.0001334       0.011    CKBD1
FE_OFC8_sram_addr_3                 1e+07           1e+07  1.572e-05   9.525e-05   1.908e-05   0.0001301     0.01073    CKBD1
FE_OFC6_sram_addr_5                 1e+07           1e+07  1.573e-05   9.008e-05   1.908e-05   0.0001249      0.0103    CKBD1
FE_OFC5_sram_addr_6                 1e+07           1e+07  1.573e-05   8.409e-05   1.908e-05   0.0001189    0.009806    CKBD1
FE_OFC4_sram_addr_7                 1e+07           1e+07   1.58e-05   7.738e-05   1.908e-05   0.0001123    0.009259    CKBD1
FE_OFC3_sram_addr_8                 1e+07           1e+07  1.572e-05    7.12e-05   1.908e-05    0.000106    0.008742    CKBD1
p23572A3363__7098                   8e+06           4e+06   6.38e-06   4.457e-05   1.918e-05   7.013e-05    0.005784    NR2D2
p23616A__6783                       8e+06           4e+06  9.231e-06   4.544e-05   1.188e-05   6.655e-05    0.005488    IND2D1
p23566A3367__6161                   8e+06           4e+06  3.033e-06   3.648e-05   7.947e-06   4.746e-05    0.003914    NR2XD0
Fp23597A                            8e+06           8e+06  2.947e-06   3.783e-05   3.713e-06   4.449e-05    0.003669    CKND0
p11362A3056__5107                   8e+06           1e+07  2.209e-05   8.341e-06   1.268e-05   4.311e-05    0.003556    MOAI22D0
p23649A__8246                       8e+06           4e+06  3.358e-06   3.204e-05   7.621e-06   4.302e-05    0.003548    ND2D1
p23572A__5122                       8e+06           4e+06  3.558e-06   2.986e-05    9.03e-06   4.244e-05      0.0035    NR2D1
p11189A__1617                       8e+06           8e+06  1.033e-05   2.278e-05   8.934e-06   4.204e-05    0.003467    OR2D0
p11362A3060__5526                   8e+06           1e+07   2.21e-05   6.379e-06   1.268e-05   4.117e-05    0.003395    MOAI22D0
p11362A3057__6260                   8e+06           1e+07  2.205e-05   6.148e-06   1.268e-05   4.088e-05    0.003371    MOAI22D0
p11362A3059__8428                   8e+06           1e+07  2.206e-05   5.796e-06   1.268e-05   4.054e-05    0.003343    MOAI22D0
p11362A__2398                       8e+06           1e+07  2.207e-05   5.435e-06   1.268e-05   4.019e-05    0.003314    MOAI22D0
p11362A3062__3680                   8e+06           1e+07  2.207e-05   5.303e-06   1.268e-05   4.005e-05    0.003303    MOAI22D0
p11362A3058__4319                   8e+06           1e+07  2.208e-05   5.048e-06   1.268e-05   3.981e-05    0.003283    MOAI22D0
p11362A3061__6783                   8e+06           1e+07  2.209e-05    4.96e-06   1.268e-05   3.973e-05    0.003277    MOAI22D0
p11362A3063__1617                   8e+06           1e+07  2.208e-05   4.924e-06   1.268e-05   3.968e-05    0.003273    MOAI22D0
p23543A__3680                       8e+06           6e+06  8.932e-06    1.99e-05   8.321e-06   3.716e-05    0.003064    IND2D0
p23658A3365__4733                   8e+06           4e+06  2.019e-06   2.896e-05   3.105e-06   3.408e-05    0.002811    CKND2D0
p23658A__5115                       8e+06           4e+06  2.068e-06   2.626e-05   3.105e-06   3.144e-05    0.002593    CKND2D0
p23649A3364__6131                   8e+06           4e+06  2.073e-06   2.572e-05   3.105e-06    3.09e-05    0.002548    CKND2D0
p23566A__1881                       8e+06           6e+06  3.065e-06   2.429e-05   3.373e-06   3.073e-05    0.002534    CKND2D0
p11422A3245__1617                   8e+06           8e+06  9.361e-06   1.347e-05   7.844e-06   3.067e-05    0.002529    CKAN2D0
p23529A__9945                       8e+06           8e+06  1.036e-05   9.502e-06   9.447e-06   2.931e-05    0.002417    INR2D0
p11168A__2802                       8e+06           8e+06  1.021e-05   8.603e-06   9.447e-06   2.826e-05     0.00233    INR2D0
p11422A3218__2802                   8e+06           8e+06  9.314e-06    8.29e-06   7.844e-06   2.545e-05    0.002099    CKAN2D0
p11422A3261__1666                   8e+06           8e+06   9.29e-06    8.31e-06   7.844e-06   2.544e-05    0.002098    CKAN2D0
p11422A3203__9945                   8e+06           8e+06  9.309e-06   8.105e-06   7.844e-06   2.526e-05    0.002083    CKAN2D0
p11422A3257__9315                   8e+06           8e+06  9.312e-06   7.824e-06   7.844e-06   2.498e-05     0.00206    CKAN2D0
p11422A3213__8428                   8e+06           8e+06  9.277e-06   7.675e-06   7.844e-06    2.48e-05    0.002045    CKAN2D0
p23607A__7482                       8e+06           6e+06  9.045e-06   7.179e-06   8.187e-06   2.441e-05    0.002013    INR2D0
p11422A3224__1881                   8e+06           8e+06  9.289e-06   7.245e-06   7.844e-06   2.438e-05     0.00201    CKAN2D0
p11422A3260__2346                   8e+06           8e+06  9.277e-06   6.805e-06   7.844e-06   2.393e-05    0.001973    CKAN2D0
p11422A3215__6783                   8e+06           8e+06  9.282e-06   6.721e-06   7.844e-06   2.385e-05    0.001967    CKAN2D0
p11608A3086__8428                   8e+06           8e+06  4.335e-06   1.481e-05   4.646e-06    2.38e-05    0.001962    NR2D0
p11422A3220__5122                   8e+06           8e+06  9.306e-06   6.434e-06   7.844e-06   2.358e-05    0.001945    CKAN2D0
p11422A3244__3680                   8e+06           8e+06    9.3e-06    5.99e-06   7.844e-06   2.313e-05    0.001908    CKAN2D0
p11422A3258__9945                   8e+06           8e+06  9.275e-06   5.818e-06   7.844e-06   2.294e-05    0.001892    CKAN2D0
p11422A3201__6161                   8e+06           8e+06  9.267e-06   5.774e-06   7.844e-06   2.289e-05    0.001887    CKAN2D0
p11422A3222__7098                   8e+06           8e+06  9.292e-06   5.589e-06   7.844e-06   2.273e-05    0.001874    CKAN2D0
p11422A3259__2883                   8e+06           8e+06  9.265e-06   5.029e-06   7.844e-06   2.214e-05    0.001826    CKAN2D0
p11422A3205__2346                   8e+06           8e+06  9.248e-06   4.953e-06   7.844e-06   2.205e-05    0.001818    CKAN2D0
p11422A3223__6131                   8e+06           8e+06  9.275e-06   4.853e-06   7.844e-06   2.197e-05    0.001812    CKAN2D0
p11422A3255__4733                   8e+06           8e+06  9.242e-06   4.687e-06   7.844e-06   2.177e-05    0.001796    CKAN2D0
p11422A3263__6417                   8e+06           8e+06  9.239e-06   4.663e-06   7.844e-06   2.175e-05    0.001793    CKAN2D0
p11422A3247__1705                   8e+06           8e+06  9.272e-06   4.606e-06   7.844e-06   2.172e-05    0.001791    CKAN2D0
p11422A3250__7098                   8e+06           8e+06   9.27e-06   4.607e-06   7.844e-06   2.172e-05    0.001791    CKAN2D0
p11422A3266__5107                   8e+06           8e+06  9.234e-06     4.6e-06   7.844e-06   2.168e-05    0.001788    CKAN2D0
p11422A3219__1705                   8e+06           8e+06  9.267e-06    4.55e-06   7.844e-06   2.166e-05    0.001786    CKAN2D0
p11608A3083__5107                   8e+06           8e+06  4.318e-06   1.267e-05   4.646e-06   2.164e-05    0.001785    NR2D0
p11422A__7482                       8e+06           8e+06  9.263e-06   4.528e-06   7.844e-06   2.164e-05    0.001784    CKAN2D0
p11422A3200__4733                   8e+06           8e+06  9.258e-06   4.512e-06   7.844e-06   2.161e-05    0.001783    CKAN2D0
p11608A__2802                       8e+06           8e+06  4.315e-06   1.265e-05   4.646e-06   2.161e-05    0.001782    NR2D0
p11422A3232__2346                   8e+06           8e+06  9.265e-06    4.47e-06   7.844e-06   2.158e-05     0.00178    CKAN2D0
p11422A3230__9945                   8e+06           8e+06  9.264e-06    4.47e-06   7.844e-06   2.158e-05     0.00178    CKAN2D0
p11422A3204__2883                   8e+06           8e+06  9.264e-06   4.465e-06   7.844e-06   2.157e-05    0.001779    CKAN2D0
p11422A3221__8246                   8e+06           8e+06  9.266e-06   4.458e-06   7.844e-06   2.157e-05    0.001779    CKAN2D0
p11422A3225__5115                   8e+06           8e+06  9.265e-06   4.459e-06   7.844e-06   2.157e-05    0.001779    CKAN2D0
p11422A3211__6260                   8e+06           8e+06  9.262e-06   4.457e-06   7.844e-06   2.156e-05    0.001778    CKAN2D0
p11422A3237__2398                   8e+06           8e+06  9.267e-06   4.451e-06   7.844e-06   2.156e-05    0.001778    CKAN2D0
p11422A3212__4319                   8e+06           8e+06  9.261e-06   4.457e-06   7.844e-06   2.156e-05    0.001778    CKAN2D0
p11422A3227__4733                   8e+06           8e+06  9.265e-06   4.448e-06   7.844e-06   2.156e-05    0.001778    CKAN2D0
p11422A3238__5107                   8e+06           8e+06  9.265e-06    4.39e-06   7.844e-06    2.15e-05    0.001773    CKAN2D0
p11422A3214__5526                   8e+06           8e+06  9.265e-06   4.385e-06   7.844e-06   2.149e-05    0.001773    CKAN2D0
p11422A3202__9315                   8e+06           8e+06  9.267e-06   4.371e-06   7.844e-06   2.148e-05    0.001772    CKAN2D0
p11422A3270__5526                   8e+06           8e+06  9.264e-06   4.368e-06   7.844e-06   2.148e-05    0.001771    CKAN2D0
p11422A3241__8428                   8e+06           8e+06  9.266e-06    4.36e-06   7.844e-06   2.147e-05    0.001771    CKAN2D0
p11422A3243__6783                   8e+06           8e+06  9.264e-06   4.354e-06   7.844e-06   2.146e-05     0.00177    CKAN2D0
p11774A3256__6161                   8e+06           8e+06   9.43e-06   4.124e-06   7.844e-06    2.14e-05    0.001765    CKAN2D0
p11422A3235__6417                   8e+06           8e+06  9.262e-06    4.29e-06   7.844e-06    2.14e-05    0.001765    CKAN2D0
p11608A3080__6417                   8e+06           8e+06  4.314e-06   1.243e-05   4.646e-06   2.139e-05    0.001764    NR2D0
p11774A3262__7410                   8e+06           8e+06  9.423e-06   4.093e-06   7.844e-06   2.136e-05    0.001762    CKAN2D0
p11422A3231__2883                   8e+06           8e+06   9.26e-06   4.224e-06   7.844e-06   2.133e-05    0.001759    CKAN2D0
p11608A3074__9315                   8e+06           8e+06  4.315e-06   1.236e-05   4.646e-06   2.133e-05    0.001759    NR2D0
p11774A__5477                       8e+06           8e+06  9.421e-06   4.032e-06   7.844e-06    2.13e-05    0.001756    CKAN2D0
p11422A3239__6260                   8e+06           8e+06  9.262e-06   4.185e-06   7.844e-06   2.129e-05    0.001756    CKAN2D0
p11422A3249__8246                   8e+06           8e+06   9.26e-06   4.138e-06   7.844e-06   2.124e-05    0.001752    CKAN2D0
p11608A3082__2398                   8e+06           8e+06   4.31e-06   1.224e-05   4.646e-06   2.119e-05    0.001748    NR2D0
p11422A3242__5526                   8e+06           8e+06  9.254e-06   4.096e-06   7.844e-06   2.119e-05    0.001748    CKAN2D0
p11422A3216__3680                   8e+06           8e+06  9.259e-06   4.045e-06   7.844e-06   2.115e-05    0.001744    CKAN2D0
p11422A3228__6161                   8e+06           8e+06  9.252e-06   4.046e-06   7.844e-06   2.114e-05    0.001744    CKAN2D0
p11608A3068__6131                   8e+06           8e+06   4.31e-06   1.216e-05   4.646e-06   2.112e-05    0.001742    NR2D0
p11608A3077__2346                   8e+06           8e+06   4.31e-06   1.216e-05   4.646e-06   2.111e-05    0.001741    NR2D0
p11422A3217__1617                   8e+06           8e+06  9.253e-06   3.985e-06   7.844e-06   2.108e-05    0.001739    CKAN2D0
p11422A3253__5115                   8e+06           8e+06  9.261e-06   3.968e-06   7.844e-06   2.107e-05    0.001738    CKAN2D0
p11774A3267__6260                   8e+06           8e+06  9.421e-06   3.801e-06   7.844e-06   2.107e-05    0.001737    CKAN2D0
p11422A3233__1666                   8e+06           8e+06  9.254e-06   3.966e-06   7.844e-06   2.106e-05    0.001737    CKAN2D0
p11774A3264__5477                   8e+06           8e+06  9.419e-06   3.717e-06   7.844e-06   2.098e-05     0.00173    CKAN2D0
p11422A3210__5107                   8e+06           8e+06  9.244e-06   3.857e-06   7.844e-06   2.095e-05    0.001727    CKAN2D0
p11774A3268__4319                   8e+06           8e+06  9.417e-06   3.681e-06   7.844e-06   2.094e-05    0.001727    CKAN2D0
p11608A3076__2883                   8e+06           8e+06  4.319e-06   1.191e-05   4.646e-06   2.087e-05    0.001721    NR2D0
p11422A3226__7482                   8e+06           8e+06  9.246e-06   3.778e-06   7.844e-06   2.087e-05    0.001721    CKAN2D0
p11774A3265__2398                   8e+06           8e+06  9.413e-06   3.604e-06   7.844e-06   2.086e-05     0.00172    CKAN2D0
p11422A3229__9315                   8e+06           8e+06  9.247e-06   3.739e-06   7.844e-06   2.083e-05    0.001718    CKAN2D0
p11774A3234__7410                   8e+06           8e+06   9.41e-06    3.49e-06   7.844e-06   2.074e-05    0.001711    CKAN2D0
p11422A3240__4319                   8e+06           8e+06  9.243e-06   3.642e-06   7.844e-06   2.073e-05     0.00171    CKAN2D0
p11422A3252__1881                   8e+06           8e+06  9.248e-06   3.599e-06   7.844e-06   2.069e-05    0.001706    CKAN2D0
p11774A3269__8428                   8e+06           8e+06  9.403e-06     3.4e-06   7.844e-06   2.065e-05    0.001703    CKAN2D0
p11608A3067__7098                   8e+06           8e+06  4.306e-06   1.168e-05   4.646e-06   2.063e-05    0.001701    NR2D0
p11422A3207__7410                   8e+06           8e+06  9.241e-06   3.534e-06   7.844e-06   2.062e-05      0.0017    CKAN2D0
p11422A3236__5477                   8e+06           8e+06  9.247e-06   3.489e-06   7.844e-06   2.058e-05    0.001697    CKAN2D0
p11422A3254__7482                   8e+06           8e+06  9.246e-06   3.476e-06   7.844e-06   2.057e-05    0.001696    CKAN2D0
p11422A3251__6131                   8e+06           8e+06  9.245e-06    3.36e-06   7.844e-06   2.045e-05    0.001686    CKAN2D0
p11608A3122__8246                   8e+06           8e+06  4.321e-06   1.146e-05   4.646e-06   2.042e-05    0.001684    NR2D0
p11422A3206__1666                   8e+06           8e+06   9.23e-06    3.35e-06   7.844e-06   2.042e-05    0.001684    CKAN2D0
p11422A3248__5122                   8e+06           8e+06  9.245e-06   3.326e-06   7.844e-06   2.042e-05    0.001684    CKAN2D0
p11422A3246__2802                   8e+06           8e+06  9.246e-06   3.297e-06   7.844e-06   2.039e-05    0.001681    CKAN2D0
p11608A3117__3680                   8e+06           8e+06  4.423e-06   1.124e-05   4.646e-06   2.031e-05    0.001675    NR2D0
p11422A3209__2398                   8e+06           8e+06  9.233e-06   3.152e-06   7.844e-06   2.023e-05    0.001668    CKAN2D0
p11422A3208__6417                   8e+06           8e+06  9.229e-06   3.152e-06   7.844e-06   2.023e-05    0.001668    CKAN2D0
p11608A3119__2802                   8e+06           8e+06  4.304e-06   1.118e-05   4.646e-06   2.013e-05     0.00166    NR2D0
p11608A3125__1881                   8e+06           8e+06  4.314e-06   1.115e-05   4.646e-06   2.011e-05    0.001659    NR2D0
p11608A3120__1705                   8e+06           8e+06  4.318e-06    1.11e-05   4.646e-06   2.006e-05    0.001655    NR2D0
p11608A3065__5122                   8e+06           8e+06   4.31e-06   1.109e-05   4.646e-06   2.004e-05    0.001653    NR2D0
p11608A3126__5115                   8e+06           8e+06  4.314e-06   1.098e-05   4.646e-06   1.994e-05    0.001644    NR2D0
p11608A3116__6783                   8e+06           8e+06  4.424e-06   1.086e-05   4.646e-06   1.994e-05    0.001644    NR2D0
p11608A3088__6783                   8e+06           8e+06  4.292e-06   1.089e-05   4.646e-06   1.983e-05    0.001635    NR2D0
p11608A3103__9945                   8e+06           8e+06  4.432e-06   1.075e-05   4.646e-06   1.983e-05    0.001635    NR2D0
p11608A3070__5115                   8e+06           8e+06  4.312e-06   1.078e-05   4.646e-06   1.974e-05    0.001628    NR2D0
p11608A3085__4319                   8e+06           8e+06  4.295e-06   1.067e-05   4.646e-06   1.961e-05    0.001617    NR2D0
p11608A3089__3680                   8e+06           8e+06   4.29e-06   1.063e-05   4.646e-06   1.956e-05    0.001614    NR2D0
p11608A3114__8428                   8e+06           8e+06  4.431e-06   1.016e-05   4.646e-06   1.924e-05    0.001587    NR2D0
p11608A3123__7098                   8e+06           8e+06  4.305e-06   1.027e-05   4.646e-06   1.922e-05    0.001585    NR2D0
p11608A3064__1705                   8e+06           8e+06  4.301e-06   1.021e-05   4.646e-06   1.916e-05     0.00158    NR2D0
p11608A3078__1666                   8e+06           8e+06  4.434e-06   9.943e-06   4.646e-06   1.902e-05    0.001569    NR2D0
p11608A3092__1705                   8e+06           8e+06    4.3e-06   1.003e-05   4.646e-06   1.898e-05    0.001565    NR2D0
p11608A3106__1666                   8e+06           8e+06  4.428e-06   9.861e-06   4.646e-06   1.894e-05    0.001562    NR2D0
p11608A3097__1881                   8e+06           8e+06  4.315e-06   9.776e-06   4.646e-06   1.874e-05    0.001545    NR2D0
p11608A3071__7482                   8e+06           8e+06  4.304e-06   9.738e-06   4.646e-06   1.869e-05    0.001541    NR2D0
p11608A3109__5477                   8e+06           8e+06  4.428e-06   9.515e-06   4.646e-06   1.859e-05    0.001533    NR2D0
p23533A__1705                       8e+06           8e+06  4.135e-06   1.047e-05    3.91e-06   1.851e-05    0.001527    CKND2D0
p11608A3091__2802                   8e+06           8e+06  4.291e-06   9.509e-06   4.646e-06   1.845e-05    0.001521    NR2D0
p11608A3095__7098                   8e+06           8e+06   4.44e-06   9.109e-06   4.646e-06    1.82e-05    0.001501    NR2D0
p11608A3066__8246                   8e+06           8e+06  4.446e-06   9.096e-06   4.646e-06   1.819e-05      0.0015    NR2D0
p11608A3113__4319                   8e+06           8e+06  4.438e-06   9.085e-06   4.646e-06   1.817e-05    0.001498    NR2D0
p11608A3073__6161                   8e+06           8e+06   4.29e-06   9.194e-06   4.646e-06   1.813e-05    0.001495    NR2D0
p11608A3093__5122                   8e+06           8e+06  4.447e-06   8.922e-06   4.646e-06   1.802e-05    0.001486    NR2D0
p11608A3105__2346                   8e+06           8e+06  4.447e-06   8.847e-06   4.646e-06   1.794e-05     0.00148    NR2D0
p11608A3081__5477                   8e+06           8e+06  4.446e-06    8.81e-06   4.646e-06    1.79e-05    0.001476    NR2D0
p11608A3098__5115                   8e+06           8e+06  4.305e-06   8.867e-06   4.646e-06   1.782e-05     0.00147    NR2D0
p11608A3094__8246                   8e+06           8e+06  4.303e-06   8.804e-06   4.646e-06   1.775e-05    0.001464    NR2D0
p11608A3084__6260                   8e+06           8e+06  4.446e-06   8.647e-06   4.646e-06   1.774e-05    0.001463    NR2D0
p11608A3100__4733                   8e+06           8e+06  4.447e-06   8.635e-06   4.646e-06   1.773e-05    0.001462    NR2D0
p11608A3079__7410                   8e+06           8e+06  4.443e-06    8.62e-06   4.646e-06   1.771e-05    0.001461    NR2D0
p11608A3096__6131                   8e+06           8e+06   4.45e-06   8.573e-06   4.646e-06   1.767e-05    0.001457    NR2D0
p11608A3110__2398                   8e+06           8e+06  4.446e-06   8.454e-06   4.646e-06   1.755e-05    0.001447    NR2D0
p11608A3121__5122                   8e+06           8e+06  4.446e-06   8.424e-06   4.646e-06   1.752e-05    0.001445    NR2D0
p11608A3107__7410                   8e+06           8e+06  4.452e-06   8.409e-06   4.646e-06   1.751e-05    0.001444    NR2D0
p11608A3111__5107                   8e+06           8e+06  4.305e-06   8.547e-06   4.646e-06    1.75e-05    0.001443    NR2D0
p11608A3090__1617                   8e+06           8e+06   4.45e-06   8.347e-06   4.646e-06   1.744e-05    0.001439    NR2D0
p11608A3099__7482                   8e+06           8e+06  4.452e-06   8.323e-06   4.646e-06   1.742e-05    0.001437    NR2D0
p11608A3087__5526                   8e+06           8e+06   4.45e-06   8.326e-06   4.646e-06   1.742e-05    0.001437    NR2D0
p11608A3072__4733                   8e+06           8e+06  4.448e-06   8.317e-06   4.646e-06   1.741e-05    0.001436    NR2D0
p11608A3115__5526                   8e+06           8e+06  4.446e-06    8.27e-06   4.646e-06   1.736e-05    0.001432    NR2D0
p11608A3101__6161                   8e+06           8e+06   4.45e-06   8.254e-06   4.646e-06   1.735e-05    0.001431    NR2D0
p11608A3124__6131                   8e+06           8e+06  4.447e-06   8.244e-06   4.646e-06   1.734e-05     0.00143    NR2D0
p11608A3108__6417                   8e+06           8e+06   4.45e-06   8.226e-06   4.646e-06   1.732e-05    0.001429    NR2D0
p11608A3102__9315                   8e+06           8e+06  4.451e-06   8.205e-06   4.646e-06    1.73e-05    0.001427    NR2D0
p11608A3069__1881                   8e+06           8e+06  4.449e-06   8.127e-06   4.646e-06   1.722e-05     0.00142    NR2D0
p11608A3118__1617                   8e+06           8e+06   4.45e-06   8.091e-06   4.646e-06   1.719e-05    0.001417    NR2D0
p11608A3104__2883                   8e+06           8e+06  4.452e-06   8.076e-06   4.646e-06   1.718e-05    0.001416    NR2D0
p23639A__9315                       8e+06           6e+06   3.22e-06   9.799e-06   4.047e-06   1.707e-05    0.001408    NR2D0
p11608A3075__9945                   8e+06           8e+06  4.453e-06   7.949e-06   4.646e-06   1.705e-05    0.001406    NR2D0
p11608A3112__6260                   8e+06           8e+06  4.458e-06   7.828e-06   4.646e-06   1.693e-05    0.001396    NR2D0
Fp23701A                            4e+06           4e+06  1.532e-06   2.817e-06   4.594e-06   8.943e-06   0.0007376    CKND0
LTIELO                                  0               0          0           0   7.574e-07   7.574e-07   6.246e-05    TIEL
LTIEHI                                  0               0          0           0   6.934e-07   6.934e-07   5.719e-05    TIEH
----------------------------------------------------------------------------------------------------------------------------
Total                                                         0.7056      0.1181      0.3889       1.213         100    


-----------------------------------------------------------------------------------------
*	Power Distribution Summary: 
*                Highest Average Power:                    u_sram (sram00):            1.135 
*                Highest Leakage Power:                    u_sram (sram00):           0.3784 
*          Total Cap:      3.35935e-11 F
*          Total instances in design:   327
*          Total instances in design with no power:     0
*          Total instances in design with no activity:     0
*          Total Fillers and Decap:     0
-----------------------------------------------------------------------------------------

