*----------------------------------------------------------------------------------------
*	Innovus 21.16-s078_1 (64bit) 12/07/2022 12:07 (Linux 3.10.0-693.el7.x86_64)
*	
*
* 	Date & Time:	2026-Apr-01 00:23:08 (2026-Apr-01 04:23:08 GMT)
*
*----------------------------------------------------------------------------------------
*
*	Design: sram_wrapper
*
*	Liberty Libraries used: 
*	        av_normal_max: /courses/ee6350/pdk2023/T-N65-CM-SP-018-K3_MOM/digital/Front_End/timing_power_noise/NLDM/tcbn65gplus_200a/tcbn65gpluswc.lib
*	        av_normal_max: ../../../SRAM00_gen/sram00_nldm_ss_0p90v_0p90v_125c_syn.lib
*
*	Power Domain used: 
*              Rail:       DVDD      Voltage:        0.9 
*
*       Power View : av_normal_max
*
*       User-Defined Activity : N.A.
*
*       Activity File: N.A.
*
*       Hierarchical Global Activity: N.A.
*
*       Global Activity: N.A.
*
*       Sequential Element Activity: 0.200000
*
*       Primary Input Activity: 0.200000
*
*       Default icg ratio: N.A.
*
*       Global Comb ClockGate Ratio: N.A.
*
*	Power Units = 1mW
*
*	Time Units = 1e-09 secs 
*
*       report_power -outfile ../report/place.power.rpt
*
-----------------------------------------------------------------------------------------


Total Power 
-----------------------------------------------------------------------------------------
Total Internal Power:        0.70555142 	   58.1875%
Total Switching Power:       0.11813433 	    9.7427%
Total Leakage Power:         0.38886224 	   32.0698%
Total Power:                 1.21254799 
-----------------------------------------------------------------------------------------


Group                           Internal   Switching     Leakage       Total  Percentage 
                                Power      Power         Power         Power  (%)        
-----------------------------------------------------------------------------------------
Sequential                       0.06181   0.0009051    0.009091     0.07181       5.922 
Macro                             0.6423      0.1144      0.3784       1.135       93.61 
IO                                     0           0   1.451e-06   1.451e-06   0.0001196 
Combinational                   0.001441    0.002833    0.001356    0.005629      0.4642 
Clock (Combinational)                  0           0           0           0           0 
Clock (Sequential)                     0           0           0           0           0 
-----------------------------------------------------------------------------------------
Total                             0.7056      0.1181      0.3889       1.213         100 
-----------------------------------------------------------------------------------------


Rail                  Voltage   Internal   Switching     Leakage       Total  Percentage 
                                Power      Power         Power         Power  (%)        
-----------------------------------------------------------------------------------------
DVDD                      0.9     0.7056      0.1181      0.3889       1.213         100 


-----------------------------------------------------------------------------------------
*	Power Distribution Summary: 
*                Highest Average Power:                    u_sram (sram00):            1.135 
*                Highest Leakage Power:                    u_sram (sram00):           0.3784 
*          Total Cap:      3.35935e-11 F
*          Total instances in design:   327
*          Total instances in design with no power:     0
*          Total instances in design with no activity:     0
*          Total Fillers and Decap:     0
-----------------------------------------------------------------------------------------

