###############################################################
#  Generated by:      Cadence Innovus 21.16-s078_1
#  OS:                Linux x86_64(Host ID cadpc19)
#  Generated on:      Sun Mar 22 13:39:09 2026
#  Design:            input_idx_controller
#  Command:           add_metal_fill -area 27.4 27.4 72.6 72.6 -on_cell -layers { 1 2 3 4 5 6 7 8 9 10 } -stagger on -square_shape -timing_aware on > ../report/route.addMetalFill.rpt
###############################################################

Iteration name: default
Fill shape type: FILLWIRE
Layer M1 - Fill width    : 0.400um - 2.000um
Layer M1 - Fill length   : 0.400um - 10.000um
Layer M1 - Active spacing: 0.300um
Layer M1 - Gap spacing   : 0.400um
Layer M1 - Window size   : 20um X 20um
Layer M1 - Window step   : 10um X 10um
Layer M1 - Min Density   : 1%
Layer M1 - Pref Density  : 35%
Layer M1 - Max Density   : 90%
Layer M1 - Ext Density   : 35%
Layer M1 - Number of windows (total - met pref density = processed): 16 - 16 = 0
Layer M2 - Fill width    : 0.400um - 2.000um
Layer M2 - Fill length   : 0.400um - 10.000um
Layer M2 - Active spacing: 0.300um
Layer M2 - Gap spacing   : 0.400um
Layer M2 - Window size   : 20um X 20um
Layer M2 - Window step   : 10um X 10um
Layer M2 - Min Density   : 1%
Layer M2 - Pref Density  : 35%
Layer M2 - Max Density   : 90%
Layer M2 - Ext Density   : 35%
Layer M2 - Number of windows (total - met pref density = processed): 16 - 0 = 16
Layer M3 - Fill width    : 0.400um - 2.000um
Layer M3 - Fill length   : 0.400um - 10.000um
Layer M3 - Active spacing: 0.300um
Layer M3 - Gap spacing   : 0.400um
Layer M3 - Window size   : 20um X 20um
Layer M3 - Window step   : 10um X 10um
Layer M3 - Min Density   : 1%
Layer M3 - Pref Density  : 35%
Layer M3 - Max Density   : 90%
Layer M3 - Ext Density   : 35%
Layer M3 - Number of windows (total - met pref density = processed): 16 - 0 = 16
Layer M4 - Fill width    : 0.400um - 2.000um
Layer M4 - Fill length   : 0.400um - 10.000um
Layer M4 - Active spacing: 0.300um
Layer M4 - Gap spacing   : 0.400um
Layer M4 - Window size   : 20um X 20um
Layer M4 - Window step   : 10um X 10um
Layer M4 - Min Density   : 1%
Layer M4 - Pref Density  : 35%
Layer M4 - Max Density   : 90%
Layer M4 - Ext Density   : 35%
Layer M4 - Number of windows (total - met pref density = processed): 16 - 0 = 16
Layer M5 - Fill width    : 0.400um - 2.000um
Layer M5 - Fill length   : 0.400um - 10.000um
Layer M5 - Active spacing: 0.300um
Layer M5 - Gap spacing   : 0.400um
Layer M5 - Window size   : 20um X 20um
Layer M5 - Window step   : 10um X 10um
Layer M5 - Min Density   : 1%
Layer M5 - Pref Density  : 35%
Layer M5 - Max Density   : 90%
Layer M5 - Ext Density   : 35%
Layer M5 - Number of windows (total - met pref density = processed): 16 - 0 = 16
Layer M6 - Fill width    : 0.400um - 2.000um
Layer M6 - Fill length   : 0.400um - 10.000um
Layer M6 - Active spacing: 0.300um
Layer M6 - Gap spacing   : 0.400um
Layer M6 - Window size   : 20um X 20um
Layer M6 - Window step   : 10um X 10um
Layer M6 - Min Density   : 1%
Layer M6 - Pref Density  : 35%
Layer M6 - Max Density   : 90%
Layer M6 - Ext Density   : 35%
Layer M6 - Number of windows (total - met pref density = processed): 16 - 0 = 16
Layer M7 - Fill width    : 0.400um - 2.000um
Layer M7 - Fill length   : 0.400um - 10.000um
Layer M7 - Active spacing: 0.300um
Layer M7 - Gap spacing   : 0.400um
Layer M7 - Window size   : 20um X 20um
Layer M7 - Window step   : 10um X 10um
Layer M7 - Min Density   : 1%
Layer M7 - Pref Density  : 35%
Layer M7 - Max Density   : 90%
Layer M7 - Ext Density   : 35%
Layer M7 - Number of windows (total - met pref density = processed): 16 - 0 = 16
Layer M8 - Fill width    : 2.000um - 2.000um
Layer M8 - Fill length   : 2.000um - 10.000um
Layer M8 - Active spacing: 3.000um
Layer M8 - Gap spacing   : 2.500um
Layer M8 - Window size   : 20um X 20um
Layer M8 - Window step   : 10um X 10um
Layer M8 - Min Density   : 1%
Layer M8 - Pref Density  : 35%
Layer M8 - Max Density   : 90%
Layer M8 - Ext Density   : 35%
Layer M8 - Number of windows (total - met pref density = processed): 16 - 0 = 16
Layer M9 - Fill width    : 3.000um - 3.000um
Layer M9 - Fill length   : 3.000um - 10.000um
Layer M9 - Active spacing: 3.000um
Layer M9 - Gap spacing   : 2.500um
Layer M9 - Window size   : 20um X 20um
Layer M9 - Window step   : 10um X 10um
Layer M9 - Min Density   : 1%
Layer M9 - Pref Density  : 35%
Layer M9 - Max Density   : 90%
Layer M9 - Ext Density   : 35%
Layer M9 - Number of windows (total - met pref density = processed): 16 - 0 = 16
Layer M10 - Fill width    : 3.000um - 3.000um
Layer M10 - Fill length   : 3.000um - 10.000um
Layer M10 - Active spacing: 3.000um
Layer M10 - Gap spacing   : 2.500um
Layer M10 - Window size   : 45um X 45um
Layer M10 - Window step   : 45um X 45um
Layer M10 - Min Density   : 10%
Layer M10 - Pref Density  : 35%
Layer M10 - Max Density   : 70%
Layer M10 - Ext Density   : 35%
Layer M10 - Number of windows (total - met pref density = processed): 1 - 0 = 1

***************Before filling***************

Layer M1 - Number of windows under minimum density (1%): 0 out of total 16.
Layer M1 - Number of windows over maximum density  (90%): 0 out of total 16.

Layer M2 - Number of windows under minimum density (1%): 0 out of total 16.
Layer M2 - Number of windows over maximum density  (90%): 0 out of total 16.

Layer M3 - Number of windows under minimum density (1%): 0 out of total 16.
Layer M3 - Number of windows over maximum density  (90%): 0 out of total 16.

Layer M4 - Number of windows under minimum density (1%): 0 out of total 16.
Layer M4 - Number of windows over maximum density  (90%): 0 out of total 16.

Layer M5 - Number of windows under minimum density (1%): 0 out of total 16.
Layer M5 - Number of windows over maximum density  (90%): 0 out of total 16.

Layer M6 - Number of windows under minimum density (1%): 16 out of total 16.
Layer M6 - Number of windows over maximum density  (90%): 0 out of total 16.

Layer M7 - Number of windows under minimum density (1%): 16 out of total 16.
Layer M7 - Number of windows over maximum density  (90%): 0 out of total 16.

Layer M8 - Number of windows under minimum density (1%): 16 out of total 16.
Layer M8 - Number of windows over maximum density  (90%): 0 out of total 16.

Layer M9 - Number of windows under minimum density (1%): 16 out of total 16.
Layer M9 - Number of windows over maximum density  (90%): 0 out of total 16.

Layer M10 - Number of windows under minimum density (10%): 1 out of total 1.
Layer M10 - Number of windows over maximum density  (70%): 0 out of total 1.

***************After filling***************

Layer M1 - Number of windows under minimum density (1%): 0 out of total 16.
Layer M1 - Number of windows over maximum density  (90%): 0 out of total 16.

Layer M2 - Number of windows under minimum density (1%): 0 out of total 16.
Layer M2 - Number of windows over maximum density  (90%): 0 out of total 16.

Layer M3 - Number of windows under minimum density (1%): 0 out of total 16.
Layer M3 - Number of windows over maximum density  (90%): 0 out of total 16.

Layer M4 - Number of windows under minimum density (1%): 0 out of total 16.
Layer M4 - Number of windows over maximum density  (90%): 0 out of total 16.

Layer M5 - Number of windows under minimum density (1%): 0 out of total 16.
Layer M5 - Number of windows over maximum density  (90%): 0 out of total 16.

Layer M6 - Number of windows under minimum density (1%): 0 out of total 16.
Layer M6 - Number of windows over maximum density  (90%): 0 out of total 16.

Layer M7 - Number of windows under minimum density (1%): 0 out of total 16.
Layer M7 - Number of windows over maximum density  (90%): 0 out of total 16.

Layer M8 - Number of windows under minimum density (1%): 0 out of total 16.
Layer M8 - Number of windows over maximum density  (90%): 0 out of total 16.

Layer M9 - Number of windows under minimum density (1%): 0 out of total 16.
Layer M9 - Number of windows over maximum density  (90%): 0 out of total 16.

Layer M10 - Number of windows under minimum density (10%): 0 out of total 1.
Layer M10 - Number of windows over maximum density  (70%): 0 out of total 1.

