#Refrence Spef File Name                                 .signoff_RC_BEST.spef.gz
#Compare Spef File Name                                  .preroute_RC_BEST_dataNets.spef.gz
#Suggested Resistance Scale Factor                       0.868777
#Suggested Capacitance Scale Factor                      0.971371

Cap stats
=========
total_nets 525
total_nets_in_calc 525
num_nets_not_found_golden 0
num_nets_not_found_target 7
num_nets_too_small 0
num_nets_too_small_fanout 0
num_nets_too_high_fanout 0
num_outliers 0
num_nets_too_big 0
appl_scale_factor 1.000000
rec_scale_factor 0.971371
diff_mean 0.0001
diff_sigma 0.0009
diff_max 0.0081
diff_min -0.0029
ratio_mean 1.0352
ratio_sigma 0.6547
ratio_max 6.9537
ratio_min 0.2401
num_wi_1_perc { 1}
num_wi_2_perc { 3}
num_wi_5_perc { 9}
num_wi_10_perc 23
num_wi_20_perc 41
num_wi_30_perc 61
num_wi_40_perc 73
num_wi_50_perc 84

Res stats
=========
total_nets 989
total_nets_in_calc 989
num_nets_not_found_golden 0
num_nets_not_found_target 49
num_nets_too_small 0
num_nets_too_small_fanout 0
num_nets_too_high_fanout 0
num_outliers 0
num_nets_too_big 0
appl_scale_factor 1.000000
rec_scale_factor 0.868777
diff_mean 2.0284
diff_sigma 4.1213
diff_max 47.9509
diff_min -13.5194
ratio_mean 1.3549
ratio_sigma 0.8359
ratio_max 10.0749
ratio_min 0.3882
num_wi_1_perc { 2}
num_wi_2_perc { 7}
num_wi_5_perc 15
num_wi_10_perc 32
num_wi_20_perc 55
num_wi_30_perc 66
num_wi_40_perc 75
num_wi_50_perc 79
