#Refrence Spef File Name                                 .signoff_RC_WORST.spef.gz
#Compare Spef File Name                                  .postroutemedium_RC_WORST_clkNets.spef.gz
#Suggested Resistance Scale Factor                       0.961439
#Suggested Capacitance Scale Factor                      0.955936
#Suggested Cross Coupling Cap. Scale Factor              1.000000

Cap stats
=========
total_nets 7
total_nets_in_calc 7
num_nets_not_found_golden 0
num_nets_not_found_target 525
num_nets_too_small 0
num_nets_too_small_fanout 0
num_nets_too_high_fanout 0
num_outliers 0
num_nets_too_big 0
appl_scale_factor 1.000000
rec_scale_factor 0.955936
diff_mean 0.0003
diff_sigma 0.0003
diff_max 0.0008
diff_min -0.0000
ratio_mean 1.0317
ratio_sigma 0.0537
ratio_max 1.1270
ratio_min 0.9662
num_wi_1_perc 14
num_wi_2_perc 14
num_wi_5_perc 71
num_wi_10_perc 85
num_wi_20_perc 100
num_wi_30_perc 100
num_wi_40_perc 100
num_wi_50_perc 100

Res stats
=========
total_nets 49
total_nets_in_calc 49
num_nets_not_found_golden 0
num_nets_not_found_target 989
num_nets_too_small 0
num_nets_too_small_fanout 0
num_nets_too_high_fanout 0
num_outliers 0
num_nets_too_big 0
appl_scale_factor 1.000000
rec_scale_factor 0.961439
diff_mean 1.0792
diff_sigma 0.6582
diff_max 2.5053
diff_min -0.1623
ratio_mean 1.0508
ratio_sigma 0.0439
ratio_max 1.1742
ratio_min 0.9957
num_wi_1_perc 16
num_wi_2_perc 22
num_wi_5_perc 61
num_wi_10_perc 87
num_wi_20_perc 100
num_wi_30_perc 100
num_wi_40_perc 100
num_wi_50_perc 100

Coupling Cap stats
=========
