#Refrence Spef File Name                                 .signoff_RC_BEST.spef.gz
#Compare Spef File Name                                  .postroutemedium_RC_BEST_clkNets.spef.gz
#Suggested Resistance Scale Factor                       0.947195
#Suggested Capacitance Scale Factor                      0.964725
#Suggested Cross Coupling Cap. Scale Factor              1.000000

Cap stats
=========
total_nets 7
total_nets_in_calc 7
num_nets_not_found_golden 0
num_nets_not_found_target 525
num_nets_too_small 0
num_nets_too_small_fanout 0
num_nets_too_high_fanout 0
num_outliers 0
num_nets_too_big 0
appl_scale_factor 1.000000
rec_scale_factor 0.964725
diff_mean 0.0003
diff_sigma 0.0003
diff_max 0.0008
diff_min -0.0001
ratio_mean 1.0190
ratio_sigma 0.0661
ratio_max 1.1331
ratio_min 0.9360
num_wi_1_perc { 0}
num_wi_2_perc 14
num_wi_5_perc 42
num_wi_10_perc 85
num_wi_20_perc 100
num_wi_30_perc 100
num_wi_40_perc 100
num_wi_50_perc 100

Res stats
=========
total_nets 49
total_nets_in_calc 49
num_nets_not_found_golden 0
num_nets_not_found_target 989
num_nets_too_small 0
num_nets_too_small_fanout 0
num_nets_too_high_fanout 0
num_outliers 0
num_nets_too_big 0
appl_scale_factor 1.000000
rec_scale_factor 0.947195
diff_mean 0.7166
diff_sigma 0.4154
diff_max 1.6406
diff_min -0.0684
ratio_mean 1.0950
ratio_sigma 0.1231
ratio_max 1.5705
ratio_min 0.9966
num_wi_1_perc 12
num_wi_2_perc 18
num_wi_5_perc 36
num_wi_10_perc 77
num_wi_20_perc 89
num_wi_30_perc 91
num_wi_40_perc 93
num_wi_50_perc 95

Coupling Cap stats
=========
