#Refrence Spef File Name                                 .signoff_RC_TYP.spef.gz
#Compare Spef File Name                                  .preroute_RC_TYP_clkNets.spef.gz
#Suggested Resistance Scale Factor                       1.027324
#Suggested Capacitance Scale Factor                      1.013532

Cap stats
=========
total_nets 7
total_nets_in_calc 7
num_nets_not_found_golden 0
num_nets_not_found_target 525
num_nets_too_small 0
num_nets_too_small_fanout 0
num_nets_too_high_fanout 0
num_outliers 0
num_nets_too_big 0
appl_scale_factor 1.000000
rec_scale_factor 1.013532
diff_mean -0.0001
diff_sigma 0.0005
diff_max 0.0009
diff_min -0.0005
ratio_mean 0.9772
ratio_sigma 0.1547
ratio_max 1.3196
ratio_min 0.7895
num_wi_1_perc 14
num_wi_2_perc 14
num_wi_5_perc 42
num_wi_10_perc 57
num_wi_20_perc 71
num_wi_30_perc 85
num_wi_40_perc 100
num_wi_50_perc 100

Res stats
=========
total_nets 49
total_nets_in_calc 49
num_nets_not_found_golden 0
num_nets_not_found_target 989
num_nets_too_small 0
num_nets_too_small_fanout 0
num_nets_too_high_fanout 0
num_outliers 0
num_nets_too_big 0
appl_scale_factor 1.000000
rec_scale_factor 1.027324
diff_mean -0.4993
diff_sigma 0.5059
diff_max 0.1273
diff_min -2.0910
ratio_mean 0.9747
ratio_sigma 0.0195
ratio_max 1.0108
ratio_min 0.9361
num_wi_1_perc 26
num_wi_2_perc 42
num_wi_5_perc 83
num_wi_10_perc 100
num_wi_20_perc 100
num_wi_30_perc 100
num_wi_40_perc 100
num_wi_50_perc 100
