#Refrence Spef File Name                                 .signoff_RC_TYP.spef.gz
#Compare Spef File Name                                  .postroutemedium_RC_TYP_dataNets.spef.gz
#Suggested Resistance Scale Factor                       0.965859
#Suggested Capacitance Scale Factor                      0.999751
#Suggested Cross Coupling Cap. Scale Factor              0.979377

Cap stats
=========
total_nets 525
total_nets_in_calc 525
num_nets_not_found_golden 0
num_nets_not_found_target 7
num_nets_too_small 0
num_nets_too_small_fanout 0
num_nets_too_high_fanout 0
num_outliers 0
num_nets_too_big 0
appl_scale_factor 1.000000
rec_scale_factor 0.999751
diff_mean 0.0000
diff_sigma 0.0001
diff_max 0.0007
diff_min -0.0006
ratio_mean 0.9872
ratio_sigma 0.1294
ratio_max 2.1611
ratio_min 0.6770
num_wi_1_perc 11
num_wi_2_perc 26
num_wi_5_perc 58
num_wi_10_perc 83
num_wi_20_perc 96
num_wi_30_perc 97
num_wi_40_perc 98
num_wi_50_perc 98

Res stats
=========
total_nets 989
total_nets_in_calc 989
num_nets_not_found_golden 0
num_nets_not_found_target 49
num_nets_too_small 0
num_nets_too_small_fanout 0
num_nets_too_high_fanout 0
num_outliers 0
num_nets_too_big 0
appl_scale_factor 1.000000
rec_scale_factor 0.965859
diff_mean 0.6682
diff_sigma 0.5807
diff_max 3.5774
diff_min -0.5692
ratio_mean 1.0514
ratio_sigma 0.0916
ratio_max 3.0512
ratio_min 0.7613
num_wi_1_perc { 6}
num_wi_2_perc 20
num_wi_5_perc 61
num_wi_10_perc 92
num_wi_20_perc 98
num_wi_30_perc 99
num_wi_40_perc 99
num_wi_50_perc 99

Coupling Cap stats
=========
total_nets 172
total_nets_in_calc 172
num_nets_not_found_golden 58
num_nets_not_found_target 20
num_nets_too_small 0
num_nets_too_small_fanout 0
num_nets_too_high_fanout 0
num_outliers 0
num_nets_too_big 0
appl_scale_factor 1.000000
rec_scale_factor 0.979377
diff_mean 0.0000
diff_sigma 0.0001
diff_max 0.0002
diff_min -0.0001
ratio_mean 0.9974
ratio_sigma 0.1117
ratio_max 1.3125
ratio_min 0.7356
num_wi_1_perc { 7}
num_wi_2_perc 13
num_wi_5_perc 30
num_wi_10_perc 63
num_wi_20_perc 90
num_wi_30_perc 99
num_wi_40_perc 100
num_wi_50_perc 100
