#Refrence Spef File Name                                 .signoff_RC_BEST.spef.gz
#Compare Spef File Name                                  .postroutemedium_RC_BEST_dataNets.spef.gz
#Suggested Resistance Scale Factor                       0.961045
#Suggested Capacitance Scale Factor                      1.004972
#Suggested Cross Coupling Cap. Scale Factor              0.973265

Cap stats
=========
total_nets 525
total_nets_in_calc 525
num_nets_not_found_golden 0
num_nets_not_found_target 7
num_nets_too_small 0
num_nets_too_small_fanout 0
num_nets_too_high_fanout 0
num_outliers 0
num_nets_too_big 0
appl_scale_factor 1.000000
rec_scale_factor 1.004972
diff_mean -0.0000
diff_sigma 0.0001
diff_max 0.0007
diff_min -0.0006
ratio_mean 0.9847
ratio_sigma 0.1417
ratio_max 2.3379
ratio_min 0.6775
num_wi_1_perc 11
num_wi_2_perc 26
num_wi_5_perc 55
num_wi_10_perc 83
num_wi_20_perc 96
num_wi_30_perc 97
num_wi_40_perc 97
num_wi_50_perc 98

Res stats
=========
total_nets 989
total_nets_in_calc 989
num_nets_not_found_golden 0
num_nets_not_found_target 49
num_nets_too_small 0
num_nets_too_small_fanout 0
num_nets_too_high_fanout 0
num_outliers 0
num_nets_too_big 0
appl_scale_factor 1.000000
rec_scale_factor 0.961045
diff_mean 0.5443
diff_sigma 0.4694
diff_max 2.8590
diff_min -0.4271
ratio_mean 1.0713
ratio_sigma 0.1255
ratio_max 3.6306
ratio_min 0.7615
num_wi_1_perc { 4}
num_wi_2_perc 15
num_wi_5_perc 50
num_wi_10_perc 79
num_wi_20_perc 95
num_wi_30_perc 98
num_wi_40_perc 99
num_wi_50_perc 99

Coupling Cap stats
=========
total_nets 199
total_nets_in_calc 199
num_nets_not_found_golden 31
num_nets_not_found_target 21
num_nets_too_small 0
num_nets_too_small_fanout 0
num_nets_too_high_fanout 0
num_outliers 0
num_nets_too_big 0
appl_scale_factor 1.000000
rec_scale_factor 0.973265
diff_mean 0.0000
diff_sigma 0.0001
diff_max 0.0002
diff_min -0.0002
ratio_mean 1.0069
ratio_sigma 0.1168
ratio_max 1.3174
ratio_min 0.7474
num_wi_1_perc { 6}
num_wi_2_perc 12
num_wi_5_perc 34
num_wi_10_perc 58
num_wi_20_perc 90
num_wi_30_perc 99
num_wi_40_perc 100
num_wi_50_perc 100
