#Refrence Spef File Name                                 .signoff_RC_TYP.spef.gz
#Compare Spef File Name                                  .preroute_RC_TYP_dataNets.spef.gz
#Suggested Resistance Scale Factor                       0.846327
#Suggested Capacitance Scale Factor                      0.977268

Cap stats
=========
total_nets 525
total_nets_in_calc 525
num_nets_not_found_golden 0
num_nets_not_found_target 7
num_nets_too_small 0
num_nets_too_small_fanout 0
num_nets_too_high_fanout 0
num_outliers 0
num_nets_too_big 0
appl_scale_factor 1.000000
rec_scale_factor 0.977268
diff_mean 0.0001
diff_sigma 0.0008
diff_max 0.0076
diff_min -0.0029
ratio_mean 1.0234
ratio_sigma 0.6290
ratio_max 6.8435
ratio_min 0.2486
num_wi_1_perc { 2}
num_wi_2_perc { 4}
num_wi_5_perc 10
num_wi_10_perc 23
num_wi_20_perc 43
num_wi_30_perc 61
num_wi_40_perc 76
num_wi_50_perc 85

Res stats
=========
total_nets 989
total_nets_in_calc 989
num_nets_not_found_golden 0
num_nets_not_found_target 49
num_nets_too_small 0
num_nets_too_small_fanout 0
num_nets_too_high_fanout 0
num_outliers 0
num_nets_too_big 0
appl_scale_factor 1.000000
rec_scale_factor 0.846327
diff_mean 3.4324
diff_sigma 5.9176
diff_max 69.8302
diff_min -17.5476
ratio_mean 1.4262
ratio_sigma 1.4355
ratio_max 20.7953
ratio_min 0.2922
num_wi_1_perc { 2}
num_wi_2_perc { 4}
num_wi_5_perc 12
num_wi_10_perc 25
num_wi_20_perc 50
num_wi_30_perc 61
num_wi_40_perc 69
num_wi_50_perc 76
