###############################################################
#  Generated by:      Cadence Innovus 21.16-s078_1
#  OS:                Linux x86_64(Host ID cadpc15)
#  Generated on:      Thu Apr  2 21:19:50 2026
#  Design:            bus_slave_c
#  Command:           check_connectivity -type all -out_file ../report/checks.connectivity.rpt
###############################################################
Verify Connectivity Report is created on Thu Apr  2 21:19:50 2026




Multi-CPU acceleration using 8 CPU


Use pthread

Net DVDD: has special routes with opens at (5.600, 5.435) (16.000, 6.360)
Net DVDD: has special routes with opens at (5.600, 8.440) (16.000, 9.960)
Net DVDD: has special routes with opens at (5.600, 12.040) (16.000, 13.520)
Net DVDD: has special routes with opens at (5.600, 15.630) (16.000, 17.120)
Net DVDD: has special routes with opens at (5.600, 19.280) (16.000, 20.760)
Net DVDD: has special routes with opens at (5.600, 22.870) (16.000, 24.320)
Net DVDD: has special routes with opens at (5.600, 26.480) (16.000, 27.920)
Net DVDD: has special routes with opens at (5.600, 30.080) (16.000, 31.560)
Net DVDD: has special routes with opens at (5.600, 33.680) (16.000, 35.130)
Net DVSS: has special routes with opens at (5.600, 6.780) (16.000, 8.105)
Net DVDD: has special routes with opens at (5.600, 37.280) (16.000, 38.720)
Net DVSS: has special routes with opens at (5.600, 10.295) (16.000, 11.705)
Net DVDD: has special routes with opens at (5.600, 40.840) (16.000, 42.330)
Net DVSS: has special routes with opens at (5.600, 13.910) (16.000, 15.290)
Net DVDD: has special routes with opens at (5.600, 44.440) (16.000, 45.605)
Net DVSS: has special routes with opens at (5.600, 17.510) (16.000, 18.890)
Net DVDD: has special routes with opens at (5.600, 48.240) (16.000, 49.560)
Net DVDD: has special routes with opens at (5.600, 51.840) (16.000, 52.805)
Net DVSS: has special routes with opens at (5.600, 21.110) (16.000, 22.490)
Net DVDD: has special routes with opens at (5.600, 55.270) (16.000, 56.760)
Net DVSS: has special routes with opens at (5.600, 24.710) (16.000, 26.090)
Net DVDD: has special routes with opens at (5.600, 58.870) (16.000, 60.130)
Net DVSS: has special routes with opens at (5.600, 28.310) (16.000, 29.690)
Net DVDD: has special routes with opens at (5.600, 62.470) (16.000, 63.930)
Net DVSS: has special routes with opens at (5.600, 31.910) (16.000, 33.290)
Net DVDD: has special routes with opens at (5.600, 66.070) (16.000, 67.530)
Net DVSS: has special routes with opens at (5.600, 35.600) (16.000, 36.890)
Net DVDD: has special routes with opens at (5.600, 69.870) (16.000, 70.930)
Net DVSS: has special routes with opens at (5.600, 39.110) (16.000, 40.505)
Net DVDD: has special routes with opens at (5.600, 73.470) (16.000, 74.730)
Net DVDD: has special routes with opens at (5.600, 76.870) (16.000, 78.330)
Net DVSS: has special routes with opens at (5.600, 42.710) (16.000, 44.000)
Net DVDD: has special routes with opens at (5.600, 80.470) (16.000, 81.730)
Net DVSS: has special routes with opens at (5.600, 46.400) (16.000, 47.560)
Net DVDD: has special routes with opens at (5.600, 84.070) (16.000, 85.530)
Net DVSS: has special routes with opens at (5.600, 50.000) (16.000, 51.075)
Net DVDD: has special routes with opens at (5.600, 87.670) (16.000, 89.130)
Net DVSS: has special routes with opens at (5.600, 53.600) (16.000, 54.755)
Net DVDD: has special routes with opens at (5.600, 91.270) (16.000, 92.730)
Net DVSS: has special routes with opens at (5.600, 57.095) (16.000, 58.355)
Net DVDD: has special routes with opens at (5.600, 94.870) (16.000, 96.330)
Net DVSS: has special routes with opens at (5.600, 60.990) (16.000, 61.955)
Net DVDD: has special routes with opens at (5.600, 98.470) (16.000, 99.930)
Net DVDD: has special routes with opens at (5.600, 102.070) (16.000, 103.530)
Net DVSS: has special routes with opens at (5.600, 64.445) (16.000, 65.555)
Net DVDD: has special routes with opens at (5.600, 105.670) (16.000, 107.130)
Net DVSS: has special routes with opens at (5.600, 68.045) (16.000, 69.010)
Net DVDD: has special routes with opens at (5.600, 109.270) (16.000, 110.730)
Net DVSS: has special routes with opens at (5.600, 71.790) (16.000, 72.610)
Net DVDD: has special routes with opens at (5.600, 112.870) (16.000, 114.330)
Net DVSS: has special routes with opens at (5.600, 75.245) (16.000, 76.355)
Net DVDD: has special routes with opens at (5.600, 116.470) (16.000, 117.930)
Net DVSS: has special routes with opens at (5.600, 78.845) (16.000, 79.955)
Net DVDD: has special routes with opens at (5.600, 120.070) (16.000, 121.530)
Net DVSS: has special routes with opens at (5.600, 82.590) (16.000, 83.555)
Net DVDD: has special routes with opens at (5.600, 123.670) (16.000, 125.130)
Net DVSS: has special routes with opens at (5.600, 86.045) (16.000, 87.155)
Net DVDD: has special routes with opens at (5.600, 127.270) (16.000, 128.730)
Net DVSS: has special routes with opens at (5.600, 89.645) (16.000, 90.755)
Net DVDD: has special routes with opens at (5.600, 130.870) (16.000, 132.330)
Net DVSS: has special routes with opens at (5.600, 93.245) (16.000, 94.355)
Net DVDD: has special routes with opens at (5.600, 134.470) (16.000, 135.930)
Net DVSS: has special routes with opens at (5.600, 96.845) (16.000, 97.955)
Net DVDD: has special routes with opens at (5.600, 138.070) (16.000, 139.530)
Net DVSS: has special routes with opens at (5.600, 100.445) (16.000, 101.555)
Net DVDD: has special routes with opens at (5.600, 141.670) (16.000, 143.130)
Net DVSS: has special routes with opens at (5.600, 104.045) (16.000, 105.155)
Net DVDD: has special routes with opens at (5.600, 145.270) (16.000, 146.730)
Net DVSS: has special routes with opens at (5.600, 107.645) (16.000, 108.755)
Net DVDD: has special routes with opens at (5.600, 148.870) (16.000, 150.330)
Net DVSS: has special routes with opens at (5.600, 111.245) (16.000, 112.355)
Net DVDD: has special routes with opens at (5.600, 152.470) (16.000, 153.930)
Net DVSS: has special routes with opens at (5.600, 114.845) (16.000, 115.955)
Net DVDD: has special routes with opens at (5.600, 156.070) (16.000, 157.530)
Net DVSS: has special routes with opens at (5.600, 118.445) (16.000, 119.555)
Net DVDD: has special routes with opens at (5.600, 159.670) (16.000, 161.130)
Net DVDD: has special routes with opens at (5.600, 163.270) (16.000, 164.730)
Net DVSS: has special routes with opens at (5.600, 122.045) (16.000, 123.155)
Net DVDD: has special routes with opens at (5.600, 166.870) (16.000, 168.330)
Net DVSS: has special routes with opens at (5.600, 125.645) (16.000, 126.755)
Net DVDD: has special routes with opens at (5.600, 170.470) (16.000, 171.930)
Net DVSS: has special routes with opens at (5.600, 129.245) (16.000, 130.355)
Net DVDD: has special routes with opens at (5.600, 174.070) (16.000, 175.530)
Net DVSS: has special routes with opens at (5.600, 132.845) (16.000, 133.955)
Net DVDD: has special routes with opens at (5.600, 177.670) (16.000, 179.130)
Net DVSS: has special routes with opens at (5.600, 136.445) (16.000, 137.555)
Net DVDD: has special routes with opens at (5.600, 181.270) (16.000, 182.730)
Net DVSS: has special routes with opens at (5.600, 140.045) (16.000, 141.155)
Net DVDD: has special routes with opens at (5.600, 184.870) (16.000, 186.330)
Net DVSS: has special routes with opens at (5.600, 143.645) (16.000, 144.755)
Net DVDD: has special routes with opens at (5.600, 188.470) (16.000, 189.930)
Net DVSS: has special routes with opens at (5.600, 147.245) (16.000, 148.355)
Net DVDD: has special routes with opens at (5.600, 192.070) (16.000, 193.530)
Net DVSS: has special routes with opens at (5.600, 150.845) (16.000, 151.955)
Net DVDD: has special routes with opens at (5.600, 195.670) (16.000, 197.130)
Net DVSS: has special routes with opens at (5.600, 154.445) (16.000, 155.555)
Net DVDD: has special routes with opens at (5.600, 199.270) (16.000, 200.730)
Net DVSS: has special routes with opens at (5.600, 158.045) (16.000, 159.155)
Net DVDD: has special routes with opens at (5.600, 202.870) (16.000, 204.330)
Net DVSS: has special routes with opens at (5.600, 161.645) (16.000, 162.755)
Net DVDD: has special routes with opens at (5.600, 206.470) (16.000, 207.930)
Net DVSS: has special routes with opens at (5.600, 165.245) (16.000, 166.355)
Net DVDD: has special routes with opens at (5.600, 210.070) (16.000, 211.530)
Net DVSS: has special routes with opens at (5.600, 168.845) (16.000, 169.955)
Net DVDD: has special routes with opens at (5.600, 213.670) (16.000, 215.130)
Net DVSS: has special routes with opens at (5.600, 172.445) (16.000, 173.555)
Net DVDD: has special routes with opens at (5.600, 217.270) (16.000, 218.730)
Net DVSS: has special routes with opens at (5.600, 176.045) (16.000, 177.155)
Net DVDD: has special routes with opens at (5.600, 220.870) (16.000, 222.330)
Net DVSS: has special routes with opens at (5.600, 179.645) (16.000, 180.755)
Net DVDD: has special routes with opens at (5.600, 224.470) (16.000, 225.930)
Net DVSS: has special routes with opens at (5.600, 183.245) (16.000, 184.355)
Net DVDD: has special routes with opens at (5.600, 228.070) (16.000, 229.530)
Net DVSS: has special routes with opens at (5.600, 186.845) (16.000, 187.955)
Net DVDD: has special routes with opens at (5.600, 231.670) (16.000, 233.130)
Net DVSS: has special routes with opens at (5.600, 190.445) (16.000, 191.555)
Net DVDD: has special routes with opens at (5.600, 235.270) (16.000, 236.730)
Net DVSS: has special routes with opens at (5.600, 194.045) (16.000, 195.155)
Net DVDD: has special routes with opens at (5.600, 238.870) (16.000, 240.330)
Net DVSS: has special routes with opens at (5.600, 197.645) (16.000, 198.755)
Net DVDD: has special routes with opens at (5.600, 242.470) (16.000, 243.930)
Net DVSS: has special routes with opens at (5.600, 201.245) (16.000, 202.355)
Net DVDD: has special routes with opens at (5.600, 246.070) (16.000, 247.530)
Net DVSS: has special routes with opens at (5.600, 204.845) (16.000, 205.955)
Net DVDD: has special routes with opens at (5.600, 249.670) (16.000, 251.130)
Net DVSS: has special routes with opens at (5.600, 208.445) (16.000, 209.555)
Net DVDD: has special routes with opens at (5.600, 253.270) (16.000, 254.730)
Net DVSS: has special routes with opens at (5.600, 212.045) (16.000, 213.155)
Net DVDD: has special routes with opens at (5.600, 256.870) (16.000, 258.330)
Net DVSS: has special routes with opens at (5.600, 215.645) (16.000, 216.755)
Net DVDD: has special routes with opens at (5.600, 260.470) (16.000, 261.930)
Net DVSS: has special routes with opens at (5.600, 219.245) (16.000, 220.355)
Net DVDD: has special routes with opens at (5.600, 264.070) (16.000, 265.530)
Net DVSS: has special routes with opens at (5.600, 222.845) (16.000, 223.955)
Net DVDD: has special routes with opens at (5.600, 267.670) (16.000, 269.130)
Net DVSS: has special routes with opens at (5.600, 226.445) (16.000, 227.555)
Net DVDD: has special routes with opens at (5.600, 271.270) (16.000, 272.730)
Net DVSS: has special routes with opens at (5.600, 230.045) (16.000, 231.155)
Net DVDD: has special routes with opens at (5.600, 274.870) (16.000, 276.330)
Net DVSS: has special routes with opens at (5.600, 233.645) (16.000, 234.755)
Net DVDD: has special routes with opens at (5.600, 278.470) (16.000, 279.930)
Net DVSS: has special routes with opens at (5.600, 237.245) (16.000, 238.355)
Net DVDD: has special routes with opens at (5.600, 282.070) (16.000, 283.530)
Net DVSS: has special routes with opens at (5.600, 240.845) (16.000, 241.955)
Net DVDD: has special routes with opens at (5.600, 285.670) (16.000, 287.130)
Net DVSS: has special routes with opens at (5.600, 244.445) (16.000, 245.555)
Net DVDD: has special routes with opens at (5.600, 289.270) (16.000, 290.730)
Net DVSS: has special routes with opens at (5.600, 248.045) (16.000, 249.155)
Net DVDD: has special routes with opens at (5.600, 292.870) (16.000, 294.330)
Net DVSS: has special routes with opens at (5.600, 251.645) (16.000, 252.755)
Net DVDD: has special routes with opens at (5.600, 296.470) (16.000, 297.930)
Net DVSS: has special routes with opens at (5.600, 255.245) (16.000, 256.355)
Net DVDD: has special routes with opens at (5.600, 300.070) (16.000, 301.530)
Net DVSS: has special routes with opens at (5.600, 258.845) (16.000, 259.955)
Net DVDD: has special routes with opens at (5.600, 303.670) (16.000, 305.130)
Net DVSS: has special routes with opens at (5.600, 262.445) (16.000, 263.555)
Net DVDD: has special routes with opens at (5.600, 307.270) (16.000, 308.730)
Net DVSS: has special routes with opens at (5.600, 266.045) (16.000, 267.155)
Net DVDD: has special routes with opens at (5.600, 310.870) (16.000, 312.330)
Net DVSS: has special routes with opens at (5.600, 269.645) (16.000, 270.755)
Net DVDD: has special routes with opens at (5.600, 314.470) (16.000, 315.930)
Net DVSS: has special routes with opens at (5.600, 273.245) (16.000, 274.355)
Net DVDD: has special routes with opens at (5.600, 318.070) (16.000, 319.530)
Net DVSS: has special routes with opens at (5.600, 276.845) (16.000, 277.955)
Net DVDD: has special routes with opens at (5.600, 321.670) (16.000, 323.130)
Net DVSS: has special routes with opens at (5.600, 280.445) (16.000, 281.555)
Net DVDD: has special routes with opens at (5.600, 325.270) (16.000, 326.730)
Net DVSS: has special routes with opens at (5.600, 284.045) (16.000, 285.155)
Net DVDD: has special routes with opens at (5.600, 328.870) (16.000, 330.330)
Net DVSS: has special routes with opens at (5.600, 287.645) (16.000, 288.755)
Net DVDD: has special routes with opens at (5.600, 332.470) (16.000, 333.930)
Net DVSS: has special routes with opens at (5.600, 291.245) (16.000, 292.355)
Net DVDD: has special routes with opens at (5.600, 336.070) (16.000, 337.530)
Net DVDD: has special routes with opens at (5.600, 339.670) (16.000, 341.130)
Net DVSS: has special routes with opens at (5.600, 294.845) (16.000, 295.955)
Net DVDD: has special routes with opens at (5.600, 343.270) (16.000, 344.730)
Net DVSS: has special routes with opens at (5.600, 298.445) (16.000, 299.555)
Net DVDD: has special routes with opens at (5.600, 346.870) (16.000, 348.330)
Net DVSS: has special routes with opens at (5.600, 302.045) (16.000, 303.155)
Net DVDD: has special routes with opens at (5.600, 350.470) (16.000, 351.930)
Net DVDD: has special routes with opens at (5.600, 354.070) (16.000, 355.530)
Net DVSS: has special routes with opens at (5.600, 305.645) (16.000, 306.755)
Net DVDD: has special routes with opens at (5.600, 357.670) (16.000, 359.130)
Net DVSS: has special routes with opens at (5.600, 309.245) (16.000, 310.355)
Net DVDD: has special routes with opens at (5.600, 361.270) (16.000, 362.730)
Net DVSS: has special routes with opens at (5.600, 312.845) (16.000, 313.955)
Net DVDD: has special routes with opens at (5.600, 364.870) (16.000, 366.330)
Net DVSS: has special routes with opens at (5.600, 316.445) (16.000, 317.555)
Net DVDD: has special routes with opens at (5.600, 368.470) (16.000, 369.930)
Net DVSS: has special routes with opens at (5.600, 320.045) (16.000, 321.155)
Net DVDD: has special routes with opens at (5.600, 372.070) (16.000, 373.530)
Net DVSS: has special routes with opens at (5.600, 323.645) (16.000, 324.755)
Net DVDD: has special routes with opens at (5.600, 375.670) (16.000, 377.130)
Net DVSS: has special routes with opens at (5.600, 327.245) (16.000, 328.355)
Net DVDD: has special routes with opens at (5.600, 379.270) (16.000, 380.730)
Net DVSS: has special routes with opens at (5.600, 330.845) (16.000, 331.955)
Net DVDD: has special routes with opens at (5.600, 382.870) (16.000, 384.330)
Net DVSS: has special routes with opens at (5.600, 334.445) (16.000, 335.555)
Net DVDD: has special routes with opens at (5.600, 386.470) (16.000, 387.930)
Net DVSS: has special routes with opens at (5.600, 338.045) (16.000, 339.155)
Net DVDD: has special routes with opens at (5.600, 390.070) (16.000, 391.530)
Net DVSS: has special routes with opens at (5.600, 341.645) (16.000, 342.755)
Net DVDD: has special routes with opens at (5.600, 393.670) (16.000, 395.130)
Net DVSS: has special routes with opens at (5.600, 345.245) (16.000, 346.355)
Net DVDD: has special routes with opens at (5.600, 397.270) (16.000, 398.730)
Net DVSS: has special routes with opens at (5.600, 348.845) (16.000, 349.955)
Net DVDD: has special routes with opens at (5.600, 400.870) (16.000, 402.330)
Net DVSS: has special routes with opens at (5.600, 352.445) (16.000, 353.555)
Net DVDD: has special routes with opens at (5.600, 404.470) (16.000, 405.930)
Net DVSS: has special routes with opens at (5.600, 356.045) (16.000, 357.155)
Net DVDD: has special routes with opens at (5.600, 408.070) (16.000, 409.530)
Net DVSS: has special routes with opens at (5.600, 359.645) (16.000, 360.755)
Net DVDD: has special routes with opens at (5.600, 411.670) (16.000, 413.130)
Net DVSS: has special routes with opens at (5.600, 363.245) (16.000, 364.355)
Net DVDD: has special routes with opens at (5.600, 415.270) (16.000, 416.730)
Net DVSS: has special routes with opens at (5.600, 366.845) (16.000, 367.955)
Net DVDD: has special routes with opens at (5.600, 418.870) (16.000, 420.330)
Net DVSS: has special routes with opens at (5.600, 370.445) (16.000, 371.555)
Net DVDD: has special routes with opens at (5.600, 422.470) (16.000, 423.930)
Net DVSS: has special routes with opens at (5.600, 374.045) (16.000, 375.155)
Net DVDD: has special routes with opens at (5.600, 426.070) (16.000, 427.530)
Net DVSS: has special routes with opens at (5.600, 377.645) (16.000, 378.755)
Net DVDD: has special routes with opens at (5.600, 429.670) (16.000, 431.130)
Net DVSS: has special routes with opens at (5.600, 381.245) (16.000, 382.355)
Net DVDD: has special routes with opens at (5.600, 433.270) (16.000, 434.730)
Net DVSS: has special routes with opens at (5.600, 384.845) (16.000, 385.955)
Net DVDD: has special routes with opens at (5.600, 436.870) (16.000, 438.330)
Net DVSS: has special routes with opens at (5.600, 388.445) (16.000, 389.555)
Net DVDD: has special routes with opens at (5.600, 440.470) (16.000, 441.930)
Net DVSS: has special routes with opens at (5.600, 392.045) (16.000, 393.155)
Net DVDD: has special routes with opens at (5.600, 444.070) (16.000, 445.530)
Net DVSS: has special routes with opens at (5.600, 395.645) (16.000, 396.755)
Net DVDD: has special routes with opens at (5.600, 447.670) (16.000, 449.130)
Net DVSS: has special routes with opens at (5.600, 399.245) (16.000, 400.355)
Net DVDD: has special routes with opens at (5.600, 451.270) (16.000, 452.730)
Net DVSS: has special routes with opens at (5.600, 402.845) (16.000, 403.955)
Net DVDD: has special routes with opens at (5.600, 454.870) (16.000, 456.330)
Net DVSS: has special routes with opens at (5.600, 406.445) (16.000, 407.555)
Net DVDD: has special routes with opens at (5.600, 458.470) (16.000, 459.930)
Net DVSS: has special routes with opens at (5.600, 410.045) (16.000, 411.155)
Net DVDD: has special routes with opens at (5.600, 462.070) (16.000, 463.530)
Net DVSS: has special routes with opens at (5.600, 413.645) (16.000, 414.755)
Net DVDD: has special routes with opens at (5.600, 465.670) (16.000, 467.130)
Net DVDD: has special routes with opens at (5.600, 469.270) (16.000, 470.730)
Net DVSS: has special routes with opens at (5.600, 417.245) (16.000, 418.355)
Net DVDD: has special routes with opens at (5.600, 472.870) (16.000, 474.330)
Net DVSS: has special routes with opens at (5.600, 420.845) (16.000, 421.955)
Net DVDD: has special routes with opens at (5.600, 476.470) (16.000, 477.930)
Net DVSS: has special routes with opens at (5.600, 424.445) (16.000, 425.555)
Net DVDD: has special routes with opens at (5.600, 480.070) (16.000, 481.530)
Net DVSS: has special routes with opens at (5.600, 428.045) (16.000, 429.155)
Net DVDD: has special routes with opens at (5.600, 483.670) (16.000, 485.130)
Net DVSS: has special routes with opens at (5.600, 431.645) (16.000, 432.755)
Net DVDD: has special routes with opens at (5.600, 487.270) (16.000, 488.730)
Net DVSS: has special routes with opens at (5.600, 435.245) (16.000, 436.355)
Net DVDD: has special routes with opens at (5.600, 490.870) (16.000, 492.330)
Net DVSS: has special routes with opens at (5.600, 438.845) (16.000, 439.955)
Net DVDD: has special routes with opens at (5.600, 494.470) (16.000, 495.930)
Net DVSS: has special routes with opens at (5.600, 442.445) (16.000, 443.555)
Net DVDD: has special routes with opens at (5.600, 498.070) (16.000, 499.530)
Net DVSS: has special routes with opens at (5.600, 446.045) (16.000, 447.155)
Net DVDD: has special routes with opens at (5.600, 501.670) (16.000, 503.130)
Net DVSS: has special routes with opens at (5.600, 449.645) (16.000, 450.755)
Net DVDD: has special routes with opens at (5.600, 505.270) (16.000, 506.730)
Net DVSS: has special routes with opens at (5.600, 453.245) (16.000, 454.355)
Net DVDD: has special routes with opens at (5.600, 508.870) (16.000, 510.330)
Net DVSS: has special routes with opens at (5.600, 456.845) (16.000, 457.955)
Net DVDD: has special routes with opens at (5.600, 512.470) (16.000, 513.930)
Net DVSS: has special routes with opens at (5.600, 460.445) (16.000, 461.555)
Net DVDD: has special routes with opens at (5.600, 516.070) (16.000, 517.530)
Net DVSS: has special routes with opens at (5.600, 464.045) (16.000, 465.155)
Net DVDD: has special routes with opens at (5.600, 519.670) (16.000, 521.130)
Net DVSS: has special routes with opens at (5.600, 467.645) (16.000, 468.755)
Net DVDD: has special routes with opens at (5.600, 523.270) (16.000, 524.730)
Net DVSS: has special routes with opens at (5.600, 471.245) (16.000, 472.355)
Net DVDD: has special routes with opens at (5.600, 526.870) (16.000, 528.330)
Net DVSS: has special routes with opens at (5.600, 474.845) (16.000, 475.955)
Net DVDD: has special routes with opens at (5.600, 530.470) (16.000, 531.930)
Net DVSS: has special routes with opens at (5.600, 478.445) (16.000, 479.555)
Net DVDD: has special routes with opens at (5.600, 534.070) (16.000, 535.530)
Net DVSS: has special routes with opens at (5.600, 482.045) (16.000, 483.155)
Net DVDD: has special routes with opens at (5.600, 537.670) (16.000, 539.130)
Net DVSS: has special routes with opens at (5.600, 485.645) (16.000, 486.755)
Net DVDD: has special routes with opens at (5.600, 541.270) (16.000, 542.730)
Net DVSS: has special routes with opens at (5.600, 489.245) (16.000, 490.355)
Net DVDD: has special routes with opens at (5.600, 544.870) (16.000, 546.330)
Net DVSS: has special routes with opens at (5.600, 492.845) (16.000, 493.955)
Net DVDD: has special routes with opens at (5.600, 548.470) (16.000, 549.930)
Net DVSS: has special routes with opens at (5.600, 496.445) (16.000, 497.555)
Net DVDD: has special routes with opens at (5.600, 552.070) (16.000, 553.530)
Net DVSS: has special routes with opens at (5.600, 500.045) (16.000, 501.155)
Net DVDD: has special routes with opens at (5.600, 555.670) (16.000, 557.130)
Net DVSS: has special routes with opens at (5.600, 503.645) (16.000, 504.755)
Net DVDD: has special routes with opens at (5.600, 559.270) (16.000, 560.730)
Net DVSS: has special routes with opens at (5.600, 507.245) (16.000, 508.355)
Net DVDD: has special routes with opens at (5.600, 562.870) (16.000, 564.330)
Net DVSS: has special routes with opens at (5.600, 510.845) (16.000, 511.955)
Net DVDD: has special routes with opens at (5.600, 566.470) (16.000, 567.930)
Net DVSS: has special routes with opens at (5.600, 514.445) (16.000, 515.555)
Net DVDD: has special routes with opens at (5.600, 570.070) (16.000, 571.530)
Net DVSS: has special routes with opens at (5.600, 518.045) (16.000, 519.155)
Net DVDD: has special routes with opens at (5.600, 573.670) (16.000, 575.130)
Net DVSS: has special routes with opens at (5.600, 521.645) (16.000, 522.755)
Net DVDD: has special routes with opens at (5.600, 577.270) (16.000, 578.730)
Net DVSS: has special routes with opens at (5.600, 525.245) (16.000, 526.355)
Net DVDD: has special routes with opens at (5.600, 580.870) (16.000, 582.330)
Net DVSS: has special routes with opens at (5.600, 528.845) (16.000, 529.955)
Net DVDD: has special routes with opens at (5.600, 584.470) (16.000, 585.930)
Net DVSS: has special routes with opens at (5.600, 532.445) (16.000, 533.555)
Net DVDD: has special routes with opens at (5.600, 588.070) (16.000, 589.530)
Net DVSS: has special routes with opens at (5.600, 536.045) (16.000, 537.155)
Net DVDD: has special routes with opens at (5.600, 591.670) (16.000, 593.130)
Net DVSS: has special routes with opens at (5.600, 539.645) (16.000, 540.755)
Net DVDD: has special routes with opens at (5.600, 595.270) (16.000, 596.730)
Net DVSS: has special routes with opens at (5.600, 543.245) (16.000, 544.355)
Net DVDD: has special routes with opens at (5.600, 598.870) (16.000, 600.330)
Net DVSS: has special routes with opens at (5.600, 546.845) (16.000, 547.955)
Net DVDD: has special routes with opens at (5.600, 602.470) (16.000, 603.930)
Net DVSS: has special routes with opens at (5.600, 550.445) (16.000, 551.555)
Net DVDD: has special routes with opens at (5.600, 606.070) (16.000, 607.530)
Net DVSS: has special routes with opens at (5.600, 554.045) (16.000, 555.155)
Net DVDD: has special routes with opens at (5.600, 609.670) (16.000, 611.130)
Net DVSS: has special routes with opens at (5.600, 557.645) (16.000, 558.755)
Net DVDD: has special routes with opens at (5.600, 613.270) (16.000, 614.730)
Net DVSS: has special routes with opens at (5.600, 561.245) (16.000, 562.355)
Net DVDD: has special routes with opens at (5.600, 616.870) (16.000, 618.330)
Net DVSS: has special routes with opens at (5.600, 564.845) (16.000, 565.955)
Net DVDD: has special routes with opens at (5.600, 620.470) (16.000, 621.930)
Net DVSS: has special routes with opens at (5.600, 568.445) (16.000, 569.555)
Net DVDD: has special routes with opens at (5.600, 624.070) (16.000, 625.530)
Net DVSS: has special routes with opens at (5.600, 572.045) (16.000, 573.155)
Net DVDD: has special routes with opens at (5.600, 627.670) (16.000, 629.130)
Net DVSS: has special routes with opens at (5.600, 575.645) (16.000, 576.755)
Net DVDD: has special routes with opens at (5.600, 631.270) (16.000, 632.730)
Net DVSS: has special routes with opens at (5.600, 579.245) (16.000, 580.355)
Net DVDD: has special routes with opens at (5.600, 634.870) (16.000, 636.330)
Net DVSS: has special routes with opens at (5.600, 582.845) (16.000, 583.955)
Net DVDD: has special routes with opens at (5.600, 638.470) (16.000, 639.915)
Net DVSS: has special routes with opens at (5.600, 586.445) (16.000, 587.555)
Net DVSS: has special routes with opens at (5.600, 590.045) (16.000, 591.155)
Net DVSS: has special routes with opens at (5.600, 593.645) (16.000, 594.755)
Net DVSS: has special routes with opens at (5.600, 597.245) (16.000, 598.355)
Net DVSS: has special routes with opens at (5.600, 600.845) (16.000, 601.955)
Net DVSS: has special routes with opens at (5.600, 604.445) (16.000, 605.555)
Net DVSS: has special routes with opens at (5.600, 608.045) (16.000, 609.155)
Net DVSS: has special routes with opens at (5.600, 611.645) (16.000, 612.755)
Net DVSS: has special routes with opens at (5.600, 615.245) (16.000, 616.355)
Net DVSS: has special routes with opens at (5.600, 618.845) (16.000, 619.955)
Net DVSS: has special routes with opens at (5.600, 622.445) (16.000, 623.555)
Net DVSS: has special routes with opens at (5.600, 626.045) (16.000, 627.155)
Net DVSS: has special routes with opens at (5.600, 629.645) (16.000, 630.755)
Net DVSS: has special routes with opens at (5.600, 633.245) (16.000, 634.355)
Net DVSS: has special routes with opens at (5.600, 636.845) (16.000, 637.955)
Net DVSS: has special routes with opens at (5.600, 640.445) (16.000, 641.165)

Begin Summary
    354 Problem(s) (IMPVFC-200): Special Wires: Pieces of the net are not connected together.
    354 total info(s) created.
End Summary
