*----------------------------------------------------------------------------------------
*	Innovus 21.16-s078_1 (64bit) 12/07/2022 12:07 (Linux 3.10.0-693.el7.x86_64)
*	
*
* 	Date & Time:	2026-Apr-02 21:13:52 (2026-Apr-03 01:13:52 GMT)
*
*----------------------------------------------------------------------------------------
*
*	Design: bus_slave_c
*
*	Liberty Libraries used: 
*	        av_normal_max: /courses/ee6350/pdk2023/T-N65-CM-SP-018-K3_MOM/digital/Front_End/timing_power_noise/NLDM/tcbn65gplus_200a/tcbn65gpluswc.lib
*
*	Power Domain used: 
*              Rail:       DVDD      Voltage:        0.9 
*
*       Power View : av_normal_max
*
*       User-Defined Activity : N.A.
*
*       Activity File: N.A.
*
*       Hierarchical Global Activity: N.A.
*
*       Global Activity: N.A.
*
*       Sequential Element Activity: 0.200000
*
*       Primary Input Activity: 0.200000
*
*       Default icg ratio: N.A.
*
*       Global Comb ClockGate Ratio: N.A.
*
*	Power Units = 1mW
*
*	Time Units = 1e-09 secs 
*
*       report_power -outfile ../report/place.power_insts.rpt -instances {*}
*
-----------------------------------------------------------------------------------------


Total Power 
-----------------------------------------------------------------------------------------
Total Internal Power:        0.00196708 	   11.2634%
Total Switching Power:       0.01047638 	   59.9874%
Total Leakage Power:         0.00502084 	   28.7492%
Total Power:                 0.01746431 
-----------------------------------------------------------------------------------------


Group                           Internal   Switching     Leakage       Total  Percentage 
                                Power      Power         Power         Power  (%)        
-----------------------------------------------------------------------------------------
Sequential                      0.001479   5.244e-05   0.0007607    0.002292       13.12 
Macro                                  0           0           0           0           0 
IO                                     0           0           0           0           0 
Combinational                  0.0004883     0.01042     0.00426     0.01517       86.88 
Clock (Combinational)                  0           0           0           0           0 
Clock (Sequential)                     0           0           0           0           0 
-----------------------------------------------------------------------------------------
Total                           0.001967     0.01048    0.005021     0.01746         100 
-----------------------------------------------------------------------------------------


Rail                  Voltage   Internal   Switching     Leakage       Total  Percentage 
                                Power      Power         Power         Power  (%)        
-----------------------------------------------------------------------------------------
DVDD                      0.9   0.001967     0.01048    0.005021     0.01746         100 


Instance                      Max Toggles   Total Toggles   Internal   Switching     Leakage       Total  Percentage    Cell
                              Input Pins    Output Pins     Power      Power         Power         Power  (%)           Name
----------------------------------------------------------------------------------------------------------------------------
FE_OFC32_debug_cnt_c_0              2e+06           2e+06  2.803e-05   0.0004129   0.0001918   0.0006328       3.623    BUFFD12
FE_OFC1_debug_cnt_c_11              2e+06           2e+06  2.804e-05   0.0004124   0.0001918   0.0006323       3.621    BUFFD12
FE_OFC2_debug_cnt_c_11              2e+06           2e+06  3.048e-05   0.0004082   0.0001918   0.0006306       3.611    BUFFD12
FE_OFC33_debug_cnt_c_0              2e+06           2e+06  3.042e-05   0.0004071   0.0001918   0.0006294       3.604    BUFFD12
FE_OFC34_debug_cnt_c_1              2e+06           2e+06  3.094e-05    0.000406   0.0001918   0.0006287         3.6    BUFFD12
FE_OFC30_debug_cnt_c_1              2e+06           2e+06  2.546e-05   0.0004124   0.0001719   0.0006097       3.491    CKBD12
p23609A                             2e+06           2e+06  1.179e-05   0.0004219   0.0001425   0.0005762       3.299    INVD12
FE_OFC25_debug_cnt_c_3              2e+06           2e+06   1.18e-05    0.000409   0.0001425   0.0005633       3.225    INVD12
FE_OFC4_debug_cnt_c_10              2e+06           2e+06  1.178e-05   0.0004088   0.0001425   0.0005631       3.224    INVD12
FE_OFC19_debug_cnt_c_5              2e+06           2e+06  1.182e-05   0.0004084   0.0001425   0.0005628       3.222    INVD12
FE_OFC8_debug_cnt_c_9               2e+06           2e+06  1.181e-05   0.0004083   0.0001425   0.0005626       3.222    INVD12
FE_OFC23_debug_cnt_c_4              2e+06           2e+06  1.179e-05   0.0004075   0.0001425   0.0005618       3.217    INVD12
FE_OFC11_debug_cnt_c_8              2e+06           2e+06  1.182e-05   0.0004073   0.0001425   0.0005617       3.216    INVD12
FE_OFC13_debug_cnt_c_7              2e+06           2e+06  1.181e-05    0.000407   0.0001425   0.0005614       3.214    INVD12
FE_OFC29_debug_cnt_c_2              2e+06           2e+06   1.18e-05    0.000407   0.0001425   0.0005613       3.214    INVD12
FE_OFC16_debug_cnt_c_6              2e+06           2e+06  1.181e-05   0.0004067   0.0001425    0.000561       3.212    INVD12
FE_OFC17_debug_cnt_c_6              2e+06           2e+06  1.181e-05   0.0004065   0.0001425   0.0005608       3.211    INVD12
FE_OFC22_debug_cnt_c_4              2e+06           2e+06  1.179e-05   0.0004065   0.0001425   0.0005608       3.211    INVD12
FE_OFC28_debug_cnt_c_2              2e+06           2e+06   1.18e-05   0.0004063   0.0001425   0.0005606        3.21    INVD12
FE_OFC5_debug_cnt_c_10              2e+06           2e+06  1.178e-05   0.0004062   0.0001425   0.0005606        3.21    INVD12
FE_OFC26_debug_cnt_c_3              2e+06           2e+06  1.179e-05   0.0004061   0.0001425   0.0005605       3.209    INVD12
FE_OFC7_debug_cnt_c_9               2e+06           2e+06  1.181e-05   0.0004061   0.0001425   0.0005604       3.209    INVD12
FE_OFC10_debug_cnt_c_8              2e+06           2e+06  1.182e-05    0.000406   0.0001425   0.0005603       3.208    INVD12
FE_OFC20_debug_cnt_c_5              2e+06           2e+06  1.182e-05   0.0004059   0.0001425   0.0005603       3.208    INVD12
FE_OFC14_debug_cnt_c_7              2e+06           2e+06  1.181e-05   0.0004057   0.0001425     0.00056       3.207    INVD12
chc_rd_s_reg                        2e+07           4e+06  0.0001133    1.75e-05   5.883e-05   0.0001896       1.086    DFNCND1
cnt_c_reg[1]                        2e+07           4e+06  0.0001141   4.381e-06   5.848e-05   0.0001769       1.013    DFNCND1
cnt_c_reg[2]                        2e+07           4e+06  0.0001141    3.12e-06   5.852e-05   0.0001758       1.006    DFNCND1
cnt_c_reg[0]                        2e+07           4e+06  0.0001135   3.585e-06   5.851e-05   0.0001756       1.006    DFNCND1
cnt_c_reg[9]                        2e+07           4e+06  0.0001137    3.38e-06   5.847e-05   0.0001756       1.005    DFNCND1
cnt_c_reg[4]                        2e+07           4e+06  0.0001141   2.853e-06   5.851e-05   0.0001754       1.004    DFNCND1
cnt_c_reg[8]                        2e+07           4e+06  0.0001136   3.255e-06   5.851e-05   0.0001754       1.004    DFNCND1
cnt_c_reg[7]                        2e+07           4e+06  0.0001138   3.129e-06   5.847e-05   0.0001754       1.004    DFNCND1
cnt_c_reg[11]                       2e+07           4e+06  0.0001135   3.202e-06   5.851e-05   0.0001753       1.003    DFNCND1
cnt_c_reg[10]                       2e+07           4e+06  0.0001134   3.254e-06   5.847e-05   0.0001751       1.002    DFNCND1
cnt_c_reg[6]                        2e+07           4e+06  0.0001138   2.739e-06   5.851e-05    0.000175       1.002    DFNCND1
cnt_c_reg[3]                        2e+07           4e+06   0.000114   1.047e-06   5.847e-05   0.0001735      0.9936    DFNCND1
cnt_c_reg[5]                        2e+07           4e+06  0.0001138   9.971e-07   5.847e-05   0.0001733      0.9922    DFNCND1
g371                                2e+06         2.5e+06  5.914e-06   7.601e-07   2.511e-05   3.179e-05       0.182    XNR2D0
FE_OFC18_debug_cnt_c_5              2e+06           2e+06  1.143e-06   1.973e-05   1.029e-05   3.116e-05      0.1784    INVD1
FE_OFC9_debug_cnt_c_8               2e+06           2e+06  1.136e-06   1.971e-05   1.029e-05   3.113e-05      0.1783    INVD1
FE_OFC12_debug_cnt_c_7              2e+06           2e+06  1.128e-06   1.952e-05   1.029e-05   3.093e-05      0.1771    INVD1
FE_OFC6_debug_cnt_c_9               2e+06           2e+06  1.127e-06   1.942e-05   1.029e-05   3.083e-05      0.1766    INVD1
FE_OFC15_debug_cnt_c_6              2e+06           2e+06   1.14e-06   1.932e-05   1.029e-05   3.075e-05      0.1761    INVD1
FE_OFC27_debug_cnt_c_2              2e+06           2e+06  1.141e-06    1.92e-05   1.029e-05   3.063e-05      0.1754    INVD1
FE_OFC24_debug_cnt_c_3              2e+06           2e+06  1.142e-06   1.888e-05   1.029e-05   3.031e-05      0.1736    INVD1
FE_OFC21_debug_cnt_c_4              2e+06           2e+06  1.142e-06   1.859e-05   1.029e-05   3.002e-05      0.1719    INVD1
FE_OFC3_debug_cnt_c_10              2e+06           2e+06  1.135e-06   1.842e-05   1.029e-05   2.984e-05      0.1708    INVD1
g369                              2.5e+06       3.125e+06  4.624e-06   1.163e-06   1.575e-05   2.154e-05      0.1233    MUX2ND0
g370                              2.5e+06       3.125e+06  4.612e-06    1.08e-06    1.58e-05    2.15e-05      0.1231    MUX2ND0
g368                            2.251e+06       2.813e+06  4.348e-06   1.062e-06   1.573e-05   2.114e-05      0.1211    MUX2ND0
g2                              2.015e+06       2.519e+06  4.097e-06   9.876e-07   1.572e-05   2.081e-05      0.1192    MUX2ND0
g367                            2.086e+06       2.608e+06  4.163e-06   9.016e-07   1.573e-05   2.079e-05       0.119    MUX2ND0
p95771A__5526                       2e+06       2.015e+06  3.639e-06   1.049e-06   1.326e-05   1.795e-05      0.1028    MOAI22D0
p95604A__1881                       2e+06         1.5e+06   1.23e-06    2.15e-06   9.678e-06   1.306e-05     0.07477    NR2D1
p95810A__8428                   2.018e+06       2.522e+06  3.092e-06   9.262e-07   8.437e-06   1.246e-05     0.07132    AOI32D0
p95971A__2398                       2e+06         2.5e+06  1.761e-06    1.53e-06    8.64e-06   1.193e-05     0.06832    AOI21D0
p95914A__9945                       2e+06       2.251e+06   1.55e-06   1.245e-06   8.835e-06   1.163e-05      0.0666    AOI21D0
p95858A__7098                       2e+06       2.086e+06  1.425e-06   1.222e-06   8.885e-06   1.153e-05     0.06603    AOI21D0
p96028A__8246                       2e+06         2.5e+06  1.885e-06    1.53e-06   7.915e-06   1.133e-05     0.06488    AOI21D0
p96082A__5122                       2e+06         2.5e+06  2.527e-06   1.753e-06    6.88e-06   1.116e-05      0.0639    OAI211D0
p96026A__5107                       2e+06         2.5e+06  2.509e-06   8.477e-07   7.419e-06   1.078e-05      0.0617    OAI211D0
p95969A__2883                       2e+06       2.219e+06  2.252e-06   7.643e-07    7.53e-06   1.055e-05     0.06038    OAI211D0
p95912A__1881                       2e+06       2.078e+06    2.1e-06   7.994e-07   7.557e-06   1.046e-05     0.05987    OAI211D0
p95856A306__1617                    2e+06       2.026e+06  2.052e-06   7.725e-07   7.563e-06   1.039e-05     0.05948    OAI211D0
p96017A__7410                     2.5e+06       2.569e+06  1.982e-06   1.347e-06   6.278e-06   9.608e-06     0.05502    AOI21D0
p95962A__7482                   2.219e+06       2.459e+06  1.906e-06   1.112e-06   6.278e-06   9.296e-06     0.05323    AOI21D0
p96073A__4319                     2.5e+06       2.578e+06  1.987e-06   1.006e-06   6.279e-06   9.273e-06      0.0531    AOI21D0
p95850A__4319                   2.026e+06       2.385e+06   1.86e-06   1.085e-06   6.278e-06   9.223e-06     0.05281    AOI21D0
p95906A__1705                   2.078e+06       2.405e+06  1.871e-06   9.228e-07   6.278e-06   9.071e-06     0.05194    AOI21D0
p95591A__5115                       2e+06           2e+06  1.041e-06   3.202e-06    3.91e-06   8.152e-06     0.04668    CKND2D0
p95752A__2802                       2e+06       2.128e+04  6.386e-08    2.49e-08   7.367e-06   7.456e-06     0.04269    OR2D0
p95991A__6161                   3.125e+06       2.577e+06  1.327e-06   1.406e-06   4.664e-06   7.397e-06     0.04236    NR2D0
p96050A__6417                   3.125e+06        2.61e+06  1.342e-06    1.22e-06   4.703e-06   7.265e-06      0.0416    NR2D0
p95934A__8246                   2.813e+06       2.411e+06  1.248e-06   1.181e-06   4.651e-06    7.08e-06     0.04054    NR2D0
p95856A__5122                       2e+06       2.018e+06  1.015e-06   9.431e-07   4.981e-06   6.939e-06     0.03973    CKND2D0
p95792A__2398                   2.519e+06       2.259e+06  1.177e-06   1.063e-06   4.646e-06   6.886e-06     0.03943    NR2D0
p95879A__6783                   2.608e+06       2.305e+06  1.197e-06   1.008e-06   4.648e-06   6.853e-06     0.03924    NR2D0
p95821A__6260                   2.522e+06       2.136e+06  1.114e-06   1.179e-06   4.497e-06    6.79e-06     0.03888    NR2D0
p96118A__8428                     2.5e+06        2.25e+06  1.179e-06    9.54e-07   4.646e-06   6.779e-06     0.03882    NR2D0
p96142A318__1705                    2e+06           2e+06  1.024e-06   8.548e-07    3.91e-06   5.788e-06     0.03314    CKND2D0
p96142A__7098                       2e+06           2e+06  1.027e-06   6.982e-07    3.91e-06   5.635e-06     0.03226    CKND2D0
p96142A315__2802                    2e+06           2e+06  1.054e-06   6.452e-07    3.91e-06   5.609e-06     0.03212    CKND2D0
p96142A316__1617                    2e+06           2e+06  9.638e-07    6.96e-07    3.91e-06   5.569e-06     0.03189    CKND2D0
p96142A317__3680                    2e+06           2e+06  9.627e-07   6.694e-07    3.91e-06   5.542e-06     0.03173    CKND2D0
p95632A__6131                       2e+06           1e+06  4.921e-07   1.365e-06   3.105e-06   4.962e-06     0.02841    CKND2D0
p95642A__5526                       2e+06        6.25e+05  3.406e-07   8.686e-07   3.598e-06   4.808e-06     0.02753    NR2D0
p95679A__1666                       2e+06       2.189e+05  1.432e-07   2.385e-07   3.486e-06   3.868e-06     0.02215    NR2D0
p95716A__4733                       2e+06       7.034e+04  7.128e-08   7.758e-08   3.458e-06   3.607e-06     0.02065    NR2D0
p95668A__5477                       2e+06       3.751e+05  1.844e-07   4.179e-07   2.904e-06   3.506e-06     0.02008    CKND2D0
p95705A__9315                       2e+06       1.251e+05  7.068e-08   1.853e-07   2.853e-06   3.109e-06      0.0178    CKND2D0
p95742A__6131                       2e+06       3.897e+04  2.912e-08   3.755e-08   2.841e-06   2.907e-06     0.01665    CKND2D0
----------------------------------------------------------------------------------------------------------------------------
Total                                                       0.001967     0.01048    0.005021     0.01746         100    


-----------------------------------------------------------------------------------------
*	Power Distribution Summary: 
*                Highest Average Power:    FE_OFC32_debug_cnt_c_0 (BUFFD12):        0.0006328 
*                Highest Leakage Power:    FE_OFC34_debug_cnt_c_1 (BUFFD12):        0.0001918 
*          Total Cap:      1.29477e-11 F
*          Total instances in design:    92
*          Total instances in design with no power:     0
*          Total instances in design with no activity:     0
*          Total Fillers and Decap:     0
-----------------------------------------------------------------------------------------

