*----------------------------------------------------------------------------------------
*	Innovus 21.16-s078_1 (64bit) 12/07/2022 12:07 (Linux 3.10.0-693.el7.x86_64)
*	
*
* 	Date & Time:	2026-Apr-02 21:18:11 (2026-Apr-03 01:18:11 GMT)
*
*----------------------------------------------------------------------------------------
*
*	Design: bus_slave_c
*
*	Liberty Libraries used: 
*	        av_normal_max: /courses/ee6350/pdk2023/T-N65-CM-SP-018-K3_MOM/digital/Front_End/timing_power_noise/NLDM/tcbn65gplus_200a/tcbn65gpluswc.lib
*
*	Power Domain used: 
*              Rail:       DVDD      Voltage:        0.9 
*
*       Power View : av_normal_max
*
*       User-Defined Activity : N.A.
*
*       Activity File: N.A.
*
*       Hierarchical Global Activity: N.A.
*
*       Global Activity: N.A.
*
*       Sequential Element Activity: 0.200000
*
*       Primary Input Activity: 0.200000
*
*       Default icg ratio: N.A.
*
*       Global Comb ClockGate Ratio: N.A.
*
*	Power Units = 1mW
*
*	Time Units = 1e-09 secs 
*
*       report_power -outfile ../report/postRoute.power_instances.rpt -instances {*}
*
-----------------------------------------------------------------------------------------


Total Power 
-----------------------------------------------------------------------------------------
Total Internal Power:        0.00347090 	   15.8727%
Total Switching Power:       0.01141837 	   52.2172%
Total Leakage Power:         0.00697781 	   31.9101%
Total Glitch Power:          0.00000000 	    0.0000%
Total Power:                 0.02186709 
-----------------------------------------------------------------------------------------


Group                           Internal   Switching     Leakage       Glitch       Total  Percentage 
                                Power      Power         Power         Power        Power  (%)        
-----------------------------------------------------------------------------------------
Sequential                      0.001474   6.645e-05   0.0007607           0    0.002302       10.53 
Macro                                  0           0           0           0           0           0 
IO                                     0           0           0           0           0           0 
Combinational                   0.001935     0.01081    0.006146           0     0.01889        86.4 
Clock (Combinational)           6.16e-05   0.0005389   7.102e-05           0   0.0006715       3.071 
Clock (Sequential)                     0           0           0           0           0           0 
-----------------------------------------------------------------------------------------
Total                           0.003471     0.01142    0.006978           0     0.02187         100 
-----------------------------------------------------------------------------------------


Clock                           Internal   Switching     Leakage       Glitch       Total  Percentage 
                                Power      Power         Power         Power        Power  (%)        
-----------------------------------------------------------------------------------------
Clk                             6.16e-05   0.0005389   7.102e-05           0   0.0006715       3.071 
-----------------------------------------------------------------------------------------
Total (excluding duplicates)    6.16e-05   0.0005389   7.102e-05           0   0.0006715       3.071 
-----------------------------------------------------------------------------------------
Clock: Clk
Clock Period: 0.100000 usec 
Clock Toggle Rate:    20.0000 Mhz 
Clock Static Probability:  0.5000



Rail                  Voltage   Internal   Switching     Leakage       Glitch       Total  Percentage 
                                Power      Power         Power         Power        Power  (%)        
-----------------------------------------------------------------------------------------
DVDD                      0.9   0.003471     0.01142    0.006978           0     0.02187         100 


Instance                      Max Toggles   Total Toggles   Internal   Switching     Leakage       Glitch       Total  Percentage    Cell
                              Input Pins    Output Pins     Power      Power         Power         Power        Power  (%)           Name
-----------------------------------------------------------------------------------------------------------------------------------------
FE_OFC32_debug_cnt_c_0              2e+06           2e+06  2.907e-05   0.0004129   0.0001918           0   0.0006338       2.898    BUFFD12
FE_OFC1_debug_cnt_c_11              2e+06           2e+06  2.803e-05   0.0004134   0.0001918           0   0.0006333       2.896    BUFFD12
FE_OFC2_debug_cnt_c_11              2e+06           2e+06  3.047e-05   0.0004081   0.0001918           0   0.0006304       2.883    BUFFD12
FE_OFC33_debug_cnt_c_0              2e+06           2e+06  3.036e-05   0.0004075   0.0001918           0   0.0006297        2.88    BUFFD12
FE_OFC34_debug_cnt_c_1              2e+06           2e+06  3.076e-05    0.000406   0.0001918           0   0.0006286       2.875    BUFFD12
FE_OFC30_debug_cnt_c_1              2e+06           2e+06  2.627e-05   0.0004132   0.0001719           0   0.0006113       2.796    CKBD12
CTS_ccl_a_inv_00001                 2e+07           2e+07  5.062e-05   0.0004925   6.188e-05           0    0.000605       2.767    CKND6
p23609A                             2e+06           2e+06  1.306e-05   0.0004257   0.0001425           0   0.0005813       2.658    INVD12
FE_OFC25_debug_cnt_c_3              2e+06           2e+06  1.182e-05   0.0004104   0.0001425           0   0.0005647       2.583    INVD12
FE_OFC19_debug_cnt_c_5              2e+06           2e+06  1.184e-05    0.000409   0.0001425           0   0.0005633       2.576    INVD12
FE_OFC8_debug_cnt_c_9               2e+06           2e+06  1.183e-05   0.0004087   0.0001425           0   0.0005631       2.575    INVD12
FE_OFC23_debug_cnt_c_4              2e+06           2e+06  1.183e-05   0.0004083   0.0001425           0   0.0005627       2.573    INVD12
FE_OFC4_debug_cnt_c_10              2e+06           2e+06  1.179e-05   0.0004083   0.0001425           0   0.0005626       2.573    INVD12
FE_OFC29_debug_cnt_c_2              2e+06           2e+06  1.181e-05   0.0004074   0.0001425           0   0.0005618       2.569    INVD12
FE_OFC11_debug_cnt_c_8              2e+06           2e+06  1.186e-05   0.0004073   0.0001425           0   0.0005617       2.569    INVD12
FE_OFC13_debug_cnt_c_7              2e+06           2e+06  1.187e-05   0.0004071   0.0001425           0   0.0005615       2.568    INVD12
FE_OFC16_debug_cnt_c_6              2e+06           2e+06  1.184e-05   0.0004068   0.0001425           0   0.0005611       2.566    INVD12
FE_OFC17_debug_cnt_c_6              2e+06           2e+06  1.184e-05   0.0004067   0.0001425           0   0.0005611       2.566    INVD12
FE_OFC28_debug_cnt_c_2              2e+06           2e+06  1.181e-05   0.0004065   0.0001425           0   0.0005609       2.565    INVD12
FE_OFC20_debug_cnt_c_5              2e+06           2e+06  1.184e-05   0.0004063   0.0001425           0   0.0005607       2.564    INVD12
FE_OFC26_debug_cnt_c_3              2e+06           2e+06  1.181e-05   0.0004061   0.0001425           0   0.0005605       2.563    INVD12
FE_OFC5_debug_cnt_c_10              2e+06           2e+06  1.179e-05   0.0004061   0.0001425           0   0.0005605       2.563    INVD12
FE_OFC7_debug_cnt_c_9               2e+06           2e+06  1.183e-05   0.0004061   0.0001425           0   0.0005604       2.563    INVD12
FE_OFC10_debug_cnt_c_8              2e+06           2e+06  1.186e-05   0.0004059   0.0001425           0   0.0005603       2.562    INVD12
FE_OFC22_debug_cnt_c_4              2e+06           2e+06  1.182e-05   0.0004059   0.0001425           0   0.0005602       2.562    INVD12
FE_OFC14_debug_cnt_c_7              2e+06           2e+06  1.187e-05   0.0004056   0.0001425           0     0.00056       2.561    INVD12
cnt_c_reg[0]                        2e+07           4e+06  0.0001132   1.062e-05   5.851e-05           0   0.0001823      0.8336    DFNCND1
chc_rd_s_reg                        2e+07           4e+06  0.0001128   8.005e-06   5.883e-05           0   0.0001797      0.8217    DFNCND1
cnt_c_reg[3]                        2e+07           4e+06  0.0001139   6.534e-06   5.847e-05           0   0.0001789      0.8181    DFNCND1
cnt_c_reg[1]                        2e+07           4e+06  0.0001139   6.429e-06   5.848e-05           0   0.0001788      0.8177    DFNCND1
cnt_c_reg[2]                        2e+07           4e+06  0.0001139   6.165e-06   5.852e-05           0   0.0001786      0.8167    DFNCND1
cnt_c_reg[8]                        2e+07           4e+06  0.0001133   6.796e-06   5.851e-05           0   0.0001786      0.8166    DFNCND1
cnt_c_reg[4]                        2e+07           4e+06  0.0001138   4.893e-06   5.851e-05           0   0.0001772      0.8104    DFNCND1
cnt_c_reg[9]                        2e+07           4e+06  0.0001133   3.952e-06   5.847e-05           0   0.0001758      0.8037    DFNCND1
cnt_c_reg[10]                       2e+07           4e+06   0.000113   3.992e-06   5.847e-05           0   0.0001754      0.8022    DFNCND1
cnt_c_reg[11]                       2e+07           4e+06  0.0001131   3.624e-06   5.851e-05           0   0.0001753      0.8015    DFNCND1
cnt_c_reg[6]                        2e+07           4e+06  0.0001134   2.728e-06   5.851e-05           0   0.0001746      0.7985    DFNCND1
cnt_c_reg[7]                        2e+07           4e+06  0.0001133   1.622e-06   5.847e-05           0   0.0001734      0.7931    DFNCND1
cnt_c_reg[5]                        2e+07           4e+06  0.0001135   1.084e-06   5.847e-05           0    0.000173      0.7913    DFNCND1
FE_PHC77_n_84                   2.305e+06       2.305e+06  5.331e-05   4.225e-06   5.227e-05           0   0.0001098      0.5021    DEL2
FE_PHC64_FE_OFN6_debug_cnt_c_9
                                    2e+06           2e+06  4.596e-05   7.391e-06   5.219e-05           0   0.0001055      0.4827    DEL2
FE_PHC76_n_89                   2.136e+06       2.136e+06  4.946e-05   3.148e-06   5.227e-05           0   0.0001049      0.4796    DEL2
FE_PHC74_n_65                   2.569e+06       2.569e+06  3.961e-05   1.077e-05   4.197e-05           0   9.235e-05      0.4223    DEL1
FE_PHC72_n_58                   2.578e+06       2.578e+06  3.987e-05   1.011e-05   4.196e-05           0   9.194e-05      0.4204    DEL1
FE_PHC38_n_35                       2e+06           2e+06  3.042e-05   1.891e-05   4.142e-05           0   9.075e-05       0.415    DEL1
FE_PHC44_n_64                    2.61e+06        2.61e+06  4.002e-05   8.221e-06    4.19e-05           0   9.014e-05      0.4122    DEL1
FE_PHC43_BUS_RST_N                  2e+06           2e+06  3.046e-05   1.783e-05   4.142e-05           0   8.971e-05      0.4102    DEL1
FE_PHC35_CHC_START                  2e+06           2e+06  3.048e-05   1.748e-05   4.142e-05           0   8.938e-05      0.4087    DEL1
FE_PHC46_n_71                   2.577e+06       2.577e+06  3.956e-05   7.618e-06   4.191e-05           0   8.909e-05      0.4074    DEL1
FE_PHC71_n_64                    2.61e+06        2.61e+06  4.024e-05   5.698e-06    4.19e-05           0   8.783e-05      0.4017    DEL1
FE_PHC75_n_72                   2.459e+06       2.459e+06  3.771e-05   7.776e-06   4.198e-05           0   8.747e-05         0.4    DEL1
FE_PHC70_n_71                   2.577e+06       2.577e+06  3.983e-05   5.294e-06   4.191e-05           0   8.704e-05       0.398    DEL1
FE_PHC51_n_80                   2.405e+06       2.405e+06  3.705e-05   5.557e-06   4.198e-05           0   8.458e-05      0.3868    DEL1
FE_PHC48_n_72                   2.459e+06       2.459e+06  3.825e-05   4.065e-06   4.198e-05           0   8.429e-05      0.3855    DEL1
FE_PHC49_n_78                   2.411e+06       2.411e+06  3.723e-05   4.043e-06   4.192e-05           0   8.319e-05      0.3804    DEL1
FE_PHC69_n_78                   2.411e+06       2.411e+06  3.732e-05   3.544e-06   4.192e-05           0   8.278e-05      0.3786    DEL1
FE_PHC52_n_88                   2.385e+06       2.385e+06  3.684e-05   3.857e-06   4.198e-05           0   8.268e-05      0.3781    DEL1
FE_PHC50_n_84                   2.305e+06       2.305e+06  3.556e-05   4.337e-06   4.192e-05           0   8.182e-05      0.3742    DEL1
FE_PHC39_FE_OFN30_debug_cnt_c_1
                                    2e+06           2e+06   3.06e-05    8.63e-06   4.142e-05           0   8.065e-05      0.3688    DEL1
FE_PHC40_FE_OFN32_debug_cnt_c_0
                                    2e+06           2e+06  3.061e-05   8.244e-06   4.142e-05           0   8.027e-05      0.3671    DEL1
FE_PHC62_FE_OFN12_debug_cnt_c_7
                                    2e+06           2e+06  3.063e-05   8.152e-06   4.142e-05           0    8.02e-05      0.3668    DEL1
FE_PHC54_n_92                   2.259e+06       2.259e+06  3.502e-05   2.848e-06   4.192e-05           0   7.979e-05      0.3649    DEL1
FE_PHC73_n_92                   2.259e+06       2.259e+06  3.512e-05   2.655e-06   4.192e-05           0    7.97e-05      0.3645    DEL1
FE_PHC66_CHC_START                  2e+06           2e+06   3.08e-05    6.49e-06   4.142e-05           0   7.871e-05      0.3599    DEL1
FE_PHC53_n_89                   2.136e+06       2.136e+06    3.3e-05   3.599e-06   4.198e-05           0   7.858e-05      0.3593    DEL1
FE_PHC42_CHC_RD                     2e+06           2e+06  3.067e-05   6.439e-06   4.142e-05           0   7.852e-05      0.3591    DEL1
FE_PHC41_FE_OFN24_debug_cnt_c_3
                                    2e+06           2e+06  3.068e-05   6.291e-06   4.142e-05           0   7.839e-05      0.3585    DEL1
FE_PHC56_BUS_RST_N                  2e+06           2e+06  3.076e-05   5.535e-06   4.142e-05           0   7.771e-05      0.3554    DEL1
FE_PHC55_BUS_RST_N                  2e+06           2e+06  3.076e-05   5.468e-06   4.142e-05           0   7.765e-05      0.3551    DEL1
FE_PHC36_n_6                        2e+06           2e+06  3.078e-05   5.361e-06   4.142e-05           0   7.756e-05      0.3547    DEL1
FE_PHC59_BUS_RST_N                  2e+06           2e+06  3.079e-05   5.083e-06   4.142e-05           0   7.729e-05      0.3535    DEL1
FE_PHC37_n_0                        2e+06           2e+06  3.081e-05   5.063e-06   4.142e-05           0   7.729e-05      0.3535    DEL1
FE_PHC60_BUS_RST_N                  2e+06           2e+06  3.081e-05   4.753e-06   4.142e-05           0   7.699e-05      0.3521    DEL1
FE_PHC61_n_20                       2e+06           2e+06  3.083e-05   4.573e-06   4.142e-05           0   7.682e-05      0.3513    DEL1
FE_PHC58_BUS_RST_N                  2e+06           2e+06  3.083e-05   4.529e-06   4.142e-05           0   7.678e-05      0.3511    DEL1
FE_PHC67_FE_OFN32_debug_cnt_c_0
                                    2e+06           2e+06  3.084e-05   3.964e-06   4.142e-05           0   7.622e-05      0.3486    DEL1
FE_PHC63_CHC_RD                     2e+06           2e+06    3.1e-05   3.729e-06   4.142e-05           0   7.615e-05      0.3482    DEL1
FE_PHC57_BUS_RST_N                  2e+06           2e+06  3.088e-05   3.838e-06   4.142e-05           0   7.614e-05      0.3482    DEL1
FE_PHC65_n_35                       2e+06           2e+06  3.089e-05   3.351e-06   4.142e-05           0   7.566e-05       0.346    DEL1
FE_PHC68_BUS_RST_N                  2e+06           2e+06  2.107e-05   1.314e-05   3.499e-05           0    6.92e-05      0.3165    DEL0
CTS_cmf_inv_00047                   2e+07           2e+07  1.098e-05   4.643e-05   9.143e-06           0   6.655e-05      0.3043    CKND1
FE_PHC45_n_67                   3.751e+05       3.751e+05  5.804e-06   1.155e-06   4.045e-05           0   4.741e-05      0.2168    DEL1
FE_PHC47_n_70                   2.189e+05       2.189e+05  3.365e-06   6.716e-07    4.24e-05           0   4.644e-05      0.2124    DEL1
FE_OFC9_debug_cnt_c_8               2e+06           2e+06  1.135e-06    2.11e-05   1.029e-05           0   3.252e-05      0.1487    INVD1
g371                                2e+06         2.5e+06  5.916e-06   1.401e-06   2.511e-05           0   3.243e-05      0.1483    XNR2D0
FE_OFC12_debug_cnt_c_7              2e+06           2e+06   1.17e-06    2.02e-05   1.029e-05           0   3.165e-05      0.1448    INVD1
FE_OFC18_debug_cnt_c_5              2e+06           2e+06  1.143e-06   2.015e-05   1.029e-05           0   3.158e-05      0.1444    INVD1
FE_OFC15_debug_cnt_c_6              2e+06           2e+06  1.141e-06   2.014e-05   1.029e-05           0   3.157e-05      0.1444    INVD1
FE_OFC6_debug_cnt_c_9               2e+06           2e+06  1.125e-06   1.994e-05   1.029e-05           0   3.135e-05      0.1434    INVD1
FE_OFC21_debug_cnt_c_4              2e+06           2e+06  1.142e-06   1.976e-05   1.029e-05           0   3.118e-05      0.1426    INVD1
FE_OFC27_debug_cnt_c_2              2e+06           2e+06  1.138e-06   1.927e-05   1.029e-05           0    3.07e-05      0.1404    INVD1
FE_OFC24_debug_cnt_c_3              2e+06           2e+06  1.135e-06   1.921e-05   1.029e-05           0   3.063e-05      0.1401    INVD1
FE_OFC3_debug_cnt_c_10              2e+06           2e+06  1.133e-06   1.853e-05   1.029e-05           0   2.995e-05       0.137    INVD1
FE_PHC78_n_78                   2.411e+06       2.411e+06  3.618e-06   5.605e-06   1.558e-05           0    2.48e-05      0.1134    BUFFD1
FE_PDC36_n_58                   2.578e+06       2.578e+06  2.795e-06   1.341e-05   7.611e-06           0   2.381e-05      0.1089    CKBD0
g370                              2.5e+06       3.125e+06  4.602e-06   3.294e-06    1.58e-05           0    2.37e-05      0.1084    MUX2ND0
p96050A__6417                   3.125e+06        2.61e+06  2.162e-06   1.044e-05   1.109e-05           0   2.369e-05      0.1083    NR2D1
FE_PHC80_BUS_RST_N                  2e+06           2e+06  3.079e-06   5.521e-06   1.483e-05           0   2.343e-05      0.1071    BUFFD1
FE_PDC35_n_65                   2.569e+06       2.569e+06  2.784e-06   1.269e-05   7.611e-06           0   2.309e-05      0.1056    CKBD0
FE_PHC79_FE_OFN12_debug_cnt_c_7
                                    2e+06           2e+06  3.004e-06   5.203e-06   1.483e-05           0   2.303e-05      0.1053    BUFFD1
g369                              2.5e+06       3.125e+06  4.623e-06   2.141e-06   1.575e-05           0   2.251e-05       0.103    MUX2ND0
p95991A__6161                   3.125e+06       2.577e+06  1.785e-06   1.132e-05   8.363e-06           0   2.147e-05     0.09817    NR2XD0
g367                            2.086e+06       2.608e+06  4.167e-06   1.297e-06   1.573e-05           0   2.119e-05     0.09691    MUX2ND0
g368                            2.251e+06       2.813e+06  4.358e-06   1.019e-06   1.573e-05           0   2.111e-05     0.09653    MUX2ND0
g2                              2.015e+06       2.519e+06   4.11e-06   9.414e-07   1.572e-05           0   2.078e-05     0.09501    MUX2ND0
p95771A__5526                       2e+06       2.015e+06  3.641e-06   1.355e-06   1.326e-05           0   1.825e-05     0.08347    MOAI22D0
p95962A__7482                   2.219e+06       2.459e+06  1.889e-06   6.788e-06   6.278e-06           0   1.496e-05     0.06839    AOI21D0
p95604A__1881                       2e+06         1.5e+06  1.226e-06   2.195e-06   9.678e-06           0    1.31e-05      0.0599    NR2D1
p95879A__6783                   2.608e+06       2.305e+06  1.212e-06   7.171e-06   4.648e-06           0   1.303e-05     0.05959    NR2D0
p95906A__1705                   2.078e+06       2.405e+06  1.848e-06   4.827e-06   6.278e-06           0   1.295e-05     0.05924    AOI21D0
p95810A__8428                   2.018e+06       2.522e+06  3.097e-06   1.063e-06   8.437e-06           0    1.26e-05     0.05761    AOI32D0
p96028A__8246                       2e+06         2.5e+06   1.88e-06   2.168e-06   7.915e-06           0   1.196e-05     0.05471    AOI21D0
p95858A__7098                       2e+06       2.086e+06  1.398e-06   1.665e-06   8.885e-06           0   1.195e-05     0.05464    AOI21D0
p95914A__9945                       2e+06       2.251e+06  1.553e-06   1.372e-06   8.835e-06           0   1.176e-05     0.05378    AOI21D0
p95792A__2398                   2.519e+06       2.259e+06  1.189e-06    5.79e-06   4.646e-06           0   1.162e-05     0.05316    NR2D0
p95821A__6260                   2.522e+06       2.136e+06  1.118e-06   5.995e-06   4.497e-06           0   1.161e-05     0.05309    NR2D0
p95971A__2398                       2e+06         2.5e+06   1.74e-06   1.175e-06    8.64e-06           0   1.155e-05     0.05284    AOI21D0
p95850A__4319                   2.026e+06       2.385e+06  1.828e-06   3.446e-06   6.278e-06           0   1.155e-05     0.05283    AOI21D0
p95934A__8246                   2.813e+06       2.411e+06  1.261e-06   5.065e-06   4.651e-06           0   1.098e-05      0.0502    NR2D0
p96026A__5107                       2e+06         2.5e+06   2.51e-06   1.002e-06   7.419e-06           0   1.093e-05     0.04999    OAI211D0
p96082A__5122                       2e+06         2.5e+06  2.525e-06   1.511e-06    6.88e-06           0   1.092e-05     0.04992    OAI211D0
p95856A306__1617                    2e+06       2.026e+06  2.039e-06   1.286e-06   7.563e-06           0   1.089e-05      0.0498    OAI211D0
p95969A__2883                       2e+06       2.219e+06  2.253e-06   8.929e-07    7.53e-06           0   1.068e-05     0.04882    OAI211D0
p95912A__1881                       2e+06       2.078e+06  2.098e-06   8.686e-07   7.557e-06           0   1.052e-05     0.04812    OAI211D0
p96017A__7410                     2.5e+06       2.569e+06  1.946e-06   1.227e-06   6.278e-06           0   9.451e-06     0.04322    AOI21D0
p96073A__4319                     2.5e+06       2.578e+06  1.956e-06   1.171e-06   6.279e-06           0   9.406e-06     0.04301    AOI21D0
p95591A__5115                       2e+06           2e+06  1.044e-06   2.645e-06    3.91e-06           0   7.598e-06     0.03475    CKND2D0
p95752A__2802                       2e+06       2.128e+04  6.259e-08   3.128e-08   7.367e-06           0   7.461e-06     0.03412    OR2D0
p95856A__5122                       2e+06       2.018e+06  1.013e-06   1.045e-06   4.981e-06           0   7.039e-06     0.03219    CKND2D0
p96118A__8428                     2.5e+06        2.25e+06  1.185e-06   1.087e-06   4.646e-06           0   6.918e-06     0.03164    NR2D0
p96142A317__3680                    2e+06           2e+06  1.016e-06   1.104e-06    3.91e-06           0    6.03e-06     0.02758    CKND2D0
p96142A__7098                       2e+06           2e+06  1.071e-06   9.581e-07    3.91e-06           0   5.938e-06     0.02716    CKND2D0
p96142A315__2802                    2e+06           2e+06  1.093e-06   8.764e-07    3.91e-06           0   5.879e-06     0.02689    CKND2D0
p96142A316__1617                    2e+06           2e+06   1.05e-06   6.266e-07    3.91e-06           0   5.586e-06     0.02555    CKND2D0
p96142A318__1705                    2e+06           2e+06  1.088e-06   5.641e-07    3.91e-06           0   5.562e-06     0.02543    CKND2D0
p95642A__5526                       2e+06        6.25e+05  3.316e-07    1.33e-06   3.598e-06           0    5.26e-06     0.02405    NR2D0
p95632A__6131                       2e+06           1e+06  4.929e-07   1.628e-06   3.105e-06           0   5.226e-06      0.0239    CKND2D0
p95679A__1666                       2e+06       2.189e+05  1.457e-07   5.189e-07   3.486e-06           0   4.151e-06     0.01898    NR2D0
p95668A__5477                       2e+06       3.751e+05  1.873e-07   9.355e-07   2.904e-06           0   4.027e-06     0.01841    CKND2D0
p95716A__4733                       2e+06       7.034e+04  5.978e-08   9.101e-08   3.458e-06           0   3.609e-06      0.0165    NR2D0
p95705A__9315                       2e+06       1.251e+05  6.592e-08   2.309e-07   2.853e-06           0    3.15e-06     0.01441    CKND2D0
p95742A__6131                       2e+06       3.897e+04  2.472e-08   5.172e-08   2.841e-06           0   2.917e-06     0.01334    CKND2D0
----------------------------------------------------------------------------------------------------------------------------
Total                                                       0.003471     0.01142    0.006978           0     0.02187         100    


-----------------------------------------------------------------------------------------
*	Power Distribution Summary: 
*                Highest Average Power:    FE_OFC32_debug_cnt_c_0 (BUFFD12):        0.0006338 
*                Highest Leakage Power:    FE_OFC34_debug_cnt_c_1 (BUFFD12):        0.0001918 
*          Total Cap:      1.34915e-11 F
*          Total instances in design:   142
*          Total instances in design with no power:     0
*          Total instances in design with no activity:     0
*          Total Fillers and Decap:     0
-----------------------------------------------------------------------------------------

