*----------------------------------------------------------------------------------------
*	Innovus 21.16-s078_1 (64bit) 12/07/2022 12:07 (Linux 3.10.0-693.el7.x86_64)
*	
*
* 	Date & Time:	2026-Mar-22 13:34:39 (2026-Mar-22 17:34:39 GMT)
*
*----------------------------------------------------------------------------------------
*
*	Design: input_idx_controller
*
*	Liberty Libraries used: 
*	        av_normal_max: /courses/ee6350/pdk2023/T-N65-CM-SP-018-K3_MOM/digital/Front_End/timing_power_noise/NLDM/tcbn65gplus_200a/tcbn65gpluswc.lib
*
*	Power Domain used: 
*              Rail:       DVDD      Voltage:        0.9 
*
*       Power View : av_normal_max
*
*       User-Defined Activity : N.A.
*
*       Activity File: N.A.
*
*       Hierarchical Global Activity: N.A.
*
*       Global Activity: N.A.
*
*       Sequential Element Activity: 0.200000
*
*       Primary Input Activity: 0.200000
*
*       Default icg ratio: N.A.
*
*       Global Comb ClockGate Ratio: N.A.
*
*	Power Units = 1mW
*
*	Time Units = 1e-09 secs 
*
*       report_power -outfile ../report/place.power_insts.rpt -instances {*}
*
-----------------------------------------------------------------------------------------


Total Power 
-----------------------------------------------------------------------------------------
Total Internal Power:        0.02659804 	   20.3087%
Total Switching Power:       0.09393784 	   71.7253%
Total Leakage Power:         0.01043311 	    7.9661%
Total Power:                 0.13096899 
-----------------------------------------------------------------------------------------


Group                           Internal   Switching     Leakage       Total  Percentage 
                                Power      Power         Power         Power  (%)        
-----------------------------------------------------------------------------------------
Sequential                        0.0196    0.001555    0.002664     0.02382       18.19 
Macro                                  0           0           0           0           0 
IO                                     0           0   4.544e-06   4.544e-06     0.00347 
Combinational                   0.006995     0.09238    0.007764      0.1071       81.81 
Clock (Combinational)                  0           0           0           0           0 
Clock (Sequential)                     0           0           0           0           0 
-----------------------------------------------------------------------------------------
Total                             0.0266     0.09394     0.01043       0.131         100 
-----------------------------------------------------------------------------------------


Rail                  Voltage   Internal   Switching     Leakage       Total  Percentage 
                                Power      Power         Power         Power  (%)        
-----------------------------------------------------------------------------------------
DVDD                      0.9     0.0266     0.09394     0.01043       0.131         100 


Instance                      Max Toggles   Total Toggles   Internal   Switching     Leakage       Total  Percentage    Cell
                              Input Pins    Output Pins     Power      Power         Power         Power  (%)           Name
----------------------------------------------------------------------------------------------------------------------------
FE_OFC31_a_row_idx_8            2.571e+07       2.571e+07  0.0001343    0.005252   0.0001283    0.005515       4.211    CKND12
FE_OFC18_b_col_idx_8            2.166e+07       2.166e+07  0.0001131    0.004429    0.000132    0.004674       3.569    CKND12
FE_OFC20_b_col_idx_7             2.08e+07        2.08e+07  0.0001087    0.004253   0.0001319    0.004493       3.431    CKND12
FE_OFC1_a_row_idx_7              2.08e+07        2.08e+07  0.0001086    0.004239   0.0001319     0.00448       3.421    CKND12
FE_OFC22_b_col_idx_6            1.927e+07       1.927e+07  0.0001007    0.003938   0.0001315     0.00417       3.184    CKND12
FE_OFC3_a_row_idx_6             1.927e+07       1.927e+07  0.0001006    0.003929   0.0001315    0.004161       3.177    CKND12
FE_OFC24_b_col_idx_5            1.831e+07       1.831e+07  9.568e-05    0.003741   0.0001308    0.003967       3.029    CKND12
FE_OFC5_a_row_idx_5             1.831e+07       1.831e+07  9.567e-05    0.003735   0.0001308    0.003962       3.025    CKND12
FE_OFC26_b_col_idx_4            1.769e+07       1.769e+07  9.244e-05    0.003613   0.0001291    0.003834       2.928    CKND12
FE_OFC7_a_row_idx_4             1.769e+07       1.769e+07  9.246e-05    0.003608   0.0001291     0.00383       2.924    CKND12
FE_OFC28_b_col_idx_3             1.25e+07        1.25e+07  6.528e-05    0.002553   0.0001248    0.002743       2.095    CKND12
FE_OFC33_a_row_idx_3             1.25e+07        1.25e+07  6.526e-05    0.002547   0.0001248    0.002737        2.09    CKND12
FE_OFC29_sram_rd_en                 1e+07           1e+07  0.0001276    0.002058   0.0001803    0.002366       1.807    CKBD12
FE_OFC13_a_row_idx_1                1e+07           1e+07  0.0001394    0.002041   0.0001719    0.002353       1.796    CKBD12
drc_bufs5996                        1e+07           1e+07  5.819e-05    0.002068   0.0001425    0.002269       1.732    INVD12
drc_bufs6032                        1e+07           1e+07  5.818e-05     0.00206   0.0001425    0.002261       1.726    INVD12
drc_bufs6054                        1e+07           1e+07   5.83e-05    0.002059   0.0001425     0.00226       1.725    INVD12
drc_bufs6042                        1e+07           1e+07  5.827e-05    0.002058   0.0001425    0.002259       1.725    INVD12
drc_bufs                            1e+07           1e+07  5.818e-05    0.002058   0.0001425    0.002259       1.725    INVD12
drc_bufs6048                        1e+07           1e+07  5.822e-05    0.002054   0.0001425    0.002255       1.722    INVD12
FE_OFC12_a_row_idx_1                1e+07           1e+07  5.228e-05    0.002074   0.0001283    0.002254       1.721    CKND12
drc_bufs5988                        1e+07           1e+07   5.84e-05    0.002053   0.0001425    0.002254       1.721    INVD12
drc_bufs6065                        1e+07           1e+07  5.832e-05    0.002052   0.0001425    0.002253        1.72    INVD12
drc_bufs6023                        1e+07           1e+07  5.817e-05    0.002052   0.0001425    0.002253        1.72    INVD12
drc_bufs6060                        1e+07           1e+07  5.817e-05    0.002051   0.0001425    0.002252        1.72    INVD12
drc_bufs6015                        1e+07           1e+07  5.823e-05     0.00205   0.0001425    0.002251       1.719    INVD12
p13989A5868                         1e+07           1e+07  5.814e-05    0.002038   0.0001425    0.002239       1.709    INVD12
p13989A                             1e+07           1e+07  5.814e-05    0.002037   0.0001425    0.002238       1.709    INVD12
drc_bufs6005                        1e+07           1e+07  5.209e-05    0.002055   0.0001283    0.002235       1.706    CKND12
FE_OFC9_a_row_idx_2                 1e+07           1e+07  5.251e-05    0.002043   0.0001283    0.002224       1.698    CKND12
FE_OFC15_a_row_idx_0                1e+07           1e+07   5.26e-05    0.002042   0.0001283    0.002223       1.697    CKND12
FE_OFC10_a_row_idx_2                1e+07           1e+07   5.25e-05    0.002039   0.0001283     0.00222       1.695    CKND12
FE_OFC16_a_row_idx_0                1e+07           1e+07   5.26e-05    0.002038   0.0001283    0.002219       1.694    CKND12
u_ac_j_reg[3]                       1e+08           2e+07  0.0005014   4.855e-05    8.02e-05   0.0006302      0.4811    DFXD1
last_data_read_reg                  1e+08           2e+07  0.0005325   1.244e-05   8.134e-05   0.0006262      0.4782    DFXD1
u_ac_j_reg[6]                       1e+08           2e+07  0.0005011   3.964e-05    8.02e-05   0.0006209      0.4741    DFXD1
a_row_os_reg[7]                     1e+08           2e+07  0.0005159   1.635e-05   7.087e-05   0.0006031      0.4605    EDFKCND1
b_col_os_reg[7]                     1e+08           2e+07  0.0005158   1.632e-05   7.087e-05    0.000603      0.4604    EDFKCND1
b_col_os_reg[6]                     1e+08           2e+07  0.0005087   1.712e-05   7.087e-05   0.0005967      0.4556    EDFKCND1
u_ac_z_reg[4]                       1e+08           2e+07  0.0004607   6.789e-05   6.694e-05   0.0005955      0.4547    DFD1
u_ac_z_reg[8]                       1e+08           2e+07  0.0004593   6.807e-05   6.694e-05   0.0005943      0.4538    DFD1
u_ac_z_reg[7]                       1e+08           2e+07  0.0004528   7.347e-05   6.697e-05   0.0005933       0.453    DFD1
u_ac_z_reg[3]                       1e+08           2e+07  0.0004548    7.07e-05   6.697e-05   0.0005925      0.4524    DFD1
a_row_os_reg[6]                     1e+08           2e+07  0.0005086   1.208e-05   7.087e-05   0.0005916      0.4517    EDFKCND1
u_ac_z_reg[6]                       1e+08           2e+07  0.0004568    6.76e-05   6.695e-05   0.0005913      0.4515    DFD1
u_ac_z_reg[5]                       1e+08           2e+07  0.0004567   6.765e-05   6.695e-05   0.0005913      0.4515    DFD1
u_ac_i_reg[4]                       1e+08           2e+07  0.0004449   7.596e-05   6.699e-05   0.0005879      0.4489    DFD1
b_col_os_reg[8]                     1e+08           1e+07  0.0005083   1.769e-05    5.74e-05   0.0005834      0.4454    EDFKCNQD1
u_ac_i_reg[3]                       1e+08           2e+07  0.0004448    7.14e-05   6.699e-05   0.0005832      0.4453    DFD1
u_ac_i_reg[6]                       1e+08           2e+07  0.0004446   7.129e-05   6.699e-05   0.0005829      0.4451    DFD1
u_ac_i_reg[8]                       1e+08           2e+07  0.0004444   7.054e-05   6.699e-05    0.000582      0.4444    DFD1
u_ac_i_reg[5]                       1e+08           2e+07  0.0004445   6.978e-05   6.699e-05   0.0005813      0.4438    DFD1
u_ac_i_reg[7]                       1e+08           2e+07  0.0004447   6.601e-05   6.699e-05   0.0005777      0.4411    DFD1
b_col_os_reg[5]                     1e+08           1e+07  0.0004874   1.575e-05   5.739e-05   0.0005606       0.428    EDFKCNQD1
a_row_os_reg[5]                     1e+08           1e+07  0.0004874   1.264e-05   5.739e-05   0.0005574      0.4256    EDFKCNQD1
b_col_os_reg[4]                     1e+08           1e+07  0.0004793   1.938e-05   5.739e-05    0.000556      0.4246    EDFKCNQD1
a_row_os_reg[4]                     1e+08           1e+07  0.0004793   1.652e-05   5.739e-05   0.0005532      0.4224    EDFKCNQD1
u_ac_j_reg[7]                       1e+08           2e+07  0.0004453   3.575e-05   6.699e-05   0.0005481      0.4185    DFD1
alu_start_reg                       1e+08           2e+07   0.000436   4.707e-05   6.407e-05   0.0005472      0.4178    DFKCND1
u_ac_j_reg[4]                       1e+08           2e+07  0.0004449   3.489e-05   6.699e-05   0.0005468      0.4175    DFD1
u_ac_j_reg[5]                       1e+08           2e+07  0.0004452   3.212e-05   6.699e-05   0.0005443      0.4156    DFD1
u_ac_j_reg[8]                       1e+08           2e+07   0.000445   2.996e-05   6.699e-05   0.0005419      0.4138    DFD1
done_reg                            1e+08           2e+07  0.0004129     4.6e-05   6.317e-05   0.0005221      0.3986    DFKCND1
u_ac_z_reg[2]                       1e+08           1e+07  0.0004382   1.286e-05   5.344e-05   0.0005045      0.3852    DFQD1
u_ac_z_reg[0]                       1e+08           1e+07  0.0004344   1.668e-05   5.345e-05   0.0005045      0.3852    DFQD1
a_row_os_reg[3]                     1e+08           1e+07  0.0004231   3.077e-05   4.929e-05   0.0005031      0.3842    DFKCNQD1
a_row_os_reg[8]                     1e+08           1e+07   0.000423   2.766e-05   4.929e-05      0.0005      0.3818    DFKCNQD1
b_col_os_reg[3]                     1e+08           1e+07   0.000423   2.629e-05   4.929e-05   0.0004986      0.3807    DFKCNQD1
num_computated_reg[0]               1e+08           1e+07   0.000423   2.332e-05   4.929e-05   0.0004956      0.3784    DFKCNQD1
u_ac_z_reg[1]                       1e+08           1e+07  0.0004364   5.282e-06   5.347e-05   0.0004951       0.378    DFQD1
num_computated_reg[3]               1e+08           1e+07  0.0004232   2.228e-05   4.929e-05   0.0004947      0.3778    DFKCNQD1
num_computated_reg[5]               1e+08           1e+07   0.000423    2.09e-05   4.929e-05   0.0004931      0.3765    DFKCNQD1
num_computated_reg[1]               1e+08           1e+07  0.0004229   1.782e-05   4.929e-05     0.00049      0.3742    DFKCNQD1
num_computated_reg[6]               1e+08           1e+07  0.0004229   1.706e-05   4.929e-05   0.0004893      0.3736    DFKCNQD1
num_computated_reg[4]               1e+08           1e+07  0.0004231   1.234e-05   4.929e-05   0.0004847      0.3701    DFKCNQD1
num_computated_reg[2]               1e+08           1e+07   0.000423   1.114e-05   4.929e-05   0.0004835      0.3691    DFKCNQD1
p18238A__6417                   1.781e+07       4.117e+07   0.000158   2.719e-05     0.00011   0.0002952      0.2254    FA1D0
p18252A5851__7410               1.781e+07       4.117e+07   0.000158   2.342e-05     0.00011   0.0002914      0.2225    FA1D0
p18210A__4319                   1.562e+07       3.734e+07  0.0001452   2.652e-05     0.00011   0.0002817      0.2151    FA1D0
p18196A__8428                   1.562e+07       3.734e+07   0.000145   2.539e-05     0.00011   0.0002803       0.214    FA1D0
p18154A5855__9945                1.25e+07       3.125e+07  0.0001234   1.614e-05     0.00011   0.0002495      0.1905    FA1D0
p18169A__2883                    1.25e+07       3.125e+07  0.0001235   1.582e-05     0.00011   0.0002492      0.1903    FA1D0
p18091A5857__3680                   1e+07         2.5e+07   0.000101   1.229e-05   0.0001099   0.0002232      0.1704    FA1D0
p18107A5858__6783                   1e+07         2.5e+07   0.000101   1.182e-05   0.0001099   0.0002228      0.1701    FA1D0
g2                              2.057e+07       2.571e+07  9.223e-05   1.432e-05   3.899e-05   0.0001455      0.1111    XOR3D0
FE_OFC30_a_row_idx_8            2.571e+07       2.571e+07  1.417e-05   0.0001105   1.029e-05    0.000135      0.1031    INVD1
FE_OFC17_b_col_idx_8            2.166e+07       2.166e+07  1.219e-05   9.705e-05   1.002e-05   0.0001193     0.09106    INVD1
FE_OFC14_a_row_idx_0                1e+07           1e+07  5.654e-06      0.0001   1.029e-05    0.000116     0.08854    INVD1
FE_OFC0_a_row_idx_7              2.08e+07        2.08e+07  1.172e-05   9.324e-05   1.003e-05    0.000115     0.08779    INVD1
FE_OFC19_b_col_idx_7             2.08e+07        2.08e+07   1.17e-05   9.088e-05   1.003e-05   0.0001126     0.08598    INVD1
FE_OFC8_a_row_idx_2                 1e+07           1e+07  5.675e-06   9.414e-05   1.029e-05   0.0001101     0.08407    INVD1
FE_OFC2_a_row_idx_6             1.927e+07       1.927e+07  1.084e-05   8.581e-05   1.005e-05   0.0001067     0.08147    INVD1
FE_OFC21_b_col_idx_6            1.927e+07       1.927e+07  1.085e-05   8.465e-05   1.005e-05   0.0001055     0.08059    INVD1
FE_OFC4_a_row_idx_5             1.831e+07       1.831e+07  1.029e-05   7.816e-05    1.01e-05   9.855e-05     0.07525    INVD1
FE_OFC23_b_col_idx_5            1.831e+07       1.831e+07  1.028e-05     7.8e-05    1.01e-05   9.839e-05     0.07512    INVD1
FE_OFC25_b_col_idx_4            1.769e+07       1.769e+07  9.939e-06   7.606e-05   1.022e-05   9.622e-05     0.07347    INVD1
FE_OFC6_a_row_idx_4             1.769e+07       1.769e+07  9.948e-06   7.476e-05   1.022e-05   9.493e-05     0.07249    INVD1
p18041A__9945                       1e+07        1.25e+07  4.048e-05   5.438e-06   3.882e-05   8.474e-05      0.0647    XNR3D0
p13248A__1617                   1.733e+07       2.166e+07  4.143e-05   1.158e-05   2.671e-05   7.972e-05     0.06087    OR2XD1
p13293A__4733                   1.664e+07        2.08e+07  3.993e-05   1.018e-05   2.663e-05   7.675e-05      0.0586    OR2XD1
p13291A__7482                   1.664e+07        2.08e+07  3.991e-05   9.866e-06   2.663e-05   7.641e-05     0.05834    OR2XD1
FE_OFC32_a_row_idx_3             1.25e+07        1.25e+07  7.028e-06   5.623e-05   1.054e-05    7.38e-05     0.05635    INVD1
p13335A__4319                   1.542e+07       1.927e+07  3.635e-05   1.016e-05    2.68e-05   7.331e-05     0.05598    OR2XD1
FE_OFC27_b_col_idx_3             1.25e+07        1.25e+07  7.036e-06   5.536e-05   1.054e-05   7.294e-05     0.05569    INVD1
p13336A__8428                   1.542e+07       1.927e+07  3.633e-05   9.285e-06    2.68e-05   7.241e-05     0.05529    OR2XD1
p13383A__8428                   1.465e+07       1.831e+07  3.401e-05   9.932e-06   2.681e-05   7.075e-05     0.05402    OR2XD1
p13382A__4319                   1.465e+07       1.831e+07  3.402e-05   9.808e-06   2.681e-05   7.063e-05     0.05393    OR2XD1
p13196A__8246                   1.562e+07       1.879e+07  2.975e-05   2.713e-05   1.284e-05   6.971e-05     0.05323    IOA21D0
p13399A__1666                     1.5e+07       1.769e+07  3.228e-05   9.612e-06    2.68e-05   6.869e-05     0.05245    OR2XD1
p13399A5860__2802                 1.5e+07       1.769e+07  3.235e-05   8.349e-06    2.68e-05    6.75e-05     0.05154    OR2XD1
p18287A__7098                   1.891e+07       2.363e+07  4.552e-05   9.084e-06   1.225e-05   6.686e-05     0.05105    MAOI22D0
g5975                            1.25e+07       1.562e+07  3.487e-05   6.195e-06   2.498e-05   6.604e-05     0.05043    XNR2D0
p18294A__6131                   1.891e+07       2.363e+07    4.3e-05   9.505e-06   1.262e-05   6.512e-05     0.04973    MOAI22D0
g5972                               1e+07        1.25e+07  3.236e-05   5.371e-06   2.402e-05   6.175e-05     0.04715    CKXOR2D0
p13197A__7098                   1.562e+07       1.879e+07  2.973e-05   1.825e-05   1.284e-05   6.082e-05     0.04644    IOA21D0
g5971                               1e+07       1.187e+07  3.159e-05   3.935e-06   2.406e-05   5.958e-05     0.04549    CKXOR2D0
FE_OFC11_a_row_idx_1                1e+07           1e+07  5.625e-06   4.353e-05   1.029e-05   5.945e-05     0.04539    INVD1
p13496A__1705                       1e+07           1e+07  1.955e-05   1.538e-05   2.359e-05   5.853e-05     0.04469    AN2XD1
p13222A__1666                   1.879e+07       2.057e+07  3.288e-05   1.263e-05   1.286e-05   5.837e-05     0.04457    IOA21D0
g5978                               1e+07        1.25e+07  2.753e-05   5.409e-06   2.511e-05   5.805e-05     0.04433    XNR2D0
p13469A__7482                       1e+07        1.25e+07  2.331e-05   5.898e-06   2.881e-05   5.801e-05     0.04429    AN2XD1
p13473A__5107                       1e+07        1.25e+07  2.315e-05   6.054e-06   2.881e-05   5.801e-05     0.04429    AN2XD1
g5977                               1e+07        1.25e+07  2.992e-05   4.079e-06   2.378e-05   5.778e-05     0.04412    CKXOR2D0
g5976                               1e+07        1.25e+07  2.773e-05   4.982e-06   2.484e-05   5.755e-05     0.04394    XNR2D0
p18247A5846__1705               1.266e+07       1.583e+07  3.151e-05   1.209e-05   1.252e-05   5.612e-05     0.04285    MOAI22D0
p13377A__1617                       1e+07        1.25e+07  2.669e-05   1.546e-05   1.268e-05   5.483e-05     0.04187    MOAI22D0
g3                              1.879e+07       2.057e+07  3.287e-05   8.155e-06   1.286e-05   5.388e-05     0.04114    IOA21D0
p18247A__5122                   1.266e+07       1.583e+07  3.153e-05   8.566e-06   1.252e-05   5.261e-05     0.04017    MOAI22D0
p17911A__7482                    1.25e+07       1.562e+07  2.889e-05   8.678e-06   1.322e-05   5.079e-05     0.03878    MOAI22D0
p18101A__2346                    1.25e+07       1.266e+07  6.146e-06   4.029e-05   4.322e-06   5.075e-05     0.03875    CKND2D0
p18325A__1881                       1e+07        1.25e+07  6.768e-06   3.823e-05   5.245e-06   5.024e-05     0.03836    NR2D0
p18161A5838__6783               1.266e+07       1.583e+07  2.368e-05   1.408e-05   1.245e-05   5.021e-05     0.03834    IOA21D0
p18177A5821__1705               1.583e+07       1.762e+07  2.874e-05   9.098e-06   1.168e-05   4.952e-05     0.03781    AO22D0
p18428A__4319                       1e+07        1.25e+07  2.713e-05   9.221e-06   1.268e-05   4.904e-05     0.03744    MOAI22D0
p18091A__1617                   1.204e+07       1.505e+07    3.1e-05   5.744e-06   1.227e-05   4.902e-05     0.03743    MAOI22D0
p18177A__4319                   1.583e+07        1.71e+07  2.824e-05   9.093e-06   1.166e-05     4.9e-05     0.03741    AO22D0
p18431A__6260                       1e+07        1.25e+07  2.722e-05   8.837e-06   1.268e-05   4.874e-05     0.03721    MOAI22D0
p18019A__6131                    1.25e+07       1.562e+07  2.321e-05   8.405e-06   1.591e-05   4.752e-05     0.03628    MUX2ND0
p17617A__2802                    1.88e+07       1.849e+07  2.693e-05   7.075e-06   1.116e-05   4.516e-05     0.03448    IAO21D0
p17886A__2883                   1.516e+07       1.494e+07  2.547e-05   8.209e-06    1.12e-05   4.488e-05     0.03427    OA211D0
p18093A__1881                    1.25e+07       1.562e+07   2.31e-05   5.118e-06   1.578e-05     4.4e-05      0.0336    MUX2ND0
p18292A__6161                    1.25e+07       1.024e+07  2.609e-05   4.861e-06   1.242e-05   4.338e-05     0.03312    MOAI22D0
p18161A__2398                   1.065e+07       1.033e+07    2.2e-05   7.294e-06   1.362e-05   4.291e-05     0.03276    IOA21D0
p18252A__1617                    1.25e+07       1.001e+07  2.563e-05   4.525e-06   1.261e-05   4.277e-05     0.03266    MOAI22D0
p18434A__1617                       1e+07       1.125e+07  2.687e-05   4.307e-06   1.094e-05   4.212e-05     0.03216    OA32D0
p18264A__6783                       1e+07        1.25e+07  1.787e-05   1.077e-05    1.34e-05   4.204e-05      0.0321    OA21D0
g5973                               1e+07        1.25e+07  2.137e-05   4.693e-06   1.597e-05   4.204e-05      0.0321    MUX2ND0
p17736A__6131                       1e+07        1.25e+07  1.847e-05   1.134e-05     1.2e-05   4.181e-05     0.03192    AO21D0
p18070A__2398                       1e+07       1.028e+07  5.661e-06   2.979e-05   5.838e-06   4.129e-05     0.03153    NR2D0
p18188A__1617                   1.583e+07       1.482e+07   2.13e-05   6.841e-06   1.222e-05   4.036e-05     0.03082    AO22D0
p17540A__6417                   1.562e+07       1.943e+07  2.572e-05   7.089e-06   7.195e-06       4e-05     0.03054    AOI221D0
p18170A__5122                   1.562e+07       1.636e+07  2.308e-05   8.791e-06   7.322e-06   3.919e-05     0.02992    OAI32D0
p17562A__7410                   1.562e+07       1.833e+07  2.458e-05   7.405e-06   6.761e-06   3.875e-05     0.02958    AOI221D0
p18171A5844__9315               2.363e+07           1e+07  1.868e-05   5.891e-06   1.313e-05   3.771e-05     0.02879    MOAI22D0
p18171A5839__6260                1.25e+07           1e+07  1.774e-05   6.482e-06   1.339e-05   3.761e-05     0.02872    MOAI22D0
p17670A__1705                   1.943e+07       1.808e+07  2.547e-05   5.805e-06   5.985e-06   3.726e-05     0.02845    OAI221D0
p18171A5842__5526                1.25e+07           1e+07  1.786e-05    5.91e-06   1.339e-05   3.716e-05     0.02837    MOAI22D0
Fp18126A                        1.266e+07       1.266e+07  4.394e-06   2.862e-05   4.092e-06   3.711e-05     0.02834    CKND0
p18178A__3680                   1.562e+07       1.749e+07  1.991e-05   9.994e-06   7.037e-06   3.694e-05      0.0282    OAI22D0
p18171A5845__5107                   1e+07           1e+07  1.763e-05   5.819e-06   1.326e-05    3.67e-05     0.02803    MOAI22D0
p18171A5840__4319               1.204e+07           1e+07  1.781e-05   5.451e-06   1.327e-05   3.653e-05      0.0279    MOAI22D0
p18171A5841__2398                1.25e+07           1e+07  1.775e-05   4.787e-06   1.339e-05   3.593e-05     0.02743    MOAI22D0
p17595A__2346                   1.504e+07        1.88e+07  1.713e-05   9.066e-06   9.618e-06   3.582e-05     0.02735    OAI211D0
p13184A__1705                    1.25e+07       1.562e+07  1.146e-05    1.62e-05   7.942e-06    3.56e-05     0.02719    OAI21D0
p18171A5843__8428               1.125e+07           1e+07  1.778e-05   4.553e-06   1.325e-05   3.558e-05     0.02717    MOAI22D0
p18357A__5526                       1e+07       1.125e+07  1.799e-05   4.603e-06   1.281e-05   3.541e-05     0.02703    MAOI22D0
p18150A__6131                   1.049e+07       1.057e+07  1.369e-05   1.092e-05   1.051e-05   3.512e-05     0.02682    IAO21D0
p13185A__5122                    1.25e+07       1.562e+07  1.148e-05   1.517e-05   7.942e-06   3.459e-05     0.02641    OAI21D0
p17899A__8246                    1.25e+07       1.562e+07  1.891e-05   6.943e-06   8.633e-06   3.449e-05     0.02633    AOI221D0
p18181A__6783                   1.583e+07       1.376e+07  2.071e-05   7.203e-06   6.491e-06   3.441e-05     0.02627    OAI32D0
p13356A5871__9315                   1e+07        1.25e+07  1.347e-05   9.037e-06   1.139e-05    3.39e-05     0.02588    INR2D0
p13356A__4733                       1e+07        1.25e+07   1.35e-05   8.555e-06   1.139e-05   3.345e-05     0.02554    INR2D0
p18161A5835__8428                   1e+07           1e+07  1.427e-05   5.271e-06   1.378e-05   3.333e-05     0.02545    IOA21D0
p13354A__6161                       1e+07        1.25e+07  1.321e-05   8.675e-06   1.132e-05   3.321e-05     0.02536    IND2D0
g6120                            1.25e+07         1.5e+07  1.694e-05    7.82e-06   8.346e-06   3.311e-05     0.02528    CKAN2D0
p13360A__7482                       1e+07        1.25e+07  1.344e-05   8.277e-06   1.139e-05   3.311e-05     0.02528    INR2D0
p13397A5862__1705                1.25e+07         1.5e+07  1.449e-05   7.716e-06   1.088e-05   3.309e-05     0.02526    INR2D0
p18191A5849__2883                   1e+07       1.001e+07  5.507e-06    2.14e-05   5.844e-06   3.275e-05     0.02501    NR2D0
p13247A__7098                   2.057e+07       1.574e+07  1.776e-05   7.098e-06   7.774e-06   3.264e-05     0.02492    CKAN2D0
p13290A5852__5107               1.879e+07       1.465e+07  1.664e-05   7.947e-06   7.738e-06   3.233e-05     0.02469    CKAN2D0
p17693A__3680                   1.833e+07       1.558e+07  2.151e-05   4.939e-06   5.561e-06   3.201e-05     0.02444    OAI221D0
p18152A5836__1881                   1e+07           1e+07  1.344e-05   4.796e-06   1.371e-05   3.194e-05     0.02439    AO21D0
p18222A__2883                   1.001e+07       1.001e+07  1.347e-05   4.966e-06   1.326e-05    3.17e-05      0.0242    AO21D0
p18254A__6161                    1.25e+07       1.562e+07  1.185e-05    1.17e-05    8.06e-06   3.162e-05     0.02414    OAI21D0
p18152A__5115                       1e+07           1e+07  1.344e-05   4.441e-06   1.371e-05   3.159e-05     0.02412    AO21D0
p18226A__3680                       1e+07        1.25e+07  9.637e-06   1.396e-05   7.915e-06   3.152e-05     0.02406    AOI21D0
p17844A__2398                    1.25e+07       1.485e+07  1.767e-05   6.014e-06   7.397e-06   3.108e-05     0.02373    AOI22D0
p17770A__6161                   1.558e+07       1.251e+07  1.774e-05   8.094e-06   5.008e-06   3.084e-05     0.02355    AOI221D0
p17874A__7410                    1.25e+07       1.516e+07  1.649e-05   7.023e-06   7.109e-06   3.063e-05     0.02338    AOI22D0
p17562A5859__5115                1.25e+07       1.562e+07  1.611e-05   6.246e-06   7.976e-06   3.033e-05     0.02316    OAI22D0
p17760A__6783                       1e+07        1.25e+07      1e-05   1.321e-05   7.084e-06    3.03e-05     0.02313    AOI21D0
p18178A5837__5477               1.266e+07       1.583e+07   1.14e-05   1.154e-05   7.286e-06   3.023e-05     0.02308    AOI21D0
p13290A__2398                   1.879e+07       1.465e+07  1.647e-05   5.993e-06   7.738e-06    3.02e-05     0.02306    CKAN2D0
p13327A__6161                   1.562e+07       1.271e+07  1.444e-05   7.635e-06   7.674e-06   2.975e-05     0.02271    CKAN2D0
p17584A__6161                    1.25e+07       1.504e+07  1.604e-05   6.848e-06   6.828e-06   2.972e-05     0.02269    AOI22D0
p18171A__5107                   1.057e+07       1.029e+07  1.593e-05   6.855e-06   6.883e-06   2.967e-05     0.02265    OAI32D0
p13327A5853__7482               1.562e+07       1.271e+07  1.444e-05   7.412e-06   7.674e-06   2.952e-05     0.02254    CKAN2D0
p17747A__9315                   1.808e+07       1.273e+07  1.749e-05   6.757e-06   5.115e-06   2.937e-05     0.02242    AOI221D0
p18275A__7098                       1e+07        1.25e+07  9.031e-06   1.153e-05    8.64e-06   2.921e-05      0.0223    AOI21D0
p17583A__1705                       1e+07        1.25e+07  9.985e-06   1.195e-05   7.084e-06   2.902e-05     0.02216    AOI21D0
p18568A__4733                       1e+07        1.25e+07  1.652e-05   4.899e-06   7.542e-06   2.897e-05     0.02212    AOI32D0
p17541A__4733                    1.25e+07       1.562e+07  1.553e-05   5.452e-06   7.968e-06   2.895e-05     0.02211    OAI22D0
p18194A__3680                    1.25e+07       1.562e+07  8.212e-06   1.478e-05   5.956e-06   2.894e-05      0.0221    NR2D0
p18154A5872__9945                   1e+07        1.25e+07  1.015e-05   1.165e-05   7.084e-06   2.888e-05     0.02205    AOI21D0
p18553A__5115                       1e+07        1.25e+07  1.651e-05   4.651e-06   7.542e-06    2.87e-05     0.02191    AOI32D0
p13133A__4733                       1e+07           1e+07  5.041e-06   1.918e-05    3.91e-06   2.813e-05     0.02148    CKND2D0
p18163A__5526                   1.001e+07       1.001e+07  1.556e-05   5.463e-06   6.882e-06    2.79e-05      0.0213    OAI32D0
p18098A__1881                       1e+07         7.5e+06  9.896e-06   1.075e-05   7.238e-06   2.788e-05     0.02129    NR3D0
p17592A__3680                       1e+07        1.25e+07  1.003e-05   1.062e-05   7.084e-06   2.774e-05     0.02118    AOI21D0
p13167A__5477                       1e+07        1.25e+07  1.029e-05   9.877e-06   7.487e-06   2.766e-05     0.02112    OAI21D0
p18396A__5115                       1e+07       1.024e+07  1.577e-05   4.888e-06   6.893e-06   2.755e-05     0.02103    OAI32D0
p17613A__8246                       1e+07        1.25e+07  9.972e-06   1.031e-05   7.084e-06   2.737e-05      0.0209    AOI21D0
p18218A__7482                    1.04e+07       1.023e+07    1.6e-05   4.827e-06   6.504e-06   2.733e-05     0.02087    OAI32D0
g6122                               1e+07           1e+07    1.2e-05   5.934e-06   9.263e-06    2.72e-05     0.02077    IND2D0
p17502A__5122                       1e+07        1.25e+07  1.002e-05   9.829e-06   7.084e-06   2.693e-05     0.02056    AOI21D0
p17720A__6417                       1e+07        1.25e+07  9.962e-06   9.733e-06   7.084e-06   2.678e-05     0.02045    AOI21D0
g6121                               1e+07           1e+07  1.191e-05   5.606e-06   9.263e-06   2.678e-05     0.02045    IND2D0
p17509A__9945                       1e+07        1.25e+07  9.966e-06   9.597e-06   7.084e-06   2.665e-05     0.02035    AOI21D0
p17490A__5526                       1e+07        1.25e+07  1.004e-05   9.513e-06   7.084e-06   2.664e-05     0.02034    AOI21D0
p17629A__6417                   1.849e+07       1.098e+07  1.741e-05   4.425e-06    4.74e-06   2.657e-05     0.02029    OAI221D0
p13168A__6161                       1e+07        1.25e+07  1.032e-05   8.743e-06   7.487e-06   2.655e-05     0.02028    OAI21D0
p13383A5870__1666                   1e+07        1.25e+07  5.919e-06    1.51e-05   5.342e-06   2.636e-05     0.02012    CKND2D0
p17612A__1617                       1e+07        1.25e+07  9.975e-06   9.162e-06   7.084e-06   2.622e-05     0.02002    AOI21D0
p17860A__8428                       1e+07        1.25e+07  1.003e-05   9.036e-06   7.084e-06   2.615e-05     0.01997    AOI21D0
p18140A__7410                    1.04e+07       1.049e+07  8.973e-06   1.089e-05    6.25e-06   2.611e-05     0.01994    OAI21D0
p17570A__4319                       1e+07        1.25e+07  9.959e-06   9.039e-06   7.084e-06   2.608e-05     0.01991    AOI21D0
p17844A5874__7098                   1e+07        1.25e+07  9.979e-06    8.92e-06   7.084e-06   2.598e-05     0.01984    AOI21D0
p18584A__7410                       1e+07        1.25e+07   1.32e-05   5.176e-06    7.52e-06   2.589e-05     0.01977    AOI22D0
p17609A__1666                       1e+07           1e+07   5.37e-06   1.557e-05   4.646e-06   2.558e-05     0.01953    NR2D0
p18174A__7098                   1.001e+07       1.001e+07  1.437e-05   4.983e-06   6.219e-06   2.557e-05     0.01953    OAI32D0
p18270A__5107                       1e+07       1.204e+07  8.535e-06    8.23e-06    8.77e-06   2.553e-05      0.0195    AOI21D0
p13367A__5122                    1.25e+07         7.5e+06  1.246e-05     4.5e-06   8.482e-06   2.544e-05     0.01943    INR2D0
p17516A__6260                       1e+07        1.25e+07  9.945e-06    8.19e-06   7.084e-06   2.522e-05     0.01926    AOI21D0
p17905A__1666                   1.562e+07       1.235e+07  1.454e-05   5.077e-06   5.469e-06   2.508e-05     0.01915    AOI211D0
p13132A__6161                       1e+07           1e+07  4.932e-06    1.62e-05    3.91e-06   2.504e-05     0.01912    CKND2D0
p17864A__2802                       1e+07        1.25e+07  9.968e-06    7.93e-06   7.084e-06   2.498e-05     0.01907    AOI21D0
p18191A__1666                   1.001e+07       1.001e+07  8.168e-06   9.654e-06   6.642e-06   2.446e-05     0.01868    AOI21D0
p17512A__6417                       1e+07           1e+07  5.412e-06   1.416e-05   4.646e-06   2.421e-05     0.01849    NR2D0
p18182A__8246                       1e+07           1e+07  4.824e-06   8.185e-06   1.115e-05   2.416e-05     0.01845    IND2D0
p18014A__6131                   1.562e+07        1.33e+07  1.365e-05   5.116e-06   5.159e-06   2.393e-05     0.01827    OAI211D0
p17509A5879__5477                   1e+07           1e+07  5.353e-06   1.373e-05   4.646e-06   2.373e-05     0.01812    NR2D0
p18124A__1881                   1.028e+07        1.04e+07  8.652e-06   8.639e-06   6.325e-06   2.362e-05     0.01803    AOI21D0
Fp18190A                            1e+07           1e+07  3.696e-06   1.592e-05   3.713e-06   2.333e-05     0.01782    CKND0
p18008A__7410                    1.33e+07        9.92e+06  1.408e-05   4.343e-06   4.789e-06   2.321e-05     0.01772    AOI221D0
p17692A__2883                       1e+07         7.5e+06  6.417e-06   1.241e-05   4.215e-06   2.304e-05     0.01759    ND3D0
p17564A__2398                       1e+07           1e+07  5.345e-06   1.285e-05   4.646e-06   2.284e-05     0.01744    NR2D0
p17584A5878__8246                   1e+07           1e+07  5.345e-06   1.278e-05   4.646e-06   2.277e-05     0.01738    NR2D0
p17557A__7410                       1e+07           1e+07  5.346e-06   1.272e-05   4.646e-06   2.272e-05     0.01734    NR2D0
p13343A__7482                       1e+07           1e+07  4.977e-06   1.339e-05    3.91e-06   2.228e-05     0.01701    CKND2D0
p17568A__5122                       1e+07           1e+07  5.396e-06   1.217e-05   4.646e-06   2.221e-05     0.01696    NR2D0
p18494A5873__1666                   1e+07        1.25e+07  9.901e-06   4.736e-06   7.552e-06   2.219e-05     0.01694    OAI21D0
p18494A__2398                       1e+07        1.25e+07  9.856e-06   4.691e-06   7.552e-06    2.21e-05     0.01687    OAI21D0
p17516A5877__2802                   1e+07           1e+07  5.343e-06   1.211e-05   4.646e-06    2.21e-05     0.01687    NR2D0
p18187A__8246                    1.25e+07       1.001e+07  8.898e-06   5.778e-06   7.403e-06   2.208e-05     0.01686    OAI22D0
p18488A__6417                       1e+07        1.25e+07  9.776e-06   4.629e-06   7.552e-06   2.196e-05     0.01676    OAI21D0
p13282A__6260                   1.879e+07       1.664e+07  8.172e-06   8.805e-06   4.848e-06   2.183e-05     0.01666    NR2D0
p18374A__5122                       1e+07       1.204e+07  8.133e-06    4.69e-06   8.983e-06   2.181e-05     0.01665    OAI21D0
p17542A__2346                       1e+07           1e+07  5.396e-06   1.176e-05   4.646e-06    2.18e-05     0.01665    NR2D0
Fp18360A                         1.25e+07        1.25e+07  4.375e-06   1.393e-05   3.461e-06   2.177e-05     0.01662    CKND0
p18197A__2802                   1.125e+07       1.001e+07  8.888e-06    5.69e-06    7.18e-06   2.176e-05     0.01661    OAI22D0
p18382A__2398                       1e+07           5e+06  8.291e-06    5.56e-06   7.849e-06    2.17e-05     0.01657    IND2D0
p13239A__1881                   2.057e+07       1.733e+07  8.485e-06   8.424e-06   4.788e-06    2.17e-05     0.01657    NR2D0
p18432A__5115                       1e+07           1e+07  4.911e-06   1.265e-05    3.91e-06   2.147e-05      0.0164    CKND2D0
p13334A__4733                   1.562e+07       1.542e+07  7.656e-06   8.856e-06   4.956e-06   2.147e-05     0.01639    NR2D0
p17545A__7098                       1e+07           1e+07  5.343e-06   1.139e-05   4.646e-06   2.138e-05     0.01633    NR2D0
p13281A__5477                   1.879e+07       1.664e+07  8.136e-06    8.17e-06   4.848e-06   2.115e-05     0.01615    NR2D0
p18170A5865__6131                   1e+07       3.125e+06  1.025e-05   3.206e-06   7.652e-06    2.11e-05     0.01611    IND3D0
p13374A5883__1617                   1e+07           1e+07  5.009e-06   1.199e-05    3.91e-06   2.091e-05     0.01597    CKND2D0
p13336A5854__9315               1.562e+07       1.542e+07  7.643e-06   8.007e-06   4.956e-06   2.061e-05     0.01573    NR2D0
p13343A5885__6161                   1e+07           1e+07  4.893e-06   1.132e-05    3.91e-06   2.013e-05     0.01537    CKND2D0
p18275A5876__7482                   1e+07           1e+07   4.93e-06   1.111e-05    3.91e-06   1.995e-05     0.01523    CKND2D0
p17852A__9315                       1e+07           1e+07  5.395e-06    9.88e-06   4.646e-06   1.992e-05     0.01521    NR2D0
p13274A__6783                       1e+07           1e+07  4.895e-06   1.083e-05    3.91e-06   1.963e-05     0.01499    CKND2D0
p18091A5880__4319                   1e+07           1e+07   5.02e-06   1.067e-05    3.91e-06    1.96e-05     0.01497    CKND2D0
p13374A__6131                       1e+07           1e+07  4.962e-06   1.071e-05    3.91e-06   1.958e-05     0.01495    CKND2D0
p18154A__6260                   1.057e+07       1.065e+07  8.987e-06   4.278e-06   6.247e-06   1.951e-05      0.0149    OAI21D0
p17763A__6260                   1.562e+07       6.156e+05  1.017e-05   7.574e-07   8.476e-06    1.94e-05     0.01481    INR3D0
p18173A__6417                   1.001e+07       1.001e+07  5.522e-06    8.03e-06   5.844e-06    1.94e-05     0.01481    NR2D0
p18364A__6131                       1e+07         7.5e+06  6.405e-06   8.729e-06   4.215e-06   1.935e-05     0.01477    ND3D0
p13378A__5526                    1.25e+07       1.465e+07  7.419e-06   6.738e-06   5.147e-06    1.93e-05     0.01474    NR2D0
p17708A__5122                    1.25e+07       7.895e+06  9.571e-06   5.264e-06   4.396e-06   1.923e-05     0.01468    AOI211D0
Fp18482A                            1e+07           1e+07  3.455e-06   1.191e-05   3.713e-06   1.908e-05     0.01457    CKND0
p13383A5869__2883                   1e+07        1.25e+07   5.83e-06   7.758e-06   5.342e-06   1.893e-05     0.01445    CKND2D0
p13388A__7410                       1e+07        1.25e+07  5.832e-06   7.677e-06   5.342e-06   1.885e-05     0.01439    CKND2D0
p13380A__8428                    1.25e+07       1.465e+07  7.415e-06   6.286e-06   5.147e-06   1.885e-05     0.01439    NR2D0
p13389A__2346                       1e+07        1.25e+07  5.877e-06   7.564e-06   5.342e-06   1.878e-05     0.01434    CKND2D0
Fp8914A5895                         1e+07           1e+07  4.041e-06   1.074e-05   3.713e-06   1.849e-05     0.01412    CKND0
p17598A__3680                       1e+07           1e+07  5.319e-06    8.47e-06   4.646e-06   1.843e-05     0.01408    NR2D0
Fp18660A                            1e+07           1e+07  3.631e-06   1.105e-05   3.713e-06   1.839e-05     0.01404    CKND0
p13310A__5526                       1e+07           1e+07  4.985e-06   9.434e-06    3.91e-06   1.833e-05     0.01399    CKND2D0
p17503A__2883                       1e+07           1e+07   5.38e-06   8.298e-06   4.646e-06   1.832e-05     0.01399    NR2D0
Fp18408A                            1e+07           1e+07  3.453e-06   1.091e-05   3.713e-06   1.808e-05      0.0138    CKND0
p13166A__6260                       1e+07           1e+07  5.426e-06   7.357e-06   4.646e-06   1.743e-05     0.01331    NR2D0
p13216A5884__1881                   1e+07           1e+07  5.509e-06   7.173e-06   4.646e-06   1.733e-05     0.01323    NR2D0
p13167A5882__8246                   1e+07           1e+07  5.157e-06   7.083e-06   4.646e-06   1.689e-05     0.01289    NR2D0
p17840A__8428                       1e+07           1e+07  5.303e-06   6.895e-06   4.646e-06   1.684e-05     0.01286    NR2D0
Fp17858A                            1e+07           1e+07  3.333e-06    1.02e-05    3.21e-06   1.674e-05     0.01278    CKND0
p18165A__2802                       1e+07           1e+07  5.499e-06   6.597e-06   4.646e-06   1.674e-05     0.01278    NR2D0
p13177A__5122                       1e+07           1e+07  4.916e-06   7.908e-06    3.91e-06   1.673e-05     0.01278    CKND2D0
p17855A__9945                       1e+07           1e+07   5.31e-06   6.632e-06   4.646e-06   1.659e-05     0.01267    NR2D0
Fp13166A5856                     1.25e+07        1.25e+07  4.073e-06   8.708e-06   3.493e-06   1.627e-05     0.01243    CKND0
p13277A__4733                       1e+07           1e+07  4.927e-06   7.344e-06    3.91e-06   1.618e-05     0.01235    CKND2D0
p13216A__3680                       1e+07           1e+07  5.169e-06   6.354e-06   4.646e-06   1.617e-05     0.01235    NR2D0
p18107A5886__1705                   1e+07           1e+07  4.991e-06   7.236e-06    3.91e-06   1.614e-05     0.01232    CKND2D0
p18290A__2346                       1e+07         7.5e+06   3.84e-06    8.13e-06   4.047e-06   1.602e-05     0.01223    NR2D0
Fp13166A                         1.25e+07        1.25e+07  4.057e-06   8.322e-06   3.493e-06   1.587e-05     0.01212    CKND0
p13312A__6783                       1e+07           1e+07  4.899e-06   6.995e-06    3.91e-06    1.58e-05     0.01207    CKND2D0
p13233A5881__5107                   1e+07           1e+07    4.9e-06   6.976e-06    3.91e-06   1.579e-05     0.01205    CKND2D0
p13233A__7098                       1e+07           1e+07  4.926e-06   6.916e-06    3.91e-06   1.575e-05     0.01203    CKND2D0
p13373A__2883                    1.25e+07       1.035e+07  5.371e-06   6.219e-06    4.15e-06   1.574e-05     0.01202    NR2D0
p18225A__2802                       1e+07            7784  8.811e-06   3.065e-09   6.744e-06   1.556e-05     0.01188    IND4D0
p13175A__8428                       1e+07           1e+07  4.867e-06   6.777e-06    3.91e-06   1.555e-05     0.01188    CKND2D0
p18184A__7482                   1.266e+07       9.449e+06  4.876e-06   6.341e-06   4.196e-06   1.541e-05     0.01177    NR2D0
p17702A__5115                       1e+07           5e+06  2.603e-06    8.88e-06   3.748e-06   1.523e-05     0.01163    NR2D0
Fp17499A                            1e+07           1e+07  3.326e-06   8.436e-06    3.21e-06   1.497e-05     0.01143    CKND0
p13375A__2346                    1.25e+07       1.035e+07  5.359e-06   5.352e-06    4.15e-06   1.486e-05     0.01135    NR2D0
p17811A__2398                    1.25e+07       1.062e+07  5.336e-06   4.869e-06   4.497e-06    1.47e-05     0.01123    NR2D0
Fp18115A                            1e+07           1e+07   3.25e-06   6.819e-06   4.216e-06   1.429e-05     0.01091    CKND0
Fp17873A                            1e+07           1e+07  3.286e-06   7.687e-06    3.21e-06   1.418e-05     0.01083    CKND0
p17917A__2802                    1.25e+07       1.062e+07  5.509e-06   3.887e-06    4.41e-06   1.381e-05     0.01054    NR2D0
Fp18131A                            1e+07           1e+07   3.27e-06   6.022e-06   4.216e-06   1.351e-05     0.01031    CKND0
Fp18170A                        1.583e+07       1.583e+07  5.118e-06   4.623e-06   3.575e-06   1.332e-05     0.01017    CKND0
p18304A__6260                       1e+07       1.874e+06  3.631e-06   1.803e-06   7.495e-06   1.293e-05    0.009872    IND2D0
p17920A__3680                   1.251e+07        3.12e+06  3.904e-06     6.4e-06   2.597e-06    1.29e-05    0.009851    OAI211D0
p17804A__7098                       1e+07           5e+06  2.633e-06   6.406e-06   3.748e-06   1.279e-05    0.009764    NR2D0
Fp18065A                            298.7           298.7  1.846e-10    2.98e-09   1.232e-05   1.232e-05     0.00941    INVD1
Fp13384A                         1.25e+07        1.25e+07  3.985e-06   4.229e-06   3.839e-06   1.205e-05    0.009203    CKND0
p13392A__1617                    1.25e+07         7.5e+06  4.097e-06   4.099e-06   3.556e-06   1.175e-05    0.008973    NR2D0
Fp13384A5866                     1.25e+07        1.25e+07  3.985e-06   3.884e-06   3.839e-06   1.171e-05    0.008939    CKND0
p18318A__1881                       1e+07           5e+06  2.448e-06   6.146e-06   3.105e-06    1.17e-05    0.008933    CKND2D0
p17858A__9315                    3.12e+06           298.7  2.824e-06   2.527e-09   8.803e-06   1.163e-05     0.00888    IND3D1
Fp18108A                            1e+07           1e+07  3.624e-06    4.02e-06   3.713e-06   1.136e-05    0.008672    CKND0
p18356A__5115                       1e+07       1.093e+06    2.4e-06   1.202e-06   7.436e-06   1.104e-05    0.008429    IND2D0
p17626A__4319                    1.25e+07        8.75e+06  4.554e-06   3.223e-06   3.197e-06   1.097e-05    0.008379    CKND2D0
Fp18374A                            1e+07           1e+07  3.219e-06   3.937e-06   3.713e-06   1.087e-05    0.008299    CKND0
p17896A__2802                   1.494e+07       3.512e+06  4.383e-06   3.615e-06   2.735e-06   1.073e-05    0.008195    OAI211D0
p17743A__5526                   1.485e+07       4.096e+06  4.708e-06    2.61e-06    3.19e-06   1.051e-05    0.008023    OAI211D0
p18033A__1705                   1.562e+07       2.432e+06  3.911e-06   3.126e-06   2.681e-06   9.718e-06     0.00742    ND4D0
Fp18167A                            1e+07           1e+07  3.212e-06    3.23e-06    3.21e-06   9.652e-06     0.00737    CKND0
Fp18194A                        9.449e+06       9.449e+06  3.019e-06   3.335e-06    3.02e-06   9.374e-06    0.007158    CKND0
p18270A5864__9315                   1e+07           5e+06  2.392e-06   3.768e-06   3.105e-06   9.265e-06    0.007074    CKND2D0
p18328A__6417                       1e+07       3.125e+06  1.664e-06   3.329e-06   3.598e-06   8.592e-06     0.00656    NR2D0
p18290A5863__5477                   1e+07       3.125e+06  1.537e-06    3.02e-06   2.971e-06   7.528e-06    0.005748    CKND2D0
Fp17819A                            5e+06           5e+06  1.621e-06   2.809e-06   2.832e-06   7.262e-06    0.005545    CKND0
p18113A__4733                    3.12e+06            3.78  2.859e-07   6.613e-12   6.568e-06   6.854e-06    0.005233    INR3D0
Fp18204A                        3.125e+06       3.125e+06  1.015e-06   1.074e-06   4.657e-06   6.746e-06    0.005151    CKND0
p18163A5848__9945                   1e+07       5.027e+04  2.047e-06   8.713e-08   4.366e-06     6.5e-06    0.004963    NR3D0
p17796A__5107                   3.512e+06       1.926e+04  5.809e-07   3.142e-08   5.782e-06   6.395e-06    0.004883    INR2D0
g5974                               5e+06           5e+06  1.645e-06    1.81e-06   2.832e-06   6.287e-06      0.0048    CKND0
p18208A__9945                       1e+07       1.874e+06  1.207e-06   1.409e-06   3.523e-06   6.138e-06    0.004687    NR2D0
p18355A__5526                       1e+07       1.876e+06   9.44e-07   1.916e-06   2.904e-06   5.764e-06    0.004401    CKND2D0
Fp18109A                        3.302e+05       3.302e+05   1.25e-07   2.882e-07   4.717e-06    5.13e-06    0.003917    CKND0
p18097A5847__2346                   1e+07           163.3  1.163e-06   6.868e-11   3.825e-06   4.989e-06    0.003809    AOI211D0
p18067A__5477                       1e+07       3.302e+05  3.436e-07   1.322e-06   3.214e-06    4.88e-06    0.003726    ND3D0
Fp18150A                             9481            9481  3.423e-09   6.371e-09    4.72e-06   4.729e-06    0.003611    CKND0
p18097A__9945                       1e+07           153.7  6.113e-07   6.335e-11   3.828e-06    4.44e-06     0.00339    AOI211D0
p18135A__4733                       1e+07           157.5  4.177e-07   6.783e-11   3.515e-06   3.933e-06    0.003003    OAI211D0
p18159A__5115                       1e+07            4740  1.639e-07   3.479e-09   3.449e-06   3.616e-06    0.002761    NR2D0
p18107A__1666                       1e+07            9481  9.532e-08   2.979e-08   3.203e-06   3.328e-06    0.002541    ND3D0
Fp18219A                        5.027e+04       5.027e+04  1.663e-08   2.093e-08   2.707e-06   2.744e-06    0.002095    CKND0
LTIELO_5                                0               0          0           0   7.574e-07   7.574e-07   0.0005783    TIEL
LTIELO_1                                0               0          0           0   7.574e-07   7.574e-07   0.0005783    TIEL
LTIELO_4                                0               0          0           0   7.574e-07   7.574e-07   0.0005783    TIEL
LTIELO_3                                0               0          0           0   7.574e-07   7.574e-07   0.0005783    TIEL
LTIELO_2                                0               0          0           0   7.574e-07   7.574e-07   0.0005783    TIEL
LTIELO                                  0               0          0           0   7.574e-07   7.574e-07   0.0005783    TIEL
----------------------------------------------------------------------------------------------------------------------------
Total                                                         0.0266     0.09394     0.01043       0.131         100    


-----------------------------------------------------------------------------------------
*	Power Distribution Summary: 
*                Highest Average Power:      FE_OFC31_a_row_idx_8 (CKND12):         0.005515 
*                Highest Leakage Power:       FE_OFC29_sram_rd_en (CKBD12):        0.0001803 
*          Total Cap:      2.08526e-11 F
*          Total instances in design:   366
*          Total instances in design with no power:     0
*          Total instances in design with no activity:     0
*          Total Fillers and Decap:     0
-----------------------------------------------------------------------------------------

