*----------------------------------------------------------------------------------------
*	Innovus 21.16-s078_1 (64bit) 12/07/2022 12:07 (Linux 3.10.0-693.el7.x86_64)
*	
*
* 	Date & Time:	2026-Mar-22 13:39:03 (2026-Mar-22 17:39:03 GMT)
*
*----------------------------------------------------------------------------------------
*
*	Design: input_idx_controller
*
*	Liberty Libraries used: 
*	        av_normal_max: /courses/ee6350/pdk2023/T-N65-CM-SP-018-K3_MOM/digital/Front_End/timing_power_noise/NLDM/tcbn65gplus_200a/tcbn65gpluswc.lib
*
*	Power Domain used: 
*              Rail:       DVDD      Voltage:        0.9 
*
*       Power View : av_normal_max
*
*       User-Defined Activity : N.A.
*
*       Activity File: N.A.
*
*       Hierarchical Global Activity: N.A.
*
*       Global Activity: N.A.
*
*       Sequential Element Activity: 0.200000
*
*       Primary Input Activity: 0.200000
*
*       Default icg ratio: N.A.
*
*       Global Comb ClockGate Ratio: N.A.
*
*	Power Units = 1mW
*
*	Time Units = 1e-09 secs 
*
*       report_power -outfile ../report/postRoute.power_instances.rpt -instances {*}
*
-----------------------------------------------------------------------------------------


Total Power 
-----------------------------------------------------------------------------------------
Total Internal Power:        0.03702690 	   24.1770%
Total Switching Power:       0.10116272 	   66.0550%
Total Leakage Power:         0.01495956 	    9.7680%
Total Glitch Power:          0.00000000 	    0.0000%
Total Power:                 0.15314918 
-----------------------------------------------------------------------------------------


Group                           Internal   Switching     Leakage       Glitch       Total  Percentage 
                                Power      Power         Power         Power        Power  (%)        
-----------------------------------------------------------------------------------------
Sequential                       0.01959    0.000928    0.002664           0     0.02318       15.14 
Macro                                  0           0           0           0           0           0 
IO                                     0           0   4.544e-06           0   4.544e-06    0.002967 
Combinational                      0.017     0.09685     0.01219           0       0.126       82.29 
Clock (Combinational)          0.0004398    0.003389   0.0001046           0    0.003933       2.568 
Clock (Sequential)                     0           0           0           0           0           0 
-----------------------------------------------------------------------------------------
Total                            0.03703      0.1012     0.01496           0      0.1531         100 
-----------------------------------------------------------------------------------------


Clock                           Internal   Switching     Leakage       Glitch       Total  Percentage 
                                Power      Power         Power         Power        Power  (%)        
-----------------------------------------------------------------------------------------
clk                            0.0004398    0.003389   0.0001046           0    0.003933       2.568 
-----------------------------------------------------------------------------------------
Total (excluding duplicates)   0.0004398    0.003389   0.0001046           0    0.003933       2.568 
-----------------------------------------------------------------------------------------
Clock: clk
Clock Period: 0.020000 usec 
Clock Toggle Rate:   100.0000 Mhz 
Clock Static Probability:  0.5000



Rail                  Voltage   Internal   Switching     Leakage       Glitch       Total  Percentage 
                                Power      Power         Power         Power        Power  (%)        
-----------------------------------------------------------------------------------------
DVDD                      0.9    0.03703      0.1012     0.01496           0      0.1531         100 


Instance                      Max Toggles   Total Toggles   Internal   Switching     Leakage       Glitch       Total  Percentage    Cell
                              Input Pins    Output Pins     Power      Power         Power         Power        Power  (%)           Name
-----------------------------------------------------------------------------------------------------------------------------------------
FE_OFC31_a_row_idx_8            2.571e+07       2.571e+07  0.0001343     0.00525   0.0001283           0    0.005512       3.599    CKND12
FE_OFC18_b_col_idx_8            2.166e+07       2.166e+07  0.0001131    0.004424    0.000132           0    0.004669       3.049    CKND12
FE_OFC20_b_col_idx_7             2.08e+07        2.08e+07  0.0001087    0.004252   0.0001319           0    0.004492       2.933    CKND12
FE_OFC1_a_row_idx_7              2.08e+07        2.08e+07  0.0001086    0.004236   0.0001319           0    0.004476       2.923    CKND12
FE_OFC22_b_col_idx_6            1.927e+07       1.927e+07  0.0001006     0.00394   0.0001315           0    0.004172       2.724    CKND12
FE_OFC3_a_row_idx_6             1.927e+07       1.927e+07  0.0001006    0.003925   0.0001315           0    0.004157       2.714    CKND12
FE_OFC24_b_col_idx_5            1.831e+07       1.831e+07  9.568e-05     0.00374   0.0001308           0    0.003967        2.59    CKND12
FE_OFC5_a_row_idx_5             1.831e+07       1.831e+07  9.567e-05    0.003732   0.0001308           0    0.003958       2.584    CKND12
FE_OFC26_b_col_idx_4            1.769e+07       1.769e+07  9.244e-05    0.003611   0.0001291           0    0.003832       2.502    CKND12
FE_OFC7_a_row_idx_4             1.769e+07       1.769e+07  9.248e-05    0.003605   0.0001291           0    0.003827       2.499    CKND12
FE_OFC28_b_col_idx_3             1.25e+07        1.25e+07   6.53e-05    0.002551   0.0001248           0    0.002741        1.79    CKND12
FE_OFC33_a_row_idx_3             1.25e+07        1.25e+07  6.527e-05    0.002545   0.0001248           0    0.002735       1.786    CKND12
FE_OFC29_sram_rd_en                 1e+07           1e+07  0.0001276    0.002061   0.0001803           0    0.002369       1.547    CKBD12
FE_OFC13_a_row_idx_1                1e+07           1e+07  0.0001394    0.002042   0.0001719           0    0.002353       1.536    CKBD12
drc_bufs5996                        1e+07           1e+07  5.936e-05    0.002071   0.0001425           0    0.002273       1.484    INVD12
drc_bufs6054                        1e+07           1e+07   6.09e-05    0.002064   0.0001425           0    0.002268       1.481    INVD12
drc_bufs                            1e+07           1e+07  5.961e-05    0.002062   0.0001425           0    0.002265       1.479    INVD12
drc_bufs6032                        1e+07           1e+07  6.128e-05    0.002059   0.0001425           0    0.002263       1.478    INVD12
drc_bufs6042                        1e+07           1e+07   6.07e-05     0.00206   0.0001425           0    0.002263       1.478    INVD12
FE_OFC12_a_row_idx_1                1e+07           1e+07  5.232e-05    0.002078   0.0001283           0    0.002259       1.475    CKND12
drc_bufs6048                        1e+07           1e+07  6.029e-05    0.002056   0.0001425           0    0.002258       1.475    INVD12
drc_bufs6060                        1e+07           1e+07   6.01e-05    0.002054   0.0001425           0    0.002257       1.474    INVD12
drc_bufs6023                        1e+07           1e+07  6.021e-05    0.002051   0.0001425           0    0.002254       1.472    INVD12
drc_bufs6065                        1e+07           1e+07  6.002e-05     0.00205   0.0001425           0    0.002253       1.471    INVD12
drc_bufs6015                        1e+07           1e+07  6.155e-05    0.002048   0.0001425           0    0.002253       1.471    INVD12
drc_bufs5988                        1e+07           1e+07  5.865e-05    0.002051   0.0001425           0    0.002252       1.471    INVD12
p13989A                             1e+07           1e+07  5.857e-05    0.002036   0.0001425           0    0.002237       1.461    INVD12
drc_bufs6005                        1e+07           1e+07  5.348e-05    0.002055   0.0001283           0    0.002237        1.46    CKND12
p13989A5868                         1e+07           1e+07  5.854e-05    0.002036   0.0001425           0    0.002237        1.46    INVD12
FE_OFC15_a_row_idx_0                1e+07           1e+07  5.267e-05    0.002043   0.0001283           0    0.002224       1.452    CKND12
FE_OFC9_a_row_idx_2                 1e+07           1e+07   5.26e-05    0.002042   0.0001283           0    0.002223       1.452    CKND12
FE_OFC16_a_row_idx_0                1e+07           1e+07  5.266e-05    0.002039   0.0001283           0     0.00222        1.45    CKND12
FE_OFC10_a_row_idx_2                1e+07           1e+07  5.259e-05    0.002038   0.0001283           0    0.002219       1.449    CKND12
CTS_ccl_a_inv_00002                 1e+08           1e+08  7.886e-05    0.001035   1.909e-05           0    0.001133      0.7396    CKND2
CTS_ccl_a_inv_00003                 1e+08           1e+08  7.851e-05   0.0009246   1.909e-05           0    0.001022      0.6675    CKND2
CTS_ccl_a_inv_00001                 1e+08           1e+08  7.821e-05   0.0008319   1.909e-05           0   0.0009292      0.6067    CKND2
last_data_read_reg                  1e+08           2e+07  0.0005327   1.548e-05   8.134e-05           0   0.0006295       0.411    DFXD1
a_row_os_reg[7]                     1e+08           2e+07  0.0005147   2.205e-05   7.087e-05           0   0.0006076      0.3967    EDFKCND1
u_ac_j_reg[3]                       1e+08           2e+07  0.0005017   2.529e-05    8.02e-05           0   0.0006071      0.3964    DFXD1
b_col_os_reg[7]                     1e+08           2e+07  0.0005149   2.062e-05   7.087e-05           0   0.0006064       0.396    EDFKCND1
u_ac_j_reg[6]                       1e+08           2e+07  0.0005009   1.998e-05    8.02e-05           0    0.000601      0.3925    DFXD1
a_row_os_reg[6]                     1e+08           2e+07  0.0005077   2.015e-05   7.087e-05           0   0.0005988       0.391    EDFKCND1
b_col_os_reg[6]                     1e+08           2e+07  0.0005076   1.495e-05   7.087e-05           0   0.0005934      0.3875    EDFKCND1
b_col_os_reg[8]                     1e+08           1e+07  0.0005077     2.3e-05    5.74e-05           0   0.0005881       0.384    EDFKCNQD1
u_ac_z_reg[5]                       1e+08           2e+07  0.0004573   5.335e-05   6.695e-05           0   0.0005776      0.3772    DFD1
u_ac_z_reg[6]                       1e+08           2e+07  0.0004574   5.019e-05   6.695e-05           0   0.0005745      0.3752    DFD1
a_row_os_reg[5]                     1e+08           1e+07  0.0004867   2.714e-05   5.739e-05           0   0.0005712       0.373    EDFKCNQD1
a_row_os_reg[4]                     1e+08           1e+07  0.0004786   2.973e-05   5.739e-05           0   0.0005657      0.3694    EDFKCNQD1
u_ac_z_reg[4]                       1e+08           2e+07  0.0004606   3.628e-05   6.694e-05           0   0.0005638      0.3682    DFD1
b_col_os_reg[5]                     1e+08           1e+07  0.0004864   1.551e-05   5.739e-05           0   0.0005593      0.3652    EDFKCNQD1
u_ac_z_reg[7]                       1e+08           2e+07  0.0004523   3.449e-05   6.697e-05           0   0.0005537      0.3616    DFD1
b_col_os_reg[4]                     1e+08           1e+07  0.0004783   1.733e-05   5.739e-05           0    0.000553      0.3611    EDFKCNQD1
u_ac_z_reg[3]                       1e+08           2e+07  0.0004544   3.143e-05   6.697e-05           0   0.0005528      0.3609    DFD1
u_ac_i_reg[4]                       1e+08           2e+07  0.0004449   4.005e-05   6.699e-05           0   0.0005519      0.3604    DFD1
u_ac_j_reg[8]                       1e+08           2e+07  0.0004453   3.722e-05   6.699e-05           0   0.0005495      0.3588    DFD1
u_ac_z_reg[8]                       1e+08           2e+07   0.000459   2.309e-05   6.694e-05           0    0.000549      0.3585    DFD1
u_ac_j_reg[5]                       1e+08           2e+07  0.0004448   3.535e-05   6.699e-05           0   0.0005471      0.3573    DFD1
u_ac_i_reg[6]                       1e+08           2e+07  0.0004448   3.417e-05   6.699e-05           0   0.0005459      0.3565    DFD1
u_ac_i_reg[5]                       1e+08           2e+07  0.0004445   3.108e-05   6.699e-05           0   0.0005426      0.3543    DFD1
u_ac_j_reg[4]                       1e+08           2e+07  0.0004447   2.859e-05   6.699e-05           0   0.0005403      0.3528    DFD1
u_ac_i_reg[3]                       1e+08           2e+07  0.0004446    2.61e-05   6.699e-05           0   0.0005377      0.3511    DFD1
u_ac_i_reg[7]                       1e+08           2e+07  0.0004444   2.265e-05   6.699e-05           0    0.000534      0.3487    DFD1
u_ac_j_reg[7]                       1e+08           2e+07  0.0004451   1.536e-05   6.699e-05           0   0.0005275      0.3444    DFD1
u_ac_i_reg[8]                       1e+08           2e+07  0.0004442   1.498e-05   6.699e-05           0   0.0005262      0.3436    DFD1
alu_start_reg                       1e+08           2e+07  0.0004358   6.564e-06   6.407e-05           0   0.0005064      0.3307    DFKCND1
a_row_os_reg[8]                     1e+08           1e+07  0.0004231   3.344e-05   4.929e-05           0   0.0005059      0.3303    DFKCNQD1
u_ac_z_reg[2]                       1e+08           1e+07  0.0004382   7.909e-06   5.344e-05           0   0.0004995      0.3262    DFQD1
u_ac_z_reg[1]                       1e+08           1e+07  0.0004367   5.505e-06   5.347e-05           0   0.0004956      0.3236    DFQD1
u_ac_z_reg[0]                       1e+08           1e+07  0.0004342   7.301e-06   5.345e-05           0   0.0004949      0.3232    DFQD1
num_computated_reg[1]               1e+08           1e+07  0.0004229   2.211e-05   4.929e-05           0   0.0004943      0.3228    DFKCNQD1
num_computated_reg[6]               1e+08           1e+07  0.0004229   2.091e-05   4.929e-05           0   0.0004931       0.322    DFKCNQD1
a_row_os_reg[3]                     1e+08           1e+07  0.0004228   1.412e-05   4.929e-05           0   0.0004862      0.3175    DFKCNQD1
done_reg                            1e+08           2e+07  0.0004127   5.241e-06   6.317e-05           0   0.0004811      0.3141    DFKCND1
num_computated_reg[5]               1e+08           1e+07  0.0004227   7.928e-06   4.929e-05           0   0.0004799      0.3133    DFKCNQD1
num_computated_reg[4]               1e+08           1e+07  0.0004227   7.518e-06   4.929e-05           0   0.0004795      0.3131    DFKCNQD1
b_col_os_reg[3]                     1e+08           1e+07  0.0004226   6.561e-06   4.929e-05           0   0.0004785      0.3124    DFKCNQD1
num_computated_reg[0]               1e+08           1e+07  0.0004227   5.912e-06   4.929e-05           0   0.0004779      0.3121    DFKCNQD1
num_computated_reg[3]               1e+08           1e+07  0.0004226   5.808e-06   4.929e-05           0   0.0004777      0.3119    DFKCNQD1
num_computated_reg[2]               1e+08           1e+07  0.0004226   5.548e-06   4.929e-05           0   0.0004774      0.3117    DFKCNQD1
CTS_ccl_a_inv_00004                 1e+08           1e+08  7.709e-05   0.0003415   1.909e-05           0   0.0004377      0.2858    CKND2
p18238A__6417                   1.781e+07       4.117e+07  0.0001595   8.038e-05     0.00011           0   0.0003498      0.2284    FA1D0
p18196A__8428                   1.562e+07       3.734e+07  0.0001463   8.617e-05     0.00011           0   0.0003425      0.2236    FA1D0
FE_PHC100_n_265                 2.227e+07       2.227e+07  0.0002352   5.778e-05   3.499e-05           0   0.0003279      0.2141    DEL0
p18210A__4319                   1.562e+07       3.734e+07  0.0001461   5.878e-05     0.00011           0   0.0003148      0.2056    FA1D0
p18252A5851__7410               1.781e+07       4.117e+07  0.0001587   4.276e-05     0.00011           0   0.0003115      0.2034    FA1D0
FE_PHC89_n_280                  2.363e+07       2.363e+07  0.0002515   2.165e-05   3.499e-05           0   0.0003081      0.2012    DEL0
FE_PHC90_n_266                  2.227e+07       2.227e+07  0.0002367    2.96e-05   3.499e-05           0   0.0003013      0.1967    DEL0
p18154A5855__9945                1.25e+07       3.125e+07  0.0001249   6.351e-05     0.00011           0   0.0002983      0.1948    FA1D0
FE_PHC98_n_258                  1.953e+07       1.953e+07  0.0002063   5.511e-05   3.499e-05           0   0.0002964      0.1935    DEL0
p18169A__2883                    1.25e+07       3.125e+07  0.0001246   4.249e-05     0.00011           0    0.000277      0.1809    FA1D0
FE_PHC91_n_260                  1.953e+07       1.953e+07  0.0002069   3.334e-05   3.499e-05           0   0.0002753      0.1797    DEL0
p18091A5857__3680                   1e+07         2.5e+07  0.0001022   4.431e-05   0.0001099           0   0.0002565      0.1675    FA1D0
FE_PHC95_FE_OFN30_a_row_idx_8
                                2.571e+07       2.571e+07  0.0001944   2.971e-05   3.141e-05           0   0.0002555      0.1668    DEL015
FE_PHC101_n_239                 1.562e+07       1.562e+07  0.0001648   5.107e-05   3.499e-05           0   0.0002508      0.1638    DEL0
FE_PHC109_n_342                  1.71e+07        1.71e+07  0.0001811   3.081e-05   3.499e-05           0   0.0002469      0.1612    DEL0
p18107A5858__6783                   1e+07         2.5e+07  0.0001022   3.476e-05   0.0001099           0   0.0002468      0.1612    FA1D0
CTS_ccl_a_inv_00005                 1e+08           1e+08   7.28e-05   0.0001482   1.909e-05           0   0.0002401      0.1568    CKND2
FE_PHC97_FE_OFN0_a_row_idx_7
                                 2.08e+07        2.08e+07  0.0001414   4.795e-05   4.651e-05           0   0.0002358       0.154    DEL01
FE_PHC68_n_11                       1e+07           1e+07  0.0001052   9.428e-05   3.499e-05           0   0.0002345      0.1531    DEL0
FE_PHC70_n_6                        1e+07           1e+07  0.0001054   9.148e-05   3.499e-05           0   0.0002318      0.1514    DEL0
FE_PHC92_n_237                  1.562e+07       1.562e+07  0.0001655   2.919e-05   3.499e-05           0   0.0002297        0.15    DEL0
FE_PHC65_n_9                        1e+07           1e+07  0.0001053   8.786e-05   3.499e-05           0   0.0002281       0.149    DEL0
FE_PHC83_n_33                       1e+07           1e+07  0.0001053   8.444e-05   3.499e-05           0   0.0002248      0.1468    DEL0
FE_PHC40_rstn                       1e+07           1e+07  1.527e-05   0.0001935   1.483e-05           0   0.0002236       0.146    BUFFD1
FE_PHC81_n_4                        1e+07           1e+07  0.0001055   7.994e-05   3.499e-05           0   0.0002204      0.1439    DEL0
FE_PHC115_n_339                 1.376e+07       1.376e+07  0.0001483   3.591e-05   3.499e-05           0   0.0002192      0.1431    DEL0
FE_PHC85_n_29                       1e+07           1e+07  0.0001054   7.867e-05   3.499e-05           0    0.000219       0.143    DEL0
FE_PHC82_n_0                        1e+07           1e+07  0.0001054    7.67e-05   3.499e-05           0   0.0002171      0.1417    DEL0
FE_PHC63_n_16                       1e+07           1e+07  0.0001054   7.636e-05   3.499e-05           0   0.0002168      0.1415    DEL0
FE_PHC59_n_10                       1e+07           1e+07  0.0001056   7.498e-05   3.499e-05           0   0.0002156      0.1408    DEL0
FE_PHC103_FE_OFN17_b_col_idx_8
                                2.166e+07       2.166e+07  0.0001473   1.903e-05   4.651e-05           0   0.0002129       0.139    DEL01
FE_PHC96_FE_OFN2_a_row_idx_6
                                1.927e+07       1.927e+07  0.0001311   3.483e-05   4.651e-05           0   0.0002125      0.1387    DEL01
FE_PHC105_FE_OFN19_b_col_idx_7
                                 2.08e+07        2.08e+07  0.0001415   2.192e-05   4.651e-05           0   0.0002099      0.1371    DEL01
FE_PHC102_n_178                  1.25e+07        1.25e+07  0.0001319   4.208e-05   3.499e-05           0    0.000209      0.1364    DEL0
FE_PHC55_n_2                        1e+07           1e+07  0.0001055   6.709e-05   3.499e-05           0   0.0002076      0.1356    DEL0
FE_PHC50_n_7                        1e+07           1e+07  0.0001056   6.232e-05   3.499e-05           0   0.0002029      0.1325    DEL0
FE_OFC34_b_col_idx_1                    0               0          0           0   0.0002012           0   0.0002012      0.1314    BUFFD12
FE_OFC39_b_col_idx_2                    0               0          0           0   0.0002012           0   0.0002012      0.1314    BUFFD12
FE_OFC35_b_col_idx_0                    0               0          0           0   0.0002012           0   0.0002012      0.1314    BUFFD12
FE_OFC38_a_col_idx_0                    0               0          0           0   0.0002012           0   0.0002012      0.1314    BUFFD12
FE_OFC37_a_col_idx_1                    0               0          0           0   0.0002012           0   0.0002012      0.1314    BUFFD12
FE_OFC36_a_col_idx_2                    0               0          0           0   0.0002012           0   0.0002012      0.1314    BUFFD12
FE_PHC104_FE_OFN21_b_col_idx_6
                                1.927e+07       1.927e+07  0.0001311   2.341e-05   4.651e-05           0    0.000201      0.1312    DEL01
FE_PHC93_n_180                   1.25e+07        1.25e+07  0.0001323   2.737e-05   3.499e-05           0   0.0001946      0.1271    DEL0
FE_PHC79_n_349                      1e+07           1e+07  0.0001059   4.854e-05   3.499e-05           0   0.0001894      0.1237    DEL0
FE_PHC52_b_col_idx_temp_3           1e+07           1e+07  0.0001057   4.869e-05   3.499e-05           0   0.0001894      0.1237    DEL0
FE_PHC80_n_348                      1e+07           1e+07  0.0001058   4.797e-05   3.499e-05           0   0.0001888      0.1233    DEL0
FE_PHC84_n_5                        1e+07           1e+07  7.605e-05   7.716e-05   3.141e-05           0   0.0001846      0.1206    DEL015
FE_PHC54_a_row_os_3                 1e+07           1e+07  0.0001058   4.005e-05   3.499e-05           0   0.0001808      0.1181    DEL0
FE_PHC62_b_col_idx_temp_4           1e+07           1e+07  0.0001058   3.698e-05   3.499e-05           0   0.0001777       0.116    DEL0
FE_PHC73_a_row_os_4                 1e+07           1e+07  0.0001055   3.643e-05   3.499e-05           0    0.000177      0.1156    DEL0
FE_PHC122_n_297                     1e+07           1e+07  0.0001069   3.469e-05   3.499e-05           0   0.0001766      0.1153    DEL0
FE_PHC53_b_col_os_3                 1e+07           1e+07   0.000106   3.426e-05   3.499e-05           0   0.0001752      0.1144    DEL0
FE_PHC111_n_324                 1.001e+07       1.001e+07  0.0001062   3.308e-05   3.499e-05           0   0.0001743      0.1138    DEL0
FE_PHC125_n_300                     1e+07           1e+07  0.0001068   3.233e-05   3.499e-05           0   0.0001741      0.1137    DEL0
FE_PHC72_a_row_os_5                 1e+07           1e+07  0.0001056   3.335e-05   3.499e-05           0   0.0001739      0.1136    DEL0
FE_PHC121_n_295                     1e+07           1e+07  0.0001067   3.134e-05   3.499e-05           0   0.0001731       0.113    DEL0
FE_PHC108_n_292                 1.001e+07       1.001e+07  0.0001062   3.165e-05   3.499e-05           0   0.0001729      0.1129    DEL0
FE_PHC75_b_col_os_4                 1e+07           1e+07  0.0001058   3.175e-05   3.499e-05           0   0.0001725      0.1127    DEL0
FE_PHC86_n_58                       1e+07           1e+07  0.0001058   3.148e-05   3.499e-05           0   0.0001722      0.1125    DEL0
FE_PHC120_n_320                     1e+07           1e+07  0.0001055   3.138e-05   3.499e-05           0   0.0001719      0.1122    DEL0
FE_PHC124_n_311                     1e+07           1e+07   0.000106   3.068e-05   3.499e-05           0   0.0001717      0.1121    DEL0
FE_PHC43_num_computated_5           1e+07           1e+07   0.000106   3.045e-05   3.499e-05           0   0.0001714      0.1119    DEL0
FE_PHC88_b_col_idx_temp_6           1e+07           1e+07  0.0001059   3.035e-05   3.499e-05           0   0.0001712      0.1118    DEL0
FE_PHC119_n_318                     1e+07           1e+07  0.0001056   3.059e-05   3.499e-05           0   0.0001712      0.1118    DEL0
CTS_cmf_inv_00051                   1e+08           1e+08  5.438e-05   0.0001076   9.143e-06           0   0.0001711      0.1117    CKND1
FE_PHC69_n_90                       1e+07           1e+07   0.000106   2.959e-05   3.499e-05           0   0.0001706      0.1114    DEL0
FE_PHC123_n_341                     1e+07           1e+07   0.000106   2.934e-05   3.499e-05           0   0.0001703      0.1112    DEL0
FE_PHC44_num_computated_0           1e+07           1e+07  0.0001061    2.92e-05   3.499e-05           0   0.0001703      0.1112    DEL0
FE_PHC71_n_89                       1e+07           1e+07   0.000106   2.923e-05   3.499e-05           0   0.0001702      0.1112    DEL0
FE_PHC118_n_296                     1e+07           1e+07  0.0001067   2.833e-05   3.499e-05           0     0.00017       0.111    DEL0
FE_PHC106_n_340                 1.001e+07       1.001e+07  0.0001062   2.811e-05   3.499e-05           0   0.0001693      0.1105    DEL0
FE_PHC45_num_computated_3           1e+07           1e+07  0.0001061   2.733e-05   3.499e-05           0   0.0001685        0.11    DEL0
FE_PHC110_n_333                 1.001e+07       1.001e+07  0.0001069   2.652e-05   3.499e-05           0   0.0001684      0.1099    DEL0
FE_PHC76_b_col_os_5                 1e+07           1e+07  0.0001059   2.741e-05   3.499e-05           0   0.0001683      0.1099    DEL0
FE_PHC66_a_row_os_7                 1e+07           1e+07  0.0001059   2.739e-05   3.499e-05           0   0.0001683      0.1099    DEL0
FE_PHC113_n_308                 1.001e+07       1.001e+07  0.0001057   2.686e-05   3.499e-05           0   0.0001676      0.1094    DEL0
FE_PHC48_u_ac_i_3                   1e+07           1e+07   0.000106   2.633e-05   3.499e-05           0   0.0001673      0.1092    DEL0
FE_PHC127_n_346                 1.033e+07       1.033e+07  0.0001094   2.286e-05   3.499e-05           0   0.0001672      0.1092    DEL0
FE_PHC78_a_row_idx_temp_5           1e+07           1e+07  0.0001058    2.62e-05   3.499e-05           0    0.000167       0.109    DEL0
FE_PHC74_b_col_idx_temp_5           1e+07           1e+07   0.000106   2.525e-05   3.499e-05           0   0.0001663      0.1086    DEL0
g2                              2.057e+07       2.571e+07   9.25e-05   3.425e-05   3.899e-05           0   0.0001657      0.1082    XOR3D0
FE_PHC112_n_326                 1.001e+07       1.001e+07  0.0001064   2.406e-05   3.499e-05           0   0.0001655      0.1081    DEL0
FE_PHC47_FE_OFN14_a_row_idx_0
                                    1e+07           1e+07  0.0001062    2.32e-05   3.499e-05           0   0.0001644      0.1074    DEL0
FE_PHC58_b_col_idx_temp_7           1e+07           1e+07  0.0001062    2.24e-05   3.499e-05           0   0.0001636      0.1068    DEL0
FE_PHC77_a_row_idx_temp_6           1e+07           1e+07  0.0001059   2.216e-05   3.499e-05           0   0.0001631      0.1065    DEL0
FE_PHC117_n_317                 1.023e+07       1.023e+07  0.0001088   1.836e-05   3.499e-05           0   0.0001621      0.1059    DEL0
FE_PHC49_a_row_idx_temp_3           1e+07           1e+07  0.0001061    2.06e-05   3.499e-05           0   0.0001617      0.1056    DEL0
FE_PHC57_n_75                       1e+07           1e+07  0.0001061   2.056e-05   3.499e-05           0   0.0001617      0.1056    DEL0
FE_PHC46_FE_OFN8_a_row_idx_2
                                    1e+07           1e+07  0.0001063   1.971e-05   3.499e-05           0    0.000161      0.1051    DEL0
FE_PHC67_b_col_os_6                 1e+07           1e+07  0.0001063   1.973e-05   3.499e-05           0    0.000161      0.1051    DEL0
FE_PHC56_a_row_idx_temp_4           1e+07           1e+07  0.0001062   1.938e-05   3.499e-05           0   0.0001606      0.1049    DEL0
FE_PHC60_a_row_os_6                 1e+07           1e+07  0.0001062    1.86e-05   3.499e-05           0   0.0001598      0.1043    DEL0
FE_PHC64_n_60                       1e+07           1e+07  0.0001062   1.823e-05   3.499e-05           0   0.0001594      0.1041    DEL0
FE_PHC42_num_computated_2           1e+07           1e+07  0.0001065   1.649e-05   3.499e-05           0   0.0001579      0.1031    DEL0
FE_PHC41_num_computated_4           1e+07           1e+07  0.0001066   1.395e-05   3.499e-05           0   0.0001555      0.1015    DEL0
FE_PHC87_last_data_read             1e+07           1e+07  0.0001071   7.232e-06   3.499e-05           0   0.0001493     0.09749    DEL0
FE_PHC61_n_30                       1e+07           1e+07  0.0001071   7.199e-06   3.499e-05           0   0.0001493     0.09746    DEL0
FE_PHC51_FE_OFN11_a_row_idx_1
                                    1e+07           1e+07  0.0001072   6.592e-06   3.499e-05           0   0.0001488     0.09718    DEL0
FE_OFC30_a_row_idx_8            2.571e+07       2.571e+07  1.418e-05   0.0001115   1.029e-05           0    0.000136     0.08879    INVD1
FE_PHC128_n_0                       1e+07           1e+07  7.698e-05   1.578e-05   3.141e-05           0   0.0001242     0.08108    DEL015
FE_OFC17_b_col_idx_8            2.166e+07       2.166e+07  1.209e-05   0.0001008   1.002e-05           0   0.0001229     0.08022    INVD1
FE_OFC0_a_row_idx_7              2.08e+07        2.08e+07  1.139e-05   9.645e-05   1.003e-05           0   0.0001179     0.07696    INVD1
FE_OFC14_a_row_idx_0                1e+07           1e+07  5.573e-06    0.000102   1.029e-05           0   0.0001179     0.07696    INVD1
FE_PHC94_tpu_start                  1e+07           1e+07  7.635e-05    6.69e-06   3.141e-05           0   0.0001144     0.07473    DEL015
FE_OFC8_a_row_idx_2                 1e+07           1e+07  5.571e-06   9.778e-05   1.029e-05           0   0.0001136      0.0742    INVD1
p13291A__7482                   1.664e+07        2.08e+07  4.056e-05   4.613e-05   2.663e-05           0   0.0001133     0.07399    OR2XD1
FE_OFC19_b_col_idx_7             2.08e+07        2.08e+07  1.156e-05   9.114e-05   1.003e-05           0   0.0001127     0.07361    INVD1
FE_OFC21_b_col_idx_6            1.927e+07       1.927e+07   1.07e-05   8.761e-05   1.005e-05           0   0.0001084     0.07075    INVD1
FE_OFC2_a_row_idx_6             1.927e+07       1.927e+07  1.062e-05    8.63e-05   1.005e-05           0    0.000107     0.06985    INVD1
FE_OFC4_a_row_idx_5             1.831e+07       1.831e+07  1.029e-05   7.913e-05    1.01e-05           0   9.952e-05     0.06498    INVD1
FE_OFC23_b_col_idx_5            1.831e+07       1.831e+07  1.028e-05   7.883e-05    1.01e-05           0   9.921e-05     0.06478    INVD1
FE_OFC25_b_col_idx_4            1.769e+07       1.769e+07  9.939e-06   7.721e-05   1.022e-05           0   9.738e-05     0.06358    INVD1
FE_OFC6_a_row_idx_4             1.769e+07       1.769e+07  9.935e-06   7.464e-05   1.022e-05           0   9.481e-05      0.0619    INVD1
p13335A__4319                   1.542e+07       1.927e+07  3.679e-05   3.112e-05    2.68e-05           0   9.471e-05     0.06184    OR2XD1
p13248A__1617                   1.733e+07       2.166e+07  4.155e-05   2.013e-05   2.671e-05           0   8.839e-05     0.05771    OR2XD1
p13293A__4733                   1.664e+07        2.08e+07  4.005e-05    2.09e-05   2.663e-05           0   8.759e-05     0.05719    OR2XD1
p13336A__8428                   1.542e+07       1.927e+07  3.662e-05   2.355e-05    2.68e-05           0   8.697e-05     0.05679    OR2XD1
p18041A__9945                       1e+07        1.25e+07  4.051e-05   7.364e-06   3.882e-05           0   8.669e-05     0.05661    XNR3D0
p13196A__8246                   1.562e+07       1.879e+07  2.986e-05   3.887e-05   1.284e-05           0   8.157e-05     0.05326    IOA21D0
FE_OFC32_a_row_idx_3             1.25e+07        1.25e+07  6.985e-06   5.641e-05   1.054e-05           0   7.394e-05     0.04828    INVD1
p18177A__4319                   1.583e+07        1.71e+07  2.865e-05   3.357e-05   1.166e-05           0   7.387e-05     0.04824    AO22D0
FE_OFC27_b_col_idx_3             1.25e+07        1.25e+07  7.022e-06    5.48e-05   1.054e-05           0   7.236e-05     0.04725    INVD1
p18294A__6131                   1.891e+07       2.363e+07  4.299e-05   1.622e-05   1.262e-05           0   7.183e-05      0.0469    MOAI22D0
p13383A__8428                   1.465e+07       1.831e+07  3.402e-05    1.04e-05   2.681e-05           0   7.122e-05      0.0465    OR2XD1
p18287A__7098                   1.891e+07       2.363e+07  4.552e-05   1.311e-05   1.225e-05           0   7.088e-05     0.04628    MAOI22D0
p13382A__4319                   1.465e+07       1.831e+07  3.406e-05   9.445e-06   2.681e-05           0   7.031e-05     0.04591    OR2XD1
g5975                            1.25e+07       1.562e+07   3.51e-05   9.061e-06   2.498e-05           0   6.913e-05     0.04514    XNR2D0
p18252A__1617                    1.25e+07       1.001e+07  2.586e-05   3.045e-05   1.261e-05           0   6.893e-05     0.04501    MOAI22D0
p13399A__1666                     1.5e+07       1.769e+07   3.23e-05   9.649e-06    2.68e-05           0   6.874e-05     0.04489    OR2XD1
p13399A5860__2802                 1.5e+07       1.769e+07  3.235e-05   9.139e-06    2.68e-05           0   6.828e-05     0.04459    OR2XD1
p18174A__7098                   1.001e+07       1.001e+07  2.201e-05   3.075e-05   1.403e-05           0   6.679e-05     0.04361    OAI32D1
p13197A__7098                   1.562e+07       1.879e+07  2.975e-05   2.353e-05   1.284e-05           0   6.612e-05     0.04317    IOA21D0
p18171A5842__5526                1.25e+07           1e+07  1.791e-05   3.394e-05   1.339e-05           0   6.524e-05      0.0426    MOAI22D0
p18163A__5526                   1.001e+07       1.001e+07  2.351e-05   2.571e-05   1.575e-05           0   6.497e-05     0.04242    OAI32D1
p18161A5835__8428                   1e+07           1e+07  1.429e-05   3.687e-05   1.378e-05           0   6.495e-05     0.04241    IOA21D0
p18171A5840__4319               1.204e+07           1e+07  1.779e-05   3.335e-05   1.327e-05           0   6.441e-05     0.04206    MOAI22D0
p18171A5841__2398                1.25e+07           1e+07  1.779e-05   3.228e-05   1.339e-05           0   6.346e-05     0.04144    MOAI22D0
p18325A__1881                       1e+07        1.25e+07  6.703e-06   5.077e-05   5.245e-06           0   6.272e-05     0.04095    NR2D0
p13469A__7482                       1e+07        1.25e+07  2.349e-05   9.828e-06   2.881e-05           0   6.213e-05     0.04057    AN2XD1
p18152A5836__1881                   1e+07           1e+07  1.358e-05   3.478e-05   1.371e-05           0   6.207e-05     0.04053    AO21D0
p13222A__1666                   1.879e+07       2.057e+07  3.296e-05   1.623e-05   1.286e-05           0   6.204e-05     0.04051    IOA21D0
p18101A__2346                    1.25e+07       1.266e+07  6.178e-06   5.108e-05   4.322e-06           0   6.158e-05     0.04021    CKND2D0
p18171A5843__8428               1.125e+07           1e+07  1.784e-05   3.031e-05   1.325e-05           0    6.14e-05     0.04009    MOAI22D0
g5972                               1e+07        1.25e+07  3.233e-05   5.028e-06   2.402e-05           0   6.138e-05     0.04008    CKXOR2D0
p13377A__1617                       1e+07        1.25e+07  2.663e-05   2.192e-05   1.268e-05           0   6.123e-05     0.03998    MOAI22D0
g5971                               1e+07       1.187e+07   3.16e-05   5.204e-06   2.406e-05           0   6.086e-05     0.03974    CKXOR2D0
p18171A5844__9315               2.363e+07           1e+07  1.875e-05   2.866e-05   1.313e-05           0   6.054e-05     0.03953    MOAI22D0
p18247A5846__1705               1.266e+07       1.583e+07  3.205e-05   1.557e-05   1.252e-05           0   6.014e-05     0.03927    MOAI22D0
p18181A__6783                   1.583e+07       1.376e+07  2.081e-05   3.275e-05   6.491e-06           0   6.004e-05     0.03921    OAI32D0
p18152A__5115                       1e+07           1e+07  1.357e-05   3.275e-05   1.371e-05           0   6.003e-05      0.0392    AO21D0
g5976                               1e+07        1.25e+07  2.777e-05   6.136e-06   2.484e-05           0   5.874e-05     0.03836    XNR2D0
p13473A__5107                       1e+07        1.25e+07  2.319e-05   6.486e-06   2.881e-05           0   5.849e-05     0.03819    AN2XD1
p13496A__1705                       1e+07           1e+07  1.945e-05   1.536e-05   2.359e-05           0    5.84e-05     0.03813    AN2XD1
g5977                               1e+07        1.25e+07  3.002e-05   4.271e-06   2.378e-05           0   5.808e-05     0.03792    CKXOR2D0
FE_OFC11_a_row_idx_1                1e+07           1e+07  5.409e-06   4.217e-05   1.029e-05           0   5.787e-05     0.03778    INVD1
g5978                               1e+07        1.25e+07  2.773e-05   4.184e-06   2.511e-05           0   5.702e-05     0.03723    XNR2D0
p18247A__5122                   1.266e+07       1.583e+07  3.208e-05   1.198e-05   1.252e-05           0   5.657e-05     0.03694    MOAI22D0
p18222A__2883                   1.001e+07       1.001e+07  1.364e-05   2.856e-05   1.326e-05           0   5.546e-05     0.03622    AO21D0
p18161A__2398                   1.065e+07       1.033e+07  2.202e-05   1.938e-05   1.362e-05           0   5.503e-05     0.03593    IOA21D0
g3                              1.879e+07       2.057e+07  3.298e-05   8.526e-06   1.286e-05           0   5.436e-05     0.03549    IOA21D0
p17911A__7482                    1.25e+07       1.562e+07  2.889e-05   1.158e-05   1.322e-05           0   5.369e-05     0.03506    MOAI22D0
p18161A5838__6783               1.266e+07       1.583e+07   2.39e-05   1.647e-05   1.245e-05           0   5.282e-05     0.03449    IOA21D0
p18177A5821__1705               1.583e+07       1.762e+07  2.863e-05   1.159e-05   1.168e-05           0    5.19e-05     0.03389    AO22D0
p18091A__1617                   1.204e+07       1.505e+07  3.096e-05   8.069e-06   1.227e-05           0    5.13e-05      0.0335    MAOI22D0
p18428A__4319                       1e+07        1.25e+07  2.714e-05   1.142e-05   1.268e-05           0   5.123e-05     0.03345    MOAI22D0
p18431A__6260                       1e+07        1.25e+07  2.719e-05   1.096e-05   1.268e-05           0   5.084e-05     0.03319    MOAI22D0
p17617A__2802                    1.88e+07       1.849e+07  2.703e-05   7.917e-06   1.116e-05           0   4.611e-05     0.03011    IAO21D0
p18019A__6131                    1.25e+07       1.562e+07  2.311e-05   7.048e-06   1.591e-05           0   4.606e-05     0.03008    MUX2ND0
Fp18126A                        1.266e+07       1.266e+07  4.506e-06   3.729e-05   4.092e-06           0   4.589e-05     0.02997    CKND0
p18093A__1881                    1.25e+07       1.562e+07  2.305e-05   6.572e-06   1.578e-05           0   4.541e-05     0.02965    MUX2ND0
p18264A__6783                       1e+07        1.25e+07   1.79e-05    1.39e-05    1.34e-05           0    4.52e-05     0.02951    OA21D0
p17886A__2883                   1.516e+07       1.494e+07  2.545e-05   8.353e-06    1.12e-05           0   4.501e-05     0.02939    OA211D0
p18070A__2398                       1e+07       1.028e+07   5.59e-06   3.288e-05   5.838e-06           0   4.431e-05     0.02893    NR2D0
p18292A__6161                    1.25e+07       1.024e+07  2.622e-05   5.304e-06   1.242e-05           0   4.395e-05      0.0287    MOAI22D0
p18434A__1617                       1e+07       1.125e+07  2.688e-05   6.076e-06   1.094e-05           0    4.39e-05     0.02866    OA32D0
p18197A__2802                   1.125e+07       1.001e+07  9.065e-06   2.762e-05    7.18e-06           0   4.387e-05     0.02864    OAI22D0
p17736A__6131                       1e+07        1.25e+07  1.849e-05   1.337e-05     1.2e-05           0   4.385e-05     0.02863    AO21D0
FE_PHC99_n_264                  6.156e+05       6.156e+05  6.515e-06   1.648e-06     3.5e-05           0   4.316e-05     0.02818    DEL0
g5973                               1e+07        1.25e+07  2.123e-05   5.495e-06   1.597e-05           0    4.27e-05     0.02788    MUX2ND0
p17540A__6417                   1.562e+07       1.943e+07   2.57e-05   9.064e-06   7.195e-06           0   4.196e-05      0.0274    AOI221D0
p18188A__1617                   1.583e+07       1.482e+07  2.129e-05   8.415e-06   1.222e-05           0   4.193e-05     0.02738    AO22D0
p17562A__7410                   1.562e+07       1.833e+07  2.455e-05   9.956e-06   6.761e-06           0   4.127e-05     0.02695    AOI221D0
p18170A__5122                   1.562e+07       1.636e+07  2.308e-05   1.074e-05   7.322e-06           0   4.115e-05     0.02687    OAI32D0
p18187A__8246                    1.25e+07       1.001e+07  9.056e-06   2.401e-05   7.403e-06           0   4.047e-05     0.02642    OAI22D0
FE_PHC114_n_322                 3.302e+05       3.302e+05  3.505e-06   1.746e-06   3.498e-05           0   4.023e-05     0.02627    DEL0
p18218A__7482                    1.04e+07       1.023e+07  1.603e-05   1.731e-05   6.504e-06           0   3.985e-05     0.02602    OAI32D0
p13185A__5122                    1.25e+07       1.562e+07  1.145e-05   1.996e-05   7.942e-06           0   3.936e-05      0.0257    OAI21D0
p18191A5849__2883                   1e+07       1.001e+07  5.447e-06   2.804e-05   5.844e-06           0   3.933e-05     0.02568    NR2D0
FE_PHC131_rstn                      1e+07           1e+07   1.61e-05   4.024e-06   1.908e-05           0   3.921e-05      0.0256    CKBD1
p17899A__8246                    1.25e+07       1.562e+07  1.889e-05   1.117e-05   8.633e-06           0    3.87e-05     0.02527    AOI221D0
p18171A5839__6260                1.25e+07           1e+07   1.77e-05   7.069e-06   1.339e-05           0   3.816e-05     0.02492    MOAI22D0
p13184A__1705                    1.25e+07       1.562e+07  1.143e-05   1.879e-05   7.942e-06           0   3.816e-05     0.02492    OAI21D0
FE_PHC132_tpu_start                 1e+07           1e+07  1.606e-05   3.001e-06   1.908e-05           0   3.814e-05      0.0249    CKBD1
p18150A__6131                   1.049e+07       1.057e+07  1.359e-05   1.354e-05   1.051e-05           0   3.764e-05     0.02458    IAO21D0
p17670A__1705                   1.943e+07       1.808e+07  2.544e-05   5.823e-06   5.985e-06           0   3.725e-05     0.02432    OAI221D0
p18171A5845__5107                   1e+07           1e+07  1.748e-05   6.506e-06   1.326e-05           0   3.725e-05     0.02432    MOAI22D0
p18178A__3680                   1.562e+07       1.749e+07  1.992e-05   9.831e-06   7.037e-06           0   3.679e-05     0.02402    OAI22D0
p18357A__5526                       1e+07       1.125e+07  1.795e-05   5.148e-06   1.281e-05           0   3.591e-05     0.02345    MAOI22D0
FE_PHC126_n_290                 5.027e+04       5.027e+04  5.314e-07   1.264e-07     3.5e-05           0   3.566e-05     0.02328    DEL0
p17595A__2346                   1.504e+07        1.88e+07   1.71e-05   8.804e-06   9.618e-06           0   3.553e-05      0.0232    OAI211D0
p13356A__4733                       1e+07        1.25e+07  1.346e-05   1.018e-05   1.139e-05           0   3.504e-05     0.02288    INR2D0
FE_PHC107_n_284                      3.78            3.78  4.013e-11    5.13e-12     3.5e-05           0     3.5e-05     0.02285    DEL0
FE_PHC116_n_319                     298.7           298.7   3.14e-09   3.915e-09   3.498e-05           0   3.499e-05     0.02285    DEL0
p13290A5852__5107               1.879e+07       1.465e+07  1.663e-05   1.044e-05   7.738e-06           0   3.481e-05     0.02273    CKAN2D0
p17693A__3680                   1.833e+07       1.558e+07  2.147e-05    7.68e-06   5.561e-06           0   3.471e-05     0.02266    OAI221D0
p13354A__6161                       1e+07        1.25e+07  1.317e-05    1.01e-05   1.132e-05           0   3.459e-05     0.02259    IND2D0
p13397A5862__1705                1.25e+07         1.5e+07  1.454e-05   9.163e-06   1.088e-05           0   3.458e-05     0.02258    INR2D0
p18194A__3680                    1.25e+07       1.562e+07  8.515e-06   2.004e-05   5.956e-06           0   3.451e-05     0.02253    NR2D0
p17770A__6161                   1.558e+07       1.251e+07  1.772e-05   1.174e-05   5.008e-06           0   3.446e-05      0.0225    AOI221D0
p18254A__6161                    1.25e+07       1.562e+07  1.186e-05   1.439e-05    8.06e-06           0   3.431e-05      0.0224    OAI21D0
p13356A5871__9315                   1e+07        1.25e+07  1.345e-05   9.405e-06   1.139e-05           0   3.425e-05     0.02236    INR2D0
p18091A5880__4319                   1e+07           1e+07  5.035e-06    2.52e-05    3.91e-06           0   3.414e-05     0.02229    CKND2D0
p13360A__7482                       1e+07        1.25e+07  1.345e-05   9.287e-06   1.139e-05           0   3.413e-05     0.02228    INR2D0
p17844A__2398                    1.25e+07       1.485e+07  1.767e-05    8.99e-06   7.397e-06           0   3.406e-05     0.02224    AOI22D0
FE_PHC129_tpu_start                 1e+07           1e+07  1.482e-05   4.283e-06   1.483e-05           0   3.393e-05     0.02215    BUFFD1
g6120                            1.25e+07         1.5e+07  1.696e-05   8.572e-06   8.346e-06           0   3.388e-05     0.02212    CKAN2D0
p13247A__7098                   2.057e+07       1.574e+07  1.778e-05   7.987e-06   7.774e-06           0   3.354e-05      0.0219    CKAN2D0
p18568A__4733                       1e+07        1.25e+07  1.647e-05   9.419e-06   7.542e-06           0   3.343e-05     0.02183    AOI32D0
p18178A5837__5477               1.266e+07       1.583e+07  1.165e-05   1.424e-05   7.286e-06           0   3.317e-05     0.02166    AOI21D0
p17562A5859__5115                1.25e+07       1.562e+07  1.611e-05   8.539e-06   7.976e-06           0   3.263e-05      0.0213    OAI22D0
p18154A5872__9945                   1e+07        1.25e+07  1.016e-05   1.528e-05   7.084e-06           0   3.253e-05     0.02124    AOI21D0
p17509A__9945                       1e+07        1.25e+07  1.003e-05   1.534e-05   7.084e-06           0   3.245e-05     0.02119    AOI21D0
p17760A__6783                       1e+07        1.25e+07  1.002e-05   1.461e-05   7.084e-06           0   3.171e-05      0.0207    AOI21D0
p18226A__3680                       1e+07        1.25e+07  9.628e-06   1.413e-05   7.915e-06           0   3.167e-05     0.02068    AOI21D0
p18171A__5107                   1.057e+07       1.029e+07  1.584e-05   8.764e-06   6.883e-06           0   3.148e-05     0.02056    OAI32D0
p17844A5874__7098                   1e+07        1.25e+07  1.003e-05   1.405e-05   7.084e-06           0   3.117e-05     0.02035    AOI21D0
p18275A__7098                       1e+07        1.25e+07  9.023e-06   1.345e-05    8.64e-06           0   3.111e-05     0.02032    AOI21D0
p18553A__5115                       1e+07        1.25e+07  1.654e-05   6.915e-06   7.542e-06           0     3.1e-05     0.02024    AOI32D0
p13327A__6161                   1.562e+07       1.271e+07  1.442e-05   8.699e-06   7.674e-06           0   3.079e-05     0.02011    CKAN2D0
p17612A__1617                       1e+07        1.25e+07  1.003e-05   1.362e-05   7.084e-06           0   3.074e-05     0.02007    AOI21D0
p18098A__1881                       1e+07         7.5e+06  9.899e-06   1.327e-05   7.238e-06           0   3.041e-05     0.01986    NR3D0
p17720A__6417                       1e+07        1.25e+07  1.004e-05   1.323e-05   7.084e-06           0   3.035e-05     0.01982    AOI21D0
p17584A__6161                    1.25e+07       1.504e+07  1.604e-05    7.36e-06   6.828e-06           0   3.023e-05     0.01974    AOI22D0
p13290A__2398                   1.879e+07       1.465e+07  1.647e-05   5.988e-06   7.738e-06           0    3.02e-05     0.01972    CKAN2D0
p17874A__7410                    1.25e+07       1.516e+07  1.645e-05   6.531e-06   7.109e-06           0   3.009e-05     0.01965    AOI22D0
p17490A__5526                       1e+07        1.25e+07  1.002e-05   1.277e-05   7.084e-06           0   2.988e-05     0.01951    AOI21D0
p13383A5870__1666                   1e+07        1.25e+07  5.942e-06   1.854e-05   5.342e-06           0   2.982e-05     0.01947    CKND2D0
p18396A__5115                       1e+07       1.024e+07  1.582e-05   7.085e-06   6.893e-06           0    2.98e-05     0.01946    OAI32D0
p13133A__4733                       1e+07           1e+07  4.977e-06   2.087e-05    3.91e-06           0   2.976e-05     0.01943    CKND2D0
p17583A__1705                       1e+07        1.25e+07  1.003e-05   1.264e-05   7.084e-06           0   2.976e-05     0.01943    AOI21D0
p17502A__5122                       1e+07        1.25e+07  9.993e-06   1.259e-05   7.084e-06           0   2.966e-05     0.01937    AOI21D0
p13327A5853__7482               1.562e+07       1.271e+07   1.44e-05   7.563e-06   7.674e-06           0   2.964e-05     0.01935    CKAN2D0
p18140A__7410                    1.04e+07       1.049e+07   8.97e-06   1.442e-05    6.25e-06           0   2.964e-05     0.01935    OAI21D0
p13168A__6161                       1e+07        1.25e+07   1.03e-05   1.169e-05   7.487e-06           0   2.948e-05     0.01925    OAI21D0
p13167A__5477                       1e+07        1.25e+07  1.029e-05   1.161e-05   7.487e-06           0   2.939e-05     0.01919    OAI21D0
p17592A__3680                       1e+07        1.25e+07  9.991e-06   1.213e-05   7.084e-06           0   2.921e-05     0.01907    AOI21D0
p17541A__4733                    1.25e+07       1.562e+07  1.548e-05   5.279e-06   7.968e-06           0   2.873e-05     0.01876    OAI22D0
p17613A__8246                       1e+07        1.25e+07  1.001e-05   1.141e-05   7.084e-06           0   2.851e-05     0.01862    AOI21D0
p17570A__4319                       1e+07        1.25e+07  9.984e-06   1.103e-05   7.084e-06           0    2.81e-05     0.01835    AOI21D0
p17747A__9315                   1.808e+07       1.273e+07  1.745e-05   5.484e-06   5.115e-06           0   2.805e-05     0.01832    AOI221D0
g6122                               1e+07           1e+07  1.203e-05   6.639e-06   9.263e-06           0   2.794e-05     0.01824    IND2D0
p17864A__2802                       1e+07        1.25e+07  1.001e-05   1.056e-05   7.084e-06           0   2.765e-05     0.01806    AOI21D0
p18270A__5107                       1e+07       1.204e+07  8.548e-06   1.022e-05    8.77e-06           0   2.753e-05     0.01798    AOI21D0
p17629A__6417                   1.849e+07       1.098e+07   1.74e-05   5.079e-06    4.74e-06           0   2.722e-05     0.01778    OAI221D0
p13132A__6161                       1e+07           1e+07  4.882e-06   1.839e-05    3.91e-06           0   2.718e-05     0.01775    CKND2D0
p17516A__6260                       1e+07        1.25e+07  1.002e-05   1.005e-05   7.084e-06           0   2.716e-05     0.01773    AOI21D0
p17860A__8428                       1e+07        1.25e+07  1.003e-05   1.004e-05   7.084e-06           0   2.716e-05     0.01773    AOI21D0
p17516A5877__2802                   1e+07           1e+07  5.433e-06   1.703e-05   4.646e-06           0   2.711e-05      0.0177    NR2D0
p18191A__1666                   1.001e+07       1.001e+07  8.197e-06   1.213e-05   6.642e-06           0   2.697e-05     0.01761    AOI21D0
p17509A5879__5477                   1e+07           1e+07  5.416e-06   1.682e-05   4.646e-06           0   2.688e-05     0.01755    NR2D0
FE_PHC130_rstn                      1e+07           1e+07  1.099e-05   8.146e-06   7.611e-06           0   2.675e-05     0.01747    CKBD0
p18584A__7410                       1e+07        1.25e+07  1.306e-05   5.938e-06    7.52e-06           0   2.652e-05     0.01732    AOI22D0
p13343A__7482                       1e+07           1e+07  4.937e-06    1.76e-05    3.91e-06           0   2.644e-05     0.01727    CKND2D0
p13367A__5122                    1.25e+07         7.5e+06  1.245e-05   5.445e-06   8.482e-06           0   2.637e-05     0.01722    INR2D0
Fp18190A                            1e+07           1e+07  3.705e-06   1.852e-05   3.713e-06           0   2.594e-05     0.01694    CKND0
g6121                               1e+07           1e+07  1.224e-05   4.315e-06   9.263e-06           0   2.582e-05     0.01686    IND2D0
p18124A__1881                   1.028e+07        1.04e+07  8.788e-06   1.064e-05   6.325e-06           0   2.575e-05     0.01681    AOI21D0
p17905A__1666                   1.562e+07       1.235e+07  1.454e-05   5.676e-06   5.469e-06           0   2.568e-05     0.01677    AOI211D0
Fp18360A                         1.25e+07        1.25e+07  4.758e-06   1.744e-05   3.461e-06           0   2.566e-05     0.01676    CKND0
p18173A__6417                   1.001e+07       1.001e+07  5.578e-06   1.413e-05   5.844e-06           0   2.555e-05     0.01668    NR2D0
p17557A__7410                       1e+07           1e+07  5.465e-06   1.544e-05   4.646e-06           0   2.555e-05     0.01668    NR2D0
p17584A5878__8246                   1e+07           1e+07  5.421e-06   1.533e-05   4.646e-06           0    2.54e-05     0.01658    NR2D0
p18008A__7410                    1.33e+07        9.92e+06  1.405e-05   6.242e-06   4.789e-06           0   2.508e-05     0.01638    AOI221D0
p18014A__6131                   1.562e+07        1.33e+07  1.364e-05   5.912e-06   5.159e-06           0   2.471e-05     0.01614    OAI211D0
p17512A__6417                       1e+07           1e+07  5.359e-06   1.468e-05   4.646e-06           0   2.468e-05     0.01612    NR2D0
p17609A__1666                       1e+07           1e+07  5.417e-06   1.442e-05   4.646e-06           0   2.448e-05     0.01599    NR2D0
p18182A__8246                       1e+07           1e+07  5.344e-06   7.841e-06   1.115e-05           0   2.433e-05     0.01589    IND2D0
p18275A5876__7482                   1e+07           1e+07  4.897e-06    1.55e-05    3.91e-06           0   2.431e-05     0.01587    CKND2D0
p17564A__2398                       1e+07           1e+07  5.461e-06   1.409e-05   4.646e-06           0    2.42e-05      0.0158    NR2D0
p17568A__5122                       1e+07           1e+07  5.357e-06   1.417e-05   4.646e-06           0   2.418e-05     0.01579    NR2D0
p18488A__6417                       1e+07        1.25e+07  9.782e-06   6.807e-06   7.552e-06           0   2.414e-05     0.01576    OAI21D0
p13343A5885__6161                   1e+07           1e+07  4.964e-06   1.522e-05    3.91e-06           0   2.409e-05     0.01573    CKND2D0
p17542A__2346                       1e+07           1e+07  5.402e-06     1.4e-05   4.646e-06           0   2.405e-05      0.0157    NR2D0
p18432A__5115                       1e+07           1e+07  4.858e-06   1.524e-05    3.91e-06           0   2.401e-05     0.01568    CKND2D0
p18382A__2398                       1e+07           5e+06  8.382e-06   7.765e-06   7.849e-06           0     2.4e-05     0.01567    IND2D0
p17692A__2883                       1e+07         7.5e+06  6.365e-06   1.332e-05   4.215e-06           0   2.391e-05     0.01561    ND3D0
p13281A__5477                   1.879e+07       1.664e+07  8.195e-06   1.074e-05   4.848e-06           0   2.378e-05     0.01553    NR2D0
p13239A__1881                   2.057e+07       1.733e+07  8.523e-06   1.038e-05   4.788e-06           0   2.369e-05     0.01547    NR2D0
p18494A5873__1666                   1e+07        1.25e+07  9.882e-06   6.243e-06   7.552e-06           0   2.368e-05     0.01546    OAI21D0
p13274A__6783                       1e+07           1e+07  4.961e-06   1.448e-05    3.91e-06           0   2.335e-05     0.01525    CKND2D0
p17545A__7098                       1e+07           1e+07  5.361e-06   1.289e-05   4.646e-06           0   2.289e-05     0.01495    NR2D0
p13282A__6260                   1.879e+07       1.664e+07  8.163e-06    9.85e-06   4.848e-06           0   2.286e-05     0.01493    NR2D0
p13374A5883__1617                   1e+07           1e+07  4.921e-06   1.345e-05    3.91e-06           0   2.228e-05     0.01455    CKND2D0
p18374A__5122                       1e+07       1.204e+07  8.047e-06   4.951e-06   8.983e-06           0   2.198e-05     0.01435    OAI21D0
p18170A5865__6131                   1e+07       3.125e+06  1.025e-05   4.074e-06   7.652e-06           0   2.198e-05     0.01435    IND3D0
p13334A__4733                   1.562e+07       1.542e+07  7.642e-06   9.234e-06   4.956e-06           0   2.183e-05     0.01426    NR2D0
p13310A__5526                       1e+07           1e+07  4.864e-06   1.301e-05    3.91e-06           0   2.178e-05     0.01422    CKND2D0
Fp18482A                            1e+07           1e+07  3.362e-06   1.468e-05   3.713e-06           0   2.176e-05     0.01421    CKND0
p18494A__2398                       1e+07        1.25e+07  9.755e-06   4.337e-06   7.552e-06           0   2.164e-05     0.01413    OAI21D0
p18364A__6131                       1e+07         7.5e+06    6.4e-06   1.084e-05   4.215e-06           0   2.145e-05     0.01401    ND3D0
Fp8914A5895                         1e+07           1e+07  3.968e-06    1.37e-05   3.713e-06           0   2.138e-05     0.01396    CKND0
p13389A__2346                       1e+07        1.25e+07  5.864e-06   1.008e-05   5.342e-06           0   2.129e-05      0.0139    CKND2D0
p18154A__6260                   1.057e+07       1.065e+07  8.967e-06   5.739e-06   6.247e-06           0   2.095e-05     0.01368    OAI21D0
p13378A__5526                    1.25e+07       1.465e+07   7.43e-06   8.279e-06   5.147e-06           0   2.086e-05     0.01362    NR2D0
Fp18408A                            1e+07           1e+07  3.352e-06   1.371e-05   3.713e-06           0   2.077e-05     0.01356    CKND0
p17852A__9315                       1e+07           1e+07  5.392e-06   1.072e-05   4.646e-06           0   2.076e-05     0.01355    NR2D0
p13336A5854__9315               1.562e+07       1.542e+07  7.638e-06   8.104e-06   4.956e-06           0    2.07e-05     0.01351    NR2D0
p13374A__6131                       1e+07           1e+07  4.921e-06   1.186e-05    3.91e-06           0    2.07e-05     0.01351    CKND2D0
p17708A__5122                    1.25e+07       7.895e+06   9.57e-06   6.353e-06   4.396e-06           0   2.032e-05     0.01327    AOI211D0
p13383A5869__2883                   1e+07        1.25e+07  5.848e-06   9.106e-06   5.342e-06           0    2.03e-05     0.01325    CKND2D0
p13388A__7410                       1e+07        1.25e+07   5.85e-06   8.954e-06   5.342e-06           0   2.015e-05     0.01315    CKND2D0
Fp18660A                            1e+07           1e+07  3.984e-06   1.241e-05   3.713e-06           0   2.011e-05     0.01313    CKND0
p17763A__6260                   1.562e+07       6.156e+05  1.014e-05   1.478e-06   8.476e-06           0   2.009e-05     0.01312    INR3D0
p17598A__3680                       1e+07           1e+07   5.46e-06   9.684e-06   4.646e-06           0   1.979e-05     0.01292    NR2D0
p13167A5882__8246                   1e+07           1e+07  5.113e-06   9.778e-06   4.646e-06           0   1.954e-05     0.01276    NR2D0
p13216A5884__1881                   1e+07           1e+07  5.407e-06   9.105e-06   4.646e-06           0   1.916e-05     0.01251    NR2D0
Fp13166A5856                     1.25e+07        1.25e+07  4.118e-06   1.131e-05   3.493e-06           0   1.893e-05     0.01236    CKND0
p13277A__4733                       1e+07           1e+07  4.925e-06   1.007e-05    3.91e-06           0    1.89e-05     0.01234    CKND2D0
p13380A__8428                    1.25e+07       1.465e+07  7.388e-06   6.303e-06   5.147e-06           0   1.884e-05      0.0123    NR2D0
p17503A__2883                       1e+07           1e+07  5.326e-06   8.843e-06   4.646e-06           0   1.882e-05     0.01229    NR2D0
p13166A__6260                       1e+07           1e+07  5.346e-06   8.615e-06   4.646e-06           0   1.861e-05     0.01215    NR2D0
p13216A__3680                       1e+07           1e+07  5.108e-06   8.714e-06   4.646e-06           0   1.847e-05     0.01206    NR2D0
p13233A5881__5107                   1e+07           1e+07   4.83e-06   9.681e-06    3.91e-06           0   1.842e-05     0.01203    CKND2D0
p13175A__8428                       1e+07           1e+07  4.823e-06   9.604e-06    3.91e-06           0   1.834e-05     0.01197    CKND2D0
p13312A__6783                       1e+07           1e+07  4.831e-06   9.518e-06    3.91e-06           0   1.826e-05     0.01192    CKND2D0
p18290A__2346                       1e+07         7.5e+06  3.847e-06   1.019e-05   4.047e-06           0   1.809e-05     0.01181    NR2D0
p13233A__7098                       1e+07           1e+07  4.823e-06   9.349e-06    3.91e-06           0   1.808e-05     0.01181    CKND2D0
p13177A__5122                       1e+07           1e+07  4.824e-06    9.33e-06    3.91e-06           0   1.806e-05     0.01179    CKND2D0
p17840A__8428                       1e+07           1e+07  5.436e-06   7.674e-06   4.646e-06           0   1.776e-05     0.01159    NR2D0
p17855A__9945                       1e+07           1e+07  5.421e-06   7.679e-06   4.646e-06           0   1.775e-05     0.01159    NR2D0
Fp17858A                            1e+07           1e+07  3.318e-06   1.111e-05    3.21e-06           0   1.764e-05     0.01152    CKND0
Fp13166A                         1.25e+07        1.25e+07  4.096e-06   9.785e-06   3.493e-06           0   1.737e-05     0.01134    CKND0
Fp17499A                            1e+07           1e+07  3.339e-06   1.057e-05    3.21e-06           0   1.712e-05     0.01118    CKND0
p18165A__2802                       1e+07           1e+07  5.501e-06   6.815e-06   4.646e-06           0   1.696e-05     0.01108    NR2D0
p17702A__5115                       1e+07           5e+06  2.615e-06   1.041e-05   3.748e-06           0   1.678e-05     0.01095    NR2D0
p18107A5886__1705                   1e+07           1e+07  4.969e-06   7.878e-06    3.91e-06           0   1.676e-05     0.01094    CKND2D0
Fp17873A                            1e+07           1e+07  3.306e-06   9.915e-06    3.21e-06           0   1.643e-05     0.01073    CKND0
p13373A__2883                    1.25e+07       1.035e+07  5.355e-06   6.383e-06    4.15e-06           0   1.589e-05     0.01037    NR2D0
p17811A__2398                    1.25e+07       1.062e+07  5.329e-06   6.026e-06   4.497e-06           0   1.585e-05     0.01035    NR2D0
p18184A__7482                   1.266e+07       9.449e+06  4.969e-06   6.427e-06   4.196e-06           0   1.559e-05     0.01018    NR2D0
p18225A__2802                       1e+07            7784  8.774e-06   3.352e-09   6.744e-06           0   1.552e-05     0.01013    IND4D0
p13375A__2346                    1.25e+07       1.035e+07  5.345e-06   5.885e-06    4.15e-06           0   1.538e-05     0.01004    NR2D0
p17917A__2802                    1.25e+07       1.062e+07  5.532e-06   5.141e-06    4.41e-06           0   1.508e-05    0.009849    NR2D0
Fp18115A                            1e+07           1e+07  3.297e-06   6.895e-06   4.216e-06           0   1.441e-05    0.009408    CKND0
p17920A__3680                   1.251e+07        3.12e+06  3.901e-06   7.729e-06   2.597e-06           0   1.423e-05     0.00929    OAI211D0
Fp18131A                            1e+07           1e+07  3.236e-06   6.115e-06   4.216e-06           0   1.357e-05    0.008859    CKND0
p18318A__1881                       1e+07           5e+06  2.434e-06   7.948e-06   3.105e-06           0   1.349e-05    0.008806    CKND2D0
Fp18170A                        1.583e+07       1.583e+07  5.249e-06   4.662e-06   3.575e-06           0   1.349e-05    0.008806    CKND0
Fp13384A                         1.25e+07        1.25e+07  4.021e-06   5.378e-06   3.839e-06           0   1.324e-05    0.008644    CKND0
p18304A__6260                       1e+07       1.874e+06  3.643e-06   2.024e-06   7.495e-06           0   1.316e-05    0.008595    IND2D0
p13392A__1617                    1.25e+07         7.5e+06  4.117e-06   4.975e-06   3.556e-06           0   1.265e-05    0.008259    NR2D0
Fp18065A                            298.7           298.7  1.832e-10   3.302e-09   1.232e-05           0   1.232e-05    0.008047    INVD1
p17804A__7098                       1e+07           5e+06  2.614e-06   5.846e-06   3.748e-06           0   1.221e-05    0.007971    NR2D0
Fp18108A                            1e+07           1e+07  3.637e-06   4.673e-06   3.713e-06           0   1.202e-05    0.007851    CKND0
Fp13384A5866                     1.25e+07        1.25e+07  3.988e-06   3.863e-06   3.839e-06           0   1.169e-05    0.007633    CKND0
p17858A__9315                    3.12e+06           298.7  2.882e-06   9.134e-10   8.803e-06           0   1.169e-05     0.00763    IND3D1
p17626A__4319                    1.25e+07        8.75e+06  4.588e-06   3.754e-06   3.197e-06           0   1.154e-05    0.007534    CKND2D0
p17743A__5526                   1.485e+07       4.096e+06  4.707e-06   3.553e-06    3.19e-06           0   1.145e-05    0.007477    OAI211D0
p18356A__5115                       1e+07       1.093e+06  2.412e-06   1.588e-06   7.436e-06           0   1.144e-05    0.007467    IND2D0
p17896A__2802                   1.494e+07       3.512e+06  4.383e-06   4.132e-06   2.735e-06           0   1.125e-05    0.007345    OAI211D0
Fp18374A                            1e+07           1e+07  3.272e-06   4.052e-06   3.713e-06           0   1.104e-05    0.007207    CKND0
Fp18194A                        9.449e+06       9.449e+06  3.046e-06   4.591e-06    3.02e-06           0   1.066e-05    0.006958    CKND0
p18033A__1705                   1.562e+07       2.432e+06  3.911e-06   3.925e-06   2.681e-06           0   1.052e-05    0.006867    ND4D0
p18270A5864__9315                   1e+07           5e+06    2.4e-06   4.778e-06   3.105e-06           0   1.028e-05    0.006715    CKND2D0
Fp18167A                            1e+07           1e+07  3.224e-06   3.744e-06    3.21e-06           0   1.018e-05    0.006646    CKND0
p18328A__6417                       1e+07       3.125e+06   1.66e-06   3.791e-06   3.598e-06           0    9.05e-06    0.005909    NR2D0
Fp17819A                            5e+06           5e+06   1.63e-06   3.534e-06   2.832e-06           0   7.997e-06    0.005221    CKND0
p18290A5863__5477                   1e+07       3.125e+06  1.521e-06   3.304e-06   2.971e-06           0   7.796e-06     0.00509    CKND2D0
g5974                               5e+06           5e+06  1.682e-06   2.573e-06   2.832e-06           0   7.087e-06    0.004628    CKND0
p18113A__4733                    3.12e+06            3.78   2.82e-07   7.077e-12   6.568e-06           0    6.85e-06    0.004473    INR3D0
Fp18204A                        3.125e+06       3.125e+06  1.029e-06     1.1e-06   4.657e-06           0   6.786e-06    0.004431    CKND0
p18163A5848__9945                   1e+07       5.027e+04  2.027e-06   1.068e-07   4.366e-06           0     6.5e-06    0.004244    NR3D0
p18208A__9945                       1e+07       1.874e+06  1.212e-06   1.684e-06   3.523e-06           0   6.419e-06    0.004191    NR2D0
p17796A__5107                   3.512e+06       1.926e+04  5.851e-07   3.612e-08   5.782e-06           0   6.404e-06    0.004181    INR2D0
p18355A__5526                       1e+07       1.876e+06  9.268e-07   2.346e-06   2.904e-06           0   6.176e-06    0.004033    CKND2D0
Fp18109A                        3.302e+05       3.302e+05  1.124e-07   3.441e-07   4.717e-06           0   5.174e-06    0.003378    CKND0
p18097A5847__2346                   1e+07           163.3  1.152e-06   7.958e-11   3.825e-06           0   4.978e-06     0.00325    AOI211D0
Fp18150A                             9481            9481  3.877e-09    6.49e-09    4.72e-06           0    4.73e-06    0.003088    CKND0
p18097A__9945                       1e+07           153.7  6.055e-07   6.582e-11   3.828e-06           0   4.434e-06    0.002895    AOI211D0
p18067A__5477                       1e+07       3.302e+05  2.998e-07   8.152e-07   3.214e-06           0   4.329e-06    0.002827    ND3D0
p18135A__4733                       1e+07           157.5  3.927e-07   6.291e-11   3.515e-06           0   3.908e-06    0.002552    OAI211D0
p18159A__5115                       1e+07            4740  1.408e-07   3.933e-09   3.449e-06           0   3.593e-06    0.002346    NR2D0
p18107A__1666                       1e+07            9481  5.333e-08   4.363e-08   3.203e-06           0     3.3e-06    0.002155    ND3D0
Fp18219A                        5.027e+04       5.027e+04  1.638e-08   2.122e-08   2.707e-06           0   2.744e-06    0.001792    CKND0
LTIELO_2                                0               0          0           0   7.574e-07           0   7.574e-07   0.0004945    TIEL
LTIELO_1                                0               0          0           0   7.574e-07           0   7.574e-07   0.0004945    TIEL
LTIELO                                  0               0          0           0   7.574e-07           0   7.574e-07   0.0004945    TIEL
LTIELO_5                                0               0          0           0   7.574e-07           0   7.574e-07   0.0004945    TIEL
LTIELO_4                                0               0          0           0   7.574e-07           0   7.574e-07   0.0004945    TIEL
LTIELO_3                                0               0          0           0   7.574e-07           0   7.574e-07   0.0004945    TIEL
----------------------------------------------------------------------------------------------------------------------------
Total                                                        0.03703      0.1012     0.01496           0      0.1531         100    


-----------------------------------------------------------------------------------------
*	Power Distribution Summary: 
*                Highest Average Power:      FE_OFC31_a_row_idx_8 (CKND12):         0.005512 
*                Highest Leakage Power:      FE_OFC39_b_col_idx_2 (BUFFD12):        0.0002012 
*          Total Cap:      2.18405e-11 F
*          Total instances in design:   471
*          Total instances in design with no power:     0
*          Total instances in design with no activity:     0
*          Total Fillers and Decap:     0
-----------------------------------------------------------------------------------------

