============================================================
  Generated by:           Genus(TM) Synthesis Solution 21.16-s062_1
  Generated on:           Mar 22 2026  02:07:08 pm
  Module:                 output_idx_controller
  Operating conditions:   WCCOM (balanced_tree)
  Wireload mode:          segmented
  Area mode:              timing library
============================================================

#---------------------------------------------------------------
#   ID  Slack           Endpoint           Group      Mode      
#        (ps)                                                   
#---------------------------------------------------------------
      1 14320   c_row_idx[5]                 I2O   default_mode 
      2 14320   c_row_idx[6]                 I2O   default_mode 
      3 14320   c_row_idx[7]                 I2O   default_mode 
      4 14320   c_row_idx[8]                 I2O   default_mode 
      5 14362   c_row_idx[4]                 I2O   default_mode 
      6 14373   c_row_idx[3]                 I2O   default_mode 
      7 14389   c_col_idx[6]                 C2O   default_mode 
      8 14389   c_col_idx[7]                 C2O   default_mode 
      9 14389   c_col_idx[8]                 C2O   default_mode 
     10 14389   c_col_idx[5]                 C2O   default_mode 
     11 14415   c_row_idx[2]                 I2O   default_mode 
     12 14431   c_col_idx[4]                 C2O   default_mode 
     13 14442   c_col_idx[3]                 C2O   default_mode 
     14 14444   c_row_idx[1]                 I2O   default_mode 
     15 14485   c_col_idx[2]                 C2O   default_mode 
     16 14502   c_row_idx[0]                 I2O   default_mode 
     17 14513   c_col_idx[1]                 C2O   default_mode 
     18 14572   c_col_idx[0]                 C2O   default_mode 
     19 14633   done_flag                    C2O   default_mode 
     20 19000   num_computated_reg[5]/sena   I2C   default_mode 
     21 19000   num_computated_reg[4]/sena   I2C   default_mode 
     22 19000   num_computated_reg[1]/sena   I2C   default_mode 
     23 19000   c_col_os_reg[5]/sena         I2C   default_mode 
     24 19000   c_col_os_reg[4]/sena         I2C   default_mode 
     25 19000   c_col_os_reg[3]/sena         I2C   default_mode 
     26 19000   num_computated_reg[3]/sena   I2C   default_mode 
     27 19000   num_computated_reg[0]/sena   I2C   default_mode 
     28 19000   c_col_os_reg[2]/sena         I2C   default_mode 
     29 19000   c_col_os_reg[8]/sena         I2C   default_mode 
     30 19000   c_col_os_reg[1]/sena         I2C   default_mode 
     31 19000   c_col_os_reg[0]/sena         I2C   default_mode 
     32 19000   num_computated_reg[2]/sena   I2C   default_mode 
     33 19000   c_col_os_reg[7]/sena         I2C   default_mode 
     34 19000   num_computated_reg[6]/sena   I2C   default_mode 
     35 19000   c_col_os_reg[6]/sena         I2C   default_mode 
     36 19006   done_flag_reg/srl            I2C   default_mode 
     37 19092   u_out_ac/i_reg[4]/sena       I2C   default_mode 
     38 19092   u_out_ac/i_reg[3]/sena       I2C   default_mode 
     39 19092   u_out_ac/i_reg[2]/sena       I2C   default_mode 
     40 19092   u_out_ac/i_reg[1]/sena       I2C   default_mode 
     41 19092   u_out_ac/i_reg[0]/sena       I2C   default_mode 
     42 19092   u_out_ac/i_reg[8]/sena       I2C   default_mode 
     43 19092   u_out_ac/i_reg[7]/sena       I2C   default_mode 
     44 19092   u_out_ac/i_reg[6]/sena       I2C   default_mode 
     45 19092   u_out_ac/i_reg[5]/sena       I2C   default_mode 
     46 19094   u_out_ac/j_reg[8]/d          I2C   default_mode 
     47 19094   u_out_ac/j_reg[7]/d          I2C   default_mode 
     48 19094   u_out_ac/j_reg[6]/d          I2C   default_mode 
     49 19094   u_out_ac/j_reg[5]/d          I2C   default_mode 
     50 19094   u_out_ac/j_reg[4]/d          I2C   default_mode 
     51 19094   u_out_ac/j_reg[3]/d          I2C   default_mode 
     52 19094   u_out_ac/j_reg[2]/d          I2C   default_mode 
     53 19094   u_out_ac/j_reg[1]/d          I2C   default_mode 
     54 19094   u_out_ac/j_reg[0]/d          I2C   default_mode 
     55 19096   u_out_ac/i_reg[8]/d          I2C   default_mode 
     56 19096   u_out_ac/i_reg[4]/d          I2C   default_mode 
     57 19096   u_out_ac/i_reg[3]/d          I2C   default_mode 
     58 19096   u_out_ac/i_reg[2]/d          I2C   default_mode 
     59 19096   u_out_ac/i_reg[1]/d          I2C   default_mode 
     60 19096   u_out_ac/i_reg[0]/d          I2C   default_mode 
     61 19096   u_out_ac/i_reg[7]/d          I2C   default_mode 
     62 19096   u_out_ac/i_reg[6]/d          I2C   default_mode 
     63 19096   u_out_ac/i_reg[5]/d          I2C   default_mode 
     64 19308   c_col_os_reg[8]/d            I2C   default_mode 
     65 19308   c_col_os_reg[7]/d            I2C   default_mode 
     66 19316   c_col_os_reg[5]/d            I2C   default_mode 
     67 19316   c_col_os_reg[6]/d            I2C   default_mode 
     68 19358   c_col_os_reg[4]/d            I2C   default_mode 
     69 19370   num_computated_reg[5]/d      C2C   default_mode 
     70 19370   num_computated_reg[6]/d      C2C   default_mode 
     71 19387   c_col_os_reg[3]/d            I2C   default_mode 
     72 19394   u_out_ac/j_reg[1]/sena       I2C   default_mode 
     73 19394   u_out_ac/j_reg[8]/sena       I2C   default_mode 
     74 19394   u_out_ac/j_reg[3]/sena       I2C   default_mode 
     75 19394   u_out_ac/j_reg[7]/sena       I2C   default_mode 
     76 19394   u_out_ac/j_reg[6]/sena       I2C   default_mode 
     77 19394   u_out_ac/j_reg[5]/sena       I2C   default_mode 
     78 19394   u_out_ac/j_reg[4]/sena       I2C   default_mode 
     79 19394   u_out_ac/j_reg[2]/sena       I2C   default_mode 
     80 19394   u_out_ac/j_reg[0]/sena       I2C   default_mode 
     81 19403   num_computated_reg[4]/d      C2C   default_mode 
     82 19410   num_computated_reg[3]/d      C2C   default_mode 
     83 19444   num_computated_reg[2]/d      C2C   default_mode 
     84 19458   c_col_os_reg[2]/d            C2C   default_mode 
     85 19462   c_col_os_reg[1]/d            C2C   default_mode 
     86 19485   num_computated_reg[1]/d      C2C   default_mode 
     87 19507   u_out_ac/i_reg[8]/srl        I2C   default_mode 
     88 19507   u_out_ac/j_reg[0]/srl        I2C   default_mode 
     89 19507   u_out_ac/j_reg[7]/srl        I2C   default_mode 
     90 19507   c_col_os_reg[3]/srl          I2C   default_mode 
     91 19507   num_computated_reg[6]/srl    I2C   default_mode 
     92 19507   u_out_ac/j_reg[6]/srl        I2C   default_mode 
     93 19507   u_out_ac/i_reg[0]/srl        I2C   default_mode 
     94 19507   num_computated_reg[3]/srl    I2C   default_mode 
     95 19507   u_out_ac/i_reg[4]/srl        I2C   default_mode 
     96 19507   u_out_ac/i_reg[5]/srl        I2C   default_mode 
     97 19507   u_out_ac/i_reg[6]/srl        I2C   default_mode 
     98 19507   u_out_ac/i_reg[1]/srl        I2C   default_mode 
     99 19507   c_col_os_reg[1]/srl          I2C   default_mode 
    100 19507   num_computated_reg[4]/srl    I2C   default_mode 
    101 19507   u_out_ac/i_reg[3]/srl        I2C   default_mode 
    102 19507   u_out_ac/j_reg[5]/srl        I2C   default_mode 
    103 19507   u_out_ac/j_reg[1]/srl        I2C   default_mode 
    104 19507   c_col_os_reg[2]/srl          I2C   default_mode 
    105 19507   c_col_os_reg[7]/srl          I2C   default_mode 
    106 19507   c_col_os_reg[4]/srl          I2C   default_mode 
    107 19507   u_out_ac/i_reg[7]/srl        I2C   default_mode 
    108 19507   u_out_ac/i_reg[2]/srl        I2C   default_mode 
    109 19507   num_computated_reg[5]/srl    I2C   default_mode 
    110 19507   c_col_os_reg[6]/srl          I2C   default_mode 
    111 19507   num_computated_reg[2]/srl    I2C   default_mode 
    112 19507   c_col_os_reg[5]/srl          I2C   default_mode 
    113 19507   u_out_ac/j_reg[4]/srl        I2C   default_mode 
    114 19507   c_col_os_reg[0]/srl          I2C   default_mode 
    115 19507   num_computated_reg[1]/srl    I2C   default_mode 
    116 19507   u_out_ac/j_reg[8]/srl        I2C   default_mode 
    117 19507   c_col_os_reg[8]/srl          I2C   default_mode 
    118 19507   u_out_ac/j_reg[3]/srl        I2C   default_mode 
    119 19507   u_out_ac/j_reg[2]/srl        I2C   default_mode 
    120 19507   num_computated_reg[0]/srl    I2C   default_mode 
    121 19520   c_col_os_reg[0]/d            C2C   default_mode 
    122 19523   num_computated_reg[0]/d      C2C   default_mode 
    123 19526   done_flag_reg/srd            I2C   default_mode 
#---------------------------------------------------------------


