============================================================
  Generated by:           Genus(TM) Synthesis Solution 21.16-s062_1
  Generated on:           Mar 22 2026  02:07:08 pm
  Module:                 output_idx_controller
  Operating conditions:   WCCOM (balanced_tree)
  Wireload mode:          segmented
  Area mode:              timing library
============================================================


Path 1: UNCONSTRAINED
           Mode: default_mode
     Startpoint: (F) clk
          Clock: (F) clk
       Endpoint: (F) num_computated_reg[6]/clk

                     Capture    Launch     
        Clock Edge:+       -     10000     
        Drv Adjust:+       0         0     
       Src Latency:+       -         0     
       Net Latency:+       -         0 (I) 
           Arrival:=       -     10000     
                                           
      Launch Clock:-   10000               
       Input Delay:-       0               
         Data Path:-       0               

Exceptions/Constraints:
  input_delay              0              create_clock_delay_domain_1_clk_F_0 

#----------------------------------------------------------------------------------------------------------
#       Timing Point         Flags    Arc   Edge      Cell        Fanout Load Trans Delay Arrival Instance 
#                                                                        (fF)  (ps)  (ps)   (ps)  Location 
#----------------------------------------------------------------------------------------------------------
  clk                       <<< (i,u) -     F     (arrival)           35  0.0     0     0   10000    (-,-) 
  num_computated_reg[6]/clk -         -     F     unmapped_d_flop     35    -     -     0   10000    (-,-) 
#----------------------------------------------------------------------------------------------------------

(u) : Net has unmapped pin(s).
(i) : Net is ideal.


