============================================================
  Generated by:           Genus(TM) Synthesis Solution 21.16-s062_1
  Generated on:           Mar 22 2026  02:07:08 pm
  Module:                 output_idx_controller
  Operating conditions:   WCCOM (balanced_tree)
  Wireload mode:          segmented
  Area mode:              timing library
============================================================


Path 1: MET (14320 ps) Late External Delay Assertion at pin c_row_idx[8]
           Mode: default_mode
          Group: I2O
     Startpoint: (R) row_idx[1]
          Clock: (R) clk
       Endpoint: (R) c_row_idx[8]
          Clock: (R) clk

                     Capture       Launch     
        Clock Edge:+   20000            0     
        Drv Adjust:+       0            0     
       Src Latency:+       0            0     
       Net Latency:+       0 (I)        0 (I) 
           Arrival:=   20000            0     
                                              
      Output Delay:-    5000                  
       Uncertainty:-     150                  
     Required Time:=   14850                  
      Launch Clock:-       0                  
       Input Delay:-     250                  
         Data Path:-     280                  
             Slack:=   14320                  

Exceptions/Constraints:
  input_delay              250             output_idx_controlle_line_28_4_1 
  output_delay             5000            output_idx_controlle_line_31     

#---------------------------------------------------------------------------------------------------------
#      Timing Point        Flags    Arc    Edge      Cell       Fanout  Load Trans Delay Arrival Instance 
#                                                                       (fF)  (ps)  (ps)   (ps)  Location 
#---------------------------------------------------------------------------------------------------------
  row_idx[1]               (u)     -       R     (arrival)           3 506.9     0     0     250    (-,-) 
  u_out_ac/add_33_26/g6/z  (u)     in_1->z F     unmapped_nor2       1   2.3     0    21     271    (-,-) 
  u_out_ac/add_33_26/g22/z (u)     in_0->z R     unmapped_not        2   4.6     0    16     288    (-,-) 
  u_out_ac/add_33_26/g23/z (u)     in_1->z F     unmapped_nand2      1   2.3     0    21     309    (-,-) 
  u_out_ac/add_33_26/g24/z (u)     in_1->z R     unmapped_nand2      3   6.9     0    28     337    (-,-) 
  u_out_ac/add_33_26/g40/z (u)     in_1->z F     unmapped_nand2      1   2.3     0    21     358    (-,-) 
  u_out_ac/add_33_26/g41/z (u)     in_1->z R     unmapped_nand2      5  11.5     0    32     390    (-,-) 
  u_out_ac/add_33_26/g61/z (u)     in_0->z F     unmapped_nand2      1   2.3     0    21     412    (-,-) 
  u_out_ac/add_33_26/g62/z (u)     in_1->z R     unmapped_nand2      1   2.3     0    21     433    (-,-) 
  u_out_ac/add_33_26/g84/z (u)     in_0->z R     unmapped_xnor2      1 500.0     0    98     530    (-,-) 
  c_row_idx[8]             <<<     -       R     (port)              -     -     -     0     530    (-,-) 
#---------------------------------------------------------------------------------------------------------

(u) : Net has unmapped pin(s).


