============================================================
  Generated by:           Genus(TM) Synthesis Solution 21.16-s062_1
  Generated on:           Mar 22 2026  02:07:08 pm
  Module:                 output_idx_controller
  Technology library:     tcbn65gpluswc 200
  Operating conditions:   WCCOM (balanced_tree)
  Wireload mode:          segmented
  Area mode:              timing library
============================================================

       Instance               Module          Cell Count  Cell Area  Net Area   Total Area      Wireload     
-------------------------------------------------------------------------------------------------------------
output_idx_controller                                609   2099.093     0.000     2099.093 ZeroWireload (S)  
  u_out_ac            out_ac_mode_controller         364   1261.064     0.000     1261.064 ZeroWireload (S)  
    eq_29_30          equal_unsigned_2                14     53.081     0.000       53.081 ZeroWireload (S)  
    sub_29_40         sub_unsigned                    54    147.982     0.000      147.982 ZeroWireload (S)  
    add_40_29         add_unsigned                    52    141.548     0.000      141.548 ZeroWireload (S)  
    eq_28_30          equal_unsigned_2                14     53.081     0.000       53.081 ZeroWireload (S)  
    sub_28_40         sub_unsigned                    54    147.982     0.000      147.982 ZeroWireload (S)  
    add_50_29         add_unsigned                    52    141.548     0.000      141.548 ZeroWireload (S)  
    add_33_26         add_unsigned_10                 80    230.016     0.000      230.016 ZeroWireload (S)  
    mux_j_nx_39_12    bmux                             9     57.906     0.000       57.906 ZeroWireload (S)  
    mux_i_nx_49_12    bmux                             9     57.906     0.000       57.906 ZeroWireload (S)  
  sub_33_86           sub_unsigned_17                 24     62.731     0.000       62.731 ZeroWireload (S)  
  add_72_34           add_unsigned_10                 80    230.016     0.000      230.016 ZeroWireload (S)  
  add_73_46           add_unsigned_21                 27     67.557     0.000       67.557 ZeroWireload (S)  
  add_35_39           add_unsigned_10                 80    230.016     0.000      230.016 ZeroWireload (S)  
  (S) = wireload was automatically selected
