============================================================
  Generated by:           Genus(TM) Synthesis Solution 21.16-s062_1
  Generated on:           Mar 22 2026  02:07:08 pm
  Module:                 output_idx_controller
  Operating conditions:   WCCOM (balanced_tree)
  Wireload mode:          segmented
  Area mode:              timing library
============================================================

	Timing
	------
  Endpoint    Slack  Cost Group      Mode      
-----------------------------------------------
c_row_idx[5]   14320        I2O   default_mode 
	Area
	----

       Instance       Module  Cell Count  Cell Area  Net Area   Total Area      Wireload     
---------------------------------------------------------------------------------------------
output_idx_controller                609   2099.093     0.000     2099.093 ZeroWireload (S)  
  (S) = wireload was automatically selected

	Design Rule Check
	-----------------

Max_transition design rule: no violations.

Max_capacitance design rule: no violations.



