============================================================
  Generated by:           Genus(TM) Synthesis Solution 21.16-s062_1
  Generated on:           Mar 22 2026  02:07:19 pm
  Module:                 output_idx_controller
  Operating conditions:   WCCOM (balanced_tree)
  Wireload mode:          segmented
  Area mode:              timing library
============================================================


Path 1: MET (18407 ps) Setup Check with Pin num_computated_reg[0]/CP->D
           Mode: default_mode
          Group: I2C
     Startpoint: (F) m[3]
          Clock: (R) clk
       Endpoint: (R) num_computated_reg[0]/D
          Clock: (R) clk

                     Capture       Launch     
        Clock Edge:+   20000            0     
        Drv Adjust:+       0            0     
       Src Latency:+       0            0     
       Net Latency:+       0 (I)        0 (I) 
           Arrival:=   20000            0     
                                              
             Setup:-      94                  
       Uncertainty:-     150                  
     Required Time:=   19756                  
      Launch Clock:-       0                  
       Input Delay:-     250                  
         Data Path:-    1098                  
             Slack:=   18407                  

Exceptions/Constraints:
  input_delay             250             output_idx_controlle_line_28_16_1 

#--------------------------------------------------------------------------------------------------
#      Timing Point       Flags    Arc   Edge   Cell     Fanout  Load Trans Delay Arrival Instance 
#                                                                (fF)  (ps)  (ps)   (ps)  Location 
#--------------------------------------------------------------------------------------------------
  m[3]                    -       -      F     (arrival)      2 501.4     0     0     250    (-,-) 
  p17586A__6131/ZN        -       A2->ZN R     NR2D0          3   2.1   101    64     314    (-,-) 
  p17609A__2398/ZN        -       B->ZN  F     AOI21D0        2   1.3    52    47     361    (-,-) 
  p17629A__2398/ZN        -       A1->ZN R     CKND2D0        1   0.7    37    36     397    (-,-) 
  p17613A__5477/Z         -       C->Z   R     OA221D0        1   0.7    41   119     516    (-,-) 
  p17705A__1881/ZN        -       B->ZN  F     OAI211D0       1   0.7    74    67     583    (-,-) 
  p17717A__5526/ZN        -       C->ZN  R     AOI221D0       1   0.7   145   144     727    (-,-) 
  p17867A__5477/ZN        -       B->ZN  F     OAI211D0       3   2.1   108   112     839    (-,-) 
  p17878A__7410/ZN        -       B1->ZN R     INR3D0        14  17.2   480   302    1141    (-,-) 
  Fp18200A/ZN             -       I->ZN  F     CKND0          5   3.5   139   128    1269    (-,-) 
  p18240A__6783/ZN        -       I0->ZN R     MUX2ND0        1   0.9    68    79    1348    (-,-) 
  num_computated_reg[0]/D -       -      R     DFKCNQD1       1     -     -     0    1348    (-,-) 
#--------------------------------------------------------------------------------------------------


