============================================================
  Generated by:           Genus(TM) Synthesis Solution 21.16-s062_1
  Generated on:           Mar 22 2026  02:07:19 pm
  Module:                 output_idx_controller
  Operating conditions:   WCCOM (balanced_tree)
  Wireload mode:          segmented
  Area mode:              timing library
============================================================

                                Leakage   Internal  
   Gate    Instances   Area   Power (nW) Power (nW)      Library     
---------------------------------------------------------------------
AN2D8              1    6.840    150.465    111.051    tcbn65gpluswc 
AN4D0              1    2.880      7.779      9.907    tcbn65gpluswc 
AO21D0             1    2.520     11.996     17.791    tcbn65gpluswc 
AO22D0             5   14.400     59.539    102.447    tcbn65gpluswc 
AOI211D0           2    5.040     11.111     33.108    tcbn65gpluswc 
AOI21D0           14   30.240    105.875    122.160    tcbn65gpluswc 
AOI221D0           4   11.520     27.589     62.450    tcbn65gpluswc 
CKAN2D0            4    8.640     31.472     39.404    tcbn65gpluswc 
CKND0             14   15.120     51.793     27.454    tcbn65gpluswc 
CKND2D0           19   27.360     75.919     53.561    tcbn65gpluswc 
CKND8              7   30.240    586.844    158.442    tcbn65gpluswc 
CKXOR2D0           4   14.400     95.205     76.572    tcbn65gpluswc 
DFD1              10   72.000    668.278   4347.631    tcbn65gpluswc 
DFKCNQD1           5   36.000    256.276   1891.959    tcbn65gpluswc 
DFXD1              3   29.160    243.494   1380.205    tcbn65gpluswc 
EDFKCND1           4   41.760    281.343   1579.333    tcbn65gpluswc 
EDFKCNQD1          4   40.320    225.334   1589.710    tcbn65gpluswc 
FA1D0              4   36.000    439.822    335.194    tcbn65gpluswc 
IND2D0             8   17.280     65.905     61.630    tcbn65gpluswc 
IND3D0             2    5.040     16.096     10.990    tcbn65gpluswc 
INR2D0             3    6.480     31.119     22.779    tcbn65gpluswc 
INR3D0             1    2.520      9.187      1.639    tcbn65gpluswc 
IOA21D0            6   15.120     80.842     71.151    tcbn65gpluswc 
MAOI22D0           5   14.400     62.135    141.970    tcbn65gpluswc 
MOAI22D0          14   40.320    182.784    240.495    tcbn65gpluswc 
MUX2ND0            3    8.640     49.102     45.532    tcbn65gpluswc 
ND4D0              2    5.040      6.292      9.789    tcbn65gpluswc 
NR2D0             25   36.000    114.551     96.807    tcbn65gpluswc 
NR3D0              1    2.160      7.238      9.944    tcbn65gpluswc 
OA21D0             1    2.520     13.396     17.895    tcbn65gpluswc 
OA221D0            1    3.600     14.059     31.028    tcbn65gpluswc 
OAI211D0           8   20.160     29.640     33.044    tcbn65gpluswc 
OAI21D0            3    6.480     23.058     21.927    tcbn65gpluswc 
OAI221D0           1    2.880      9.441     19.522    tcbn65gpluswc 
OAI31D0            1    2.520      6.991      0.575    tcbn65gpluswc 
OR2D8              5   34.200    636.636    602.577    tcbn65gpluswc 
XNR2D0             2    7.200     50.087     64.533    tcbn65gpluswc 
XNR3D0             1    6.120     38.818     48.841    tcbn65gpluswc 
---------------------------------------------------------------------
total            199  663.120   4777.512  13491.045                  


                                          Leakage  Leakage  Internal  Internal 
     Type      Instances   Area  Area % Power (nW) Power % Power (nW)  Power % 
-------------------------------------------------------------------------------
sequential            26 219.240   33.1   1674.725    35.1  10788.838     80.0 
inverter              21  45.360    6.8    638.637    13.4    185.895      1.4 
logic                152 398.520   60.1   2464.150    51.6   2516.311     18.7 
physical_cells         0   0.000    0.0      0.000     0.0      0.000      0.0 
-------------------------------------------------------------------------------
total                199 663.120  100.0   4777.512   100.0  13491.045    100.0 

