============================================================
  Generated by:           Genus(TM) Synthesis Solution 21.16-s062_1
  Generated on:           Mar 22 2026  02:07:19 pm
  Module:                 output_idx_controller
  Operating conditions:   WCCOM (balanced_tree)
  Wireload mode:          segmented
  Area mode:              timing library
============================================================

#------------------------------------------------------------
#  ID  Slack          Endpoint          Group      Mode      
#       (ps)                                                 
#------------------------------------------------------------
     1 13835   c_col_idx[8]               C2O   default_mode 
     2 13903   c_col_idx[7]               C2O   default_mode 
     3 13971   c_col_idx[6]               C2O   default_mode 
     4 14042   c_col_idx[5]               C2O   default_mode 
     5 14126   c_col_idx[4]               C2O   default_mode 
     6 14226   c_col_idx[3]               C2O   default_mode 
     7 14345   c_row_idx[8]               C2O   default_mode 
     8 14346   c_row_idx[5]               C2O   default_mode 
     9 14346   c_row_idx[6]               C2O   default_mode 
    10 14346   c_row_idx[7]               C2O   default_mode 
    11 14351   c_row_idx[4]               C2O   default_mode 
    12 14360   c_row_idx[3]               C2O   default_mode 
    13 14361   done_flag                  C2O   default_mode 
    14 14600   c_row_idx[0]               I2O   default_mode 
    15 14600   c_row_idx[1]               I2O   default_mode 
    16 14600   c_row_idx[2]               I2O   default_mode 
    17 18170   num_computated_reg[0]/D    C2C   default_mode 
    18 18203   c_col_os_reg[3]/D          C2C   default_mode 
    19 18203   num_computated_reg[3]/D    C2C   default_mode 
    20 18203   num_computated_reg[1]/D    C2C   default_mode 
    21 18203   num_computated_reg[5]/D    C2C   default_mode 
    22 18257   c_col_os_reg[5]/E          C2C   default_mode 
    23 18257   c_col_os_reg[4]/E          C2C   default_mode 
    24 18257   c_col_os_reg[8]/E          C2C   default_mode 
    25 18257   num_computated_reg[6]/E    C2C   default_mode 
    26 18258   c_col_os_reg[6]/E          C2C   default_mode 
    27 18258   num_computated_reg[4]/E    C2C   default_mode 
    28 18258   num_computated_reg[2]/E    C2C   default_mode 
    29 18258   c_col_os_reg[7]/E          C2C   default_mode 
    30 18524   done_flag_reg/SA           C2C   default_mode 
    31 18622   u_out_ac_i_reg[3]/DB       C2C   default_mode 
    32 18659   u_out_ac_i_reg[4]/D        C2C   default_mode 
    33 18663   u_out_ac_i_reg[7]/D        C2C   default_mode 
    34 18663   u_out_ac_i_reg[6]/D        C2C   default_mode 
    35 18663   u_out_ac_i_reg[8]/D        C2C   default_mode 
    36 18663   u_out_ac_i_reg[5]/D        C2C   default_mode 
    37 18827   u_out_ac_i_reg[3]/DA       I2C   default_mode 
    38 18841   u_out_ac_j_reg[4]/D        I2C   default_mode 
    39 18841   u_out_ac_j_reg[5]/D        I2C   default_mode 
    40 18841   u_out_ac_j_reg[6]/D        I2C   default_mode 
    41 18841   u_out_ac_j_reg[8]/D        I2C   default_mode 
    42 18841   u_out_ac_j_reg[7]/D        I2C   default_mode 
    43 18876   u_out_ac_j_reg[3]/DB       I2C   default_mode 
    44 19000   c_col_os_reg[8]/D          I2C   default_mode 
    45 19057   c_col_os_reg[7]/D          I2C   default_mode 
    46 19143   c_col_os_reg[6]/D          I2C   default_mode 
    47 19170   num_computated_reg[6]/D    C2C   default_mode 
    48 19227   c_col_os_reg[5]/D          I2C   default_mode 
    49 19270   num_computated_reg[4]/D    C2C   default_mode 
    50 19279   u_out_ac_j_reg[3]/DA       I2C   default_mode 
    51 19313   c_col_os_reg[4]/D          I2C   default_mode 
    52 19388   num_computated_reg[2]/D    C2C   default_mode 
    53 19470   c_col_os_reg[4]/CN         I2C   default_mode 
    54 19470   num_computated_reg[6]/CN   I2C   default_mode 
    55 19470   c_col_os_reg[5]/CN         I2C   default_mode 
    56 19470   c_col_os_reg[8]/CN         I2C   default_mode 
    57 19471   num_computated_reg[4]/CN   I2C   default_mode 
    58 19471   c_col_os_reg[7]/CN         I2C   default_mode 
    59 19471   num_computated_reg[2]/CN   I2C   default_mode 
    60 19471   c_col_os_reg[6]/CN         I2C   default_mode 
    61 19517   num_computated_reg[5]/CN   I2C   default_mode 
    62 19517   num_computated_reg[1]/CN   I2C   default_mode 
    63 19517   c_col_os_reg[3]/CN         I2C   default_mode 
    64 19517   num_computated_reg[0]/CN   I2C   default_mode 
    65 19517   num_computated_reg[3]/CN   I2C   default_mode 
    66 19517   done_flag_reg/DA           I2C   default_mode 
    67 19569   u_out_ac_j_reg[3]/SA       C2C   default_mode 
    68 19599   u_out_ac_i_reg[3]/SA       C2C   default_mode 
    69 19659   done_flag_reg/DB           C2C   default_mode 
#------------------------------------------------------------


