============================================================
  Generated by:           Genus(TM) Synthesis Solution 21.16-s062_1
  Generated on:           Mar 22 2026  02:07:19 pm
  Module:                 output_idx_controller
  Operating conditions:   WCCOM (balanced_tree)
  Wireload mode:          segmented
  Area mode:              timing library
============================================================


Path 1: MET (18170 ps) Setup Check with Pin num_computated_reg[0]/CP->D
           Mode: default_mode
          Group: C2C
     Startpoint: (R) u_out_ac_i_reg[3]/CP
          Clock: (R) clk
       Endpoint: (R) num_computated_reg[0]/D
          Clock: (R) clk

                     Capture       Launch     
        Clock Edge:+   20000            0     
       Src Latency:+       0            0     
       Net Latency:+       0 (I)        0 (I) 
           Arrival:=   20000            0     
                                              
             Setup:-      94                  
       Uncertainty:-     150                  
     Required Time:=   19756                  
      Launch Clock:-       0                  
         Data Path:-    1585                  
             Slack:=   18170                  

#--------------------------------------------------------------------------------------------------
#      Timing Point       Flags    Arc   Edge   Cell     Fanout  Load Trans Delay Arrival Instance 
#                                                                (fF)  (ps)  (ps)   (ps)  Location 
#--------------------------------------------------------------------------------------------------
  u_out_ac_i_reg[3]/CP    -       -      R     (arrival)     26     -   150     0       0    (-,-) 
  u_out_ac_i_reg[3]/QN    -       CP->QN R     DFXD1          1   7.2    71   225     225    (-,-) 
  drc_bufs3747/ZN         -       I->ZN  F     CKND8          3 502.0   417   253     477    (-,-) 
  p17648A__2802/ZN        -       A1->ZN R     OAI21D0        3   2.1   174   155     633    (-,-) 
  p17613A__5477/Z         -       A1->Z  R     OA221D0        1   0.7    41   120     753    (-,-) 
  p17705A__1881/ZN        -       B->ZN  F     OAI211D0       1   0.7    74    67     820    (-,-) 
  p17717A__5526/ZN        -       C->ZN  R     AOI221D0       1   0.7   145   144     964    (-,-) 
  p17867A__5477/ZN        -       B->ZN  F     OAI211D0       3   2.1   108   112    1076    (-,-) 
  p17878A__7410/ZN        -       B1->ZN R     INR3D0        14  17.2   480   302    1378    (-,-) 
  Fp18200A/ZN             -       I->ZN  F     CKND0          5   3.5   139   128    1506    (-,-) 
  p18240A__6783/ZN        -       I0->ZN R     MUX2ND0        1   0.9    68    79    1585    (-,-) 
  num_computated_reg[0]/D -       -      R     DFKCNQD1       1     -     -     0    1585    (-,-) 
#--------------------------------------------------------------------------------------------------


