============================================================
  Generated by:           Genus(TM) Synthesis Solution 21.16-s062_1
  Generated on:           Mar 22 2026  02:07:19 pm
  Module:                 output_idx_controller
  Operating conditions:   WCCOM (balanced_tree)
  Wireload mode:          segmented
  Area mode:              timing library
============================================================

Timing
--------

Analysis view Clock  Period 
----------------------------
default_mode  clk   20000.0 


  Analysis     Cost   Critical        Violating 
    View      Group  Path Slack  TNS    Paths   
------------------------------------------------
default_mode     C2C    18170.3  0.0          0 
                 C2O    13834.7  0.0          0 
                 clk   No paths  0.0          0 
             default   No paths  0.0          0 
                 I2C    18407.3  0.0          0 
                 I2O    14600.0  0.0          0 
------------------------------------------------
Total                           -0.0          0 
                                                

Instance Count
--------------
Leaf Instance Count             199 
Physical Instance count           0 
Sequential Instance Count        26 
Combinational Instance Count    173 
Hierarchical Instance Count       0 

Area
----
Cell Area                          663.120
Physical Cell Area                 0.000
Total Cell Area (Cell+Physical)    663.120
Net Area                           0.000
Total Area (Cell+Physical+Net)     663.120

Power
-----
Leakage Power                      4777.512 nW
Dynamic Power                      117606.096 nW
Total Power                        122383.608 nW

Max Fanout                         26 (clk)
Min Fanout                         1 (done_flag_166)
Average Fanout                     2.2
Terms to net ratio                 3.0321
Terms to instance ratio            3.7940
Runtime                            17.030673 seconds
Elapsed Runtime                    20 seconds
Genus peak memory usage            1501.92 
Innovus peak memory usage          no_value 
Hostname                           cadpc19.ee.columbia.edu
