============================================================
  Generated by:           Genus(TM) Synthesis Solution 21.16-s062_1
  Generated on:           Mar 22 2026  02:07:19 pm
  Module:                 output_idx_controller
  Operating conditions:   WCCOM (balanced_tree)
  Wireload mode:          segmented
  Area mode:              timing library
============================================================


Path 1: MET (14600 ps) Late External Delay Assertion at pin c_row_idx[0]
           Mode: default_mode
          Group: I2O
     Startpoint: (R) row_idx[0]
          Clock: (R) clk
       Endpoint: (R) c_row_idx[0]
          Clock: (R) clk

                     Capture       Launch     
        Clock Edge:+   20000            0     
        Drv Adjust:+       0            0     
       Src Latency:+       0            0     
       Net Latency:+       0 (I)        0 (I) 
           Arrival:=   20000            0     
                                              
      Output Delay:-    5000                  
       Uncertainty:-     150                  
     Required Time:=   14850                  
      Launch Clock:-       0                  
       Input Delay:-     250                  
         Data Path:-       0                  
             Slack:=   14600                  

Exceptions/Constraints:
  input_delay              250             output_idx_controlle_line_28_5_1  
  output_delay             5000            output_idx_controlle_line_31_58_1 

#-----------------------------------------------------------------------------------------
# Timing Point   Flags   Arc   Edge   Cell     Fanout  Load  Trans Delay Arrival Instance 
#                                                      (fF)   (ps)  (ps)   (ps)  Location 
#-----------------------------------------------------------------------------------------
  row_idx[0]     <<<     -     R     (arrival)      2 1000.7     0     0     250    (-,-) 
  c_row_idx[0]   -       -     R     (port)         -      -     -     0     250    (-,-) 
#-----------------------------------------------------------------------------------------


