============================================================
  Generated by:           Genus(TM) Synthesis Solution 21.16-s062_1
  Generated on:           Mar 22 2026  02:07:19 pm
  Module:                 output_idx_controller
  Operating conditions:   WCCOM (balanced_tree)
  Wireload mode:          segmented
  Area mode:              timing library
============================================================


Path 1: MET (13835 ps) Late External Delay Assertion at pin c_col_idx[8]
           Mode: default_mode
          Group: C2O
     Startpoint: (R) u_out_ac_j_reg[3]/CP
          Clock: (R) clk
       Endpoint: (R) c_col_idx[8]
          Clock: (R) clk

                     Capture       Launch     
        Clock Edge:+   20000            0     
       Src Latency:+       0            0     
       Net Latency:+       0 (I)        0 (I) 
           Arrival:=   20000            0     
                                              
      Output Delay:-    5000                  
       Uncertainty:-     150                  
     Required Time:=   14850                  
      Launch Clock:-       0                  
         Data Path:-    1015                  
             Slack:=   13835                  

Exceptions/Constraints:
  output_delay             5000            output_idx_controlle_line_31_59_1 

#-----------------------------------------------------------------------------------------------
#    Timing Point      Flags    Arc   Edge   Cell     Fanout  Load Trans Delay Arrival Instance 
#                                                             (fF)  (ps)  (ps)   (ps)  Location 
#-----------------------------------------------------------------------------------------------
  u_out_ac_j_reg[3]/CP -       -      R     (arrival)     26     -   150     0       0    (-,-) 
  u_out_ac_j_reg[3]/Q  -       CP->Q  R     DFXD1          8   6.7    68   169     169    (-,-) 
  p13132A__8428/ZN     -       A2->ZN F     CKND2D0        4   4.8   109    84     254    (-,-) 
  p13168A__6161/ZN     -       A2->ZN R     OAI21D0        2   1.2    82    79     332    (-,-) 
  Fp13166A/ZN          -       I->ZN  F     CKND0          2   1.3    35    40     372    (-,-) 
  p13185A__1617/ZN     -       A1->ZN R     OAI21D0        3   1.9   103    70     442    (-,-) 
  p13197A__4733/ZN     -       A1->ZN R     IOA21D0        3   1.9    54    89     532    (-,-) 
  p13222A__1617/ZN     -       A1->ZN R     IOA21D0        2   1.2    42    71     603    (-,-) 
  p13247A__8428/Z      -       A1->Z  R     CKAN2D0        1   2.2    53    78     681    (-,-) 
  p13248A__2398/Z      -       A1->Z  R     OR2D8          1 500.0   534   334    1015    (-,-) 
  c_col_idx[8]         -       -      R     (port)         -     -     -     0    1015    (-,-) 
#-----------------------------------------------------------------------------------------------



Path 2: MET (13846 ps) Late External Delay Assertion at pin c_col_idx[8]
           Mode: default_mode
          Group: C2O
     Startpoint: (R) u_out_ac_j_reg[3]/CP
          Clock: (R) clk
       Endpoint: (R) c_col_idx[8]
          Clock: (R) clk

                     Capture       Launch     
        Clock Edge:+   20000            0     
       Src Latency:+       0            0     
       Net Latency:+       0 (I)        0 (I) 
           Arrival:=   20000            0     
                                              
      Output Delay:-    5000                  
       Uncertainty:-     150                  
     Required Time:=   14850                  
      Launch Clock:-       0                  
         Data Path:-    1004                  
             Slack:=   13846                  

Exceptions/Constraints:
  output_delay             5000            output_idx_controlle_line_31_59_1 

#-----------------------------------------------------------------------------------------------
#    Timing Point      Flags    Arc   Edge   Cell     Fanout  Load Trans Delay Arrival Instance 
#                                                             (fF)  (ps)  (ps)   (ps)  Location 
#-----------------------------------------------------------------------------------------------
  u_out_ac_j_reg[3]/CP -       -      R     (arrival)     26     -   150     0       0    (-,-) 
  u_out_ac_j_reg[3]/Q  -       CP->Q  F     DFXD1          8   6.6    48   187     187    (-,-) 
  p13132A__8428/ZN     -       A2->ZN R     CKND2D0        4   5.0   129    86     273    (-,-) 
  p13168A__6161/ZN     -       A2->ZN F     OAI21D0        2   1.2    60    63     336    (-,-) 
  Fp13166A/ZN          -       I->ZN  R     CKND0          2   1.3    37    38     374    (-,-) 
  p13185A__1617/ZN     -       A1->ZN F     OAI21D0        3   1.8    60    44     418    (-,-) 
  p13197A__4733/ZN     -       A1->ZN F     IOA21D0        3   1.8    53    80     497    (-,-) 
  p13222A__1617/ZN     -       A1->ZN F     IOA21D0        2   1.1    40    70     567    (-,-) 
  p13239A__4319/ZN     -       A1->ZN R     NR2D0          1   2.6   118    81     648    (-,-) 
  p13248A__2398/Z      -       A2->Z  R     OR2D8          1 500.0   534   357    1004    (-,-) 
  c_col_idx[8]         -       -      R     (port)         -     -     -     0    1004    (-,-) 
#-----------------------------------------------------------------------------------------------



Path 3: MET (13854 ps) Late External Delay Assertion at pin c_col_idx[8]
           Mode: default_mode
          Group: C2O
     Startpoint: (R) c_col_os_reg[3]/CP
          Clock: (R) clk
       Endpoint: (R) c_col_idx[8]
          Clock: (R) clk

                     Capture       Launch     
        Clock Edge:+   20000            0     
       Src Latency:+       0            0     
       Net Latency:+       0 (I)        0 (I) 
           Arrival:=   20000            0     
                                              
      Output Delay:-    5000                  
       Uncertainty:-     150                  
     Required Time:=   14850                  
      Launch Clock:-       0                  
         Data Path:-     996                  
             Slack:=   13854                  

Exceptions/Constraints:
  output_delay             5000            output_idx_controlle_line_31_59_1 

#---------------------------------------------------------------------------------------------
#   Timing Point     Flags    Arc   Edge   Cell     Fanout  Load Trans Delay Arrival Instance 
#                                                           (fF)  (ps)  (ps)   (ps)  Location 
#---------------------------------------------------------------------------------------------
  c_col_os_reg[3]/CP -       -      R     (arrival)     26     -   150     0       0    (-,-) 
  c_col_os_reg[3]/Q  -       CP->Q  R     DFKCNQD1       5   3.3    39   158     158    (-,-) 
  p13132A__8428/ZN   -       A1->ZN F     CKND2D0        4   4.8   109    76     234    (-,-) 
  p13168A__6161/ZN   -       A2->ZN R     OAI21D0        2   1.2    82    79     313    (-,-) 
  Fp13166A/ZN        -       I->ZN  F     CKND0          2   1.3    35    40     353    (-,-) 
  p13185A__1617/ZN   -       A1->ZN R     OAI21D0        3   1.9   103    70     423    (-,-) 
  p13197A__4733/ZN   -       A1->ZN R     IOA21D0        3   1.9    54    89     512    (-,-) 
  p13222A__1617/ZN   -       A1->ZN R     IOA21D0        2   1.2    42    71     584    (-,-) 
  p13247A__8428/Z    -       A1->Z  R     CKAN2D0        1   2.2    53    78     662    (-,-) 
  p13248A__2398/Z    -       A1->Z  R     OR2D8          1 500.0   534   334     996    (-,-) 
  c_col_idx[8]       -       -      R     (port)         -     -     -     0     996    (-,-) 
#---------------------------------------------------------------------------------------------



Path 4: MET (13866 ps) Late External Delay Assertion at pin c_col_idx[8]
           Mode: default_mode
          Group: C2O
     Startpoint: (R) c_col_os_reg[3]/CP
          Clock: (R) clk
       Endpoint: (R) c_col_idx[8]
          Clock: (R) clk

                     Capture       Launch     
        Clock Edge:+   20000            0     
       Src Latency:+       0            0     
       Net Latency:+       0 (I)        0 (I) 
           Arrival:=   20000            0     
                                              
      Output Delay:-    5000                  
       Uncertainty:-     150                  
     Required Time:=   14850                  
      Launch Clock:-       0                  
         Data Path:-     984                  
             Slack:=   13866                  

Exceptions/Constraints:
  output_delay             5000            output_idx_controlle_line_31_59_1 

#---------------------------------------------------------------------------------------------
#   Timing Point     Flags    Arc   Edge   Cell     Fanout  Load Trans Delay Arrival Instance 
#                                                           (fF)  (ps)  (ps)   (ps)  Location 
#---------------------------------------------------------------------------------------------
  c_col_os_reg[3]/CP -       -      R     (arrival)     26     -   150     0       0    (-,-) 
  c_col_os_reg[3]/Q  -       CP->Q  F     DFKCNQD1       5   3.2    28   174     174    (-,-) 
  p13132A__8428/ZN   -       A1->ZN R     CKND2D0        4   5.0   129    78     253    (-,-) 
  p13168A__6161/ZN   -       A2->ZN F     OAI21D0        2   1.2    60    63     316    (-,-) 
  Fp13166A/ZN        -       I->ZN  R     CKND0          2   1.3    37    38     354    (-,-) 
  p13185A__1617/ZN   -       A1->ZN F     OAI21D0        3   1.8    60    44     397    (-,-) 
  p13197A__4733/ZN   -       A1->ZN F     IOA21D0        3   1.8    53    80     477    (-,-) 
  p13222A__1617/ZN   -       A1->ZN F     IOA21D0        2   1.1    40    70     546    (-,-) 
  p13239A__4319/ZN   -       A1->ZN R     NR2D0          1   2.6   118    81     627    (-,-) 
  p13248A__2398/Z    -       A2->Z  R     OR2D8          1 500.0   534   357     984    (-,-) 
  c_col_idx[8]       -       -      R     (port)         -     -     -     0     984    (-,-) 
#---------------------------------------------------------------------------------------------



Path 5: MET (13897 ps) Late External Delay Assertion at pin c_col_idx[8]
           Mode: default_mode
          Group: C2O
     Startpoint: (R) u_out_ac_j_reg[4]/CP
          Clock: (R) clk
       Endpoint: (R) c_col_idx[8]
          Clock: (R) clk

                     Capture       Launch     
        Clock Edge:+   20000            0     
       Src Latency:+       0            0     
       Net Latency:+       0 (I)        0 (I) 
           Arrival:=   20000            0     
                                              
      Output Delay:-    5000                  
       Uncertainty:-     150                  
     Required Time:=   14850                  
      Launch Clock:-       0                  
         Data Path:-     953                  
             Slack:=   13897                  

Exceptions/Constraints:
  output_delay             5000            output_idx_controlle_line_31_59_1 

#-----------------------------------------------------------------------------------------------
#    Timing Point      Flags    Arc   Edge   Cell     Fanout  Load Trans Delay Arrival Instance 
#                                                             (fF)  (ps)  (ps)   (ps)  Location 
#-----------------------------------------------------------------------------------------------
  u_out_ac_j_reg[4]/CP -       -      R     (arrival)     26     -   150     0       0    (-,-) 
  u_out_ac_j_reg[4]/Q  -       CP->Q  F     DFD1           5   4.0    34   180     180    (-,-) 
  p13166A__5107/ZN     -       A2->ZN R     NR2D0          2   1.3    74    58     238    (-,-) 
  p13168A__6161/ZN     -       A1->ZN F     OAI21D0        2   1.2    60    46     285    (-,-) 
  Fp13166A/ZN          -       I->ZN  R     CKND0          2   1.3    37    38     323    (-,-) 
  p13185A__1617/ZN     -       A1->ZN F     OAI21D0        3   1.8    60    44     366    (-,-) 
  p13197A__4733/ZN     -       A1->ZN F     IOA21D0        3   1.8    53    80     446    (-,-) 
  p13222A__1617/ZN     -       A1->ZN F     IOA21D0        2   1.1    40    70     516    (-,-) 
  p13239A__4319/ZN     -       A1->ZN R     NR2D0          1   2.6   118    81     596    (-,-) 
  p13248A__2398/Z      -       A2->Z  R     OR2D8          1 500.0   534   357     953    (-,-) 
  c_col_idx[8]         -       -      R     (port)         -     -     -     0     953    (-,-) 
#-----------------------------------------------------------------------------------------------


