###############################################################
#  Generated by:      Cadence Innovus 21.16-s078_1
#  OS:                Linux x86_64(Host ID cadpc19)
#  Generated on:      Sun Mar 22 14:11:14 2026
#  Design:            output_idx_controller
###############################################################
Design: output_idx_controller

------ Design Summary:
Total Standard Cell Number   (cells) : 199
Total Block Cell Number      (cells) : 0
Total I/O Pad Cell Number    (cells) : 0
Total Standard Cell Area     ( um^2) : 663.12
Total Block Cell Area        ( um^2) : 0.00
Total I/O Pad Cell Area      ( um^2) : 0.00

------ Design Statistics:

Number of Instances            : 199
Number of Non-uniquified Insts : 189
Number of Nets                 : 265
Average number of Pins per Net : 3.03
Maximum number of Pins in Net  : 27

------ I/O Port summary

Number of Primary I/O Ports    : 47
Number of Input Ports          : 28
Number of Output Ports         : 19
Number of Bidirectional Ports  : 0
Number of Power/Ground Ports   : 0



------------------------------------------------------------
Detail report:


------ I/O Pad/Port Checking

WARN : Port c_col_idx[2] is floating in the top design.
WARN : Port c_col_idx[1] is floating in the top design.
WARN : Port c_col_idx[0] is floating in the top design.

