###############################################################
#  Generated by:      Cadence Innovus 21.16-s078_1
#  OS:                Linux x86_64(Host ID cadpc15)
#  Generated on:      Thu Apr  2 21:19:50 2026
#  Design:            bus_slave_c
###############################################################
Design: bus_slave_c

------ Design Summary:
Total Standard Cell Number   (cells) : 1261
Total Block Cell Number      (cells) : 0
Total I/O Pad Cell Number    (cells) : 0
Total Standard Cell Area     ( um^2) : 6608.16
Total Block Cell Area        ( um^2) : 0.00
Total I/O Pad Cell Area      ( um^2) : 0.00

------ Design Statistics:

Number of Instances            : 1261
Number of Non-uniquified Insts : 1252
Number of Nets                 : 198
Average number of Pins per Net : 2.23
Maximum number of Pins in Net  : 14

------ I/O Port summary

Number of Primary I/O Ports    : 45
Number of Input Ports          : 12
Number of Output Ports         : 33
Number of Bidirectional Ports  : 0
Number of Power/Ground Ports   : 0



------------------------------------------------------------
Detail report:


------ I/O Pad/Port Checking

WARN : Port CHC_RDATA[7] is floating in the top design.
WARN : Port CHC_RDATA[6] is floating in the top design.
WARN : Port CHC_RDATA[5] is floating in the top design.
WARN : Port CHC_RDATA[4] is floating in the top design.
WARN : Port CHC_RDATA[3] is floating in the top design.
WARN : Port CHC_RDATA[2] is floating in the top design.
WARN : Port CHC_RDATA[1] is floating in the top design.
WARN : Port CHC_RDATA[0] is floating in the top design.
WARN : Port sram_c_dout[7] is floating in the top design.
WARN : Port sram_c_dout[6] is floating in the top design.
WARN : Port sram_c_dout[5] is floating in the top design.
WARN : Port sram_c_dout[4] is floating in the top design.
WARN : Port sram_c_dout[3] is floating in the top design.
WARN : Port sram_c_dout[2] is floating in the top design.
WARN : Port sram_c_dout[1] is floating in the top design.
WARN : Port sram_c_dout[0] is floating in the top design.

