============================================================
  Generated by:           Genus(TM) Synthesis Solution 21.16-s062_1
  Generated on:           Apr 02 2026  08:22:52 pm
  Module:                 bus_slave_c
  Operating conditions:   WCCOM (balanced_tree)
  Wireload mode:          segmented
  Area mode:              timing library
============================================================


Path 1: UNCONSTRAINED
           Mode: default_mode
     Startpoint: (F) BUS_RST_N
          Clock: (F) Clk
       Endpoint: (R) cnt_c_reg[11]/aclr

                     Capture    Launch     
        Clock Edge:+       -     50000     
        Drv Adjust:+       0         0     
       Src Latency:+       -         0     
       Net Latency:+       -         0 (I) 
           Arrival:=       -     50000     
                                           
      Launch Clock:-   50000               
       Input Delay:-     250               
         Data Path:-       9               

Exceptions/Constraints:
  input_delay             250             bus_slave_c.sdc_line_28 

#----------------------------------------------------------------------------------------------------
#   Timing Point     Flags    Arc    Edge      Cell        Fanout  Load Trans Delay Arrival Instance 
#                                                                  (fF)  (ps)  (ps)   (ps)  Location 
#----------------------------------------------------------------------------------------------------
  BUS_RST_N          <<< (a) -       F     (arrival)            1 500.0     0     0   50250    (-,-) 
  g1/z               (a,u)   in_0->z R     unmapped_not        13   0.0     0     9   50259    (-,-) 
  cnt_c_reg[11]/aclr -       -       R     unmapped_d_flop     13     -     -     0   50259    (-,-) 
#----------------------------------------------------------------------------------------------------

(u) : Net has unmapped pin(s).
(a) : Net has asynchronous load pins which are being considered ideal.


