============================================================
  Generated by:           Genus(TM) Synthesis Solution 21.16-s062_1
  Generated on:           Apr 02 2026  08:22:52 pm
  Module:                 bus_slave_c
  Operating conditions:   WCCOM (balanced_tree)
  Wireload mode:          segmented
  Area mode:              timing library
============================================================


Path 1: MET (24550 ps) Late External Delay Assertion at pin CHC_RDATA[0]
           Mode: default_mode
          Group: I2O
     Startpoint: (R) sram_c_dout[0]
          Clock: (F) Clk
       Endpoint: (R) CHC_RDATA[0]
          Clock: (R) Clk

                     Capture       Launch     
        Clock Edge:+  100000        50000     
        Drv Adjust:+       0            0     
       Src Latency:+       0            0     
       Net Latency:+       0 (I)        0 (I) 
           Arrival:=  100000        50000     
                                              
      Output Delay:-   25000                  
       Uncertainty:-     200                  
     Required Time:=   74800                  
      Launch Clock:-   50000                  
       Input Delay:-     250                  
         Data Path:-       0                  
             Slack:=   24550                  

Exceptions/Constraints:
  input_delay              250             bus_slave_c.sdc_line_28_10_1 
  output_delay            25000            bus_slave_c.sdc_line_31_25_1 

#-----------------------------------------------------------------------------------------
# Timing Point   Flags   Arc   Edge   Cell     Fanout  Load  Trans Delay Arrival Instance 
#                                                      (fF)   (ps)  (ps)   (ps)  Location 
#-----------------------------------------------------------------------------------------
  sram_c_dout[0] -       -     R     (arrival)      1 1000.0     0     0   50250    (-,-) 
  CHC_RDATA[0]   -       -     R     (port)         -      -     -     0   50250    (-,-) 
#-----------------------------------------------------------------------------------------


