============================================================
  Generated by:           Genus(TM) Synthesis Solution 21.16-s062_1
  Generated on:           Apr 02 2026  08:22:52 pm
  Module:                 bus_slave_c
  Operating conditions:   WCCOM (balanced_tree)
  Wireload mode:          segmented
  Area mode:              timing library
============================================================

#------------------------------------------------------
#  ID  Slack       Endpoint       Group      Mode      
#       (ps)                                           
#------------------------------------------------------
     1 24550   CHC_RDATA[0]         I2O   default_mode 
     2 24550   CHC_RDATA[1]         I2O   default_mode 
     3 24550   CHC_RDATA[2]         I2O   default_mode 
     4 24550   CHC_RDATA[3]         I2O   default_mode 
     5 24550   CHC_RDATA[4]         I2O   default_mode 
     6 24550   CHC_RDATA[5]         I2O   default_mode 
     7 24550   CHC_RDATA[6]         I2O   default_mode 
     8 24550   CHC_RDATA[7]         I2O   default_mode 
     9 24562   debug_cnt_c[1]       C2O   default_mode 
    10 24562   debug_cnt_c[2]       C2O   default_mode 
    11 24562   debug_cnt_c[3]       C2O   default_mode 
    12 24562   debug_cnt_c[4]       C2O   default_mode 
    13 24562   sram_c_addr[9]       C2O   default_mode 
    14 24562   debug_cnt_c[5]       C2O   default_mode 
    15 24562   debug_cnt_c[6]       C2O   default_mode 
    16 24562   debug_cnt_c[7]       C2O   default_mode 
    17 24562   sram_c_addr[5]       C2O   default_mode 
    18 24562   debug_cnt_c[8]       C2O   default_mode 
    19 24562   debug_cnt_c[9]       C2O   default_mode 
    20 24562   debug_cnt_c[0]       C2O   default_mode 
    21 24562   debug_cnt_c[11]      C2O   default_mode 
    22 24562   sram_c_addr[0]       C2O   default_mode 
    23 24562   sram_c_addr[1]       C2O   default_mode 
    24 24562   sram_c_addr[2]       C2O   default_mode 
    25 24562   sram_c_addr[3]       C2O   default_mode 
    26 24562   sram_c_addr[4]       C2O   default_mode 
    27 24562   debug_cnt_c[10]      C2O   default_mode 
    28 24562   sram_c_addr[7]       C2O   default_mode 
    29 24562   sram_c_addr[8]       C2O   default_mode 
    30 24562   sram_c_addr[6]       C2O   default_mode 
    31 24562   sram_c_addr[11]      C2O   default_mode 
    32 24562   sram_c_addr[10]      C2O   default_mode 
    33 24565   sram_c_re            C2O   default_mode 
    34 99211   cnt_c_reg[11]/d      C2C   default_mode 
    35 99211   cnt_c_reg[9]/d       C2C   default_mode 
    36 99211   cnt_c_reg[10]/d      C2C   default_mode 
    37 99244   cnt_c_reg[8]/d       C2C   default_mode 
    38 99254   cnt_c_reg[6]/d       C2C   default_mode 
    39 99254   cnt_c_reg[5]/d       C2C   default_mode 
    40 99254   cnt_c_reg[7]/d       C2C   default_mode 
    41 99288   cnt_c_reg[4]/d       C2C   default_mode 
    42 99299   cnt_c_reg[3]/d       C2C   default_mode 
    43 99332   cnt_c_reg[2]/d       C2C   default_mode 
    44 99373   cnt_c_reg[1]/d       C2C   default_mode 
    45 99411   cnt_c_reg[0]/d       C2C   default_mode 
    46 99465   cnt_c_reg[6]/sena    C2C   default_mode 
    47 99465   cnt_c_reg[1]/sena    C2C   default_mode 
    48 99465   cnt_c_reg[0]/sena    C2C   default_mode 
    49 99465   cnt_c_reg[2]/sena    C2C   default_mode 
    50 99465   cnt_c_reg[4]/sena    C2C   default_mode 
    51 99465   cnt_c_reg[10]/sena   C2C   default_mode 
    52 99465   cnt_c_reg[3]/sena    C2C   default_mode 
    53 99465   cnt_c_reg[7]/sena    C2C   default_mode 
    54 99465   cnt_c_reg[9]/sena    C2C   default_mode 
    55 99465   cnt_c_reg[11]/sena   C2C   default_mode 
    56 99465   cnt_c_reg[8]/sena    C2C   default_mode 
    57 99465   cnt_c_reg[5]/sena    C2C   default_mode 
    58 99496   cnt_c_reg[0]/srl     I2C   default_mode 
    59 99496   cnt_c_reg[1]/srl     I2C   default_mode 
    60 99496   cnt_c_reg[8]/srl     I2C   default_mode 
    61 99496   cnt_c_reg[10]/srl    I2C   default_mode 
    62 99496   cnt_c_reg[5]/srl     I2C   default_mode 
    63 99496   cnt_c_reg[7]/srl     I2C   default_mode 
    64 99496   cnt_c_reg[9]/srl     I2C   default_mode 
    65 99496   cnt_c_reg[2]/srl     I2C   default_mode 
    66 99496   cnt_c_reg[11]/srl    I2C   default_mode 
    67 99496   cnt_c_reg[4]/srl     I2C   default_mode 
    68 99496   cnt_c_reg[3]/srl     I2C   default_mode 
    69 99496   cnt_c_reg[6]/srl     I2C   default_mode 
    70 99522   chc_rd_s_reg/d       I2C   default_mode 
#------------------------------------------------------


