============================================================
  Generated by:           Genus(TM) Synthesis Solution 21.16-s062_1
  Generated on:           Apr 02 2026  08:22:53 pm
  Module:                 bus_slave_c
  Operating conditions:   WCCOM (balanced_tree)
  Wireload mode:          segmented
  Area mode:              timing library
============================================================

	Timing
	------
  Endpoint    Slack  Cost Group      Mode      
-----------------------------------------------
CHC_RDATA[0]   24550        I2O   default_mode 
	Area
	----

  Instance  Module  Cell Count  Cell Area  Net Area   Total Area      Wireload     
-----------------------------------------------------------------------------------
bus_slave_c                 70    286.313     0.000      286.313 ZeroWireload (S)  
  (S) = wireload was automatically selected

	Design Rule Check
	-----------------

Max_transition design rule: no violations.

Max_capacitance design rule: no violations.



