============================================================
  Generated by:           Genus(TM) Synthesis Solution 21.16-s062_1
  Generated on:           Apr 02 2026  08:22:56 pm
  Module:                 bus_slave_c
  Operating conditions:   WCCOM (balanced_tree)
  Wireload mode:          segmented
  Area mode:              timing library
============================================================


Path 1: MET (24207 ps) Late External Delay Assertion at pin sram_c_re
           Mode: default_mode
          Group: C2O
     Startpoint: (F) chc_rd_s_reg/CPN
          Clock: (F) Clk
       Endpoint: (R) sram_c_re
          Clock: (R) Clk

                     Capture       Launch     
        Clock Edge:+  100000        50000     
       Src Latency:+       0            0     
       Net Latency:+       0 (I)        0 (I) 
           Arrival:=  100000        50000     
                                              
      Output Delay:-   25000                  
       Uncertainty:-     200                  
     Required Time:=   74800                  
      Launch Clock:-   50000                  
         Data Path:-     593                  
             Slack:=   24207                  

Exceptions/Constraints:
  output_delay            25000            bus_slave_c.sdc_line_31_26_1 

#--------------------------------------------------------------------------------------------
#  Timing Point    Flags    Arc    Edge   Cell     Fanout  Load Trans Delay Arrival Instance 
#                                                          (fF)  (ps)  (ps)   (ps)  Location 
#--------------------------------------------------------------------------------------------
  chc_rd_s_reg/CPN -       -       F     (arrival)     13     -   200     0   50000    (-,-) 
  chc_rd_s_reg/QN  -       CPN->QN F     DFNCND1        7  10.6    69   288   50288    (-,-) 
  p23609A/ZN       -       I->ZN   R     CKND8         13 512.4   541   305   50593    (-,-) 
  sram_c_re        <<<     -       R     (port)         -     -     -     0   50593    (-,-) 
#--------------------------------------------------------------------------------------------


