============================================================
  Generated by:           Genus(TM) Synthesis Solution 21.16-s062_1
  Generated on:           Apr 02 2026  08:22:56 pm
  Module:                 bus_slave_c
  Operating conditions:   WCCOM (balanced_tree)
  Wireload mode:          segmented
  Area mode:              timing library
============================================================

Timing
--------

Analysis view Clock  Period  
-----------------------------
default_mode  Clk   100000.0 


  Analysis     Cost   Critical        Violating 
    View      Group  Path Slack  TNS    Paths   
------------------------------------------------
default_mode     C2C    98724.1  0.0          0 
                 C2O    24207.3  0.0          0 
                 Clk   No paths  0.0          0 
             default   No paths  0.0          0 
                 I2C    99518.0  0.0          0 
                 I2O    24550.0  0.0          0 
------------------------------------------------
Total                           -0.0          0 
                                                

Instance Count
--------------
Leaf Instance Count             71 
Physical Instance count          0 
Sequential Instance Count       13 
Combinational Instance Count    58 
Hierarchical Instance Count      0 

Area
----
Cell Area                          331.560
Physical Cell Area                 0.000
Total Cell Area (Cell+Physical)    331.560
Net Area                           0.000
Total Area (Cell+Physical+Net)     331.560

Power
-----
Leakage Power                      4279.250 nW
Dynamic Power                      22599.074 nW
Total Power                        26878.324 nW

Max Fanout                         13 (sram_c_re)
Min Fanout                         0 (BUS_RST_N)
Average Fanout                     2.2
Terms to net ratio                 2.8977
Terms to instance ratio            3.5915
Runtime                            8.898548 seconds
Elapsed Runtime                    13 seconds
Genus peak memory usage            1378.68 
Innovus peak memory usage          no_value 
Hostname                           cadpc15.ee.columbia.edu
