============================================================
  Generated by:           Genus(TM) Synthesis Solution 21.16-s062_1
  Generated on:           Apr 02 2026  08:22:56 pm
  Module:                 bus_slave_c
  Operating conditions:   WCCOM (balanced_tree)
  Wireload mode:          segmented
  Area mode:              timing library
============================================================


Path 1: MET (98724 ps) Setup Check with Pin cnt_c_reg[11]/CPN->D
           Mode: default_mode
          Group: C2C
     Startpoint: (F) cnt_c_reg[0]/CPN
          Clock: (F) Clk
       Endpoint: (F) cnt_c_reg[11]/D
          Clock: (F) Clk

                     Capture       Launch     
        Clock Edge:+  150000        50000     
       Src Latency:+       0            0     
       Net Latency:+       0 (I)        0 (I) 
           Arrival:=  150000        50000     
                                              
             Setup:-      -7                  
       Uncertainty:-     200                  
     Required Time:=  149807                  
      Launch Clock:-   50000                  
         Data Path:-    1083                  
             Slack:=   98724                  

#------------------------------------------------------------------------------------------
#  Timing Point    Flags    Arc   Edge   Cell     Fanout Load Trans Delay Arrival Instance 
#                                                        (fF)  (ps)  (ps)   (ps)  Location 
#------------------------------------------------------------------------------------------
  cnt_c_reg[0]/CPN -       -      F     (arrival)     13    -   200     0   50000    (-,-) 
  cnt_c_reg[0]/Q   -       CPN->Q R     DFNCND1        4  7.2    76   249   50249    (-,-) 
  p95591A__5115/ZN -       A1->ZN F     CKND2D0        3  2.0    57    55   50304    (-,-) 
  p95604A__1881/ZN -       A1->ZN R     NR2D0          3  2.0    98    73   50377    (-,-) 
  p95632A__6131/ZN -       A1->ZN F     CKND2D0        3  2.0    61    60   50437    (-,-) 
  p95642A__5526/ZN -       A1->ZN R     NR2D0          3  2.0    98    74   50511    (-,-) 
  p95668A__5477/ZN -       A1->ZN F     CKND2D0        3  2.0    61    60   50571    (-,-) 
  p95679A__1666/ZN -       A1->ZN R     NR2D0          3  2.0    98    74   50646    (-,-) 
  p95705A__9315/ZN -       A1->ZN F     CKND2D0        3  2.0    61    60   50706    (-,-) 
  p95716A__4733/ZN -       A1->ZN R     NR2D0          3  2.0    98    74   50780    (-,-) 
  p95742A__6131/ZN -       A1->ZN F     CKND2D0        3  1.9    60    59   50839    (-,-) 
  p95752A__2802/Z  -       A1->Z  F     OR2D0          3  2.1    41    87   50926    (-,-) 
  p95771A__5526/ZN -       B1->ZN F     MOAI22D0       1  1.0    46    76   51002    (-,-) 
  g2/ZN            -       I1->ZN R     MUX2ND0        1  0.6   130    43   51045    (-,-) 
  p95792A__2398/ZN -       A1->ZN F     NR2D0          1  0.7    38    38   51083    (-,-) 
  cnt_c_reg[11]/D  -       -      F     DFNCND1        1    -     -     0   51083    (-,-) 
#------------------------------------------------------------------------------------------


