============================================================
  Generated by:           Genus(TM) Synthesis Solution 21.16-s062_1
  Generated on:           Apr 02 2026  08:22:56 pm
  Module:                 bus_slave_c
  Operating conditions:   WCCOM (balanced_tree)
  Wireload mode:          segmented
  Area mode:              timing library
============================================================


Path 1: MET (99518 ps) Setup Check with Pin cnt_c_reg[1]/CPN->D
           Mode: default_mode
          Group: I2C
     Startpoint: (F) CHC_START
          Clock: (F) Clk
       Endpoint: (R) cnt_c_reg[1]/D
          Clock: (F) Clk

                     Capture       Launch     
        Clock Edge:+  150000        50000     
        Drv Adjust:+       0            0     
       Src Latency:+       0            0     
       Net Latency:+       0 (I)        0 (I) 
           Arrival:=  150000        50000     
                                              
             Setup:-     -26                  
       Uncertainty:-     200                  
     Required Time:=  149826                  
      Launch Clock:-   50000                  
       Input Delay:-     250                  
         Data Path:-      58                  
             Slack:=   99518                  

Exceptions/Constraints:
  input_delay             250             bus_slave_c.sdc_line_28_1_1 

#------------------------------------------------------------------------------------------
#  Timing Point    Flags   Arc   Edge   Cell     Fanout  Load Trans Delay Arrival Instance 
#                                                        (fF)  (ps)  (ps)   (ps)  Location 
#------------------------------------------------------------------------------------------
  CHC_START        -       -     F     (arrival)     12 508.4     0     0   50250    (-,-) 
  p96073A__4319/ZN -       B->ZN R     AOI21D0        1   0.8    74    58   50308    (-,-) 
  cnt_c_reg[1]/D   -       -     R     DFNCND1        1     -     -     0   50308    (-,-) 
#------------------------------------------------------------------------------------------


