============================================================
  Generated by:           Genus(TM) Synthesis Solution 21.16-s062_1
  Generated on:           Apr 02 2026  08:22:56 pm
  Module:                 bus_slave_c
  Operating conditions:   WCCOM (balanced_tree)
  Wireload mode:          segmented
  Area mode:              timing library
============================================================

#---------------------------------------------------
#  ID  Slack      Endpoint     Group      Mode      
#       (ps)                                        
#---------------------------------------------------
     1 24207   sram_c_re         C2O   default_mode 
     2 24230   debug_cnt_c[0]    C2O   default_mode 
     3 24230   sram_c_addr[0]    C2O   default_mode 
     4 24234   sram_c_addr[11]   C2O   default_mode 
     5 24234   debug_cnt_c[11]   C2O   default_mode 
     6 24235   sram_c_addr[7]    C2O   default_mode 
     7 24235   sram_c_addr[9]    C2O   default_mode 
     8 24235   debug_cnt_c[3]    C2O   default_mode 
     9 24235   debug_cnt_c[5]    C2O   default_mode 
    10 24235   debug_cnt_c[7]    C2O   default_mode 
    11 24235   debug_cnt_c[9]    C2O   default_mode 
    12 24235   debug_cnt_c[1]    C2O   default_mode 
    13 24235   sram_c_addr[1]    C2O   default_mode 
    14 24235   sram_c_addr[3]    C2O   default_mode 
    15 24235   sram_c_addr[5]    C2O   default_mode 
    16 24243   sram_c_addr[6]    C2O   default_mode 
    17 24243   sram_c_addr[8]    C2O   default_mode 
    18 24243   debug_cnt_c[2]    C2O   default_mode 
    19 24243   sram_c_addr[10]   C2O   default_mode 
    20 24243   debug_cnt_c[4]    C2O   default_mode 
    21 24243   debug_cnt_c[6]    C2O   default_mode 
    22 24243   debug_cnt_c[8]    C2O   default_mode 
    23 24243   debug_cnt_c[10]   C2O   default_mode 
    24 24243   sram_c_addr[2]    C2O   default_mode 
    25 24243   sram_c_addr[4]    C2O   default_mode 
    26 24550   CHC_RDATA[2]      I2O   default_mode 
    27 24550   CHC_RDATA[7]      I2O   default_mode 
    28 24550   CHC_RDATA[1]      I2O   default_mode 
    29 24550   CHC_RDATA[3]      I2O   default_mode 
    30 24550   CHC_RDATA[5]      I2O   default_mode 
    31 24550   CHC_RDATA[0]      I2O   default_mode 
    32 24550   CHC_RDATA[4]      I2O   default_mode 
    33 24550   CHC_RDATA[6]      I2O   default_mode 
    34 98724   cnt_c_reg[11]/D   C2C   default_mode 
    35 98784   cnt_c_reg[10]/D   C2C   default_mode 
    36 98865   cnt_c_reg[9]/D    C2C   default_mode 
    37 98903   cnt_c_reg[8]/D    C2C   default_mode 
    38 98987   cnt_c_reg[0]/D    C2C   default_mode 
    39 98998   cnt_c_reg[7]/D    C2C   default_mode 
    40 99022   cnt_c_reg[4]/D    C2C   default_mode 
    41 99022   cnt_c_reg[6]/D    C2C   default_mode 
    42 99022   cnt_c_reg[2]/D    C2C   default_mode 
    43 99037   cnt_c_reg[3]/D    C2C   default_mode 
    44 99037   cnt_c_reg[5]/D    C2C   default_mode 
    45 99037   cnt_c_reg[1]/D    C2C   default_mode 
    46 99565   chc_rd_s_reg/D    I2C   default_mode 
#---------------------------------------------------


