============================================================
  Generated by:           Genus(TM) Synthesis Solution 21.16-s062_1
  Generated on:           Apr 02 2026  08:22:56 pm
  Module:                 bus_slave_c
  Operating conditions:   WCCOM (balanced_tree)
  Wireload mode:          segmented
  Area mode:              timing library
============================================================

                               Leakage   Internal  
  Gate    Instances   Area   Power (nW) Power (nW)      Library     
--------------------------------------------------------------------
AOI21D0           9   19.440     71.647     10.665    tcbn65gpluswc 
AOI32D0           1    2.880      6.657      2.250    tcbn65gpluswc 
BUFFD16          12  125.280   3165.461    401.190    tcbn65gpluswc 
CKND2D0          11   15.840     31.128      3.911    tcbn65gpluswc 
CKND8             1    4.320     83.829      7.265    tcbn65gpluswc 
DFNCND1          13  112.320    740.520   1453.179    tcbn65gpluswc 
MOAI22D0          1    2.880     13.872      3.043    tcbn65gpluswc 
MUX2ND0           5   14.400     67.728     21.506    tcbn65gpluswc 
NR2D0            11   15.840     35.654      5.859    tcbn65gpluswc 
OAI211D0          5   12.600     32.031      6.288    tcbn65gpluswc 
OR2D0             1    2.160      5.887      0.031    tcbn65gpluswc 
XNR2D0            1    3.600     24.836      6.429    tcbn65gpluswc 
--------------------------------------------------------------------
total            71  331.560   4279.250   1921.617                  


                                          Leakage  Leakage  Internal  Internal 
     Type      Instances   Area  Area % Power (nW) Power % Power (nW)  Power % 
-------------------------------------------------------------------------------
sequential            13 112.320   33.9    740.520    17.3   1453.179     75.6 
inverter               1   4.320    1.3     83.829     2.0      7.265      0.4 
buffer                12 125.280   37.8   3165.461    74.0    401.190     20.9 
logic                 45  89.640   27.0    289.439     6.8     59.983      3.1 
physical_cells         0   0.000    0.0      0.000     0.0      0.000      0.0 
-------------------------------------------------------------------------------
total                 71 331.560  100.0   4279.250   100.0   1921.617    100.0 

