============================================================
  Generated by:           Genus(TM) Synthesis Solution 21.16-s062_1
  Generated on:           Apr 02 2026  08:22:56 pm
  Module:                 bus_slave_c
  Operating conditions:   WCCOM (balanced_tree)
  Wireload mode:          segmented
  Area mode:              timing library
============================================================


Path 1: MET (24207 ps) Late External Delay Assertion at pin sram_c_re
           Mode: default_mode
          Group: C2O
     Startpoint: (F) chc_rd_s_reg/CPN
          Clock: (F) Clk
       Endpoint: (R) sram_c_re
          Clock: (R) Clk

                     Capture       Launch     
        Clock Edge:+  100000        50000     
       Src Latency:+       0            0     
       Net Latency:+       0 (I)        0 (I) 
           Arrival:=  100000        50000     
                                              
      Output Delay:-   25000                  
       Uncertainty:-     200                  
     Required Time:=   74800                  
      Launch Clock:-   50000                  
         Data Path:-     593                  
             Slack:=   24207                  

Exceptions/Constraints:
  output_delay            25000            bus_slave_c.sdc_line_31_26_1 

#--------------------------------------------------------------------------------------------
#  Timing Point    Flags    Arc    Edge   Cell     Fanout  Load Trans Delay Arrival Instance 
#                                                          (fF)  (ps)  (ps)   (ps)  Location 
#--------------------------------------------------------------------------------------------
  chc_rd_s_reg/CPN -       -       F     (arrival)     13     -   200     0   50000    (-,-) 
  chc_rd_s_reg/QN  -       CPN->QN F     DFNCND1        7  10.6    69   288   50288    (-,-) 
  p23609A/ZN       -       I->ZN   R     CKND8         13 512.4   541   305   50593    (-,-) 
  sram_c_re        -       -       R     (port)         -     -     -     0   50593    (-,-) 
#--------------------------------------------------------------------------------------------



Path 2: MET (24230 ps) Late External Delay Assertion at pin debug_cnt_c[0]
           Mode: default_mode
          Group: C2O
     Startpoint: (F) cnt_c_reg[0]/CPN
          Clock: (F) Clk
       Endpoint: (R) debug_cnt_c[0]
          Clock: (R) Clk

                     Capture       Launch     
        Clock Edge:+  100000        50000     
       Src Latency:+       0            0     
       Net Latency:+       0 (I)        0 (I) 
           Arrival:=  100000        50000     
                                              
      Output Delay:-   25000                  
       Uncertainty:-     200                  
     Required Time:=   74800                  
      Launch Clock:-   50000                  
         Data Path:-     570                  
             Slack:=   24230                  

Exceptions/Constraints:
  output_delay            25000            bus_slave_c.sdc_line_31_50_1 

#--------------------------------------------------------------------------------------------
#  Timing Point    Flags    Arc   Edge   Cell     Fanout  Load  Trans Delay Arrival Instance 
#                                                         (fF)   (ps)  (ps)   (ps)  Location 
#--------------------------------------------------------------------------------------------
  cnt_c_reg[0]/CPN -       -      F     (arrival)     13      -   200     0   50000    (-,-) 
  cnt_c_reg[0]/Q   -       CPN->Q R     DFNCND1        4    7.2    76   249   50249    (-,-) 
  Fp45940A353/Z    -       I->Z   R     BUFFD16        2 1000.0   530   322   50570    (-,-) 
  debug_cnt_c[0]   -       -      R     (port)         -      -     -     0   50570    (-,-) 
#--------------------------------------------------------------------------------------------



Path 3: MET (24230 ps) Late External Delay Assertion at pin sram_c_addr[0]
           Mode: default_mode
          Group: C2O
     Startpoint: (F) cnt_c_reg[0]/CPN
          Clock: (F) Clk
       Endpoint: (R) sram_c_addr[0]
          Clock: (R) Clk

                     Capture       Launch     
        Clock Edge:+  100000        50000     
       Src Latency:+       0            0     
       Net Latency:+       0 (I)        0 (I) 
           Arrival:=  100000        50000     
                                              
      Output Delay:-   25000                  
       Uncertainty:-     200                  
     Required Time:=   74800                  
      Launch Clock:-   50000                  
         Data Path:-     570                  
             Slack:=   24230                  

Exceptions/Constraints:
  output_delay            25000            bus_slave_c.sdc_line_31_38_1 

#--------------------------------------------------------------------------------------------
#  Timing Point    Flags    Arc   Edge   Cell     Fanout  Load  Trans Delay Arrival Instance 
#                                                         (fF)   (ps)  (ps)   (ps)  Location 
#--------------------------------------------------------------------------------------------
  cnt_c_reg[0]/CPN -       -      F     (arrival)     13      -   200     0   50000    (-,-) 
  cnt_c_reg[0]/Q   -       CPN->Q R     DFNCND1        4    7.2    76   249   50249    (-,-) 
  Fp45940A353/Z    -       I->Z   R     BUFFD16        2 1000.0   530   322   50570    (-,-) 
  sram_c_addr[0]   -       -      R     (port)         -      -     -     0   50570    (-,-) 
#--------------------------------------------------------------------------------------------



Path 4: MET (24234 ps) Late External Delay Assertion at pin debug_cnt_c[11]
           Mode: default_mode
          Group: C2O
     Startpoint: (F) cnt_c_reg[11]/CPN
          Clock: (F) Clk
       Endpoint: (R) debug_cnt_c[11]
          Clock: (R) Clk

                     Capture       Launch     
        Clock Edge:+  100000        50000     
       Src Latency:+       0            0     
       Net Latency:+       0 (I)        0 (I) 
           Arrival:=  100000        50000     
                                              
      Output Delay:-   25000                  
       Uncertainty:-     200                  
     Required Time:=   74800                  
      Launch Clock:-   50000                  
         Data Path:-     566                  
             Slack:=   24234                  

Exceptions/Constraints:
  output_delay            25000            bus_slave_c.sdc_line_31_39_1 

#---------------------------------------------------------------------------------------------
#   Timing Point    Flags    Arc   Edge   Cell     Fanout  Load  Trans Delay Arrival Instance 
#                                                          (fF)   (ps)  (ps)   (ps)  Location 
#---------------------------------------------------------------------------------------------
  cnt_c_reg[11]/CPN -       -      F     (arrival)     13      -   200     0   50000    (-,-) 
  cnt_c_reg[11]/Q   -       CPN->Q R     DFNCND1        4    6.6    71   246   50246    (-,-) 
  Fp46438A/Z        -       I->Z   R     BUFFD16        2 1000.0   530   321   50566    (-,-) 
  debug_cnt_c[11]   -       -      R     (port)         -      -     -     0   50566    (-,-) 
#---------------------------------------------------------------------------------------------



Path 5: MET (24234 ps) Late External Delay Assertion at pin sram_c_addr[11]
           Mode: default_mode
          Group: C2O
     Startpoint: (F) cnt_c_reg[11]/CPN
          Clock: (F) Clk
       Endpoint: (R) sram_c_addr[11]
          Clock: (R) Clk

                     Capture       Launch     
        Clock Edge:+  100000        50000     
       Src Latency:+       0            0     
       Net Latency:+       0 (I)        0 (I) 
           Arrival:=  100000        50000     
                                              
      Output Delay:-   25000                  
       Uncertainty:-     200                  
     Required Time:=   74800                  
      Launch Clock:-   50000                  
         Data Path:-     566                  
             Slack:=   24234                  

Exceptions/Constraints:
  output_delay            25000            bus_slave_c.sdc_line_31_27_1 

#---------------------------------------------------------------------------------------------
#   Timing Point    Flags    Arc   Edge   Cell     Fanout  Load  Trans Delay Arrival Instance 
#                                                          (fF)   (ps)  (ps)   (ps)  Location 
#---------------------------------------------------------------------------------------------
  cnt_c_reg[11]/CPN -       -      F     (arrival)     13      -   200     0   50000    (-,-) 
  cnt_c_reg[11]/Q   -       CPN->Q R     DFNCND1        4    6.6    71   246   50246    (-,-) 
  Fp46438A/Z        -       I->Z   R     BUFFD16        2 1000.0   530   321   50566    (-,-) 
  sram_c_addr[11]   -       -      R     (port)         -      -     -     0   50566    (-,-) 
#---------------------------------------------------------------------------------------------


