============================================================
  Generated by:           Genus(TM) Synthesis Solution 21.16-s062_1
  Generated on:           Apr 02 2026  08:22:56 pm
  Module:                 bus_slave_c
  Operating conditions:   WCCOM (balanced_tree)
  Wireload mode:          segmented
  Area mode:              timing library
============================================================

# SETUP                   WNS  TNS    FEP 
# ------------------------------------------
 View: ALL            24207.3  0.0      0 
    Group : C2C       98724.1  0.0      0 
    Group : C2O       24207.3  0.0      0 
    Group : Clk           N/A  N/A    N/A 
    Group : default       N/A  N/A    N/A 
    Group : I2C       99518.0  0.0      0 
    Group : I2O       24550.0  0.0      0 

# ------------------------------------------
# DRV                        WNS  TNS  FEP 
# -------------------------------------------
 View: ALL                                 
    Check: max_transition    N/A  N/A    0 
    Check: max_capacitance   N/A  N/A    0 
    Check: max_fanout        N/A  N/A    0 

# -------------------------------------------
