*----------------------------------------------------------------------------------------
*	Innovus 21.16-s078_1 (64bit) 12/07/2022 12:07 (Linux 3.10.0-693.el7.x86_64)
*	
*
* 	Date & Time:	2026-Mar-22 14:11:58 (2026-Mar-22 18:11:58 GMT)
*
*----------------------------------------------------------------------------------------
*
*	Design: output_idx_controller
*
*	Liberty Libraries used: 
*	        av_normal_max: /courses/ee6350/pdk2023/T-N65-CM-SP-018-K3_MOM/digital/Front_End/timing_power_noise/NLDM/tcbn65gplus_200a/tcbn65gpluswc.lib
*
*	Power Domain used: 
*              Rail:       DVDD      Voltage:        0.9 
*
*       Power View : av_normal_max
*
*       User-Defined Activity : N.A.
*
*       Activity File: N.A.
*
*       Hierarchical Global Activity: N.A.
*
*       Global Activity: N.A.
*
*       Sequential Element Activity: 0.200000
*
*       Primary Input Activity: 0.200000
*
*       Default icg ratio: N.A.
*
*       Global Comb ClockGate Ratio: N.A.
*
*	Power Units = 1mW
*
*	Time Units = 1e-09 secs 
*
*       report_power -outfile ../report/place.power_insts.rpt -instances {*}
*
-----------------------------------------------------------------------------------------


Total Power 
-----------------------------------------------------------------------------------------
Total Internal Power:        0.01586306 	   26.0964%
Total Switching Power:       0.03952295 	   65.0195%
Total Leakage Power:         0.00540029 	    8.8841%
Total Power:                 0.06078630 
-----------------------------------------------------------------------------------------


Group                           Internal   Switching     Leakage       Total  Percentage 
                                Power      Power         Power         Power  (%)        
-----------------------------------------------------------------------------------------
Sequential                       0.01215   0.0009325    0.001671     0.01475       24.27 
Macro                                  0           0           0           0           0 
IO                                     0           0   2.272e-06   2.272e-06    0.003738 
Combinational                   0.003714     0.03859    0.003727     0.04603       75.73 
Clock (Combinational)                  0           0           0           0           0 
Clock (Sequential)                     0           0           0           0           0 
-----------------------------------------------------------------------------------------
Total                            0.01586     0.03952      0.0054     0.06079         100 
-----------------------------------------------------------------------------------------


Rail                  Voltage   Internal   Switching     Leakage       Total  Percentage 
                                Power      Power         Power         Power  (%)        
-----------------------------------------------------------------------------------------
DVDD                      0.9    0.01586     0.03952      0.0054     0.06079         100 


Instance                      Max Toggles   Total Toggles   Internal   Switching     Leakage       Total  Percentage    Cell
                              Input Pins    Output Pins     Power      Power         Power         Power  (%)           Name
----------------------------------------------------------------------------------------------------------------------------
FE_OFC2_c_col_idx_8             2.166e+07       2.166e+07  0.0001131    0.004423    0.000132    0.004668       7.679    CKND12
FE_OFC4_c_col_idx_7              2.08e+07        2.08e+07  0.0001086     0.00425   0.0001319     0.00449       7.387    CKND12
FE_OFC6_c_col_idx_6             1.927e+07       1.927e+07  0.0001006    0.003932   0.0001315    0.004164        6.85    CKND12
FE_OFC8_c_col_idx_5             1.831e+07       1.831e+07  9.565e-05    0.003733   0.0001308    0.003959       6.514    CKND12
FE_OFC10_c_col_idx_4            1.769e+07       1.769e+07  9.243e-05    0.003606   0.0001291    0.003828       6.297    CKND12
FE_OFC12_c_col_idx_3             1.25e+07        1.25e+07  6.525e-05    0.002546   0.0001248    0.002736       4.501    CKND12
drc_bufs3753                        1e+07           1e+07  5.817e-05    0.002057   0.0001425    0.002258       3.714    INVD12
drc_bufs3759                        1e+07           1e+07  5.828e-05    0.002044   0.0001425    0.002245       3.693    INVD12
drc_bufs3747                        1e+07           1e+07  5.218e-05    0.002063   0.0001283    0.002244       3.692    CKND12
drc_bufs3735                        1e+07           1e+07  5.825e-05     0.00204   0.0001425     0.00224       3.686    INVD12
drc_bufs3729                        1e+07           1e+07  5.816e-05     0.00204   0.0001425     0.00224       3.686    INVD12
drc_bufs3765                        1e+07           1e+07  5.815e-05     0.00204   0.0001425     0.00224       3.686    INVD12
drc_bufs3741                        1e+07           1e+07  5.828e-05    0.002037   0.0001425    0.002238       3.681    INVD12
u_out_ac_j_reg[3]                   1e+08           2e+07  0.0005405   5.527e-05   8.077e-05   0.0006766       1.113    DFXD1
done_flag_reg                       1e+08           2e+07  0.0005338   5.451e-05   8.134e-05   0.0006697       1.102    DFXD1
u_out_ac_i_reg[3]                   1e+08           2e+07  0.0005002   5.612e-05    8.02e-05   0.0006365       1.047    DFXD1
c_col_os_reg[7]                     1e+08           2e+07   0.000516   1.985e-05   7.087e-05   0.0006067      0.9981    EDFKCND1
c_col_os_reg[6]                     1e+08           2e+07  0.0005088   1.869e-05   7.087e-05   0.0005984      0.9844    EDFKCND1
u_out_ac_i_reg[7]                   1e+08           2e+07  0.0004447   7.691e-05   6.699e-05   0.0005887      0.9684    DFD1
u_out_ac_i_reg[6]                   1e+08           2e+07  0.0004448   7.667e-05   6.699e-05   0.0005884       0.968    DFD1
c_col_os_reg[8]                     1e+08           1e+07  0.0005084   2.143e-05    5.74e-05   0.0005872       0.966    EDFKCNQD1
u_out_ac_i_reg[5]                   1e+08           2e+07  0.0004448   7.496e-05   6.699e-05   0.0005867      0.9652    DFD1
u_out_ac_i_reg[8]                   1e+08           2e+07  0.0004445   7.012e-05   6.699e-05   0.0005816      0.9568    DFD1
num_computated_reg[4]               1e+08           2e+07  0.0004904   1.981e-05   7.087e-05    0.000581      0.9559    EDFKCND1
num_computated_reg[2]               1e+08           2e+07  0.0004902   1.525e-05   7.087e-05   0.0005764      0.9482    EDFKCND1
u_out_ac_i_reg[4]                   1e+08           2e+07  0.0004447   5.438e-05   6.699e-05    0.000566      0.9312    DFD1
c_col_os_reg[5]                     1e+08           1e+07  0.0004875   1.729e-05   5.739e-05   0.0005622      0.9249    EDFKCNQD1
u_out_ac_j_reg[4]                   1e+08           2e+07  0.0004562   3.452e-05   6.694e-05   0.0005576      0.9173    DFD1
u_out_ac_j_reg[7]                   1e+08           2e+07  0.0004561   3.311e-05   6.694e-05   0.0005561      0.9149    DFD1
u_out_ac_j_reg[6]                   1e+08           2e+07  0.0004559   3.269e-05   6.694e-05   0.0005556       0.914    DFD1
c_col_os_reg[4]                     1e+08           1e+07  0.0004793    1.81e-05   5.739e-05   0.0005548      0.9127    EDFKCNQD1
u_out_ac_j_reg[5]                   1e+08           2e+07  0.0004556    3.09e-05   6.694e-05   0.0005535      0.9105    DFD1
u_out_ac_j_reg[8]                   1e+08           2e+07  0.0004549   3.035e-05   6.694e-05   0.0005522      0.9084    DFD1
num_computated_reg[6]               1e+08           1e+07  0.0004758   1.142e-05   5.739e-05   0.0005446       0.896    EDFKCNQD1
c_col_os_reg[3]                     1e+08           1e+07  0.0004233   2.843e-05   4.929e-05    0.000501      0.8242    DFKCNQD1
num_computated_reg[0]               1e+08           1e+07  0.0004232   2.596e-05   4.929e-05   0.0004984      0.8199    DFKCNQD1
num_computated_reg[3]               1e+08           1e+07  0.0004232   1.972e-05   4.929e-05   0.0004922      0.8097    DFKCNQD1
num_computated_reg[5]               1e+08           1e+07  0.0004232   1.824e-05   4.929e-05   0.0004907      0.8073    DFKCNQD1
num_computated_reg[1]               1e+08           1e+07  0.0004232   1.776e-05   4.929e-05   0.0004902      0.8065    DFKCNQD1
p18250A__5107                   1.781e+07       4.117e+07  0.0001581   2.456e-05     0.00011   0.0002926      0.4814    FA1D0
p18212A__1666                   1.562e+07       3.734e+07  0.0001449   2.043e-05     0.00011   0.0002753      0.4529    FA1D0
p18170A__3680                    1.25e+07       3.125e+07  0.0001235   1.771e-05     0.00011   0.0002512      0.4132    FA1D0
p18107A__8428                       1e+07         2.5e+07  0.0001011   1.306e-05   0.0001099   0.0002241      0.3687    FA1D0
FE_OFC1_c_col_idx_8             2.166e+07       2.166e+07   1.22e-05   9.578e-05   1.002e-05    0.000118      0.1941    INVD1
FE_OFC3_c_col_idx_7              2.08e+07        2.08e+07   1.17e-05   9.118e-05   1.003e-05   0.0001129      0.1857    INVD1
FE_OFC5_c_col_idx_6             1.927e+07       1.927e+07  1.085e-05   8.496e-05   1.005e-05   0.0001059      0.1741    INVD1
FE_OFC7_c_col_idx_5             1.831e+07       1.831e+07  1.029e-05   7.901e-05    1.01e-05    9.94e-05      0.1635    INVD1
FE_OFC9_c_col_idx_4             1.769e+07       1.769e+07   9.94e-06   7.622e-05   1.022e-05   9.638e-05      0.1586    INVD1
p17951A__6417                       1e+07        1.25e+07  4.061e-05   9.529e-06   3.882e-05   8.896e-05      0.1463    XNR3D0
p13248A__2398                   1.733e+07       2.166e+07  4.142e-05   1.009e-05   2.671e-05   7.822e-05      0.1287    OR2XD1
p13293A__6783                   1.664e+07        2.08e+07  3.995e-05   1.066e-05   2.663e-05   7.724e-05      0.1271    OR2XD1
FE_OFC11_c_col_idx_3             1.25e+07        1.25e+07  7.042e-06   5.652e-05   1.054e-05   7.411e-05      0.1219    INVD1
p13336A__6131                   1.542e+07       1.927e+07  3.632e-05   9.388e-06    2.68e-05   7.251e-05      0.1193    OR2XD1
p13383A__5107                   1.465e+07       1.831e+07  3.403e-05   9.973e-06   2.681e-05   7.081e-05      0.1165    OR2XD1
p13399A__2802                     1.5e+07       1.769e+07  3.239e-05   9.728e-06    2.68e-05   6.892e-05      0.1134    OR2XD1
g3725                            1.25e+07       1.562e+07  3.491e-05   5.412e-06   2.498e-05    6.53e-05      0.1074    XNR2D0
p18291A__2398                   1.891e+07       2.363e+07  4.294e-05   9.578e-06   1.262e-05   6.514e-05      0.1072    MOAI22D0
g2                                  1e+07        1.25e+07  3.233e-05   6.245e-06   2.402e-05    6.26e-05       0.103    CKXOR2D0
p13197A__4733                   1.562e+07       1.879e+07  2.966e-05   1.954e-05   1.284e-05   6.204e-05      0.1021    IOA21D0
p13222A__1617                   1.879e+07       2.057e+07  3.294e-05   1.519e-05   1.286e-05   6.098e-05      0.1003    IOA21D0
g3724                               1e+07        1.25e+07  3.083e-05   5.533e-06   2.394e-05    6.03e-05      0.0992    CKXOR2D0
g3728                               1e+07        1.25e+07  2.953e-05    4.39e-06   2.511e-05   5.903e-05     0.09711    XNR2D0
g3726                               1e+07        1.25e+07  2.976e-05   5.036e-06   2.378e-05   5.858e-05     0.09637    CKXOR2D0
g3727                               1e+07        1.25e+07  2.903e-05   5.611e-06   2.346e-05    5.81e-05     0.09559    CKXOR2D0
p13473A__9315                       1e+07        1.25e+07  2.315e-05   5.984e-06   2.881e-05   5.794e-05     0.09531    AN2XD1
p17613A__5477                    1.25e+07       1.562e+07   3.27e-05   6.881e-06   1.406e-05   5.364e-05     0.08825    OA221D0
p17830A__6161                    1.25e+07       1.562e+07   3.28e-05   7.828e-06   1.238e-05   5.301e-05     0.08721    MAOI22D0
p17700A__7482                    1.25e+07       1.562e+07  3.272e-05   7.869e-06   1.238e-05   5.296e-05     0.08713    MAOI22D0
p18724A__5477                       1e+07       1.125e+07  6.177e-06   3.916e-05   5.769e-06   5.111e-05     0.08408    NR2D0
p13377A__4733                       1e+07        1.25e+07  2.659e-05   1.175e-05   1.268e-05   5.102e-05     0.08394    MOAI22D0
p17835A__4733                    1.25e+07       1.562e+07  3.181e-05   6.243e-06    1.28e-05   5.086e-05     0.08366    MAOI22D0
p18431A__7482                       1e+07        1.25e+07   2.72e-05   1.038e-05   1.268e-05   5.026e-05     0.08268    MOAI22D0
p17777A__1881                    1.25e+07       1.562e+07   2.93e-05   8.128e-06    1.27e-05   5.013e-05     0.08246    MOAI22D0
p17929A__6783                    1.25e+07       1.562e+07  3.172e-05   6.076e-06   1.229e-05   5.008e-05     0.08239    MAOI22D0
p18007A__5115                   1.204e+07       1.505e+07  3.096e-05    5.47e-06   1.227e-05    4.87e-05     0.08011    MAOI22D0
p18332A__7098                    1.25e+07       1.007e+07  2.561e-05   8.271e-06    1.28e-05   4.668e-05     0.07679    MOAI22D0
p18289A__5115                    1.25e+07       1.558e+07  2.469e-05   8.987e-06   1.198e-05   4.566e-05     0.07512    AO22D0
p18524A3686__6131                   1e+07        1.25e+07  2.689e-05   4.716e-06   1.294e-05   4.454e-05     0.07328    MOAI22D0
p18289A3681__1705                1.25e+07        1.54e+07  2.449e-05    8.02e-06   1.191e-05   4.441e-05     0.07307    AO22D0
p18177A__4319                       1e+07        1.25e+07  1.796e-05   1.293e-05    1.34e-05   4.429e-05     0.07286    OA21D0
p18008A__6161                    1.25e+07       1.562e+07  2.316e-05   5.287e-06   1.578e-05   4.423e-05     0.07277    MUX2ND0
p18332A3677__1881                1.25e+07       1.007e+07  2.563e-05   5.932e-06   1.261e-05   4.417e-05     0.07267    MOAI22D0
p18332A3676__6131                1.25e+07       1.007e+07  2.562e-05   5.754e-06   1.261e-05   4.398e-05     0.07236    MOAI22D0
p18332A3683__8246                1.25e+07       1.007e+07  2.559e-05   5.756e-06   1.261e-05   4.396e-05     0.07232    MOAI22D0
p18289A3680__2802                1.25e+07       1.562e+07  2.468e-05    7.22e-06   1.201e-05   4.391e-05     0.07223    AO22D0
p18289A3682__5122                1.25e+07       1.551e+07  2.458e-05   7.058e-06   1.195e-05   4.359e-05     0.07171    AO22D0
p18487A__6260                       1e+07        1.25e+07   2.52e-05     5.3e-06   1.309e-05   4.359e-05      0.0717    MOAI22D0
p18332A3678__1617                1.25e+07       1.007e+07  2.573e-05   4.922e-06   1.261e-05   4.327e-05     0.07118    MOAI22D0
p18289A3679__3680               1.204e+07       1.505e+07  2.384e-05   7.226e-06   1.199e-05   4.306e-05     0.07084    AO22D0
p18251A__2346                   1.125e+07       1.082e+07  5.755e-06   3.197e-05   4.705e-06   4.243e-05      0.0698    NR2D0
p18469A__7098                       1e+07        1.25e+07  2.336e-05   5.195e-06   1.317e-05   4.173e-05     0.06864    MOAI22D0
p18532A__6783                       1e+07        1.25e+07  1.872e-05   6.792e-06   1.572e-05   4.123e-05     0.06783    MUX2ND0
p18240A__6783                       1e+07           1e+07  1.777e-05   5.637e-06   1.765e-05   4.106e-05     0.06754    MUX2ND0
p18432A__2346                       1e+07       1.204e+07  2.163e-05    5.84e-06   1.321e-05   4.069e-05     0.06693    MOAI22D0
p17756A3691__5477                   1e+07        1.25e+07  1.837e-05    9.59e-06     1.2e-05   3.996e-05     0.06574    AO21D0
p18366A__7098                       1e+07       1.125e+07  2.014e-05   4.692e-06   1.324e-05   3.807e-05     0.06263    MOAI22D0
p17815A3685__3680                1.25e+07       1.562e+07  1.891e-05   8.538e-06   8.633e-06   3.608e-05     0.05936    AOI221D0
p17648A__2802                       1e+07        1.25e+07  9.986e-06   1.783e-05   7.552e-06   3.537e-05     0.05818    OAI21D0
p17709A__1705                    1.25e+07       1.562e+07  1.896e-05   6.045e-06    9.41e-06   3.442e-05     0.05662    OAI221D0
p13185A__1617                    1.25e+07       1.562e+07  1.147e-05   1.494e-05   7.942e-06   3.436e-05     0.05652    OAI21D0
p13247A__8428                   2.057e+07       1.574e+07  1.782e-05   8.486e-06   7.774e-06   3.408e-05     0.05606    CKAN2D0
Fp18257A                        1.008e+07       1.008e+07  3.467e-06   2.668e-05   3.713e-06   3.386e-05      0.0557    CKND0
p18246A3670__4319                   1e+07           1e+07  1.431e-05   5.556e-06   1.378e-05   3.364e-05     0.05535    IOA21D0
p18246A3671__6260                   1e+07           1e+07  1.432e-05   5.208e-06   1.378e-05   3.331e-05      0.0548    IOA21D0
p18246A3669__8428                   1e+07           1e+07  1.432e-05    4.93e-06   1.378e-05   3.303e-05     0.05434    IOA21D0
p13356A__6260                       1e+07        1.25e+07  1.349e-05       8e-06   1.139e-05   3.288e-05     0.05409    INR2D0
p18246A__5526                       1e+07           1e+07  1.422e-05   4.687e-06   1.378e-05   3.268e-05     0.05377    IOA21D0
p18260A__9945                       1e+07           1e+07  1.083e-05   1.655e-05   5.296e-06   3.267e-05     0.05375    OAI31D0
p13360A__1617                       1e+07        1.25e+07  1.346e-05   7.687e-06   1.139e-05   3.254e-05     0.05353    INR2D0
p18070A__3680                       1e+07        1.25e+07  1.016e-05   1.525e-05   7.084e-06    3.25e-05     0.05346    AOI21D0
g3804                            1.25e+07         1.5e+07  1.691e-05   7.017e-06   8.346e-06   3.227e-05     0.05309    CKAN2D0
p18162A__5122                       1e+07        1.25e+07   9.64e-06   1.451e-05   7.915e-06   3.207e-05     0.05276    AOI21D0
p17772A__9315                   1.562e+07       1.609e+07  1.853e-05   7.716e-06    5.64e-06   3.188e-05     0.05245    AOI211D0
p13290A__5122                   1.879e+07       1.465e+07  1.658e-05   6.583e-06   7.738e-06    3.09e-05     0.05083    CKAN2D0
p17736A__5122                       1e+07        1.25e+07  1.543e-05   5.663e-06   8.904e-06   2.999e-05     0.04934    AOI221D0
p13327A__1666                   1.562e+07       1.271e+07  1.445e-05   7.804e-06   7.674e-06   2.993e-05     0.04923    CKAN2D0
p17794A__6783                       1e+07           1e+07  1.291e-05   7.716e-06   9.263e-06   2.989e-05     0.04917    IND2D0
p18185A__2398                       1e+07       1.204e+07  8.552e-06   1.108e-05    8.77e-06    2.84e-05     0.04673    AOI21D0
p18362A__5526                       1e+07         7.5e+06  1.108e-05   8.424e-06   8.321e-06   2.782e-05     0.04577    IND2D0
p18008A3690__5115                   1e+07         7.5e+06  9.895e-06   1.059e-05   7.238e-06   2.773e-05     0.04561    NR3D0
p17703A__2346                       1e+07        1.25e+07  1.005e-05   1.059e-05   7.084e-06   2.772e-05     0.04561    AOI21D0
p17750A__9945                       1e+07        1.25e+07  1.005e-05   1.046e-05   7.084e-06   2.759e-05      0.0454    AOI21D0
p17705A__1881                   1.562e+07       1.542e+07  1.617e-05   5.216e-06   5.627e-06   2.701e-05     0.04444    OAI211D0
p18332A3687__8428                   1e+07         7.5e+06  1.099e-05   7.696e-06   8.321e-06     2.7e-05     0.04443    IND2D0
p17644A__6417                       1e+07        1.25e+07  9.989e-06   9.859e-06   7.084e-06   2.693e-05     0.04431    AOI21D0
g3805                               1e+07           1e+07  1.199e-05   5.587e-06   9.263e-06   2.684e-05     0.04415    IND2D0
p17833A3689__5107                   1e+07        1.25e+07  9.991e-06   9.677e-06   7.084e-06   2.675e-05     0.04401    AOI21D0
p17778A__1666                       1e+07        1.25e+07  1.006e-05   9.345e-06   7.084e-06   2.649e-05     0.04357    AOI21D0
p17717A__5526                   1.542e+07       1.178e+07  1.589e-05   5.318e-06   5.127e-06   2.634e-05     0.04333    AOI221D0
p17713A__2883                       1e+07        1.25e+07  1.002e-05   9.228e-06   7.084e-06   2.633e-05     0.04332    AOI21D0
p17782A__7410                       1e+07        1.25e+07  1.002e-05   9.146e-06   7.084e-06   2.625e-05     0.04319    AOI21D0
p13168A__6161                       1e+07        1.25e+07  1.031e-05   8.364e-06   7.487e-06   2.616e-05     0.04303    OAI21D0
p18189A__5526                       1e+07        1.25e+07  9.001e-06    8.17e-06    8.64e-06   2.581e-05     0.04246    AOI21D0
p17922A__2802                   1.433e+07       1.081e+07  1.521e-05   5.017e-06   4.913e-06   2.514e-05     0.04136    AOI221D0
p17928A__7482                   1.562e+07       1.433e+07  1.456e-05   5.082e-06   5.482e-06   2.512e-05     0.04133    OAI211D0
p17609A__2398                       1e+07        1.25e+07  9.945e-06   8.028e-06   7.084e-06   2.506e-05     0.04122    AOI21D0
p17875A__9945                   1.562e+07       1.235e+07  1.452e-05   4.879e-06   5.469e-06   2.487e-05     0.04092    AOI211D0
p13132A__8428                       1e+07           1e+07   4.92e-06   1.584e-05    3.91e-06   2.467e-05     0.04058    CKND2D0
p17641A__5122                       1e+07           1e+07  5.014e-06    1.57e-05    3.91e-06   2.463e-05     0.04051    CKND2D0
p13239A__4319                   2.057e+07       1.733e+07  8.486e-06   9.475e-06   4.788e-06   2.275e-05     0.03742    NR2D0
p18449A__8428                       1e+07        1.25e+07  9.385e-06   5.249e-06   7.915e-06   2.255e-05     0.03709    AOI21D0
p17634A__2346                       1e+07           1e+07  5.341e-06    1.23e-05   4.646e-06   2.228e-05     0.03666    NR2D0
p18395A__6260                       1e+07        1.25e+07  8.729e-06   4.796e-06    8.64e-06   2.216e-05     0.03646    AOI21D0
p17689A__6417                       1e+07           1e+07  5.409e-06   1.209e-05   4.646e-06   2.214e-05     0.03643    NR2D0
p17586A__6131                       1e+07           1e+07   5.34e-06   1.169e-05   4.646e-06   2.168e-05     0.03566    NR2D0
p18258A__6417                       1e+07       1.008e+07  5.215e-06   1.104e-05   4.981e-06   2.124e-05     0.03494    CKND2D0
p18080A__8246                       1e+07       3.125e+06  1.025e-05   3.322e-06   7.652e-06   2.123e-05     0.03492    IND3D0
p18365A__6783                       1e+07           5e+06  8.148e-06   5.215e-06   7.849e-06   2.121e-05      0.0349    IND2D0
p17741A__1881                       1e+07           1e+07  5.418e-06   1.104e-05   4.646e-06   2.111e-05     0.03473    NR2D0
p13282A__8246                   1.879e+07       1.664e+07  8.152e-06   7.924e-06   4.848e-06   2.092e-05     0.03442    NR2D0
p18288A__7482                       1e+07       3.125e+06   8.27e-06   4.323e-06   8.297e-06   2.089e-05     0.03437    INR2D0
p17790A__7410                       1e+07           1e+07  5.395e-06   1.069e-05   4.646e-06   2.074e-05     0.03411    NR2D0
p13336A3684__7410               1.562e+07       1.542e+07  7.642e-06   8.053e-06   4.956e-06   2.065e-05     0.03397    NR2D0
p17711A__1666                       1e+07           1e+07  5.411e-06   1.058e-05   4.646e-06   2.064e-05     0.03395    NR2D0
p18396A__5526                       1e+07           5e+06  8.149e-06   4.498e-06   7.849e-06    2.05e-05     0.03372    IND2D0
p17815A__1705                   1.609e+07       4.141e+06  9.543e-06   2.609e-06   7.783e-06   1.994e-05      0.0328    AN4D0
p13380A__1666                    1.25e+07       1.465e+07  7.439e-06   7.303e-06   5.147e-06   1.989e-05     0.03272    NR2D0
p18282A__1705                       1e+07           1e+07  4.915e-06   1.033e-05    3.91e-06   1.915e-05     0.03151    CKND2D0
FE_OFC13_n_190                       4366            4366  6.886e-09   4.581e-08   1.908e-05   1.914e-05     0.03148    CKBD1
p13383A3688__5115                   1e+07        1.25e+07  5.854e-06   7.722e-06   5.342e-06   1.892e-05     0.03112    CKND2D0
p13166A__5107                       1e+07           1e+07  5.192e-06   9.048e-06   4.646e-06   1.889e-05     0.03107    NR2D0
p18319A__4319                       1e+07           1e+07  4.873e-06   1.008e-05    3.91e-06   1.886e-05     0.03103    CKND2D0
p13388A__4733                       1e+07        1.25e+07  5.839e-06   7.569e-06   5.342e-06   1.875e-05     0.03085    CKND2D0
p13274A__2883                       1e+07           1e+07  4.961e-06   9.772e-06    3.91e-06   1.864e-05     0.03067    CKND2D0
p13343A__7098                       1e+07           1e+07  4.952e-06   9.435e-06    3.91e-06    1.83e-05      0.0301    CKND2D0
p13310A__3680                       1e+07           1e+07  4.934e-06    8.95e-06    3.91e-06   1.779e-05     0.02927    CKND2D0
Fp13166A                         1.25e+07        1.25e+07  4.094e-06   9.612e-06   3.493e-06    1.72e-05     0.02829    CKND0
p17647A__9945                       1e+07           1e+07  5.312e-06   7.223e-06   4.646e-06   1.718e-05     0.02826    NR2D0
p18107A3692__5477                   1e+07           1e+07  4.997e-06   8.185e-06    3.91e-06   1.709e-05     0.02812    CKND2D0
Fp18100A                            1e+07           1e+07  3.665e-06   9.668e-06   3.713e-06   1.705e-05     0.02804    CKND0
p17734A__9315                       1e+07           1e+07  5.362e-06   6.808e-06   4.646e-06   1.682e-05     0.02767    NR2D0
p18081A__6260                       1e+07           1e+07  5.498e-06   6.464e-06   4.646e-06   1.661e-05     0.02732    NR2D0
p17825A__6161                       1e+07           1e+07  5.307e-06   6.509e-06   4.646e-06   1.646e-05     0.02708    NR2D0
p13216A__5526                       1e+07           1e+07  5.148e-06   6.534e-06   4.646e-06   1.633e-05     0.02686    NR2D0
p13374A__1617                       1e+07           1e+07  4.906e-06   7.494e-06    3.91e-06   1.631e-05     0.02683    CKND2D0
p13177A__2398                       1e+07           1e+07  4.872e-06   7.197e-06    3.91e-06   1.598e-05     0.02629    CKND2D0
p13233A__2802                       1e+07           1e+07  4.875e-06   6.916e-06    3.91e-06    1.57e-05     0.02583    CKND2D0
p18299A__4319                       1e+07         7.5e+06  3.865e-06   7.757e-06   4.047e-06   1.567e-05     0.02578    NR2D0
p18415A__2883                       1e+07       3.125e+06  5.539e-06   2.448e-06   7.613e-06    1.56e-05     0.02566    IND2D0
p13375A__5115                    1.25e+07       1.035e+07  5.371e-06   6.048e-06    4.15e-06   1.557e-05     0.02561    NR2D0
p18451A__9945                       1e+07       3.125e+06  5.551e-06   2.158e-06   7.613e-06   1.532e-05     0.02521    IND2D0
Fp17729A                            1e+07           1e+07  3.337e-06   8.436e-06    3.21e-06   1.498e-05     0.02465    CKND0
p18328A__3680                       1e+07           5e+06  2.473e-06   8.068e-06   3.105e-06   1.365e-05     0.02245    CKND2D0
p17833A__1617                    1.25e+07       1.062e+07  5.518e-06   3.473e-06    4.41e-06    1.34e-05     0.02205    NR2D0
Fp17843A                            1e+07           1e+07  3.269e-06    6.79e-06    3.21e-06   1.327e-05     0.02183    CKND0
Fp18131A                            1e+07           1e+07  3.233e-06   5.049e-06   4.216e-06    1.25e-05     0.02056    CKND0
Fp18292A                            1e+07           1e+07  3.251e-06   5.233e-06   3.713e-06    1.22e-05     0.02007    CKND0
Fp13384A                         1.25e+07        1.25e+07   3.98e-06   3.903e-06   3.839e-06   1.172e-05     0.01928    CKND0
p18274A__8246                       1e+07           5e+06  6.255e-06    1.75e-06   3.597e-06    1.16e-05     0.01909    ND4D0
p17726A__5107                    1.25e+07        8.75e+06  4.577e-06   3.819e-06   3.197e-06   1.159e-05     0.01907    CKND2D0
p13392A__1705                    1.25e+07         7.5e+06  4.091e-06   3.813e-06   3.556e-06   1.146e-05     0.01885    NR2D0
p17878A__7410                   3.014e+06            4366   2.12e-06   2.067e-09   9.187e-06   1.131e-05     0.01861    INR3D0
Fp18018A                            1e+07           1e+07   3.62e-06   3.758e-06   3.713e-06   1.109e-05     0.01824    CKND0
Fp18786A                            1e+07           1e+07  3.599e-06     3.7e-06   3.713e-06   1.101e-05     0.01812    CKND0
p17629A__2398                    1.25e+07        8.75e+06  4.549e-06   2.841e-06   3.197e-06   1.059e-05     0.01742    CKND2D0
p17756A__2802                       1e+07         7.5e+06  3.947e-06   2.399e-06   4.047e-06   1.039e-05      0.0171    NR2D0
p17867A__5477                   1.235e+07       3.014e+06  3.789e-06   3.677e-06   2.597e-06   1.006e-05     0.01655    OAI211D0
Fp18082A                            1e+07           1e+07  3.214e-06   3.316e-06    3.21e-06   9.739e-06     0.01602    CKND0
p17946A__5107                   1.562e+07       2.684e+06  4.274e-06   2.686e-06   2.695e-06   9.654e-06     0.01588    ND4D0
p18183A__1881                       1e+07           5e+06  2.403e-06   3.662e-06   3.105e-06    9.17e-06     0.01509    CKND2D0
p18339A__2346                       1e+07       3.125e+06  1.689e-06    3.83e-06   3.598e-06   9.117e-06       0.015    NR2D0
p18227A__2883                       1e+07       8.813e+04  6.355e-07   2.864e-07   7.599e-06   8.521e-06     0.01402    IND3D0
Fp18114A                        3.125e+06       3.125e+06   1.02e-06   1.321e-06   4.657e-06   6.998e-06     0.01151    CKND0
p18118A__9315                       1e+07       1.874e+06   1.21e-06   1.593e-06   3.523e-06   6.326e-06     0.01041    NR2D0
p18368A__4319                       1e+07       1.876e+06   9.47e-07   2.346e-06   2.904e-06   6.197e-06     0.01019    CKND2D0
Fp18296A                        8.813e+04       8.813e+04  3.222e-08   4.795e-08   4.719e-06   4.799e-06    0.007895    CKND0
p18221A__9315                       1e+07            2456  7.016e-07   9.513e-10   3.393e-06   4.095e-06    0.006737    OAI211D0
p18222A__7482                       1e+07            2302  4.232e-07   7.856e-10   3.515e-06   3.939e-06     0.00648    OAI211D0
p18222A3674__4733                   1e+07            2456  5.448e-07   9.225e-10   3.393e-06   3.938e-06    0.006479    OAI211D0
p18222A3675__6161                   1e+07            2216  2.709e-07   8.324e-10   3.526e-06   3.798e-06    0.006247    OAI211D0
p17850A__6260                       1e+07       1.652e+05  8.487e-07    2.71e-07   2.107e-06   3.227e-06    0.005309    OAI211D0
Fp18200A                             4366            4366  1.525e-09   1.088e-08   2.706e-06   2.719e-06    0.004472    CKND0
LTIELO_2                                0               0          0           0   7.574e-07   7.574e-07    0.001246    TIEL
LTIELO_1                                0               0          0           0   7.574e-07   7.574e-07    0.001246    TIEL
LTIELO                                  0               0          0           0   7.574e-07   7.574e-07    0.001246    TIEL
----------------------------------------------------------------------------------------------------------------------------
Total                                                        0.01586     0.03952      0.0054     0.06079         100    


-----------------------------------------------------------------------------------------
*	Power Distribution Summary: 
*                Highest Average Power:       FE_OFC2_c_col_idx_8 (CKND12):         0.004668 
*                Highest Leakage Power:              drc_bufs3729 (INVD12):        0.0001425 
*          Total Cap:      8.70463e-12 F
*          Total instances in design:   215
*          Total instances in design with no power:     0
*          Total instances in design with no activity:     0
*          Total Fillers and Decap:     0
-----------------------------------------------------------------------------------------

