*----------------------------------------------------------------------------------------
*	Innovus 21.16-s078_1 (64bit) 12/07/2022 12:07 (Linux 3.10.0-693.el7.x86_64)
*	
*
* 	Date & Time:	2026-Mar-22 14:16:09 (2026-Mar-22 18:16:09 GMT)
*
*----------------------------------------------------------------------------------------
*
*	Design: output_idx_controller
*
*	Liberty Libraries used: 
*	        av_normal_max: /courses/ee6350/pdk2023/T-N65-CM-SP-018-K3_MOM/digital/Front_End/timing_power_noise/NLDM/tcbn65gplus_200a/tcbn65gpluswc.lib
*
*	Power Domain used: 
*              Rail:       DVDD      Voltage:        0.9 
*
*       Power View : av_normal_max
*
*       User-Defined Activity : N.A.
*
*       Activity File: N.A.
*
*       Hierarchical Global Activity: N.A.
*
*       Global Activity: N.A.
*
*       Sequential Element Activity: 0.200000
*
*       Primary Input Activity: 0.200000
*
*       Default icg ratio: N.A.
*
*       Global Comb ClockGate Ratio: N.A.
*
*	Power Units = 1mW
*
*	Time Units = 1e-09 secs 
*
*       report_power -outfile ../report/postRoute.power_instances.rpt -instances {*}
*
-----------------------------------------------------------------------------------------


Total Power 
-----------------------------------------------------------------------------------------
Total Internal Power:        0.02248963 	   27.9831%
Total Switching Power:       0.04886762 	   60.8044%
Total Leakage Power:         0.00901132 	   11.2125%
Total Glitch Power:          0.00000000 	    0.0000%
Total Power:                 0.08036856 
-----------------------------------------------------------------------------------------


Group                           Internal   Switching     Leakage       Glitch       Total  Percentage 
                                Power      Power         Power         Power        Power  (%)        
-----------------------------------------------------------------------------------------
Sequential                       0.01213   0.0004249    0.001671           0     0.01422        17.7 
Macro                                  0           0           0           0           0           0 
IO                                     0           0   2.272e-06           0   2.272e-06    0.002827 
Combinational                    0.01018     0.04663      0.0073           0      0.0641       79.76 
Clock (Combinational)          0.0001859    0.001817   3.738e-05           0     0.00204       2.538 
Clock (Sequential)                     0           0           0           0           0           0 
-----------------------------------------------------------------------------------------
Total                            0.02249     0.04887    0.009011           0     0.08037         100 
-----------------------------------------------------------------------------------------


Clock                           Internal   Switching     Leakage       Glitch       Total  Percentage 
                                Power      Power         Power         Power        Power  (%)        
-----------------------------------------------------------------------------------------
clk                            0.0001859    0.001817   3.738e-05           0     0.00204       2.538 
-----------------------------------------------------------------------------------------
Total (excluding duplicates)   0.0001859    0.001817   3.738e-05           0     0.00204       2.538 
-----------------------------------------------------------------------------------------
Clock: clk
Clock Period: 0.020000 usec 
Clock Toggle Rate:   100.0000 Mhz 
Clock Static Probability:  0.5000



Rail                  Voltage   Internal   Switching     Leakage       Glitch       Total  Percentage 
                                Power      Power         Power         Power        Power  (%)        
-----------------------------------------------------------------------------------------
DVDD                      0.9    0.02249     0.04887    0.009011           0     0.08037         100 


Instance                      Max Toggles   Total Toggles   Internal   Switching     Leakage       Glitch       Total  Percentage    Cell
                              Input Pins    Output Pins     Power      Power         Power         Power        Power  (%)           Name
-----------------------------------------------------------------------------------------------------------------------------------------
FE_OFC2_c_col_idx_8             2.166e+07       2.166e+07  0.0001132    0.004421    0.000132           0    0.004666       5.805    CKND12
FE_OFC4_c_col_idx_7              2.08e+07        2.08e+07  0.0001086    0.004246   0.0001319           0    0.004486       5.582    CKND12
FE_OFC6_c_col_idx_6             1.927e+07       1.927e+07  0.0001007    0.003931   0.0001315           0    0.004163        5.18    CKND12
FE_OFC8_c_col_idx_5             1.831e+07       1.831e+07  9.563e-05    0.003731   0.0001308           0    0.003957       4.924    CKND12
FE_OFC10_c_col_idx_4            1.769e+07       1.769e+07  9.245e-05    0.003604   0.0001291           0    0.003826        4.76    CKND12
FE_OFC12_c_col_idx_3             1.25e+07        1.25e+07  6.527e-05     0.00255   0.0001248           0     0.00274       3.409    CKND12
FE_PHC75_c_row_idx_2                1e+07           1e+07  0.0001414     0.00206   0.0001918           0    0.002393       2.978    BUFFD12
FE_PHC79_c_row_idx_1                1e+07           1e+07  0.0001413    0.002059   0.0001918           0    0.002392       2.977    BUFFD12
FE_PHC77_c_row_idx_0                1e+07           1e+07  0.0001413    0.002058   0.0001918           0    0.002392       2.976    BUFFD12
drc_bufs3753                        1e+07           1e+07  5.873e-05    0.002056   0.0001425           0    0.002257       2.809    INVD12
drc_bufs3759                        1e+07           1e+07   5.97e-05    0.002045   0.0001425           0    0.002247       2.796    INVD12
drc_bufs3747                        1e+07           1e+07  5.222e-05    0.002061   0.0001283           0    0.002241       2.789    CKND12
drc_bufs3729                        1e+07           1e+07  6.016e-05    0.002038   0.0001425           0    0.002241       2.789    INVD12
drc_bufs3735                        1e+07           1e+07  5.816e-05    0.002038   0.0001425           0    0.002239       2.786    INVD12
drc_bufs3765                        1e+07           1e+07   5.86e-05    0.002037   0.0001425           0    0.002238       2.785    INVD12
drc_bufs3741                        1e+07           1e+07  5.815e-05    0.002034   0.0001425           0    0.002235       2.781    INVD12
CTS_ccl_a_inv_00002                 1e+08           1e+08   7.89e-05    0.001006   1.909e-05           0    0.001104       1.374    CKND2
CTS_ccl_a_inv_00001                 1e+08           1e+08  5.236e-05   0.0006631   9.143e-06           0   0.0007246      0.9016    CKND1
u_out_ac_j_reg[3]                   1e+08           2e+07  0.0005412   1.842e-05   8.077e-05           0   0.0006404      0.7968    DFXD1
done_flag_reg                       1e+08           2e+07   0.000532   1.716e-05   8.134e-05           0   0.0006305      0.7845    DFXD1
c_col_os_reg[7]                     1e+08           2e+07  0.0005149   2.675e-05   7.087e-05           0   0.0006126      0.7622    EDFKCND1
u_out_ac_i_reg[3]                   1e+08           2e+07  0.0004996   2.036e-05    8.02e-05           0   0.0006002      0.7468    DFXD1
c_col_os_reg[6]                     1e+08           2e+07  0.0005075   1.381e-05   7.087e-05           0   0.0005922      0.7368    EDFKCND1
c_col_os_reg[8]                     1e+08           1e+07  0.0005075   2.399e-05    5.74e-05           0   0.0005889      0.7328    EDFKCNQD1
num_computated_reg[4]               1e+08           2e+07  0.0004892   1.584e-05   7.087e-05           0   0.0005759      0.7166    EDFKCND1
num_computated_reg[2]               1e+08           2e+07  0.0004891   1.391e-05   7.087e-05           0   0.0005739      0.7141    EDFKCND1
c_col_os_reg[5]                     1e+08           1e+07  0.0004863   1.289e-05   5.739e-05           0   0.0005566      0.6926    EDFKCNQD1
c_col_os_reg[4]                     1e+08           1e+07  0.0004783   1.602e-05   5.739e-05           0   0.0005517      0.6864    EDFKCNQD1
u_out_ac_j_reg[8]                   1e+08           2e+07  0.0004546   2.452e-05   6.694e-05           0    0.000546      0.6794    DFD1
u_out_ac_j_reg[4]                   1e+08           2e+07  0.0004559   2.264e-05   6.694e-05           0   0.0005455      0.6787    DFD1
u_out_ac_i_reg[5]                   1e+08           2e+07  0.0004445    3.35e-05   6.699e-05           0    0.000545      0.6782    DFD1
u_out_ac_j_reg[5]                   1e+08           2e+07  0.0004554   2.007e-05   6.694e-05           0   0.0005424      0.6749    DFD1
num_computated_reg[6]               1e+08           1e+07  0.0004746   7.369e-06   5.739e-05           0   0.0005394      0.6712    EDFKCNQD1
u_out_ac_j_reg[6]                   1e+08           2e+07  0.0004554   1.558e-05   6.694e-05           0    0.000538      0.6694    DFD1
u_out_ac_j_reg[7]                   1e+08           2e+07  0.0004555    1.47e-05   6.694e-05           0   0.0005372      0.6684    DFD1
u_out_ac_i_reg[6]                   1e+08           2e+07  0.0004442   2.053e-05   6.699e-05           0   0.0005317      0.6616    DFD1
u_out_ac_i_reg[7]                   1e+08           2e+07  0.0004441   1.867e-05   6.699e-05           0   0.0005298      0.6592    DFD1
u_out_ac_i_reg[8]                   1e+08           2e+07  0.0004441   1.802e-05   6.699e-05           0   0.0005291      0.6583    DFD1
u_out_ac_i_reg[4]                   1e+08           2e+07  0.0004438   1.645e-05   6.699e-05           0   0.0005273       0.656    DFD1
c_col_os_reg[3]                     1e+08           1e+07  0.0004221   9.609e-06   4.929e-05           0    0.000481      0.5985    DFKCNQD1
num_computated_reg[1]               1e+08           1e+07  0.0004222   7.441e-06   4.929e-05           0   0.0004789      0.5959    DFKCNQD1
num_computated_reg[5]               1e+08           1e+07  0.0004221   5.909e-06   4.929e-05           0   0.0004773      0.5939    DFKCNQD1
num_computated_reg[0]               1e+08           1e+07   0.000422   5.472e-06   4.929e-05           0   0.0004768      0.5932    DFKCNQD1
num_computated_reg[3]               1e+08           1e+07  0.0004221   5.301e-06   4.929e-05           0   0.0004767      0.5931    DFKCNQD1
FE_PHC50_c_row_idx_0                1e+07           1e+07  0.0001327   4.955e-05   0.0001918           0   0.0003741      0.4655    BUFFD12
FE_PHC51_c_row_idx_1                1e+07           1e+07  0.0001326    4.74e-05   0.0001918           0   0.0003719      0.4627    BUFFD12
FE_PHC49_c_row_idx_2                1e+07           1e+07  0.0001324   4.088e-05   0.0001918           0   0.0003651      0.4543    BUFFD12
p18212A__1666                   1.562e+07       3.734e+07  0.0001461   5.311e-05     0.00011           0   0.0003092      0.3847    FA1D0
p18250A__5107                   1.781e+07       4.117e+07  0.0001586   3.698e-05     0.00011           0   0.0003056      0.3802    FA1D0
FE_PHC54_n_189                  2.363e+07       2.363e+07  0.0002522   1.528e-05   3.499e-05           0   0.0003025      0.3763    DEL0
FE_PHC53_n_186                  2.227e+07       2.227e+07  0.0002376   1.872e-05   3.499e-05           0   0.0002913      0.3625    DEL0
p18170A__3680                    1.25e+07       3.125e+07  0.0001245   3.712e-05     0.00011           0   0.0002716      0.3379    FA1D0
FE_PHC55_n_157                  1.953e+07       1.953e+07  0.0002073   2.734e-05   3.499e-05           0   0.0002696      0.3354    DEL0
p18107A__8428                       1e+07         2.5e+07   0.000102   2.672e-05   0.0001099           0   0.0002386      0.2969    FA1D0
FE_PHC56_n_145                  1.562e+07       1.562e+07  0.0001657   2.462e-05   3.499e-05           0   0.0002253      0.2804    DEL0
FE_PHC44_n_4                        1e+07           1e+07  0.0001055   7.772e-05   3.499e-05           0   0.0002182      0.2715    DEL0
FE_PHC62_n_179                  1.505e+07       1.505e+07  0.0001602   1.627e-05   3.499e-05           0   0.0002115      0.2631    DEL0
CTS_cmf_inv_00050                   1e+08           1e+08  5.468e-05   0.0001472   9.143e-06           0    0.000211      0.2625    CKND1
FE_PHC35_n_0                        1e+07           1e+07  0.0001056   6.898e-05   3.499e-05           0   0.0002096      0.2607    DEL0
FE_PHC59_FE_OFN1_c_col_idx_8
                                2.166e+07       2.166e+07  0.0001476   1.473e-05   4.651e-05           0   0.0002088      0.2598    DEL01
FE_OFC14_c_col_idx_0                    0               0          0           0   0.0002012           0   0.0002012      0.2504    BUFFD12
FE_OFC15_c_col_idx_1                    0               0          0           0   0.0002012           0   0.0002012      0.2504    BUFFD12
FE_OFC16_c_col_idx_2                    0               0          0           0   0.0002012           0   0.0002012      0.2504    BUFFD12
FE_PHC61_FE_OFN3_c_col_idx_7
                                 2.08e+07        2.08e+07  0.0001417   1.223e-05   4.651e-05           0   0.0002004      0.2494    DEL01
FE_PHC27_c_col_idx_temp_3           1e+07           1e+07  0.0001058   5.541e-05   3.499e-05           0   0.0001962      0.2441    DEL0
FE_PHC30_n_238                      1e+07           1e+07  0.0001058   5.111e-05   3.499e-05           0   0.0001919      0.2387    DEL0
FE_PHC60_FE_OFN5_c_col_idx_6
                                1.927e+07       1.927e+07  0.0001313   1.279e-05   4.651e-05           0   0.0001906      0.2372    DEL01
FE_PHC31_n_232                      1e+07           1e+07  0.0001057   4.968e-05   3.499e-05           0   0.0001904      0.2369    DEL0
FE_PHC48_n_250                      1e+07           1e+07  0.0001058   4.901e-05   3.499e-05           0   0.0001898      0.2361    DEL0
FE_PHC57_n_107                   1.25e+07        1.25e+07  0.0001326   1.878e-05   3.499e-05           0   0.0001864      0.2319    DEL0
FE_PHC45_c_col_idx_temp_4           1e+07           1e+07  0.0001058   3.944e-05   3.499e-05           0   0.0001802      0.2242    DEL0
FE_PHC39_c_col_idx_temp_5           1e+07           1e+07  0.0001058   3.352e-05   3.499e-05           0   0.0001743      0.2169    DEL0
FE_PHC46_c_col_os_4                 1e+07           1e+07  0.0001058   3.252e-05   3.499e-05           0   0.0001733      0.2156    DEL0
FE_PHC32_c_col_os_3                 1e+07           1e+07   0.000106   3.101e-05   3.499e-05           0   0.0001719      0.2139    DEL0
FE_PHC47_c_col_os_5                 1e+07           1e+07  0.0001059   2.873e-05   3.499e-05           0   0.0001697      0.2111    DEL0
FE_PHC23_num_computated_0           1e+07           1e+07  0.0001061   2.815e-05   3.499e-05           0   0.0001693      0.2106    DEL0
FE_PHC40_c_col_os_6                 1e+07           1e+07   0.000106   2.766e-05   3.499e-05           0   0.0001687      0.2099    DEL0
FE_PHC21_num_computated_5           1e+07           1e+07  0.0001062   2.473e-05   3.499e-05           0   0.0001659      0.2065    DEL0
FE_PHC26_num_computated_1           1e+07           1e+07  0.0001062   2.441e-05   3.499e-05           0   0.0001656       0.206    DEL0
FE_PHC22_num_computated_3           1e+07           1e+07  0.0001063   2.396e-05   3.499e-05           0   0.0001652      0.2056    DEL0
FE_PHC28_c_col_idx_temp_7           1e+07           1e+07  0.0001062   2.257e-05   3.499e-05           0   0.0001638      0.2038    DEL0
FE_PHC37_n_18                       1e+07           1e+07  0.0001062   2.149e-05   3.499e-05           0   0.0001627      0.2025    DEL0
FE_PHC69_n_171                  1.007e+07       1.007e+07  0.0001067   2.049e-05   3.499e-05           0   0.0001622      0.2018    DEL0
FE_PHC38_n_15                       1e+07           1e+07  0.0001062   2.029e-05   3.499e-05           0   0.0001615      0.2009    DEL0
FE_PHC29_c_col_idx_temp_6           1e+07           1e+07  0.0001063   2.001e-05   3.499e-05           0   0.0001613      0.2007    DEL0
FE_PHC68_n_168                  1.007e+07       1.007e+07  0.0001066   1.949e-05   3.499e-05           0   0.0001611      0.2005    DEL0
FE_PHC66_n_176                  1.007e+07       1.007e+07  0.0001067   1.771e-05   3.499e-05           0   0.0001594      0.1984    DEL0
FE_PHC25_num_computated_6           1e+07           1e+07  0.0001064   1.709e-05   3.499e-05           0   0.0001585      0.1972    DEL0
FE_PHC67_n_167                  1.007e+07       1.007e+07  0.0001067   1.672e-05   3.499e-05           0   0.0001584      0.1971    DEL0
FE_PHC34_n_16                       1e+07           1e+07  0.0001064   1.639e-05   3.499e-05           0   0.0001578      0.1964    DEL0
FE_PHC24_n_109                      1e+07           1e+07  0.0001064   1.443e-05   3.499e-05           0   0.0001558      0.1939    DEL0
FE_PHC71_n_6                        1e+07           1e+07  7.582e-05    4.86e-05   3.141e-05           0   0.0001558      0.1939    DEL015
FE_PHC72_n_5                        1e+07           1e+07  7.579e-05   4.854e-05   3.141e-05           0   0.0001557      0.1938    DEL015
FE_PHC18_u_out_ac_i_3               1e+07           1e+07  0.0001065   1.388e-05   3.499e-05           0   0.0001554      0.1934    DEL0
FE_PHC70_n_181                      1e+07           1e+07  0.0001063   1.264e-05   3.499e-05           0   0.0001539      0.1916    DEL0
FE_PHC41_n_24                       1e+07           1e+07  0.0001066   1.211e-05   3.499e-05           0   0.0001537      0.1912    DEL0
FE_PHC65_n_160                      1e+07           1e+07  0.0001064   1.199e-05   3.499e-05           0   0.0001534      0.1909    DEL0
FE_PHC17_rstn                       1e+07           1e+07  1.525e-05   0.0001221   1.483e-05           0   0.0001522      0.1893    BUFFD1
FE_PHC36_n_14                       1e+07           1e+07  0.0001068   1.023e-05   3.499e-05           0    0.000152      0.1891    DEL0
FE_PHC19_u_out_ac_i_4               1e+07           1e+07   0.000107   8.429e-06   3.499e-05           0   0.0001504      0.1871    DEL0
FE_PHC20_n_32                       1e+07           1e+07  0.0001071   7.016e-06   3.499e-05           0   0.0001491      0.1855    DEL0
FE_PHC52_done_flag_166              1e+07           1e+07  0.0001072   6.131e-06   3.499e-05           0   0.0001483      0.1846    DEL0
FE_PHC73_rstn                       1e+07           1e+07  6.885e-05   9.834e-06   4.651e-05           0   0.0001252      0.1558    DEL01
FE_PHC33_n_17                       1e+07           1e+07  7.622e-05   1.406e-05   3.141e-05           0   0.0001217      0.1514    DEL015
FE_OFC3_c_col_idx_7              2.08e+07        2.08e+07  1.165e-05   9.301e-05   1.003e-05           0   0.0001147      0.1427    INVD1
FE_OFC1_c_col_idx_8             2.166e+07       2.166e+07  1.209e-05   9.135e-05   1.002e-05           0   0.0001135      0.1412    INVD1
FE_OFC5_c_col_idx_6             1.927e+07       1.927e+07  1.077e-05   8.391e-05   1.005e-05           0   0.0001047      0.1303    INVD1
FE_OFC7_c_col_idx_5             1.831e+07       1.831e+07   1.03e-05    8.14e-05    1.01e-05           0   0.0001018      0.1267    INVD1
FE_OFC9_c_col_idx_4             1.769e+07       1.769e+07  9.934e-06    7.64e-05   1.022e-05           0   9.656e-05      0.1201    INVD1
p17951A__6417                       1e+07        1.25e+07  4.058e-05   1.326e-05   3.882e-05           0   9.266e-05      0.1153    XNR3D0
p13248A__2398                   1.733e+07       2.166e+07  4.141e-05   1.299e-05   2.671e-05           0   8.111e-05      0.1009    OR2XD1
p13293A__6783                   1.664e+07        2.08e+07  3.991e-05   1.218e-05   2.663e-05           0   7.871e-05     0.09794    OR2XD1
p13336A__6131                   1.542e+07       1.927e+07  3.635e-05   1.099e-05    2.68e-05           0   7.414e-05     0.09225    OR2XD1
FE_OFC11_c_col_idx_3             1.25e+07        1.25e+07  7.029e-06   5.629e-05   1.054e-05           0   7.386e-05      0.0919    INVD1
p18291A__2398                   1.891e+07       2.363e+07  4.298e-05   1.481e-05   1.262e-05           0   7.042e-05     0.08762    MOAI22D0
p13383A__5107                   1.465e+07       1.831e+07  3.403e-05    9.23e-06   2.681e-05           0   7.007e-05     0.08718    OR2XD1
p13399A__2802                     1.5e+07       1.769e+07  3.236e-05   1.014e-05    2.68e-05           0   6.929e-05     0.08622    OR2XD1
g3725                            1.25e+07       1.562e+07  3.506e-05   6.669e-06   2.498e-05           0    6.67e-05       0.083    XNR2D0
p13197A__4733                   1.562e+07       1.879e+07  2.969e-05   2.196e-05   1.284e-05           0   6.449e-05     0.08025    IOA21D0
g2                                  1e+07        1.25e+07  3.234e-05   8.013e-06   2.402e-05           0   6.438e-05      0.0801    CKXOR2D0
p13222A__1617                   1.879e+07       2.057e+07  3.292e-05   1.513e-05   1.286e-05           0   6.091e-05     0.07578    IOA21D0
g3724                               1e+07        1.25e+07   3.08e-05   5.552e-06   2.394e-05           0   6.029e-05     0.07502    CKXOR2D0
g3728                               1e+07        1.25e+07  2.943e-05   4.874e-06   2.511e-05           0   5.941e-05     0.07392    XNR2D0
g3726                               1e+07        1.25e+07  2.978e-05   5.399e-06   2.378e-05           0   5.896e-05     0.07336    CKXOR2D0
p18332A3683__8246                1.25e+07       1.007e+07  2.573e-05   2.044e-05   1.261e-05           0   5.878e-05     0.07314    MOAI22D0
g3727                               1e+07        1.25e+07  2.909e-05   6.092e-06   2.346e-05           0   5.865e-05     0.07297    CKXOR2D0
p13473A__9315                       1e+07        1.25e+07  2.321e-05   6.397e-06   2.881e-05           0   5.841e-05     0.07268    AN2XD1
p18332A3678__1617                1.25e+07       1.007e+07  2.587e-05   1.796e-05   1.261e-05           0   5.645e-05     0.07024    MOAI22D0
p18724A__5477                       1e+07       1.125e+07  6.108e-06    4.37e-05   5.769e-06           0   5.558e-05     0.06915    NR2D0
p17613A__5477                    1.25e+07       1.562e+07   3.27e-05   8.537e-06   1.406e-05           0    5.53e-05     0.06881    OA221D0
p18332A3676__6131                1.25e+07       1.007e+07  2.573e-05    1.68e-05   1.261e-05           0   5.514e-05     0.06861    MOAI22D0
p13377A__4733                       1e+07        1.25e+07  2.658e-05   1.554e-05   1.268e-05           0    5.48e-05     0.06819    MOAI22D0
p17830A__6161                    1.25e+07       1.562e+07  3.277e-05   9.654e-06   1.238e-05           0    5.48e-05     0.06818    MAOI22D0
p17700A__7482                    1.25e+07       1.562e+07  3.272e-05   9.436e-06   1.238e-05           0   5.453e-05     0.06786    MAOI22D0
p18332A3677__1881                1.25e+07       1.007e+07  2.573e-05   1.464e-05   1.261e-05           0   5.298e-05     0.06592    MOAI22D0
p17777A__1881                    1.25e+07       1.562e+07  2.927e-05   9.862e-06    1.27e-05           0   5.183e-05     0.06449    MOAI22D0
p17835A__4733                    1.25e+07       1.562e+07  3.181e-05   6.807e-06    1.28e-05           0   5.142e-05     0.06398    MAOI22D0
p18289A3679__3680               1.204e+07       1.505e+07  2.408e-05   1.524e-05   1.199e-05           0   5.131e-05     0.06385    AO22D0
p18431A__7482                       1e+07        1.25e+07  2.718e-05   1.121e-05   1.268e-05           0   5.107e-05     0.06355    MOAI22D0
p17929A__6783                    1.25e+07       1.562e+07  3.171e-05   6.532e-06   1.229e-05           0   5.053e-05     0.06287    MAOI22D0
FE_PHC42_n_6                        1e+07           1e+07  1.103e-05   3.142e-05   7.611e-06           0   5.007e-05      0.0623    CKBD0
p18007A__5115                   1.204e+07       1.505e+07  3.092e-05   5.936e-06   1.227e-05           0   4.912e-05     0.06112    MAOI22D0
FE_PHC43_n_5                        1e+07           1e+07  1.105e-05   3.009e-05   7.611e-06           0   4.875e-05     0.06066    CKBD0
p18177A__4319                       1e+07        1.25e+07  1.797e-05   1.689e-05    1.34e-05           0   4.825e-05     0.06004    OA21D0
p18289A__5115                    1.25e+07       1.558e+07   2.48e-05   1.139e-05   1.198e-05           0   4.817e-05     0.05994    AO22D0
p18251A__2346                   1.125e+07       1.082e+07  5.769e-06    3.68e-05   4.705e-06           0   4.727e-05     0.05882    NR2D0
p18008A__6161                    1.25e+07       1.562e+07   2.31e-05   6.974e-06   1.578e-05           0   4.585e-05     0.05705    MUX2ND0
p18524A3686__6131                   1e+07        1.25e+07  2.678e-05    5.69e-06   1.294e-05           0   4.541e-05      0.0565    MOAI22D0
p18332A__7098                    1.25e+07       1.007e+07  2.541e-05   6.936e-06    1.28e-05           0   4.514e-05     0.05617    MOAI22D0
p18289A3681__1705                1.25e+07        1.54e+07  2.454e-05   8.182e-06   1.191e-05           0   4.463e-05     0.05553    AO22D0
p18289A3682__5122                1.25e+07       1.551e+07  2.467e-05   7.998e-06   1.195e-05           0   4.462e-05     0.05552    AO22D0
p18289A3680__2802                1.25e+07       1.562e+07  2.475e-05   7.419e-06   1.201e-05           0   4.418e-05     0.05497    AO22D0
p18487A__6260                       1e+07        1.25e+07  2.504e-05   5.525e-06   1.309e-05           0   4.365e-05     0.05431    MOAI22D0
Fp18257A                        1.008e+07       1.008e+07  3.512e-06   3.576e-05   3.713e-06           0   4.299e-05     0.05349    CKND0
p18469A__7098                       1e+07        1.25e+07  2.318e-05    6.11e-06   1.317e-05           0   4.247e-05     0.05284    MOAI22D0
p18532A__6783                       1e+07        1.25e+07  1.888e-05    7.84e-06   1.572e-05           0   4.245e-05     0.05282    MUX2ND0
p17756A3691__5477                   1e+07        1.25e+07   1.85e-05   1.192e-05     1.2e-05           0   4.241e-05     0.05277    AO21D0
p18240A__6783                       1e+07           1e+07  1.774e-05   5.785e-06   1.765e-05           0   4.118e-05     0.05124    MUX2ND0
p17815A3685__3680                1.25e+07       1.562e+07  1.887e-05   1.325e-05   8.633e-06           0   4.075e-05     0.05071    AOI221D0
p18432A__2346                       1e+07       1.204e+07   2.16e-05   5.449e-06   1.321e-05           0   4.026e-05      0.0501    MOAI22D0
p18246A__5526                       1e+07           1e+07  1.422e-05   1.201e-05   1.378e-05           0   4.001e-05     0.04979    IOA21D0
p17648A__2802                       1e+07        1.25e+07  9.949e-06   2.245e-05   7.552e-06           0   3.995e-05     0.04971    OAI21D0
p18366A__7098                       1e+07       1.125e+07   1.99e-05   5.837e-06   1.324e-05           0   3.897e-05     0.04849    MOAI22D0
FE_PHC64_n_170                  8.813e+04       8.813e+04  9.297e-07   4.593e-07   3.498e-05           0   3.637e-05     0.04526    DEL0
p13185A__1617                    1.25e+07       1.562e+07  1.144e-05   1.663e-05   7.942e-06           0   3.601e-05     0.04481    OAI21D0
p18246A3670__4319                   1e+07           1e+07  1.419e-05   7.346e-06   1.378e-05           0   3.531e-05     0.04394    IOA21D0
g3804                            1.25e+07         1.5e+07  1.697e-05   9.595e-06   8.346e-06           0   3.491e-05     0.04344    CKAN2D0
p18246A3671__6260                   1e+07           1e+07  1.418e-05   6.884e-06   1.378e-05           0   3.485e-05     0.04336    IOA21D0
p17709A__1705                    1.25e+07       1.562e+07  1.889e-05   6.525e-06    9.41e-06           0   3.483e-05     0.04333    OAI221D0
p13247A__8428                   2.057e+07       1.574e+07   1.78e-05    8.77e-06   7.774e-06           0   3.435e-05     0.04274    CKAN2D0
p13360A__1617                       1e+07        1.25e+07  1.347e-05   9.347e-06   1.139e-05           0   3.421e-05     0.04257    INR2D0
p13356A__6260                       1e+07        1.25e+07  1.343e-05   8.547e-06   1.139e-05           0   3.337e-05     0.04152    INR2D0
p18246A3669__8428                   1e+07           1e+07  1.416e-05   5.176e-06   1.378e-05           0   3.312e-05     0.04121    IOA21D0
p18070A__3680                       1e+07        1.25e+07  1.016e-05   1.562e-05   7.084e-06           0   3.287e-05      0.0409    AOI21D0
p13290A__5122                   1.879e+07       1.465e+07  1.659e-05   8.212e-06   7.738e-06           0   3.254e-05     0.04048    CKAN2D0
p17772A__9315                   1.562e+07       1.609e+07   1.85e-05   8.362e-06    5.64e-06           0    3.25e-05     0.04044    AOI211D0
p17703A__2346                       1e+07        1.25e+07  1.003e-05   1.503e-05   7.084e-06           0   3.215e-05        0.04    AOI21D0
p18185A__2398                       1e+07       1.204e+07  8.549e-06   1.455e-05    8.77e-06           0   3.187e-05     0.03965    AOI21D0
p17736A__5122                       1e+07        1.25e+07  1.542e-05   7.354e-06   8.904e-06           0   3.167e-05     0.03941    AOI221D0
p18162A__5122                       1e+07        1.25e+07  9.626e-06     1.4e-05   7.915e-06           0   3.154e-05     0.03925    AOI21D0
FE_PHC63_n_190                       4366            4366  3.296e-08   6.323e-09   3.141e-05           0   3.145e-05     0.03913    DEL015
p17794A__6783                       1e+07           1e+07  1.287e-05   8.913e-06   9.263e-06           0   3.104e-05     0.03862    IND2D0
p18260A__9945                       1e+07           1e+07  1.044e-05   1.445e-05   5.296e-06           0   3.019e-05     0.03756    OAI31D0
p18362A__5526                       1e+07         7.5e+06  1.113e-05   1.002e-05   8.321e-06           0   2.947e-05     0.03667    IND2D0
p13327A__1666                   1.562e+07       1.271e+07   1.44e-05   7.306e-06   7.674e-06           0   2.938e-05     0.03655    CKAN2D0
p18008A3690__5115                   1e+07         7.5e+06  9.898e-06   1.204e-05   7.238e-06           0   2.918e-05      0.0363    NR3D0
p17750A__9945                       1e+07        1.25e+07  1.003e-05   1.166e-05   7.084e-06           0   2.878e-05     0.03581    AOI21D0
p17833A3689__5107                   1e+07        1.25e+07  1.001e-05    1.11e-05   7.084e-06           0   2.819e-05     0.03507    AOI21D0
p18332A3687__8428                   1e+07         7.5e+06  1.102e-05   8.537e-06   8.321e-06           0   2.788e-05     0.03469    IND2D0
p17717A__5526                   1.542e+07       1.178e+07   1.59e-05   6.774e-06   5.127e-06           0    2.78e-05     0.03459    AOI221D0
p17644A__6417                       1e+07        1.25e+07   9.99e-06   1.068e-05   7.084e-06           0   2.776e-05     0.03454    AOI21D0
p17778A__1666                       1e+07        1.25e+07  1.001e-05   1.057e-05   7.084e-06           0   2.767e-05     0.03443    AOI21D0
p17641A__5122                       1e+07           1e+07   4.93e-06    1.88e-05    3.91e-06           0   2.764e-05     0.03439    CKND2D0
p17713A__2883                       1e+07        1.25e+07   9.99e-06   1.038e-05   7.084e-06           0   2.746e-05     0.03417    AOI21D0
p17705A__1881                   1.562e+07       1.542e+07  1.613e-05   5.264e-06   5.627e-06           0   2.702e-05     0.03363    OAI211D0
p13132A__8428                       1e+07           1e+07  4.894e-06   1.822e-05    3.91e-06           0   2.702e-05     0.03362    CKND2D0
g3805                               1e+07           1e+07    1.2e-05   5.719e-06   9.263e-06           0   2.699e-05     0.03358    IND2D0
p18189A__5526                       1e+07        1.25e+07      9e-06   9.094e-06    8.64e-06           0   2.673e-05     0.03327    AOI21D0
p17922A__2802                   1.433e+07       1.081e+07  1.518e-05   6.383e-06   4.913e-06           0   2.648e-05     0.03294    AOI221D0
p17782A__7410                       1e+07        1.25e+07  9.977e-06   9.342e-06   7.084e-06           0    2.64e-05     0.03285    AOI21D0
p17609A__2398                       1e+07        1.25e+07  9.951e-06   9.196e-06   7.084e-06           0   2.623e-05     0.03264    AOI21D0
p13168A__6161                       1e+07        1.25e+07  1.025e-05   8.191e-06   7.487e-06           0   2.593e-05     0.03226    OAI21D0
p17875A__9945                   1.562e+07       1.235e+07  1.452e-05   5.798e-06   5.469e-06           0   2.579e-05     0.03209    AOI211D0
p18258A__6417                       1e+07       1.008e+07  5.107e-06   1.554e-05   4.981e-06           0   2.563e-05     0.03189    CKND2D0
p17928A__7482                   1.562e+07       1.433e+07  1.453e-05   5.326e-06   5.482e-06           0   2.534e-05     0.03153    OAI211D0
p17790A__7410                       1e+07           1e+07  5.367e-06   1.459e-05   4.646e-06           0   2.461e-05     0.03062    NR2D0
p17689A__6417                       1e+07           1e+07  5.365e-06   1.424e-05   4.646e-06           0   2.425e-05     0.03018    NR2D0
p17634A__2346                       1e+07           1e+07  5.421e-06   1.412e-05   4.646e-06           0   2.419e-05      0.0301    NR2D0
p17711A__1666                       1e+07           1e+07   5.37e-06   1.396e-05   4.646e-06           0   2.398e-05     0.02983    NR2D0
p17741A__1881                       1e+07           1e+07  5.404e-06   1.368e-05   4.646e-06           0   2.373e-05     0.02953    NR2D0
p17586A__6131                       1e+07           1e+07  5.351e-06   1.346e-05   4.646e-06           0   2.346e-05     0.02918    NR2D0
p18449A__8428                       1e+07        1.25e+07  9.306e-06   5.722e-06   7.915e-06           0   2.294e-05     0.02855    AOI21D0
p13239A__4319                   2.057e+07       1.733e+07  8.482e-06   9.051e-06   4.788e-06           0   2.232e-05     0.02777    NR2D0
p13274A__2883                       1e+07           1e+07  4.923e-06   1.333e-05    3.91e-06           0   2.216e-05     0.02757    CKND2D0
p18365A__6783                       1e+07           5e+06  8.156e-06   6.133e-06   7.849e-06           0   2.214e-05     0.02755    IND2D0
p18080A__8246                       1e+07       3.125e+06  1.025e-05   4.222e-06   7.652e-06           0   2.213e-05     0.02753    IND3D0
p18395A__6260                       1e+07        1.25e+07  8.629e-06   4.657e-06    8.64e-06           0   2.193e-05     0.02728    AOI21D0
p13282A__8246                   1.879e+07       1.664e+07  8.139e-06   8.601e-06   4.848e-06           0   2.159e-05     0.02686    NR2D0
p13383A3688__5115                   1e+07        1.25e+07  5.876e-06   1.034e-05   5.342e-06           0   2.156e-05     0.02683    CKND2D0
p18396A__5526                       1e+07           5e+06  8.173e-06   5.205e-06   7.849e-06           0   2.123e-05     0.02641    IND2D0
p18282A__1705                       1e+07           1e+07   4.85e-06   1.239e-05    3.91e-06           0   2.115e-05     0.02632    CKND2D0
p13177A__2398                       1e+07           1e+07  4.841e-06   1.217e-05    3.91e-06           0   2.092e-05     0.02604    CKND2D0
Fp18100A                            1e+07           1e+07  3.684e-06   1.347e-05   3.713e-06           0   2.087e-05     0.02597    CKND0
p17815A__1705                   1.609e+07       4.141e+06  9.553e-06   3.443e-06   7.783e-06           0   2.078e-05     0.02586    AN4D0
p18319A__4319                       1e+07           1e+07  4.852e-06   1.202e-05    3.91e-06           0   2.078e-05     0.02585    CKND2D0
p13388A__4733                       1e+07        1.25e+07  5.856e-06   9.432e-06   5.342e-06           0   2.063e-05     0.02567    CKND2D0
p13336A3684__7410               1.562e+07       1.542e+07   7.62e-06   7.789e-06   4.956e-06           0   2.036e-05     0.02534    NR2D0
p13380A__1666                    1.25e+07       1.465e+07  7.429e-06   7.518e-06   5.147e-06           0   2.009e-05       0.025    NR2D0
p13343A__7098                       1e+07           1e+07   4.89e-06   1.054e-05    3.91e-06           0   1.934e-05     0.02406    CKND2D0
FE_OFC13_n_190                       4366            4366  6.887e-09   5.438e-08   1.908e-05           0   1.914e-05     0.02382    CKBD1
p18299A__4319                       1e+07         7.5e+06  3.862e-06   1.115e-05   4.047e-06           0   1.906e-05     0.02372    NR2D0
Fp13166A                         1.25e+07        1.25e+07  4.121e-06    1.12e-05   3.493e-06           0   1.881e-05     0.02341    CKND0
p18107A3692__5477                   1e+07           1e+07  4.983e-06   9.848e-06    3.91e-06           0   1.874e-05     0.02332    CKND2D0
p17734A__9315                       1e+07           1e+07  5.322e-06   8.436e-06   4.646e-06           0    1.84e-05      0.0229    NR2D0
p17825A__6161                       1e+07           1e+07  5.403e-06    8.17e-06   4.646e-06           0   1.822e-05     0.02267    NR2D0
p18288A__7482                       1e+07       3.125e+06  8.512e-06   1.382e-06   8.297e-06           0   1.819e-05     0.02263    INR2D0
p13166A__5107                       1e+07           1e+07  5.101e-06   8.242e-06   4.646e-06           0   1.799e-05     0.02238    NR2D0
p17647A__9945                       1e+07           1e+07  5.315e-06   7.963e-06   4.646e-06           0   1.792e-05      0.0223    NR2D0
Fp17729A                            1e+07           1e+07  3.348e-06    1.11e-05    3.21e-06           0   1.766e-05     0.02198    CKND0
p13216A__5526                       1e+07           1e+07  5.096e-06   7.652e-06   4.646e-06           0   1.739e-05     0.02164    NR2D0
p13310A__3680                       1e+07           1e+07  4.821e-06   8.654e-06    3.91e-06           0   1.738e-05     0.02163    CKND2D0
p13375A__5115                    1.25e+07       1.035e+07  5.394e-06   7.763e-06    4.15e-06           0   1.731e-05     0.02153    NR2D0
p18081A__6260                       1e+07           1e+07  5.501e-06   6.838e-06   4.646e-06           0   1.699e-05     0.02113    NR2D0
p13233A__2802                       1e+07           1e+07  4.816e-06   8.248e-06    3.91e-06           0   1.697e-05     0.02112    CKND2D0
p13374A__1617                       1e+07           1e+07  4.871e-06   8.169e-06    3.91e-06           0   1.695e-05     0.02109    CKND2D0
p18415A__2883                       1e+07       3.125e+06  5.539e-06   2.802e-06   7.613e-06           0   1.595e-05     0.01985    IND2D0
FE_PHC58_n_71                   3.125e+06       3.125e+06  3.355e-06   4.594e-06   7.612e-06           0   1.556e-05     0.01936    CKBD0
p18451A__9945                       1e+07       3.125e+06  5.542e-06   2.399e-06   7.613e-06           0   1.555e-05     0.01935    IND2D0
p18328A__3680                       1e+07           5e+06  2.447e-06   8.766e-06   3.105e-06           0   1.432e-05     0.01782    CKND2D0
p17833A__1617                    1.25e+07       1.062e+07  5.518e-06   4.277e-06    4.41e-06           0    1.42e-05     0.01767    NR2D0
Fp17843A                            1e+07           1e+07  3.259e-06   7.339e-06    3.21e-06           0   1.381e-05     0.01718    CKND0
Fp18292A                            1e+07           1e+07  3.288e-06   6.544e-06   3.713e-06           0   1.354e-05     0.01685    CKND0
p18274A__8246                       1e+07           5e+06  6.311e-06   3.501e-06   3.597e-06           0   1.341e-05     0.01668    ND4D0
Fp18131A                            1e+07           1e+07  3.215e-06   5.142e-06   4.216e-06           0   1.257e-05     0.01564    CKND0
p13392A__1705                    1.25e+07         7.5e+06    4.1e-06   4.397e-06   3.556e-06           0   1.205e-05       0.015    NR2D0
Fp18786A                            1e+07           1e+07  3.647e-06    4.35e-06   3.713e-06           0   1.171e-05     0.01457    CKND0
p17726A__5107                    1.25e+07        8.75e+06  4.569e-06   3.923e-06   3.197e-06           0   1.169e-05     0.01455    CKND2D0
Fp18018A                            1e+07           1e+07  3.631e-06   4.307e-06   3.713e-06           0   1.165e-05      0.0145    CKND0
Fp13384A                         1.25e+07        1.25e+07  3.982e-06   3.829e-06   3.839e-06           0   1.165e-05     0.01449    CKND0
p17878A__7410                   3.014e+06            4366  2.138e-06   5.034e-09   9.187e-06           0   1.133e-05      0.0141    INR3D0
p17756A__2802                       1e+07         7.5e+06  3.955e-06   3.323e-06   4.047e-06           0   1.133e-05     0.01409    NR2D0
p17629A__2398                    1.25e+07        8.75e+06  4.569e-06   3.416e-06   3.197e-06           0   1.118e-05     0.01391    CKND2D0
p17867A__5477                   1.235e+07       3.014e+06   3.79e-06   4.609e-06   2.597e-06           0     1.1e-05     0.01368    OAI211D0
Fp18082A                            1e+07           1e+07   3.23e-06   3.928e-06    3.21e-06           0   1.037e-05      0.0129    CKND0
p18183A__1881                       1e+07           5e+06  2.406e-06   4.674e-06   3.105e-06           0   1.018e-05     0.01267    CKND2D0
p17946A__5107                   1.562e+07       2.684e+06  4.271e-06   3.168e-06   2.695e-06           0   1.013e-05     0.01261    ND4D0
p18339A__2346                       1e+07       3.125e+06  1.658e-06    3.95e-06   3.598e-06           0   9.207e-06     0.01146    NR2D0
p18227A__2883                       1e+07       8.813e+04  6.339e-07   1.435e-07   7.599e-06           0   8.376e-06     0.01042    IND3D0
Fp18114A                        3.125e+06       3.125e+06  1.032e-06   1.269e-06   4.657e-06           0   6.958e-06    0.008658    CKND0
p18368A__4319                       1e+07       1.876e+06  9.354e-07   3.102e-06   2.904e-06           0   6.941e-06    0.008637    CKND2D0
p18118A__9315                       1e+07       1.874e+06  1.214e-06   1.919e-06   3.523e-06           0   6.656e-06    0.008282    NR2D0
Fp18296A                        8.813e+04       8.813e+04  2.986e-08   5.263e-08   4.719e-06           0   4.801e-06    0.005974    CKND0
p18221A__9315                       1e+07            2456  6.974e-07   1.247e-09   3.393e-06           0   4.091e-06    0.005091    OAI211D0
p18222A3674__4733                   1e+07            2456  5.241e-07   1.388e-09   3.393e-06           0   3.918e-06    0.004875    OAI211D0
p18222A__7482                       1e+07            2302  3.963e-07   1.151e-09   3.515e-06           0   3.912e-06    0.004868    OAI211D0
p18222A3675__6161                   1e+07            2216  2.402e-07   8.976e-10   3.526e-06           0   3.767e-06    0.004687    OAI211D0
p17850A__6260                       1e+07       1.652e+05  8.463e-07   2.937e-07   2.107e-06           0   3.247e-06    0.004041    OAI211D0
Fp18200A                             4366            4366  1.547e-09   1.238e-08   2.706e-06           0    2.72e-06    0.003385    CKND0
LTIELO                                  0               0          0           0   7.574e-07           0   7.574e-07   0.0009424    TIEL
LTIELO_1                                0               0          0           0   7.574e-07           0   7.574e-07   0.0009424    TIEL
LTIELO_2                                0               0          0           0   7.574e-07           0   7.574e-07   0.0009424    TIEL
----------------------------------------------------------------------------------------------------------------------------
Total                                                        0.02249     0.04887    0.009011           0     0.08037         100    


-----------------------------------------------------------------------------------------
*	Power Distribution Summary: 
*                Highest Average Power:       FE_OFC2_c_col_idx_8 (CKND12):         0.004666 
*                Highest Leakage Power:      FE_OFC16_c_col_idx_2 (BUFFD12):        0.0002012 
*          Total Cap:      1.0616e-11 F
*          Total instances in design:   281
*          Total instances in design with no power:     0
*          Total instances in design with no activity:     0
*          Total Fillers and Decap:     0
-----------------------------------------------------------------------------------------

