*----------------------------------------------------------------------------------------
*	Innovus 21.16-s078_1 (64bit) 12/07/2022 12:07 (Linux 3.10.0-693.el7.x86_64)
*	
*
* 	Date & Time:	2026-Mar-22 14:16:09 (2026-Mar-22 18:16:09 GMT)
*
*----------------------------------------------------------------------------------------
*
*	Design: output_idx_controller
*
*	Liberty Libraries used: 
*	        av_normal_max: /courses/ee6350/pdk2023/T-N65-CM-SP-018-K3_MOM/digital/Front_End/timing_power_noise/NLDM/tcbn65gplus_200a/tcbn65gpluswc.lib
*
*	Power Domain used: 
*              Rail:       DVDD      Voltage:        0.9 
*
*       Power View : av_normal_max
*
*       User-Defined Activity : N.A.
*
*       Activity File: N.A.
*
*       Hierarchical Global Activity: N.A.
*
*       Global Activity: N.A.
*
*       Sequential Element Activity: 0.200000
*
*       Primary Input Activity: 0.200000
*
*       Default icg ratio: N.A.
*
*       Global Comb ClockGate Ratio: N.A.
*
*	Power Units = 1mW
*
*	Time Units = 1e-09 secs 
*
*       report_power -o ../report
*
-----------------------------------------------------------------------------------------


Total Power 
-----------------------------------------------------------------------------------------
Total Internal Power:        0.02248963 	   27.9831%
Total Switching Power:       0.04886762 	   60.8044%
Total Leakage Power:         0.00901132 	   11.2125%
Total Glitch Power:          0.00000000 	    0.0000%
Total Power:                 0.08036856 
-----------------------------------------------------------------------------------------


Group                           Internal   Switching     Leakage       Glitch       Total  Percentage 
                                Power      Power         Power         Power        Power  (%)        
-----------------------------------------------------------------------------------------
Sequential                       0.01213   0.0004249    0.001671           0     0.01422        17.7 
Macro                                  0           0           0           0           0           0 
IO                                     0           0   2.272e-06           0   2.272e-06    0.002827 
Combinational                    0.01018     0.04663      0.0073           0      0.0641       79.76 
Clock (Combinational)          0.0001859    0.001817   3.738e-05           0     0.00204       2.538 
Clock (Sequential)                     0           0           0           0           0           0 
-----------------------------------------------------------------------------------------
Total                            0.02249     0.04887    0.009011           0     0.08037         100 
-----------------------------------------------------------------------------------------


Clock                           Internal   Switching     Leakage       Glitch       Total  Percentage 
                                Power      Power         Power         Power        Power  (%)        
-----------------------------------------------------------------------------------------
clk                            0.0001859    0.001817   3.738e-05           0     0.00204       2.538 
-----------------------------------------------------------------------------------------
Total (excluding duplicates)   0.0001859    0.001817   3.738e-05           0     0.00204       2.538 
-----------------------------------------------------------------------------------------
Clock: clk
Clock Period: 0.020000 usec 
Clock Toggle Rate:   100.0000 Mhz 
Clock Static Probability:  0.5000



Rail                  Voltage   Internal   Switching     Leakage       Glitch       Total  Percentage 
                                Power      Power         Power         Power        Power  (%)        
-----------------------------------------------------------------------------------------
DVDD                      0.9    0.02249     0.04887    0.009011           0     0.08037         100 


-----------------------------------------------------------------------------------------
*	Power Distribution Summary: 
*                Highest Average Power:       FE_OFC2_c_col_idx_8 (CKND12):         0.004666 
*                Highest Leakage Power:      FE_OFC16_c_col_idx_2 (BUFFD12):        0.0002012 
*          Total Cap:      1.0616e-11 F
*          Total instances in design:   281
*          Total instances in design with no power:     0
*          Total instances in design with no activity:     0
*          Total Fillers and Decap:     0
-----------------------------------------------------------------------------------------

