============================================================
  Generated by:           Genus(TM) Synthesis Solution 21.16-s062_1
  Generated on:           Mar 22 2026  04:57:07 pm
  Module:                 tpu_core
  Operating conditions:   WCCOM (balanced_tree)
  Wireload mode:          segmented
  Area mode:              timing library
============================================================


Path 1: UNCONSTRAINED
           Mode: default_mode
     Startpoint: (F) clk
          Clock: (F) clk
       Endpoint: (F) scale_multiplier/data_out_reg[263]/clk

                     Capture    Launch     
        Clock Edge:+       -     10000     
        Drv Adjust:+       0         0     
       Src Latency:+       -         0     
       Net Latency:+       -         0 (I) 
           Arrival:=       -     10000     
                                           
      Launch Clock:-   10000               
       Input Delay:-       0               
         Data Path:-       0               

Exceptions/Constraints:
  input_delay              0              create_clock_delay_domain_1_clk_F_0 

#-----------------------------------------------------------------------------------------------------------------------
#             Timing Point                Flags    Arc   Edge      Cell        Fanout Load Trans Delay Arrival Instance 
#                                                                                     (fF)  (ps)  (ps)   (ps)  Location 
#-----------------------------------------------------------------------------------------------------------------------
  clk                                    <<< (i,u) -     F     (arrival)         5554  0.0     0     0   10000    (-,-) 
  scale_multiplier/data_out_reg[263]/clk -         -     F     unmapped_d_flop   5554    -     -     0   10000    (-,-) 
#-----------------------------------------------------------------------------------------------------------------------

(u) : Net has unmapped pin(s).
(i) : Net is ideal.


