============================================================
  Generated by:           Genus(TM) Synthesis Solution 21.16-s062_1
  Generated on:           Mar 22 2026  04:57:08 pm
  Module:                 tpu_core
  Operating conditions:   WCCOM (balanced_tree)
  Wireload mode:          segmented
  Area mode:              timing library
============================================================

# SETUP                   WNS  TNS    FEP 
# ------------------------------------------
 View: ALL            10858.9  0.0      0 
    Group : C2C       16068.5  0.0      0 
    Group : C2O       11296.2  0.0      0 
    Group : clk           N/A  N/A    N/A 
    Group : default       N/A  N/A    N/A 
    Group : I2C       15631.2  0.0      0 
    Group : I2O       10858.9  0.0      0 

# ------------------------------------------
# DRV                        WNS  TNS  FEP 
# -------------------------------------------
 View: ALL                                 
    Check: max_transition    N/A  N/A    0 
    Check: max_capacitance   N/A  N/A    0 
    Check: max_fanout        N/A  N/A    0 

# -------------------------------------------
