============================================================
  Generated by:           Genus(TM) Synthesis Solution 21.16-s062_1
  Generated on:           Mar 22 2026  04:57:21 pm
  Module:                 tpu_core
  Operating conditions:   WCCOM (balanced_tree)
  Wireload mode:          segmented
  Area mode:              timing library
============================================================

	Timing
	------
    Endpoint     Slack  Cost Group      Mode      
--------------------------------------------------
bias_sram_rd_en   10859        I2O   default_mode 
	Area
	----

Instance Module  Cell Count  Cell Area  Net Area   Total Area      Wireload     
--------------------------------------------------------------------------------
tpu_core             205163 720049.850     0.000   720049.850 ZeroWireload (S)  
  (S) = wireload was automatically selected

	Design Rule Check
	-----------------

Max_transition design rule: no violations.

Max_capacitance design rule: no violations.



