============================================================
  Generated by:           Genus(TM) Synthesis Solution 21.16-s062_1
  Generated on:           Mar 22 2026  04:57:09 pm
  Module:                 tpu_core
  Operating conditions:   WCCOM (balanced_tree)
  Wireload mode:          segmented
  Area mode:              timing library
============================================================

Timing
--------

Analysis view Clock  Period 
----------------------------
default_mode  clk   20000.0 


  Analysis     Cost   Critical        Violating 
    View      Group  Path Slack  TNS    Paths   
------------------------------------------------
default_mode     C2C    16068.5  0.0          0 
                 C2O    11296.2  0.0          0 
                 clk   No paths  0.0          0 
             default   No paths  0.0          0 
                 I2C    15631.2  0.0          0 
                 I2O    10858.9  0.0          0 
------------------------------------------------
Total                           -0.0          0 
                                                

Instance Count
--------------
Leaf Instance Count             205163 
Physical Instance count              0 
Sequential Instance Count         5554 
Combinational Instance Count    199609 
Hierarchical Instance Count        910 
Warning : Performing RTL power analysis without power models. [PA-19]
        : Design design:tpu_core has not been generic synthesized.
        : For more accurate results, perform RTL power analysis using detailed power models after 'syn_gen' step followed by the 'build_rtl_power_models' command.
For more accurate power reporting use build_rtl_power_models after generic synthesis.
Warning : Duplicate when conditions found. [LBR-96]
        : Overwriting the old leakage_power value for the when condition (((I) & (!(OE))) & (!(Z))) with the new value for the when condition (((!(I)) & (!(OE))) & (Z)) for cell BUFTD16.
        : Ignoring the earlier when conditions and using the latest condition.
Warning : Duplicate when conditions found. [LBR-96]
        : Overwriting the old leakage_power value for the when condition (((I) & (!(OE))) & (!(Z))) with the new value for the when condition (((!(I)) & (!(OE))) & (Z)) for cell BUFTD12.
Warning : Duplicate when conditions found. [LBR-96]
        : Overwriting the old leakage_power value for the when condition (((I) & (!(OE))) & (!(Z))) with the new value for the when condition (((!(I)) & (!(OE))) & (Z)) for cell BUFTD6.
Warning : Duplicate when conditions found. [LBR-96]
        : Overwriting the old leakage_power value for the when condition (((I) & (!(OE))) & (!(Z))) with the new value for the when condition (((!(I)) & (!(OE))) & (Z)) for cell BUFTD8.
Warning : Duplicate when conditions found. [LBR-96]
        : Overwriting the old leakage_power value for the when condition (((I) & (!(OE))) & (!(Z))) with the new value for the when condition (((!(I)) & (!(OE))) & (Z)) for cell BUFTD1.
Warning : Duplicate when conditions found. [LBR-96]
        : Overwriting the old leakage_power value for the when condition (((I) & (!(OE))) & (!(Z))) with the new value for the when condition (((!(I)) & (!(OE))) & (Z)) for cell BUFTD3.
Warning : Duplicate when conditions found. [LBR-96]
        : Overwriting the old leakage_power value for the when condition (((I) & (!(OE))) & (!(Z))) with the new value for the when condition (((!(I)) & (!(OE))) & (Z)) for cell BUFTD4.
Warning : Duplicate when conditions found. [LBR-96]
        : Overwriting the old leakage_power value for the when condition (((I) & (!(OE))) & (!(Z))) with the new value for the when condition (((!(I)) & (!(OE))) & (Z)) for cell BUFTD2.
Warning : Duplicate when conditions found. [LBR-96]
        : Overwriting the old leakage_power value for the when condition (((I) & (!(OE))) & (!(Z))) with the new value for the when condition (((!(I)) & (!(OE))) & (Z)) for cell BUFTD0.

Area
----
Cell Area                          720049.850
Physical Cell Area                 0.000
Total Cell Area (Cell+Physical)    720049.850
Net Area                           0.000
Total Area (Cell+Physical+Net)     720049.850

Power
-----
Leakage Power                      2028728.487 nW
Dynamic Power                      11629174.252 nW
Total Power                        13657902.739 nW

Max Fanout                         5554 (clk)
Min Fanout                         0 (tile_num[6])
Average Fanout                     1.9
Terms to net ratio                 2.9086
Terms to instance ratio            3.1229
Runtime                            42.152827 seconds
Elapsed Runtime                    44 seconds
Genus peak memory usage            1761.08 
Innovus peak memory usage          no_value 
Hostname                           cadpc19.ee.columbia.edu
