============================================================
  Generated by:           Genus(TM) Synthesis Solution 21.16-s062_1
  Generated on:           Mar 22 2026  04:57:08 pm
  Module:                 tpu_core
  Operating conditions:   WCCOM (balanced_tree)
  Wireload mode:          segmented
  Area mode:              timing library
============================================================


Path 1: MET (10859 ps) Late External Delay Assertion at pin bias_sram_rd_en
           Mode: default_mode
          Group: I2O
     Startpoint: (R) n[0]
          Clock: (R) clk
       Endpoint: (R) bias_sram_rd_en
          Clock: (R) clk

                     Capture       Launch     
        Clock Edge:+   20000            0     
        Drv Adjust:+       0            0     
       Src Latency:+       0            0     
       Net Latency:+       0 (I)        0 (I) 
           Arrival:=   20000            0     
                                              
      Output Delay:-    5000                  
       Uncertainty:-     150                  
     Required Time:=   14850                  
      Launch Clock:-       0                  
       Input Delay:-     250                  
         Data Path:-    3741                  
             Slack:=   10859                  

Exceptions/Constraints:
  input_delay              250             tpu_core.sdc_line_28_16_1  
  output_delay             5000            tpu_core.sdc_line_31_851_1 

#--------------------------------------------------------------------------------------------------------------------------------------------------------------
#                                Timing Point                                  Flags     Arc    Edge      Cell       Fanout  Load Trans Delay Arrival Instance 
#                                                                                                                            (fF)  (ps)  (ps)   (ps)  Location 
#--------------------------------------------------------------------------------------------------------------------------------------------------------------
  n[0]                                                                         (u)     -        R     (arrival)           6 513.8     0     0     250    (-,-) 
  sub_77_43/g61/z                                                              (u)     in_0->z  F     unmapped_not        1   2.3     0    13     263    (-,-) 
  sub_77_43/g4/z                                                               (u)     in_0->z  R     unmapped_nand2      2   4.6     0    25     288    (-,-) 
  sub_77_43/g70/z                                                              (u)     in_0->z  F     unmapped_not        1   2.3     0    13     300    (-,-) 
  sub_77_43/g19/z                                                              (u)     in_1->z  R     unmapped_nand2      2   4.6     0    25     325    (-,-) 
  sub_77_43/g72/z                                                              (u)     in_0->z  F     unmapped_not        2   4.6     0    16     342    (-,-) 
  sub_77_43/g30/z                                                              (u)     in_1->z  R     unmapped_nand2      1   2.3     0    21     363    (-,-) 
  sub_77_43/g52/z                                                              (u)     in_0->z  R     unmapped_xnor2      1   2.3     0    50     413    (-,-) 
  systolic_array_wrapper/systolic_array_8X8/add_32_49/g52/z                    (u)     in_0->z  F     unmapped_not        2   4.6     0    16     430    (-,-) 
  systolic_array_wrapper/systolic_array_8X8/add_32_49/g22/z                    (u)     in_1->z  R     unmapped_nor2       1   2.3     0    21     451    (-,-) 
  systolic_array_wrapper/systolic_array_8X8/add_32_49/g30/z                    (u)     in_0->z  F     unmapped_nand2      1   2.3     0    21     472    (-,-) 
  systolic_array_wrapper/systolic_array_8X8/add_32_49/g59/z                    (u)     in_0->z  R     unmapped_not        3   6.9     0    20     492    (-,-) 
  systolic_array_wrapper/systolic_array_8X8/add_32_49/g33/z                    (u)     in_0->z  F     unmapped_nand2      1   2.3     0    21     513    (-,-) 
  systolic_array_wrapper/systolic_array_8X8/add_32_49/g60/z                    (u)     in_0->z  R     unmapped_not        1   2.3     0    13     526    (-,-) 
  systolic_array_wrapper/systolic_array_8X8/add_32_49/g48/z                    (u)     in_0->z  F     unmapped_xnor2     13  29.9     0    75     600    (-,-) 
  systolic_array_wrapper/systolic_array_8X8/add_34_41/g117/z                   (u)     in_0->z  R     unmapped_not        2   4.6     0    16     617    (-,-) 
  systolic_array_wrapper/systolic_array_8X8/add_34_41/g105/z                   (u)     in_1->z  F     unmapped_xnor2      2   4.6     0    54     671    (-,-) 
  systolic_array_wrapper/systolic_array_8X8/sub_36_56/g8/z                     (u)     in_0->z  R     unmapped_not        2   4.6     0    16     687    (-,-) 
  systolic_array_wrapper/systolic_array_8X8/sub_36_56/g33/z                    (u)     in_1->z  F     unmapped_nor2       3   6.9     0    28     715    (-,-) 
  systolic_array_wrapper/systolic_array_8X8/sub_36_56/g52/z                    (u)     in_1->z  R     unmapped_nor2       1   2.3     0    21     737    (-,-) 
  systolic_array_wrapper/systolic_array_8X8/sub_36_56/g54/z                    (u)     in_0->z  F     unmapped_nor2       2   4.6     0    25     762    (-,-) 
  systolic_array_wrapper/systolic_array_8X8/sub_36_56/g81/z                    (u)     in_1->z  R     unmapped_nor2       2   4.6     0    25     787    (-,-) 
  systolic_array_wrapper/systolic_array_8X8/sub_36_56/g89/z                    (u)     in_0->z  F     unmapped_nor2       2   4.6     0    25     812    (-,-) 
  systolic_array_wrapper/systolic_array_8X8/sub_36_56/g195/z                   (u)     in_0->z  R     unmapped_not        3   6.9     0    20     831    (-,-) 
  systolic_array_wrapper/systolic_array_8X8/sub_36_56/g123/z                   (u)     in_0->z  F     unmapped_nor2       1   2.3     0    21     852    (-,-) 
  systolic_array_wrapper/systolic_array_8X8/sub_36_56/g145/z                   (u)     in_0->z  R     unmapped_nand2      1   2.3     0    21     874    (-,-) 
  systolic_array_wrapper/systolic_array_8X8/sub_36_56/g185/z                   (u)     in_0->z  F     unmapped_xnor2      7  16.1     0    65     939    (-,-) 
  systolic_array_wrapper/systolic_array_8X8/rem_38_56/g23/z                    (u)     in_0->z  R     unmapped_nand2      2   4.6     0    25     964    (-,-) 
  systolic_array_wrapper/systolic_array_8X8/rem_38_56/g320/z                   (u)     in_1->z  F     unmapped_nand2      1   2.3     0    21     985    (-,-) 
  systolic_array_wrapper/systolic_array_8X8/rem_38_56/g162/z                   (u)     in_1->z  F     unmapped_xnor2      1   2.3     0    50    1035    (-,-) 
  systolic_array_wrapper/systolic_array_8X8/rem_38_56/g1562/z                  (u)     data3->z F     unmapped_mux8       7  16.1     0    85    1120    (-,-) 
  systolic_array_wrapper/systolic_array_8X8/rem_38_56/g539/z                   (u)     in_0->z  R     unmapped_nand2      2   4.6     0    25    1145    (-,-) 
  systolic_array_wrapper/systolic_array_8X8/rem_38_56/g589/z                   (u)     in_1->z  F     unmapped_nand2      1   2.3     0    21    1166    (-,-) 
  systolic_array_wrapper/systolic_array_8X8/rem_38_56/g590/z                   (u)     in_1->z  F     unmapped_xnor2      1   2.3     0    50    1217    (-,-) 
  systolic_array_wrapper/systolic_array_8X8/rem_38_56/g1564/z                  (u)     data3->z F     unmapped_mux8       7  16.1     0    85    1302    (-,-) 
  systolic_array_wrapper/systolic_array_8X8/rem_38_56/g748/z                   (u)     in_0->z  R     unmapped_nor2       3   6.9     0    28    1330    (-,-) 
  systolic_array_wrapper/systolic_array_8X8/rem_38_56/g757/z                   (u)     in_1->z  F     unmapped_nor2       1   2.3     0    21    1351    (-,-) 
  systolic_array_wrapper/systolic_array_8X8/rem_38_56/g771/z                   (u)     in_0->z  R     unmapped_nand2      1   2.3     0    21    1372    (-,-) 
  systolic_array_wrapper/systolic_array_8X8/rem_38_56/g784/z                   (u)     in_0->z  F     unmapped_not        1   2.3     0    13    1385    (-,-) 
  systolic_array_wrapper/systolic_array_8X8/rem_38_56/g785/z                   (u)     in_1->z  R     unmapped_nand2      1   2.3     0    21    1406    (-,-) 
  systolic_array_wrapper/systolic_array_8X8/rem_38_56/g786/z                   (u)     in_1->z  F     unmapped_nand2      1   2.3     0    21    1427    (-,-) 
  systolic_array_wrapper/systolic_array_8X8/rem_38_56/g801/z                   (u)     in_1->z  R     unmapped_nand2      1   2.3     0    21    1449    (-,-) 
  systolic_array_wrapper/systolic_array_8X8/rem_38_56/g833/z                   (u)     in_0->z  F     unmapped_not        1   2.3     0    13    1461    (-,-) 
  systolic_array_wrapper/systolic_array_8X8/rem_38_56/g802/z                   (u)     in_0->z  R     unmapped_nand2      2   4.6     0    25    1486    (-,-) 
  systolic_array_wrapper/systolic_array_8X8/rem_38_56/g27/z                    (u)     in_0->z  F     unmapped_not        1   2.3     0    13    1499    (-,-) 
  systolic_array_wrapper/systolic_array_8X8/rem_38_56/g28/z                    (u)     in_0->z  F     unmapped_and2       6  13.8     0    34    1533    (-,-) 
  systolic_array_wrapper/systolic_array_8X8/rem_38_56/g1570/z                  (u)     sel2->z  F     unmapped_mux8       7  16.1     0    85    1618    (-,-) 
  systolic_array_wrapper/systolic_array_8X8/rem_38_56/g1088/z                  (u)     in_0->z  R     unmapped_nor2       3   6.9     0    28    1647    (-,-) 
  systolic_array_wrapper/systolic_array_8X8/rem_38_56/g1099/z                  (u)     in_1->z  F     unmapped_nor2       1   2.3     0    21    1668    (-,-) 
  systolic_array_wrapper/systolic_array_8X8/rem_38_56/g1101/z                  (u)     in_0->z  R     unmapped_nor2       3   6.9     0    28    1696    (-,-) 
  systolic_array_wrapper/systolic_array_8X8/rem_38_56/g1122/z                  (u)     in_0->z  F     unmapped_nor2       1   2.3     0    21    1717    (-,-) 
  systolic_array_wrapper/systolic_array_8X8/rem_38_56/g81/z                    (u)     in_0->z  R     unmapped_nor2       1   2.3     0    21    1738    (-,-) 
  systolic_array_wrapper/systolic_array_8X8/rem_38_56/g1139/z                  (u)     in_0->z  F     unmapped_nand2      1   2.3     0    21    1760    (-,-) 
  systolic_array_wrapper/systolic_array_8X8/rem_38_56/g1154/z                  (u)     in_1->z  R     unmapped_nand2      1   2.3     0    21    1781    (-,-) 
  systolic_array_wrapper/systolic_array_8X8/rem_38_56/g1188/z                  (u)     in_0->z  F     unmapped_not        1   2.3     0    13    1793    (-,-) 
  systolic_array_wrapper/systolic_array_8X8/rem_38_56/g1155/z                  (u)     in_0->z  R     unmapped_nand2      2   4.6     0    25    1818    (-,-) 
  systolic_array_wrapper/systolic_array_8X8/rem_38_56/g39/z                    (u)     in_0->z  F     unmapped_not        1   2.3     0    13    1831    (-,-) 
  systolic_array_wrapper/systolic_array_8X8/rem_38_56/g40/z                    (u)     in_0->z  F     unmapped_and2       8  18.4     0    38    1869    (-,-) 
  systolic_array_wrapper/systolic_array_8X8/rem_38_56/g1578/z                  (u)     sel2->z  F     unmapped_mux8       7  16.1     0    85    1954    (-,-) 
  systolic_array_wrapper/systolic_array_8X8/rem_38_56/g1340/z                  (u)     in_0->z  R     unmapped_nor2       3   6.9     0    28    1982    (-,-) 
  systolic_array_wrapper/systolic_array_8X8/rem_38_56/g1356/z                  (u)     in_1->z  F     unmapped_nor2       1   2.3     0    21    2003    (-,-) 
  systolic_array_wrapper/systolic_array_8X8/rem_38_56/g1358/z                  (u)     in_0->z  R     unmapped_nor2       3   6.9     0    28    2032    (-,-) 
  systolic_array_wrapper/systolic_array_8X8/rem_38_56/g1380/z                  (u)     in_0->z  F     unmapped_nor2       1   2.3     0    21    2053    (-,-) 
  systolic_array_wrapper/systolic_array_8X8/rem_38_56/g1382/z                  (u)     in_0->z  R     unmapped_nor2       1   2.3     0    21    2074    (-,-) 
  systolic_array_wrapper/systolic_array_8X8/rem_38_56/g1401/z                  (u)     in_0->z  F     unmapped_nand2      3   6.9     0    28    2102    (-,-) 
  systolic_array_wrapper/systolic_array_8X8/rem_38_56/g1423/z                  (u)     in_1->z  R     unmapped_nand2      1   2.3     0    21    2123    (-,-) 
  systolic_array_wrapper/systolic_array_8X8/rem_38_56/g1424/z                  (u)     in_1->z  F     unmapped_nand2      1   2.3     0    21    2144    (-,-) 
  systolic_array_wrapper/systolic_array_8X8/rem_38_56/g1425/z                  (u)     in_0->z  R     unmapped_nand2      2   4.6     0    25    2169    (-,-) 
  systolic_array_wrapper/systolic_array_8X8/rem_38_56/g51/z                    (u)     in_0->z  F     unmapped_not        1   2.3     0    13    2182    (-,-) 
  systolic_array_wrapper/systolic_array_8X8/rem_38_56/g52/z                    (u)     in_0->z  F     unmapped_and2      10  23.0     0    41    2223    (-,-) 
  systolic_array_wrapper/systolic_array_8X8/rem_38_56/g1885/z                  (u)     sel2->z  F     unmapped_mux8       7  16.1     0    85    2308    (-,-) 
  systolic_array_wrapper/systolic_array_8X8/rem_38_56/g2075/z                  (u)     in_0->z  R     unmapped_nor2       3   6.9     0    28    2336    (-,-) 
  systolic_array_wrapper/systolic_array_8X8/rem_38_56/g2095/z                  (u)     in_1->z  F     unmapped_nor2       1   2.3     0    21    2358    (-,-) 
  systolic_array_wrapper/systolic_array_8X8/rem_38_56/g2097/z                  (u)     in_0->z  R     unmapped_nor2       3   6.9     0    28    2386    (-,-) 
  systolic_array_wrapper/systolic_array_8X8/rem_38_56/g2124/z                  (u)     in_0->z  F     unmapped_nor2       1   2.3     0    21    2407    (-,-) 
  systolic_array_wrapper/systolic_array_8X8/rem_38_56/g2126/z                  (u)     in_0->z  R     unmapped_nor2       1   2.3     0    21    2428    (-,-) 
  systolic_array_wrapper/systolic_array_8X8/rem_38_56/g2150/z                  (u)     in_0->z  F     unmapped_nand2      5  11.5     0    32    2460    (-,-) 
  systolic_array_wrapper/systolic_array_8X8/rem_38_56/g2177/z                  (u)     in_1->z  R     unmapped_nand2      1   2.3     0    21    2482    (-,-) 
  systolic_array_wrapper/systolic_array_8X8/rem_38_56/g2178/z                  (u)     in_1->z  F     unmapped_nand2      1   2.3     0    21    2503    (-,-) 
  systolic_array_wrapper/systolic_array_8X8/rem_38_56/g2179/z                  (u)     in_0->z  R     unmapped_nand2      2   4.6     0    25    2528    (-,-) 
  systolic_array_wrapper/systolic_array_8X8/rem_38_56/g63/z                    (u)     in_0->z  F     unmapped_not        1   2.3     0    13    2540    (-,-) 
  systolic_array_wrapper/systolic_array_8X8/rem_38_56/g64/z                    (u)     in_0->z  F     unmapped_and2      12  27.6     0    44    2584    (-,-) 
  systolic_array_wrapper/systolic_array_8X8/rem_38_56/g2390/z                  (u)     sel2->z  F     unmapped_mux8       7  16.1     0    85    2670    (-,-) 
  systolic_array_wrapper/systolic_array_8X8/rem_38_56/g2600/z                  (u)     in_0->z  R     unmapped_nor2       3   6.9     0    28    2698    (-,-) 
  systolic_array_wrapper/systolic_array_8X8/rem_38_56/g2624/z                  (u)     in_1->z  F     unmapped_nor2       1   2.3     0    21    2719    (-,-) 
  systolic_array_wrapper/systolic_array_8X8/rem_38_56/g2626/z                  (u)     in_0->z  R     unmapped_nor2       3   6.9     0    28    2747    (-,-) 
  systolic_array_wrapper/systolic_array_8X8/rem_38_56/g2656/z                  (u)     in_0->z  F     unmapped_nor2       1   2.3     0    21    2768    (-,-) 
  systolic_array_wrapper/systolic_array_8X8/rem_38_56/g2658/z                  (u)     in_0->z  R     unmapped_nor2       1   2.3     0    21    2789    (-,-) 
  systolic_array_wrapper/systolic_array_8X8/rem_38_56/g2685/z                  (u)     in_0->z  F     unmapped_nand2      7  16.1     0    36    2825    (-,-) 
  systolic_array_wrapper/systolic_array_8X8/rem_38_56/g2718/z                  (u)     in_1->z  R     unmapped_nand2      1   2.3     0    21    2847    (-,-) 
  systolic_array_wrapper/systolic_array_8X8/rem_38_56/g2719/z                  (u)     in_1->z  F     unmapped_nand2      1   2.3     0    21    2868    (-,-) 
  systolic_array_wrapper/systolic_array_8X8/rem_38_56/g2720/z                  (u)     in_0->z  R     unmapped_nand2      2   4.6     0    25    2893    (-,-) 
  systolic_array_wrapper/systolic_array_8X8/rem_38_56/g75/z                    (u)     in_0->z  F     unmapped_not        1   2.3     0    13    2906    (-,-) 
  systolic_array_wrapper/systolic_array_8X8/rem_38_56/g76/z                    (u)     in_0->z  F     unmapped_and2      14  32.2     0    47    2953    (-,-) 
  systolic_array_wrapper/systolic_array_8X8/rem_38_56/g2954/z                  (u)     sel2->z  F     unmapped_mux8       7  16.1     0    85    3038    (-,-) 
  systolic_array_wrapper/systolic_array_8X8/rem_38_56/g3184/z                  (u)     in_0->z  R     unmapped_nor2       3   6.9     0    28    3066    (-,-) 
  systolic_array_wrapper/systolic_array_8X8/rem_38_56/g3212/z                  (u)     in_1->z  F     unmapped_nor2       1   2.3     0    21    3087    (-,-) 
  systolic_array_wrapper/systolic_array_8X8/rem_38_56/g3214/z                  (u)     in_0->z  R     unmapped_nor2       3   6.9     0    28    3115    (-,-) 
  systolic_array_wrapper/systolic_array_8X8/rem_38_56/g3247/z                  (u)     in_0->z  F     unmapped_nor2       1   2.3     0    21    3136    (-,-) 
  systolic_array_wrapper/systolic_array_8X8/rem_38_56/g3249/z                  (u)     in_0->z  R     unmapped_nor2       1   2.3     0    21    3158    (-,-) 
  systolic_array_wrapper/systolic_array_8X8/rem_38_56/g3281/z                  (u)     in_0->z  F     unmapped_nand2      9  20.7     0    39    3197    (-,-) 
  systolic_array_wrapper/systolic_array_8X8/rem_38_56/g3316/z                  (u)     in_1->z  R     unmapped_nand2      1   2.3     0    21    3218    (-,-) 
  systolic_array_wrapper/systolic_array_8X8/rem_38_56/g3317/z                  (u)     in_1->z  F     unmapped_nand2      1   2.3     0    21    3239    (-,-) 
  systolic_array_wrapper/systolic_array_8X8/rem_38_56/g3318/z                  (u)     in_0->z  R     unmapped_nand2      2   4.6     0    25    3264    (-,-) 
  systolic_array_wrapper/systolic_array_8X8/rem_38_56/g87/z                    (u)     in_0->z  F     unmapped_not        1   2.3     0    13    3277    (-,-) 
  systolic_array_wrapper/systolic_array_8X8/rem_38_56/g88/z                    (u)     in_0->z  F     unmapped_and2      16  36.8     0    50    3327    (-,-) 
  systolic_array_wrapper/systolic_array_8X8/rem_38_56/g3570/z                  (u)     sel2->z  F     unmapped_mux8      15  34.5     0    98    3425    (-,-) 
  systolic_array_wrapper/systolic_array_8X8/eq_114_89_I1_I5/g4/z               (u)     in_3->z  R     unmapped_nor4       1   2.3     0    53    3478    (-,-) 
  systolic_array_wrapper/systolic_array_8X8/eq_114_89_I1_I5/g6/z               (u)     in_3->z  F     unmapped_nand4      1   2.3     0    53    3532    (-,-) 
  systolic_array_wrapper/systolic_array_8X8/eq_114_89_I1_I5/g8/z               (u)     in_0->z  R     unmapped_nor2       1   2.3     0    21    3553    (-,-) 
  systolic_array_wrapper/systolic_array_8X8/g3092/z                            (u)     in_1->z  R     unmapped_and2       1   2.3     0    21    3574    (-,-) 
  systolic_array_wrapper/systolic_array_8X8/g3093/z                            (u)     in_1->z  R     unmapped_or2      165  29.9     0    64    3638    (-,-) 
  systolic_array_wrapper/systolic_array_8X8/mux_pe_out_valid[4][0]_114_54/g1/z (u)     sel0->z  R     unmapped_bmux3      1   2.3     0    50    3688    (-,-) 
  systolic_array_wrapper/systolic_array_8X8/mux_pe_out_valid[4][0]_111_6/g1/z  (u)     data1->z R     unmapped_bmux3      1   2.3     0    50    3738    (-,-) 
  systolic_array_wrapper/systolic_array_8X8/g3416/z                            (u)     in_0->z  R     unmapped_or4        1   2.3     0    53    3792    (-,-) 
  systolic_array_wrapper/systolic_array_8X8/g3426/z                            (u)     in_0->z  R     unmapped_or4        1   2.3     0    53    3845    (-,-) 
  systolic_array_wrapper/systolic_array_8X8/g3428/z                            (u)     in_2->z  R     unmapped_or4       13  29.9     0    78    3922    (-,-) 
  systolic_array_wrapper/output_buffer/g1/z                                    (u)     in_1->z  R     unmapped_and2       4 506.9     0    69    3991    (-,-) 
  bias_sram_rd_en                                                              -       -        R     (port)              -     -     -     0    3991    (-,-) 
#--------------------------------------------------------------------------------------------------------------------------------------------------------------

(u) : Net has unmapped pin(s).


