============================================================
  Generated by:           Genus(TM) Synthesis Solution 21.16-s062_1
  Generated on:           Mar 22 2026  05:10:05 pm
  Module:                 tpu_core
  Operating conditions:   WCCOM (balanced_tree)
  Wireload mode:          segmented
  Area mode:              timing library
============================================================

                                    Leakage     Internal   
   Gate    Instances     Area     Power (nW)   Power (nW)       Library     
----------------------------------------------------------------------------
AN2D4              1       4.320       61.548        5.127    tcbn65gpluswc 
AN2D8            203    1388.520    29124.913    91802.509    tcbn65gpluswc 
AN3D0              1       2.520       18.887        2.287    tcbn65gpluswc 
AN4D0              7      20.160      105.838       52.511    tcbn65gpluswc 
AO211D0           32      92.160      468.715     1788.632    tcbn65gpluswc 
AO211D2            1       3.240       39.626       36.740    tcbn65gpluswc 
AO21D0            90     226.800     1073.524     1486.797    tcbn65gpluswc 
AO21D1             2       5.040       47.209       33.131    tcbn65gpluswc 
AO21D2             6      17.280      215.749      162.856    tcbn65gpluswc 
AO21D4             5      25.200      367.815      212.299    tcbn65gpluswc 
AO221D0          970    3492.000    14509.335    69699.291    tcbn65gpluswc 
AO222D0         1088    4700.160    15527.008    71164.028    tcbn65gpluswc 
AO22D0           593    1707.840     7079.222    10007.355    tcbn65gpluswc 
AO32D0            64     253.440      730.022     1810.565    tcbn65gpluswc 
AO33D1             4      15.840      117.442      174.532    tcbn65gpluswc 
AO33D2             2       8.640       83.511      109.177    tcbn65gpluswc 
AOI211D0           6      15.120       30.086       76.969    tcbn65gpluswc 
AOI21D0          763    1648.080     5784.137     9860.084    tcbn65gpluswc 
AOI221D0        1378    3968.640    11918.313    44752.790    tcbn65gpluswc 
AOI222D0          42     151.200      357.435     2118.940    tcbn65gpluswc 
AOI22D0         1960    4939.200    13562.201    38168.027    tcbn65gpluswc 
AOI31D0            2       5.040       13.891       14.667    tcbn65gpluswc 
AOI32D0           68     195.840      504.030      733.803    tcbn65gpluswc 
AOI32D1            8      23.040      120.274      163.648    tcbn65gpluswc 
AOI33D0           18      58.320      128.487      281.220    tcbn65gpluswc 
AOI33D1            2       6.480       28.991       43.111    tcbn65gpluswc 
CKAN2D0          193     416.880     1432.289     2457.596    tcbn65gpluswc 
CKAN2D1            7      15.120      104.639       37.201    tcbn65gpluswc 
CKAN2D2            5      12.600      141.860        8.206    tcbn65gpluswc 
CKAN2D4            8      25.920      417.794       35.469    tcbn65gpluswc 
CKBD8             33     190.080     3804.020     6817.000    tcbn65gpluswc 
CKND0           2322    2507.760     8715.155    21741.677    tcbn65gpluswc 
CKND1             74      79.920      674.865     1210.266    tcbn65gpluswc 
CKND16             3      23.760      484.741      103.403    tcbn65gpluswc 
CKND2             12      17.280      270.938       46.441    tcbn65gpluswc 
CKND2D0         1082    1558.080     3927.133     4177.360    tcbn65gpluswc 
CKND3              1       2.160       30.075       10.436    tcbn65gpluswc 
CKND4              3       7.560      121.772       49.207    tcbn65gpluswc 
CKND8              9      38.880      772.595      210.121    tcbn65gpluswc 
CKXOR2D0          48     172.800     1075.809     4534.221    tcbn65gpluswc 
CMPE42D1        1077   17835.119   254640.171   502879.716    tcbn65gpluswc 
DFD1              25     180.000     1664.335    10856.559    tcbn65gpluswc 
DFKCNQD1         278    2001.600    13574.027   136095.100    tcbn65gpluswc 
DFQD1           2301   15738.840   122673.951  1220000.591    tcbn65gpluswc 
DFXD1              6      58.320      491.113     2646.584    tcbn65gpluswc 
DFXQD1             5      45.000      329.720     2162.731    tcbn65gpluswc 
EDFKCND1         641    6692.040    46532.309   306548.490    tcbn65gpluswc 
EDFKCNQD1       2268   22861.440   134281.016  1001913.788    tcbn65gpluswc 
FA1D0           3265   29385.000   356671.757   871988.966    tcbn65gpluswc 
HA1D0              4      23.040      231.534      150.247    tcbn65gpluswc 
IAO21D0           78     196.560      934.400     1972.446    tcbn65gpluswc 
IIND4D0            8      28.800       84.649      701.755    tcbn65gpluswc 
IND2D0           288     622.080     2820.172     8933.886    tcbn65gpluswc 
IND2D1             6      12.960       96.875      121.726    tcbn65gpluswc 
IND3D0            43     108.360      652.797      868.560    tcbn65gpluswc 
IND4D0             1       2.880        6.743        5.269    tcbn65gpluswc 
INR2D0           286     617.760     2460.759    11254.305    tcbn65gpluswc 
INR2XD0           16      34.560      209.026      282.391    tcbn65gpluswc 
INR3D0             2       5.040       18.539       11.328    tcbn65gpluswc 
INR4D0            24      69.120      233.623     1735.317    tcbn65gpluswc 
INVD1              1       1.080       10.286        5.959    tcbn65gpluswc 
IOA21D0          282     710.640     3349.061    15926.619    tcbn65gpluswc 
IOA22D2            2       7.920       95.350       69.238    tcbn65gpluswc 
MAOI222D0       1349    3885.120    10680.785    82068.051    tcbn65gpluswc 
MAOI22D0        1355    3902.400    16625.645    45328.930    tcbn65gpluswc 
MOAI22D0        4104   11819.520    52190.477   235061.875    tcbn65gpluswc 
MOAI22D2           2       8.640      104.758       93.247    tcbn65gpluswc 
MOAI22D4           4      20.160      307.945      268.629    tcbn65gpluswc 
MUX2ND0         2082    5996.160    32418.959    80041.604    tcbn65gpluswc 
MUX3D0             4      23.040      132.751      367.963    tcbn65gpluswc 
ND2D3              1       3.240       35.778       24.141    tcbn65gpluswc 
ND3D0             68     146.880      284.449      262.094    tcbn65gpluswc 
ND4D0            260     655.200     3396.797     2923.840    tcbn65gpluswc 
ND4D8              1       7.560      186.799       46.355    tcbn65gpluswc 
NR2D0           1977    2846.880     8810.066    10040.937    tcbn65gpluswc 
NR2XD0            25      36.000      214.940      144.975    tcbn65gpluswc 
NR2XD1             1       2.520       16.011        1.278    tcbn65gpluswc 
NR3D0              9      19.440       67.706       80.377    tcbn65gpluswc 
NR3D2              4      23.040      125.413      150.602    tcbn65gpluswc 
NR4D0             27      68.040      206.270     1516.427    tcbn65gpluswc 
OA21D0            71     178.920      729.969     1426.786    tcbn65gpluswc 
OA22D0            75     216.000      902.036     4834.661    tcbn65gpluswc 
OA31D0             8      23.040       93.281      732.502    tcbn65gpluswc 
OA32D0             2       7.200       21.635       42.478    tcbn65gpluswc 
OAI211D0          12      30.240       50.643       74.072    tcbn65gpluswc 
OAI211D1           1       2.520       15.841       18.316    tcbn65gpluswc 
OAI21D0          448     967.680     2847.935     5250.768    tcbn65gpluswc 
OAI21D1            9      19.440      155.040      128.564    tcbn65gpluswc 
OAI21D2            1       3.240       24.874       26.854    tcbn65gpluswc 
OAI221D0         282     812.160     2593.242    12501.025    tcbn65gpluswc 
OAI222D0         112     362.880     1017.740     5276.027    tcbn65gpluswc 
OAI222D4           1       6.120       77.821       77.725    tcbn65gpluswc 
OAI22D0         3213    8096.760    22661.384    75995.444    tcbn65gpluswc 
OAI22D1            1       2.520       19.845       10.226    tcbn65gpluswc 
OAI31D0            8      20.160       61.427      103.382    tcbn65gpluswc 
OAI32D0            8      23.040       57.408      155.571    tcbn65gpluswc 
OR2D0            401     866.160     4002.736    17369.346    tcbn65gpluswc 
OR2D2              2       5.040       61.801       44.816    tcbn65gpluswc 
OR2D4              1       4.320       68.536       29.852    tcbn65gpluswc 
OR2D8            139     950.760    17309.862    68687.126    tcbn65gpluswc 
OR3D0              2       5.040       17.067       19.591    tcbn65gpluswc 
OR4D0             41     118.080      273.250      626.626    tcbn65gpluswc 
XNR2D0           135     486.000     3378.218    13749.465    tcbn65gpluswc 
XNR3D0             3      18.360      115.050      333.847    tcbn65gpluswc 
XNR4D0             1       9.000       59.618      149.756    tcbn65gpluswc 
XOR3D0            23     140.760      867.840     2444.902    tcbn65gpluswc 
----------------------------------------------------------------------------
total          38296  168120.359  1249343.756  5151862.324                  


                                             Leakage   Leakage   Internal  Internal 
     Type      Instances    Area    Area %  Power (nW) Power %  Power (nW)  Power % 
------------------------------------------------------------------------------------
sequential          5524  47577.240   28.3  319546.470    25.6 2680223.843     52.0 
inverter            2425   2678.400    1.6   11080.426     0.9   23377.511      0.5 
buffer                33    190.080    0.1    3804.020     0.3    6817.000      0.1 
logic              30314 117674.639   70.0  914912.841    73.2 2441443.970     47.4 
physical_cells         0      0.000    0.0       0.000     0.0       0.000      0.0 
------------------------------------------------------------------------------------
total              38296 168120.359  100.0 1249343.756   100.0 5151862.324    100.0 

