============================================================
  Generated by:           Genus(TM) Synthesis Solution 21.16-s062_1
  Generated on:           Mar 22 2026  05:10:11 pm
  Module:                 tpu_core
  Operating conditions:   WCCOM (balanced_tree)
  Wireload mode:          segmented
  Area mode:              timing library
============================================================

Timing
--------

Analysis view Clock  Period 
----------------------------
default_mode  clk   20000.0 


  Analysis     Cost   Critical        Violating 
    View      Group  Path Slack  TNS    Paths   
------------------------------------------------
default_mode     C2C     7449.0  0.0          0 
                 C2O     3042.3  0.0          0 
                 clk   No paths  0.0          0 
             default   No paths  0.0          0 
                 I2C     7272.9  0.0          0 
                 I2O     2866.2  0.0          0 
------------------------------------------------
Total                           -0.0          0 
                                                

Instance Count
--------------
Leaf Instance Count             38296 
Physical Instance count             0 
Sequential Instance Count        5524 
Combinational Instance Count    32772 
Hierarchical Instance Count         1 

Area
----
Cell Area                          168120.359
Physical Cell Area                 0.000
Total Cell Area (Cell+Physical)    168120.359
Net Area                           0.000
Total Area (Cell+Physical+Net)     168120.359

Power
-----
Leakage Power                      1249343.756 nW
Dynamic Power                      9770604.655 nW
Total Power                        11019948.411 nW

Max Fanout                         5524 (clk)
Min Fanout                         0 (input_idx_controller_n_92)
Average Fanout                     2.9
Terms to net ratio                 3.8856
Terms to instance ratio            4.5280
Runtime                            815.197887 seconds
Elapsed Runtime                    815 seconds
Genus peak memory usage            1985.92 
Innovus peak memory usage          no_value 
Hostname                           cadpc19.ee.columbia.edu
