============================================================
  Generated by:           Genus(TM) Synthesis Solution 21.16-s062_1
  Generated on:           Mar 22 2026  05:10:05 pm
  Module:                 tpu_core
  Operating conditions:   WCCOM (balanced_tree)
  Wireload mode:          segmented
  Area mode:              timing library
============================================================


Path 1: MET (2866 ps) Late External Delay Assertion at pin bias_sram_rd_en
           Mode: default_mode
          Group: I2O
     Startpoint: (R) n[0]
          Clock: (R) clk
       Endpoint: (F) bias_sram_rd_en
          Clock: (R) clk

                     Capture       Launch     
        Clock Edge:+   20000            0     
        Drv Adjust:+       0            0     
       Src Latency:+       0            0     
       Net Latency:+       0 (I)        0 (I) 
           Arrival:=   20000            0     
                                              
      Output Delay:-    5000                  
       Uncertainty:-     150                  
     Required Time:=   14850                  
      Launch Clock:-       0                  
       Input Delay:-     250                  
         Data Path:-   11734                  
             Slack:=    2866                  

Exceptions/Constraints:
  input_delay              250             tpu_core.sdc_line_28_16_1  
  output_delay             5000            tpu_core.sdc_line_31_851_1 

#-----------------------------------------------------------------------------------------------------------------------------------------
#                         Timing Point                           Flags    Arc   Edge   Cell     Fanout  Load Trans Delay Arrival Instance 
#                                                                                                       (fF)  (ps)  (ps)   (ps)  Location 
#-----------------------------------------------------------------------------------------------------------------------------------------
  n[0]                                                           -       -      R     (arrival)      8 505.5     0     0     250    (-,-) 
  systolic_array_wrapper_systolic_array_8X8_rem_38_56_Fp5333A/ZN -       I->ZN  F     CKND0         43  31.6   418   234     484    (-,-) 
  p4233A__9315/CO                                                -       B->CO  F     FA1D0          1   1.0    34   202     686    (-,-) 
  p4272A__6161/CO                                                -       CI->CO F     FA1D0          1   1.0    34    86     771    (-,-) 
  p4312A__4733/CO                                                -       CI->CO F     FA1D0          1   1.0    34    86     857    (-,-) 
  p4353A__7482/CO                                                -       CI->CO F     FA1D0          1   1.0    34    86     942    (-,-) 
  p4394A__5115/CO                                                -       CI->CO F     FA1D0          1   1.0    34    86    1028    (-,-) 
  p4436A__1881/CO                                                -       CI->CO F     FA1D0          1   1.0    34    86    1113    (-,-) 
  p4476A__6131/CO                                                -       CI->CO F     FA1D0          2   1.3    37    88    1202    (-,-) 
  p4524A__7098/ZN                                                -       A1->ZN R     NR2D0          5   3.3   142    93    1295    (-,-) 
  p4578A__5122/ZN                                                -       B1->ZN F     IND2D0         3   2.0    70    71    1366    (-,-) 
  p4585A__3680/ZN                                                -       B1->ZN F     MOAI22D0       1   0.6    38    80    1446    (-,-) 
  systolic_array_wrapper_systolic_array_8X8_rem_38_56_p4589A/ZN  -       B->ZN  R     IOA21D0        2   1.2    50    32    1479    (-,-) 
  systolic_array_wrapper_systolic_array_8X8_rem_38_56_Fp4594A/ZN -       I->ZN  F     CKND0          1   0.7    22    27    1505    (-,-) 
  systolic_array_wrapper_systolic_array_8X8_rem_38_56_p4595A/ZN  -       A1->ZN R     OAI221D0       2   1.3   170    65    1570    (-,-) 
  systolic_array_wrapper_systolic_array_8X8_rem_38_56_p4632A/ZN  -       A1->ZN F     CKND2D0        4   3.4    96    93    1663    (-,-) 
  systolic_array_wrapper_systolic_array_8X8_rem_38_56_p4652A/ZN  -       A->ZN  R     MAOI222D0      1   0.8   127    95    1758    (-,-) 
  systolic_array_wrapper_systolic_array_8X8_rem_38_56_p4687A/ZN  -       A2->ZN F     OAI221D0       5   3.3   180   126    1884    (-,-) 
  systolic_array_wrapper_systolic_array_8X8_rem_38_56_p4789A/ZN  -       B1->ZN F     MAOI22D0       2   1.9    87   127    2010    (-,-) 
  systolic_array_wrapper_systolic_array_8X8_rem_38_56_p4808A/ZN  -       A->ZN  R     MAOI222D0      3   2.7   189   129    2139    (-,-) 
  systolic_array_wrapper_systolic_array_8X8_rem_38_56_p4875A/ZN  -       A->ZN  F     MAOI222D0      1   1.3   116    95    2234    (-,-) 
  systolic_array_wrapper_systolic_array_8X8_rem_38_56_p4918A/ZN  -       A->ZN  R     MAOI222D0      1   0.6   120    96    2331    (-,-) 
  systolic_array_wrapper_systolic_array_8X8_rem_38_56_p4959A/ZN  -       A1->ZN F     CKND2D0        7   4.8   111    98    2428    (-,-) 
  systolic_array_wrapper_systolic_array_8X8_rem_38_56_p4991A/ZN  -       B1->ZN F     MAOI22D0       2   1.9    68   111    2539    (-,-) 
  systolic_array_wrapper_systolic_array_8X8_rem_38_56_p5011A/ZN  -       A->ZN  R     MAOI222D0      3   2.7   189   125    2664    (-,-) 
  systolic_array_wrapper_systolic_array_8X8_rem_38_56_p5073A/ZN  -       A->ZN  F     MAOI222D0      3   2.7   139   113    2776    (-,-) 
  systolic_array_wrapper_systolic_array_8X8_rem_38_56_p5140A/ZN  -       A->ZN  R     MAOI222D0      1   0.7   126   104    2880    (-,-) 
  systolic_array_wrapper_systolic_array_8X8_rem_38_56_p5178A/ZN  -       A1->ZN F     OAI221D0       9   6.2   237   164    3044    (-,-) 
  systolic_array_wrapper_systolic_array_8X8_rem_38_56_p5354A/ZN  -       A1->ZN R     MAOI22D0       4   3.4   166   146    3190    (-,-) 
  systolic_array_wrapper_systolic_array_8X8_rem_38_56_p5407A/ZN  -       A->ZN  F     MAOI222D0      3   2.7   121   107    3298    (-,-) 
  systolic_array_wrapper_systolic_array_8X8_rem_38_56_p5470A/ZN  -       A->ZN  R     MAOI222D0      1   0.6   134    98    3395    (-,-) 
  systolic_array_wrapper_systolic_array_8X8_rem_38_56_Fp5503A/ZN -       I->ZN  F     CKND0          1   1.0    44    46    3441    (-,-) 
  systolic_array_wrapper_systolic_array_8X8_rem_38_56_p5523A/CO  -       CI->CO F     FA1D0          3   2.7    51   103    3544    (-,-) 
  systolic_array_wrapper_systolic_array_8X8_rem_38_56_p5586A/ZN  -       A->ZN  R     MAOI222D0      1   1.3   142    94    3639    (-,-) 
  systolic_array_wrapper_systolic_array_8X8_rem_38_56_p5632A/ZN  -       A->ZN  F     MAOI222D0      1   0.6    82    77    3716    (-,-) 
  systolic_array_wrapper_systolic_array_8X8_rem_38_56_p5675A/ZN  -       A1->ZN R     CKND2D0        7   4.8   125    92    3808    (-,-) 
  systolic_array_wrapper_systolic_array_8X8_rem_38_56_p5704A/ZN  -       B1->ZN R     MAOI22D0       4   3.4   160   152    3959    (-,-) 
  systolic_array_wrapper_systolic_array_8X8_rem_38_56_p5755A/ZN  -       A->ZN  F     MAOI222D0      3   2.7   121   106    4065    (-,-) 
  systolic_array_wrapper_systolic_array_8X8_rem_38_56_p5813A/ZN  -       A->ZN  R     MAOI222D0      3   2.7   193   137    4202    (-,-) 
  systolic_array_wrapper_systolic_array_8X8_rem_38_56_p5885A/ZN  -       A->ZN  F     MAOI222D0      1   0.6    94    86    4288    (-,-) 
  systolic_array_wrapper_systolic_array_8X8_rem_38_56_Fp5927A/ZN -       I->ZN  R     CKND0          1   1.0    41    42    4330    (-,-) 
  systolic_array_wrapper_systolic_array_8X8_rem_38_56_p5931A/CO  -       CI->CO R     FA1D0          3   2.7    62    94    4425    (-,-) 
  systolic_array_wrapper_systolic_array_8X8_rem_38_56_p5988A/ZN  -       A->ZN  F     MAOI222D0      1   1.3    95    66    4491    (-,-) 
  systolic_array_wrapper_systolic_array_8X8_rem_38_56_p6043A/ZN  -       A->ZN  R     MAOI222D0      9   6.2   306   196    4686    (-,-) 
  systolic_array_wrapper_systolic_array_8X8_rem_38_56_p6168A/ZN  -       B1->ZN R     MAOI22D0       4   3.4   160   172    4859    (-,-) 
  systolic_array_wrapper_systolic_array_8X8_rem_38_56_p6230A/ZN  -       A->ZN  F     MAOI222D0      3   2.7   121   106    4964    (-,-) 
  systolic_array_wrapper_systolic_array_8X8_rem_38_56_p6293A/ZN  -       A->ZN  R     MAOI222D0      3   2.7   193   137    5101    (-,-) 
  systolic_array_wrapper_systolic_array_8X8_rem_38_56_p6360A/ZN  -       A->ZN  F     MAOI222D0      3   2.7   126   114    5215    (-,-) 
  systolic_array_wrapper_systolic_array_8X8_rem_38_56_p6430A/ZN  -       A->ZN  R     MAOI222D0      1   0.6   121    99    5314    (-,-) 
  systolic_array_wrapper_systolic_array_8X8_rem_38_56_Fp6457A/ZN -       I->ZN  F     CKND0          1   1.0    41    43    5357    (-,-) 
  systolic_array_wrapper_systolic_array_8X8_rem_38_56_p6481A/CO  -       CI->CO F     FA1D0          3   2.1    45    98    5455    (-,-) 
  systolic_array_wrapper_systolic_array_8X8_rem_38_56_p6542A/ZN  -       A1->ZN R     AOI222D0       9   6.2   448   257    5712    (-,-) 
  systolic_array_wrapper_systolic_array_8X8_rem_38_56_p6694A/ZN  -       B1->ZN R     MAOI22D0       4   3.4   161   182    5894    (-,-) 
  systolic_array_wrapper_systolic_array_8X8_rem_38_56_p6752A/ZN  -       A->ZN  F     MAOI222D0      3   2.7   121   106    6001    (-,-) 
  systolic_array_wrapper_systolic_array_8X8_rem_38_56_p6811A/ZN  -       A->ZN  R     MAOI222D0      3   2.7   193   137    6138    (-,-) 
  systolic_array_wrapper_systolic_array_8X8_rem_38_56_p6880A/ZN  -       A->ZN  F     MAOI222D0      3   2.7   126   114    6251    (-,-) 
  systolic_array_wrapper_systolic_array_8X8_rem_38_56_p6947A/ZN  -       A->ZN  R     MAOI222D0      3   2.7   189   138    6389    (-,-) 
  systolic_array_wrapper_systolic_array_8X8_rem_38_56_p7013A/ZN  -       A->ZN  F     MAOI222D0      3   2.0   114   104    6493    (-,-) 
  systolic_array_wrapper_systolic_array_8X8_rem_38_56_Fp7074A/ZN -       I->ZN  R     CKND0          1   1.3    50    50    6543    (-,-) 
  systolic_array_wrapper_systolic_array_8X8_rem_38_56_p7083A/ZN  -       A->ZN  F     MAOI222D0      1   0.7    86    56    6600    (-,-) 
  systolic_array_wrapper_systolic_array_8X8_rem_38_56_p7128A/ZN  -       C->ZN  R     AOI221D0       9   6.2   423   303    6902    (-,-) 
  systolic_array_wrapper_systolic_array_8X8_rem_38_56_p7344A/ZN  -       B1->ZN R     MAOI22D0       4   3.4   163   180    7082    (-,-) 
  systolic_array_wrapper_systolic_array_8X8_rem_38_56_p7400A/ZN  -       A->ZN  F     MAOI222D0      3   2.7   121   107    7189    (-,-) 
  systolic_array_wrapper_systolic_array_8X8_rem_38_56_p7460A/ZN  -       A->ZN  R     MAOI222D0      3   2.7   193   137    7326    (-,-) 
  systolic_array_wrapper_systolic_array_8X8_rem_38_56_p7529A/ZN  -       A->ZN  F     MAOI222D0      3   2.7   126   114    7440    (-,-) 
  systolic_array_wrapper_systolic_array_8X8_rem_38_56_p7596A/ZN  -       A->ZN  R     MAOI222D0      3   2.7   191   138    7578    (-,-) 
  systolic_array_wrapper_systolic_array_8X8_rem_38_56_p7664A/ZN  -       A->ZN  F     MAOI222D0      3   2.7   125   113    7691    (-,-) 
  systolic_array_wrapper_systolic_array_8X8_rem_38_56_p7733A/ZN  -       A->ZN  R     MAOI222D0      1   0.7   128   101    7791    (-,-) 
  systolic_array_wrapper_systolic_array_8X8_rem_38_56_p7764A/ZN  -       C->ZN  F     OAI221D0       7   4.8   226   173    7964    (-,-) 
  systolic_array_wrapper_systolic_array_8X8_rem_38_56_Fp7981A/ZN -       I->ZN  R     CKND0          8   5.6   128   123    8087    (-,-) 
  systolic_array_wrapper_systolic_array_8X8_rem_38_56_p8028A/ZN  -       B1->ZN R     MAOI22D0       2   1.9   109   124    8211    (-,-) 
  systolic_array_wrapper_systolic_array_8X8_rem_38_56_p8058A/ZN  -       A->ZN  F     MAOI222D0      3   2.7   121    94    8305    (-,-) 
  systolic_array_wrapper_systolic_array_8X8_rem_38_56_p8115A/ZN  -       A->ZN  R     MAOI222D0      3   2.7   193   137    8442    (-,-) 
  systolic_array_wrapper_systolic_array_8X8_rem_38_56_p8186A/ZN  -       A->ZN  F     MAOI222D0      3   2.7   126   114    8556    (-,-) 
  systolic_array_wrapper_systolic_array_8X8_rem_38_56_p8252A/ZN  -       A->ZN  R     MAOI222D0      3   2.7   189   138    8694    (-,-) 
  systolic_array_wrapper_systolic_array_8X8_rem_38_56_p8319A/ZN  -       A->ZN  F     MAOI222D0      1   1.0    98    91    8785    (-,-) 
  systolic_array_wrapper_systolic_array_8X8_rem_38_56_p8366A/CO  -       CI->CO F     FA1D0          1   0.7    32   100    8885    (-,-) 
  systolic_array_wrapper_systolic_array_8X8_rem_38_56_p8410A/ZN  -       C->ZN  R     AOI221D0      10   6.9   458   309    9194    (-,-) 
  systolic_array_wrapper_systolic_array_8X8_rem_38_56_p8641A/ZN  -       B1->ZN R     MAOI22D0       3   3.5   163   184    9378    (-,-) 
  systolic_array_wrapper_systolic_array_8X8_rem_38_56_p8692A/ZN  -       A->ZN  F     MAOI222D0      1   0.6    87    81    9459    (-,-) 
  systolic_array_wrapper_systolic_array_8X8_rem_38_56_Fp8722A/ZN -       I->ZN  R     CKND0          1   1.0    40    41    9500    (-,-) 
  systolic_array_wrapper_systolic_array_8X8_rem_38_56_p8725A/CO  -       CI->CO R     FA1D0          3   2.7    62    94    9594    (-,-) 
  systolic_array_wrapper_systolic_array_8X8_rem_38_56_p8788A/ZN  -       A->ZN  F     MAOI222D0      1   0.6    84    58    9652    (-,-) 
  systolic_array_wrapper_systolic_array_8X8_rem_38_56_Fp8828A/ZN -       I->ZN  R     CKND0          1   1.0    39    40    9692    (-,-) 
  systolic_array_wrapper_systolic_array_8X8_rem_38_56_p8829A/CO  -       CI->CO R     FA1D0          3   2.7    62    94    9785    (-,-) 
  systolic_array_wrapper_systolic_array_8X8_rem_38_56_p8892A/ZN  -       A->ZN  F     MAOI222D0      1   0.6    84    58    9843    (-,-) 
  systolic_array_wrapper_systolic_array_8X8_rem_38_56_Fp8933A/ZN -       I->ZN  R     CKND0          1   1.3    42    44    9887    (-,-) 
  systolic_array_wrapper_systolic_array_8X8_rem_38_56_p8936A/ZN  -       A->ZN  F     MAOI222D0      1   0.7    86    54    9941    (-,-) 
  systolic_array_wrapper_systolic_array_8X8_rem_38_56_p8939A/ZN  -       C->ZN  R     AOI221D0       8   5.5   388   283   10224    (-,-) 
  systolic_array_wrapper_systolic_array_8X8_rem_38_56_Fp9300A/ZN -       I->ZN  F     CKND0          5   3.5   121   116   10340    (-,-) 
  systolic_array_wrapper_systolic_array_8X8_rem_38_56_p9312A/ZN  -       B1->ZN R     OAI22D0        1   0.9   116    97   10437    (-,-) 
  p10481A85276__6131/ZN                                          -       A4->ZN F     NR4D0          1   0.7    46    55   10492    (-,-) 
  p10480A85251__3680/ZN                                          -       B->ZN  R     OAI211D0       4   2.7   143    60   10551    (-,-) 
  p10494A85234__5526/ZN                                          -       B2->ZN F     OAI32D0        2   1.1    73    81   10632    (-,-) 
  p10472A__2883/Z                                                -       A1->Z  F     CKAN2D0        8   4.9    74    98   10730    (-,-) 
  p10494A__6161/ZN                                               -       A1->ZN R     CKND2D0        3   2.3    74    61   10792    (-,-) 
  p10486A__5477/Z                                                -       A2->Z  R     AN3D0          1   0.7    38    94   10886    (-,-) 
  p10505A__7410/Z                                                -       A1->Z  R     AN4D0          1   0.7    45    99   10985    (-,-) 
  p10510A__1666/Z                                                -       A1->Z  R     AN4D0          1   0.7    45   100   11085    (-,-) 
  p10533A__2346/Z                                                -       A1->Z  R     AN4D0          1   1.0    50   105   11190    (-,-) 
  p10537A__2883/ZN                                               -       A1->ZN F     ND4D8        294 439.2   291   305   11495    (-,-) 
  p10570A__9945/ZN                                               -       A1->ZN R     CKND2D0        3   8.5   208   197   11692    (-,-) 
  Fp10646A/ZN                                                    -       I->ZN  F     CKND8          1 500.0   416   292   11984    (-,-) 
  bias_sram_rd_en                                                -       -      F     (port)         -     -     -     0   11984    (-,-) 
#-----------------------------------------------------------------------------------------------------------------------------------------



Path 2: MET (2879 ps) Late External Delay Assertion at pin bias_sram_rd_en
           Mode: default_mode
          Group: I2O
     Startpoint: (R) n[0]
          Clock: (R) clk
       Endpoint: (F) bias_sram_rd_en
          Clock: (R) clk

                     Capture       Launch     
        Clock Edge:+   20000            0     
        Drv Adjust:+       0            0     
       Src Latency:+       0            0     
       Net Latency:+       0 (I)        0 (I) 
           Arrival:=   20000            0     
                                              
      Output Delay:-    5000                  
       Uncertainty:-     150                  
     Required Time:=   14850                  
      Launch Clock:-       0                  
       Input Delay:-     250                  
         Data Path:-   11721                  
             Slack:=    2879                  

Exceptions/Constraints:
  input_delay              250             tpu_core.sdc_line_28_16_1  
  output_delay             5000            tpu_core.sdc_line_31_851_1 

#-----------------------------------------------------------------------------------------------------------------------------------------
#                         Timing Point                           Flags    Arc   Edge   Cell     Fanout  Load Trans Delay Arrival Instance 
#                                                                                                       (fF)  (ps)  (ps)   (ps)  Location 
#-----------------------------------------------------------------------------------------------------------------------------------------
  n[0]                                                           -       -      R     (arrival)      8 505.5     0     0     250    (-,-) 
  systolic_array_wrapper_systolic_array_8X8_rem_38_56_Fp5333A/ZN -       I->ZN  F     CKND0         43  31.6   418   234     484    (-,-) 
  p4233A__9315/CO                                                -       B->CO  F     FA1D0          1   1.0    34   202     686    (-,-) 
  p4272A__6161/CO                                                -       CI->CO F     FA1D0          1   1.0    34    86     771    (-,-) 
  p4312A__4733/CO                                                -       CI->CO F     FA1D0          1   1.0    34    86     857    (-,-) 
  p4353A__7482/CO                                                -       CI->CO F     FA1D0          1   1.0    34    86     942    (-,-) 
  p4394A__5115/CO                                                -       CI->CO F     FA1D0          1   1.0    34    86    1028    (-,-) 
  p4436A__1881/CO                                                -       CI->CO F     FA1D0          1   1.0    34    86    1113    (-,-) 
  p4476A__6131/CO                                                -       CI->CO F     FA1D0          2   1.3    37    88    1202    (-,-) 
  p4524A__7098/ZN                                                -       A1->ZN R     NR2D0          5   3.3   142    93    1295    (-,-) 
  p4578A__5122/ZN                                                -       B1->ZN F     IND2D0         3   2.0    70    71    1366    (-,-) 
  p4585A__3680/ZN                                                -       B1->ZN F     MOAI22D0       1   0.6    38    80    1446    (-,-) 
  systolic_array_wrapper_systolic_array_8X8_rem_38_56_p4589A/ZN  -       B->ZN  R     IOA21D0        2   1.2    50    32    1479    (-,-) 
  systolic_array_wrapper_systolic_array_8X8_rem_38_56_Fp4594A/ZN -       I->ZN  F     CKND0          1   0.7    22    27    1505    (-,-) 
  systolic_array_wrapper_systolic_array_8X8_rem_38_56_p4595A/ZN  -       A1->ZN R     OAI221D0       2   1.3   170    65    1570    (-,-) 
  systolic_array_wrapper_systolic_array_8X8_rem_38_56_p4632A/ZN  -       A1->ZN F     CKND2D0        4   3.4    96    93    1663    (-,-) 
  systolic_array_wrapper_systolic_array_8X8_rem_38_56_p4652A/ZN  -       A->ZN  R     MAOI222D0      1   0.8   127    95    1758    (-,-) 
  systolic_array_wrapper_systolic_array_8X8_rem_38_56_p4687A/ZN  -       A2->ZN F     OAI221D0       5   3.3   180   126    1884    (-,-) 
  systolic_array_wrapper_systolic_array_8X8_rem_38_56_p4789A/ZN  -       B1->ZN F     MAOI22D0       2   1.9    87   127    2010    (-,-) 
  systolic_array_wrapper_systolic_array_8X8_rem_38_56_p4808A/ZN  -       A->ZN  R     MAOI222D0      3   2.7   189   129    2139    (-,-) 
  systolic_array_wrapper_systolic_array_8X8_rem_38_56_p4875A/ZN  -       A->ZN  F     MAOI222D0      1   1.3   116    95    2234    (-,-) 
  systolic_array_wrapper_systolic_array_8X8_rem_38_56_p4918A/ZN  -       A->ZN  R     MAOI222D0      1   0.6   120    96    2331    (-,-) 
  systolic_array_wrapper_systolic_array_8X8_rem_38_56_p4959A/ZN  -       A1->ZN F     CKND2D0        7   4.8   111    98    2428    (-,-) 
  systolic_array_wrapper_systolic_array_8X8_rem_38_56_p4991A/ZN  -       A1->ZN R     MAOI22D0       2   1.9   109    87    2515    (-,-) 
  systolic_array_wrapper_systolic_array_8X8_rem_38_56_p5011A/ZN  -       A->ZN  F     MAOI222D0      3   2.7   121    94    2609    (-,-) 
  systolic_array_wrapper_systolic_array_8X8_rem_38_56_p5073A/ZN  -       A->ZN  R     MAOI222D0      3   2.7   193   137    2746    (-,-) 
  systolic_array_wrapper_systolic_array_8X8_rem_38_56_p5140A/ZN  -       A->ZN  F     MAOI222D0      1   0.7    95    87    2833    (-,-) 
  systolic_array_wrapper_systolic_array_8X8_rem_38_56_p5178A/ZN  -       A1->ZN R     OAI221D0       9   6.2   296   173    3006    (-,-) 
  systolic_array_wrapper_systolic_array_8X8_rem_38_56_p5354A/ZN  -       B1->ZN R     MAOI22D0       4   3.4   166   172    3178    (-,-) 
  systolic_array_wrapper_systolic_array_8X8_rem_38_56_p5407A/ZN  -       A->ZN  F     MAOI222D0      3   2.7   121   107    3285    (-,-) 
  systolic_array_wrapper_systolic_array_8X8_rem_38_56_p5470A/ZN  -       A->ZN  R     MAOI222D0      1   0.6   134    98    3383    (-,-) 
  systolic_array_wrapper_systolic_array_8X8_rem_38_56_Fp5503A/ZN -       I->ZN  F     CKND0          1   1.0    44    46    3428    (-,-) 
  systolic_array_wrapper_systolic_array_8X8_rem_38_56_p5523A/CO  -       CI->CO F     FA1D0          3   2.7    51   103    3532    (-,-) 
  systolic_array_wrapper_systolic_array_8X8_rem_38_56_p5586A/ZN  -       A->ZN  R     MAOI222D0      1   1.3   142    94    3626    (-,-) 
  systolic_array_wrapper_systolic_array_8X8_rem_38_56_p5632A/ZN  -       A->ZN  F     MAOI222D0      1   0.6    82    77    3703    (-,-) 
  systolic_array_wrapper_systolic_array_8X8_rem_38_56_p5675A/ZN  -       A1->ZN R     CKND2D0        7   4.8   125    92    3795    (-,-) 
  systolic_array_wrapper_systolic_array_8X8_rem_38_56_p5704A/ZN  -       B1->ZN R     MAOI22D0       4   3.4   160   152    3947    (-,-) 
  systolic_array_wrapper_systolic_array_8X8_rem_38_56_p5755A/ZN  -       A->ZN  F     MAOI222D0      3   2.7   121   106    4053    (-,-) 
  systolic_array_wrapper_systolic_array_8X8_rem_38_56_p5813A/ZN  -       A->ZN  R     MAOI222D0      3   2.7   193   137    4190    (-,-) 
  systolic_array_wrapper_systolic_array_8X8_rem_38_56_p5885A/ZN  -       A->ZN  F     MAOI222D0      1   0.6    94    86    4275    (-,-) 
  systolic_array_wrapper_systolic_array_8X8_rem_38_56_Fp5927A/ZN -       I->ZN  R     CKND0          1   1.0    41    42    4317    (-,-) 
  systolic_array_wrapper_systolic_array_8X8_rem_38_56_p5931A/CO  -       CI->CO R     FA1D0          3   2.7    62    94    4412    (-,-) 
  systolic_array_wrapper_systolic_array_8X8_rem_38_56_p5988A/ZN  -       A->ZN  F     MAOI222D0      1   1.3    95    66    4478    (-,-) 
  systolic_array_wrapper_systolic_array_8X8_rem_38_56_p6043A/ZN  -       A->ZN  R     MAOI222D0      9   6.2   306   196    4674    (-,-) 
  systolic_array_wrapper_systolic_array_8X8_rem_38_56_p6168A/ZN  -       B1->ZN R     MAOI22D0       4   3.4   160   172    4846    (-,-) 
  systolic_array_wrapper_systolic_array_8X8_rem_38_56_p6230A/ZN  -       A->ZN  F     MAOI222D0      3   2.7   121   106    4952    (-,-) 
  systolic_array_wrapper_systolic_array_8X8_rem_38_56_p6293A/ZN  -       A->ZN  R     MAOI222D0      3   2.7   193   137    5089    (-,-) 
  systolic_array_wrapper_systolic_array_8X8_rem_38_56_p6360A/ZN  -       A->ZN  F     MAOI222D0      3   2.7   126   114    5202    (-,-) 
  systolic_array_wrapper_systolic_array_8X8_rem_38_56_p6430A/ZN  -       A->ZN  R     MAOI222D0      1   0.6   121    99    5301    (-,-) 
  systolic_array_wrapper_systolic_array_8X8_rem_38_56_Fp6457A/ZN -       I->ZN  F     CKND0          1   1.0    41    43    5345    (-,-) 
  systolic_array_wrapper_systolic_array_8X8_rem_38_56_p6481A/CO  -       CI->CO F     FA1D0          3   2.1    45    98    5442    (-,-) 
  systolic_array_wrapper_systolic_array_8X8_rem_38_56_p6542A/ZN  -       A1->ZN R     AOI222D0       9   6.2   448   257    5700    (-,-) 
  systolic_array_wrapper_systolic_array_8X8_rem_38_56_p6694A/ZN  -       B1->ZN R     MAOI22D0       4   3.4   161   182    5882    (-,-) 
  systolic_array_wrapper_systolic_array_8X8_rem_38_56_p6752A/ZN  -       A->ZN  F     MAOI222D0      3   2.7   121   106    5988    (-,-) 
  systolic_array_wrapper_systolic_array_8X8_rem_38_56_p6811A/ZN  -       A->ZN  R     MAOI222D0      3   2.7   193   137    6125    (-,-) 
  systolic_array_wrapper_systolic_array_8X8_rem_38_56_p6880A/ZN  -       A->ZN  F     MAOI222D0      3   2.7   126   114    6238    (-,-) 
  systolic_array_wrapper_systolic_array_8X8_rem_38_56_p6947A/ZN  -       A->ZN  R     MAOI222D0      3   2.7   189   138    6377    (-,-) 
  systolic_array_wrapper_systolic_array_8X8_rem_38_56_p7013A/ZN  -       A->ZN  F     MAOI222D0      3   2.0   114   104    6481    (-,-) 
  systolic_array_wrapper_systolic_array_8X8_rem_38_56_Fp7074A/ZN -       I->ZN  R     CKND0          1   1.3    50    50    6531    (-,-) 
  systolic_array_wrapper_systolic_array_8X8_rem_38_56_p7083A/ZN  -       A->ZN  F     MAOI222D0      1   0.7    86    56    6587    (-,-) 
  systolic_array_wrapper_systolic_array_8X8_rem_38_56_p7128A/ZN  -       C->ZN  R     AOI221D0       9   6.2   423   303    6889    (-,-) 
  systolic_array_wrapper_systolic_array_8X8_rem_38_56_p7344A/ZN  -       B1->ZN R     MAOI22D0       4   3.4   163   180    7070    (-,-) 
  systolic_array_wrapper_systolic_array_8X8_rem_38_56_p7400A/ZN  -       A->ZN  F     MAOI222D0      3   2.7   121   107    7176    (-,-) 
  systolic_array_wrapper_systolic_array_8X8_rem_38_56_p7460A/ZN  -       A->ZN  R     MAOI222D0      3   2.7   193   137    7313    (-,-) 
  systolic_array_wrapper_systolic_array_8X8_rem_38_56_p7529A/ZN  -       A->ZN  F     MAOI222D0      3   2.7   126   114    7427    (-,-) 
  systolic_array_wrapper_systolic_array_8X8_rem_38_56_p7596A/ZN  -       A->ZN  R     MAOI222D0      3   2.7   191   138    7565    (-,-) 
  systolic_array_wrapper_systolic_array_8X8_rem_38_56_p7664A/ZN  -       A->ZN  F     MAOI222D0      3   2.7   125   113    7678    (-,-) 
  systolic_array_wrapper_systolic_array_8X8_rem_38_56_p7733A/ZN  -       A->ZN  R     MAOI222D0      1   0.7   128   101    7779    (-,-) 
  systolic_array_wrapper_systolic_array_8X8_rem_38_56_p7764A/ZN  -       C->ZN  F     OAI221D0       7   4.8   226   173    7951    (-,-) 
  systolic_array_wrapper_systolic_array_8X8_rem_38_56_Fp7981A/ZN -       I->ZN  R     CKND0          8   5.6   128   123    8074    (-,-) 
  systolic_array_wrapper_systolic_array_8X8_rem_38_56_p8028A/ZN  -       B1->ZN R     MAOI22D0       2   1.9   109   124    8199    (-,-) 
  systolic_array_wrapper_systolic_array_8X8_rem_38_56_p8058A/ZN  -       A->ZN  F     MAOI222D0      3   2.7   121    94    8292    (-,-) 
  systolic_array_wrapper_systolic_array_8X8_rem_38_56_p8115A/ZN  -       A->ZN  R     MAOI222D0      3   2.7   193   137    8429    (-,-) 
  systolic_array_wrapper_systolic_array_8X8_rem_38_56_p8186A/ZN  -       A->ZN  F     MAOI222D0      3   2.7   126   114    8543    (-,-) 
  systolic_array_wrapper_systolic_array_8X8_rem_38_56_p8252A/ZN  -       A->ZN  R     MAOI222D0      3   2.7   189   138    8681    (-,-) 
  systolic_array_wrapper_systolic_array_8X8_rem_38_56_p8319A/ZN  -       A->ZN  F     MAOI222D0      1   1.0    98    91    8772    (-,-) 
  systolic_array_wrapper_systolic_array_8X8_rem_38_56_p8366A/CO  -       CI->CO F     FA1D0          1   0.7    32   100    8872    (-,-) 
  systolic_array_wrapper_systolic_array_8X8_rem_38_56_p8410A/ZN  -       C->ZN  R     AOI221D0      10   6.9   458   309    9181    (-,-) 
  systolic_array_wrapper_systolic_array_8X8_rem_38_56_p8641A/ZN  -       B1->ZN R     MAOI22D0       3   3.5   163   184    9366    (-,-) 
  systolic_array_wrapper_systolic_array_8X8_rem_38_56_p8692A/ZN  -       A->ZN  F     MAOI222D0      1   0.6    87    81    9446    (-,-) 
  systolic_array_wrapper_systolic_array_8X8_rem_38_56_Fp8722A/ZN -       I->ZN  R     CKND0          1   1.0    40    41    9487    (-,-) 
  systolic_array_wrapper_systolic_array_8X8_rem_38_56_p8725A/CO  -       CI->CO R     FA1D0          3   2.7    62    94    9581    (-,-) 
  systolic_array_wrapper_systolic_array_8X8_rem_38_56_p8788A/ZN  -       A->ZN  F     MAOI222D0      1   0.6    84    58    9639    (-,-) 
  systolic_array_wrapper_systolic_array_8X8_rem_38_56_Fp8828A/ZN -       I->ZN  R     CKND0          1   1.0    39    40    9679    (-,-) 
  systolic_array_wrapper_systolic_array_8X8_rem_38_56_p8829A/CO  -       CI->CO R     FA1D0          3   2.7    62    94    9773    (-,-) 
  systolic_array_wrapper_systolic_array_8X8_rem_38_56_p8892A/ZN  -       A->ZN  F     MAOI222D0      1   0.6    84    58    9831    (-,-) 
  systolic_array_wrapper_systolic_array_8X8_rem_38_56_Fp8933A/ZN -       I->ZN  R     CKND0          1   1.3    42    44    9874    (-,-) 
  systolic_array_wrapper_systolic_array_8X8_rem_38_56_p8936A/ZN  -       A->ZN  F     MAOI222D0      1   0.7    86    54    9928    (-,-) 
  systolic_array_wrapper_systolic_array_8X8_rem_38_56_p8939A/ZN  -       C->ZN  R     AOI221D0       8   5.5   388   283   10211    (-,-) 
  systolic_array_wrapper_systolic_array_8X8_rem_38_56_Fp9300A/ZN -       I->ZN  F     CKND0          5   3.5   121   116   10327    (-,-) 
  systolic_array_wrapper_systolic_array_8X8_rem_38_56_p9312A/ZN  -       B1->ZN R     OAI22D0        1   0.9   116    97   10424    (-,-) 
  p10481A85276__6131/ZN                                          -       A4->ZN F     NR4D0          1   0.7    46    55   10479    (-,-) 
  p10480A85251__3680/ZN                                          -       B->ZN  R     OAI211D0       4   2.7   143    60   10539    (-,-) 
  p10494A85234__5526/ZN                                          -       B2->ZN F     OAI32D0        2   1.1    73    81   10620    (-,-) 
  p10472A__2883/Z                                                -       A1->Z  F     CKAN2D0        8   4.9    74    98   10718    (-,-) 
  p10494A__6161/ZN                                               -       A1->ZN R     CKND2D0        3   2.3    74    61   10779    (-,-) 
  p10486A__5477/Z                                                -       A2->Z  R     AN3D0          1   0.7    38    94   10873    (-,-) 
  p10505A__7410/Z                                                -       A1->Z  R     AN4D0          1   0.7    45    99   10972    (-,-) 
  p10510A__1666/Z                                                -       A1->Z  R     AN4D0          1   0.7    45   100   11073    (-,-) 
  p10533A__2346/Z                                                -       A1->Z  R     AN4D0          1   1.0    50   105   11178    (-,-) 
  p10537A__2883/ZN                                               -       A1->ZN F     ND4D8        294 439.2   291   305   11482    (-,-) 
  p10570A__9945/ZN                                               -       A1->ZN R     CKND2D0        3   8.5   208   197   11680    (-,-) 
  Fp10646A/ZN                                                    -       I->ZN  F     CKND8          1 500.0   416   292   11971    (-,-) 
  bias_sram_rd_en                                                -       -      F     (port)         -     -     -     0   11971    (-,-) 
#-----------------------------------------------------------------------------------------------------------------------------------------



Path 3: MET (2888 ps) Late External Delay Assertion at pin bias_sram_rd_en
           Mode: default_mode
          Group: I2O
     Startpoint: (R) n[0]
          Clock: (R) clk
       Endpoint: (F) bias_sram_rd_en
          Clock: (R) clk

                     Capture       Launch     
        Clock Edge:+   20000            0     
        Drv Adjust:+       0            0     
       Src Latency:+       0            0     
       Net Latency:+       0 (I)        0 (I) 
           Arrival:=   20000            0     
                                              
      Output Delay:-    5000                  
       Uncertainty:-     150                  
     Required Time:=   14850                  
      Launch Clock:-       0                  
       Input Delay:-     250                  
         Data Path:-   11712                  
             Slack:=    2888                  

Exceptions/Constraints:
  input_delay              250             tpu_core.sdc_line_28_16_1  
  output_delay             5000            tpu_core.sdc_line_31_851_1 

#-----------------------------------------------------------------------------------------------------------------------------------------
#                         Timing Point                           Flags    Arc   Edge   Cell     Fanout  Load Trans Delay Arrival Instance 
#                                                                                                       (fF)  (ps)  (ps)   (ps)  Location 
#-----------------------------------------------------------------------------------------------------------------------------------------
  n[0]                                                           -       -      R     (arrival)      8 505.5     0     0     250    (-,-) 
  systolic_array_wrapper_systolic_array_8X8_rem_38_56_Fp5333A/ZN -       I->ZN  F     CKND0         43  31.6   418   234     484    (-,-) 
  p4233A__9315/CO                                                -       B->CO  F     FA1D0          1   1.0    34   202     686    (-,-) 
  p4272A__6161/CO                                                -       CI->CO F     FA1D0          1   1.0    34    86     771    (-,-) 
  p4312A__4733/CO                                                -       CI->CO F     FA1D0          1   1.0    34    86     857    (-,-) 
  p4353A__7482/CO                                                -       CI->CO F     FA1D0          1   1.0    34    86     942    (-,-) 
  p4394A__5115/CO                                                -       CI->CO F     FA1D0          1   1.0    34    86    1028    (-,-) 
  p4436A__1881/CO                                                -       CI->CO F     FA1D0          1   1.0    34    86    1113    (-,-) 
  p4476A__6131/CO                                                -       CI->CO F     FA1D0          2   1.3    37    88    1202    (-,-) 
  p4524A__7098/ZN                                                -       A1->ZN R     NR2D0          5   3.3   142    93    1295    (-,-) 
  p4578A__5122/ZN                                                -       B1->ZN F     IND2D0         3   2.0    70    71    1366    (-,-) 
  p4585A__3680/ZN                                                -       B1->ZN F     MOAI22D0       1   0.6    38    80    1446    (-,-) 
  systolic_array_wrapper_systolic_array_8X8_rem_38_56_p4589A/ZN  -       B->ZN  R     IOA21D0        2   1.2    50    32    1479    (-,-) 
  systolic_array_wrapper_systolic_array_8X8_rem_38_56_Fp4594A/ZN -       I->ZN  F     CKND0          1   0.7    22    27    1505    (-,-) 
  systolic_array_wrapper_systolic_array_8X8_rem_38_56_p4595A/ZN  -       A1->ZN R     OAI221D0       2   1.3   170    65    1570    (-,-) 
  systolic_array_wrapper_systolic_array_8X8_rem_38_56_p4632A/ZN  -       A1->ZN F     CKND2D0        4   3.4    96    93    1663    (-,-) 
  systolic_array_wrapper_systolic_array_8X8_rem_38_56_p4652A/ZN  -       A->ZN  R     MAOI222D0      1   0.8   127    95    1758    (-,-) 
  systolic_array_wrapper_systolic_array_8X8_rem_38_56_p4687A/ZN  -       A2->ZN F     OAI221D0       5   3.3   180   126    1884    (-,-) 
  systolic_array_wrapper_systolic_array_8X8_rem_38_56_p4789A/ZN  -       B1->ZN F     MAOI22D0       2   1.9    87   127    2010    (-,-) 
  systolic_array_wrapper_systolic_array_8X8_rem_38_56_p4808A/ZN  -       A->ZN  R     MAOI222D0      3   2.7   189   129    2139    (-,-) 
  systolic_array_wrapper_systolic_array_8X8_rem_38_56_p4875A/ZN  -       A->ZN  F     MAOI222D0      1   1.3   116    95    2234    (-,-) 
  systolic_array_wrapper_systolic_array_8X8_rem_38_56_p4918A/ZN  -       A->ZN  R     MAOI222D0      1   0.6   120    96    2331    (-,-) 
  systolic_array_wrapper_systolic_array_8X8_rem_38_56_p4959A/ZN  -       A1->ZN F     CKND2D0        7   4.8   111    98    2428    (-,-) 
  systolic_array_wrapper_systolic_array_8X8_rem_38_56_p4991A/ZN  -       B1->ZN F     MAOI22D0       2   1.9    68   111    2539    (-,-) 
  systolic_array_wrapper_systolic_array_8X8_rem_38_56_p5011A/ZN  -       A->ZN  R     MAOI222D0      3   2.7   189   125    2664    (-,-) 
  systolic_array_wrapper_systolic_array_8X8_rem_38_56_p5073A/ZN  -       A->ZN  F     MAOI222D0      3   2.7   139   113    2776    (-,-) 
  systolic_array_wrapper_systolic_array_8X8_rem_38_56_p5140A/ZN  -       A->ZN  R     MAOI222D0      1   0.7   126   104    2880    (-,-) 
  systolic_array_wrapper_systolic_array_8X8_rem_38_56_p5178A/ZN  -       A1->ZN F     OAI221D0       9   6.2   237   164    3044    (-,-) 
  systolic_array_wrapper_systolic_array_8X8_rem_38_56_p5354A/ZN  -       A1->ZN R     MAOI22D0       4   3.4   166   146    3190    (-,-) 
  systolic_array_wrapper_systolic_array_8X8_rem_38_56_p5407A/ZN  -       A->ZN  F     MAOI222D0      3   2.7   121   107    3298    (-,-) 
  systolic_array_wrapper_systolic_array_8X8_rem_38_56_p5470A/ZN  -       A->ZN  R     MAOI222D0      1   0.6   134    98    3395    (-,-) 
  systolic_array_wrapper_systolic_array_8X8_rem_38_56_Fp5503A/ZN -       I->ZN  F     CKND0          1   1.0    44    46    3441    (-,-) 
  systolic_array_wrapper_systolic_array_8X8_rem_38_56_p5523A/CO  -       CI->CO F     FA1D0          3   2.7    51   103    3544    (-,-) 
  systolic_array_wrapper_systolic_array_8X8_rem_38_56_p5586A/ZN  -       A->ZN  R     MAOI222D0      1   1.3   142    94    3639    (-,-) 
  systolic_array_wrapper_systolic_array_8X8_rem_38_56_p5632A/ZN  -       A->ZN  F     MAOI222D0      1   0.6    82    77    3716    (-,-) 
  systolic_array_wrapper_systolic_array_8X8_rem_38_56_p5675A/ZN  -       A1->ZN R     CKND2D0        7   4.8   125    92    3808    (-,-) 
  systolic_array_wrapper_systolic_array_8X8_rem_38_56_p5704A/ZN  -       B1->ZN R     MAOI22D0       4   3.4   160   152    3959    (-,-) 
  systolic_array_wrapper_systolic_array_8X8_rem_38_56_p5755A/ZN  -       A->ZN  F     MAOI222D0      3   2.7   121   106    4065    (-,-) 
  systolic_array_wrapper_systolic_array_8X8_rem_38_56_p5813A/ZN  -       A->ZN  R     MAOI222D0      3   2.7   193   137    4202    (-,-) 
  systolic_array_wrapper_systolic_array_8X8_rem_38_56_p5885A/ZN  -       A->ZN  F     MAOI222D0      1   0.6    94    86    4288    (-,-) 
  systolic_array_wrapper_systolic_array_8X8_rem_38_56_Fp5927A/ZN -       I->ZN  R     CKND0          1   1.0    41    42    4330    (-,-) 
  systolic_array_wrapper_systolic_array_8X8_rem_38_56_p5931A/CO  -       CI->CO R     FA1D0          3   2.7    62    94    4425    (-,-) 
  systolic_array_wrapper_systolic_array_8X8_rem_38_56_p5988A/ZN  -       A->ZN  F     MAOI222D0      1   1.3    95    66    4491    (-,-) 
  systolic_array_wrapper_systolic_array_8X8_rem_38_56_p6043A/ZN  -       A->ZN  R     MAOI222D0      9   6.2   306   196    4686    (-,-) 
  systolic_array_wrapper_systolic_array_8X8_rem_38_56_p6168A/ZN  -       B1->ZN R     MAOI22D0       4   3.4   160   172    4859    (-,-) 
  systolic_array_wrapper_systolic_array_8X8_rem_38_56_p6230A/ZN  -       A->ZN  F     MAOI222D0      3   2.7   121   106    4964    (-,-) 
  systolic_array_wrapper_systolic_array_8X8_rem_38_56_p6293A/ZN  -       A->ZN  R     MAOI222D0      3   2.7   193   137    5101    (-,-) 
  systolic_array_wrapper_systolic_array_8X8_rem_38_56_p6360A/ZN  -       A->ZN  F     MAOI222D0      3   2.7   126   114    5215    (-,-) 
  systolic_array_wrapper_systolic_array_8X8_rem_38_56_p6430A/ZN  -       A->ZN  R     MAOI222D0      1   0.6   121    99    5314    (-,-) 
  systolic_array_wrapper_systolic_array_8X8_rem_38_56_Fp6457A/ZN -       I->ZN  F     CKND0          1   1.0    41    43    5357    (-,-) 
  systolic_array_wrapper_systolic_array_8X8_rem_38_56_p6481A/CO  -       CI->CO F     FA1D0          3   2.1    45    98    5455    (-,-) 
  systolic_array_wrapper_systolic_array_8X8_rem_38_56_p6542A/ZN  -       A1->ZN R     AOI222D0       9   6.2   448   257    5712    (-,-) 
  systolic_array_wrapper_systolic_array_8X8_rem_38_56_p6694A/ZN  -       B1->ZN R     MAOI22D0       4   3.4   161   182    5894    (-,-) 
  systolic_array_wrapper_systolic_array_8X8_rem_38_56_p6752A/ZN  -       A->ZN  F     MAOI222D0      3   2.7   121   106    6001    (-,-) 
  systolic_array_wrapper_systolic_array_8X8_rem_38_56_p6811A/ZN  -       A->ZN  R     MAOI222D0      3   2.7   193   137    6138    (-,-) 
  systolic_array_wrapper_systolic_array_8X8_rem_38_56_p6880A/ZN  -       A->ZN  F     MAOI222D0      3   2.7   126   114    6251    (-,-) 
  systolic_array_wrapper_systolic_array_8X8_rem_38_56_p6947A/ZN  -       A->ZN  R     MAOI222D0      3   2.7   189   138    6389    (-,-) 
  systolic_array_wrapper_systolic_array_8X8_rem_38_56_p7013A/ZN  -       A->ZN  F     MAOI222D0      3   2.0   114   104    6493    (-,-) 
  systolic_array_wrapper_systolic_array_8X8_rem_38_56_Fp7074A/ZN -       I->ZN  R     CKND0          1   1.3    50    50    6543    (-,-) 
  systolic_array_wrapper_systolic_array_8X8_rem_38_56_p7083A/ZN  -       A->ZN  F     MAOI222D0      1   0.7    86    56    6600    (-,-) 
  systolic_array_wrapper_systolic_array_8X8_rem_38_56_p7128A/ZN  -       C->ZN  R     AOI221D0       9   6.2   423   303    6902    (-,-) 
  systolic_array_wrapper_systolic_array_8X8_rem_38_56_p7344A/ZN  -       B1->ZN R     MAOI22D0       4   3.4   163   180    7082    (-,-) 
  systolic_array_wrapper_systolic_array_8X8_rem_38_56_p7400A/ZN  -       A->ZN  F     MAOI222D0      3   2.7   121   107    7189    (-,-) 
  systolic_array_wrapper_systolic_array_8X8_rem_38_56_p7460A/ZN  -       A->ZN  R     MAOI222D0      3   2.7   193   137    7326    (-,-) 
  systolic_array_wrapper_systolic_array_8X8_rem_38_56_p7529A/ZN  -       A->ZN  F     MAOI222D0      3   2.7   126   114    7440    (-,-) 
  systolic_array_wrapper_systolic_array_8X8_rem_38_56_p7596A/ZN  -       A->ZN  R     MAOI222D0      3   2.7   191   138    7578    (-,-) 
  systolic_array_wrapper_systolic_array_8X8_rem_38_56_p7664A/ZN  -       A->ZN  F     MAOI222D0      3   2.7   125   113    7691    (-,-) 
  systolic_array_wrapper_systolic_array_8X8_rem_38_56_p7733A/ZN  -       A->ZN  R     MAOI222D0      1   0.7   128   101    7791    (-,-) 
  systolic_array_wrapper_systolic_array_8X8_rem_38_56_p7764A/ZN  -       C->ZN  F     OAI221D0       7   4.8   226   173    7964    (-,-) 
  systolic_array_wrapper_systolic_array_8X8_rem_38_56_Fp7981A/ZN -       I->ZN  R     CKND0          8   5.6   128   123    8087    (-,-) 
  systolic_array_wrapper_systolic_array_8X8_rem_38_56_p8028A/ZN  -       B1->ZN R     MAOI22D0       2   1.9   109   124    8211    (-,-) 
  systolic_array_wrapper_systolic_array_8X8_rem_38_56_p8058A/ZN  -       A->ZN  F     MAOI222D0      3   2.7   121    94    8305    (-,-) 
  systolic_array_wrapper_systolic_array_8X8_rem_38_56_p8115A/ZN  -       A->ZN  R     MAOI222D0      3   2.7   193   137    8442    (-,-) 
  systolic_array_wrapper_systolic_array_8X8_rem_38_56_p8186A/ZN  -       A->ZN  F     MAOI222D0      3   2.7   126   114    8556    (-,-) 
  systolic_array_wrapper_systolic_array_8X8_rem_38_56_p8252A/ZN  -       A->ZN  R     MAOI222D0      3   2.7   189   138    8694    (-,-) 
  systolic_array_wrapper_systolic_array_8X8_rem_38_56_p8319A/ZN  -       A->ZN  F     MAOI222D0      1   1.0    98    91    8785    (-,-) 
  systolic_array_wrapper_systolic_array_8X8_rem_38_56_p8366A/CO  -       CI->CO F     FA1D0          1   0.7    32   100    8885    (-,-) 
  systolic_array_wrapper_systolic_array_8X8_rem_38_56_p8410A/ZN  -       C->ZN  R     AOI221D0      10   6.9   458   309    9194    (-,-) 
  systolic_array_wrapper_systolic_array_8X8_rem_38_56_p8641A/ZN  -       B1->ZN R     MAOI22D0       3   3.5   163   184    9378    (-,-) 
  systolic_array_wrapper_systolic_array_8X8_rem_38_56_p8692A/ZN  -       A->ZN  F     MAOI222D0      1   0.6    87    81    9459    (-,-) 
  systolic_array_wrapper_systolic_array_8X8_rem_38_56_Fp8722A/ZN -       I->ZN  R     CKND0          1   1.0    40    41    9500    (-,-) 
  systolic_array_wrapper_systolic_array_8X8_rem_38_56_p8725A/CO  -       CI->CO R     FA1D0          3   2.7    62    94    9594    (-,-) 
  systolic_array_wrapper_systolic_array_8X8_rem_38_56_p8788A/ZN  -       A->ZN  F     MAOI222D0      1   0.6    84    58    9652    (-,-) 
  systolic_array_wrapper_systolic_array_8X8_rem_38_56_Fp8828A/ZN -       I->ZN  R     CKND0          1   1.0    39    40    9692    (-,-) 
  systolic_array_wrapper_systolic_array_8X8_rem_38_56_p8829A/CO  -       CI->CO R     FA1D0          3   2.7    62    94    9785    (-,-) 
  systolic_array_wrapper_systolic_array_8X8_rem_38_56_p8892A/ZN  -       A->ZN  F     MAOI222D0      1   0.6    84    58    9843    (-,-) 
  systolic_array_wrapper_systolic_array_8X8_rem_38_56_Fp8933A/ZN -       I->ZN  R     CKND0          1   1.3    42    44    9887    (-,-) 
  systolic_array_wrapper_systolic_array_8X8_rem_38_56_p8936A/ZN  -       A->ZN  F     MAOI222D0      1   0.7    86    54    9941    (-,-) 
  systolic_array_wrapper_systolic_array_8X8_rem_38_56_p8939A/ZN  -       C->ZN  R     AOI221D0       8   5.5   388   283   10224    (-,-) 
  systolic_array_wrapper_systolic_array_8X8_rem_38_56_Fp9300A/ZN -       I->ZN  F     CKND0          5   3.5   121   116   10340    (-,-) 
  systolic_array_wrapper_systolic_array_8X8_rem_38_56_p9326A/ZN  -       A1->ZN R     OAI22D0        1   0.9   125    79   10418    (-,-) 
  p10481A85276__6131/ZN                                          -       A2->ZN F     NR4D0          1   0.7    46    51   10470    (-,-) 
  p10480A85251__3680/ZN                                          -       B->ZN  R     OAI211D0       4   2.7   143    60   10529    (-,-) 
  p10494A85234__5526/ZN                                          -       B2->ZN F     OAI32D0        2   1.1    73    81   10610    (-,-) 
  p10472A__2883/Z                                                -       A1->Z  F     CKAN2D0        8   4.9    74    98   10708    (-,-) 
  p10494A__6161/ZN                                               -       A1->ZN R     CKND2D0        3   2.3    74    61   10769    (-,-) 
  p10486A__5477/Z                                                -       A2->Z  R     AN3D0          1   0.7    38    94   10864    (-,-) 
  p10505A__7410/Z                                                -       A1->Z  R     AN4D0          1   0.7    45    99   10963    (-,-) 
  p10510A__1666/Z                                                -       A1->Z  R     AN4D0          1   0.7    45   100   11063    (-,-) 
  p10533A__2346/Z                                                -       A1->Z  R     AN4D0          1   1.0    50   105   11168    (-,-) 
  p10537A__2883/ZN                                               -       A1->ZN F     ND4D8        294 439.2   291   305   11473    (-,-) 
  p10570A__9945/ZN                                               -       A1->ZN R     CKND2D0        3   8.5   208   197   11670    (-,-) 
  Fp10646A/ZN                                                    -       I->ZN  F     CKND8          1 500.0   416   292   11962    (-,-) 
  bias_sram_rd_en                                                -       -      F     (port)         -     -     -     0   11962    (-,-) 
#-----------------------------------------------------------------------------------------------------------------------------------------



Path 4: MET (2892 ps) Late External Delay Assertion at pin bias_sram_rd_en
           Mode: default_mode
          Group: I2O
     Startpoint: (R) n[0]
          Clock: (R) clk
       Endpoint: (F) bias_sram_rd_en
          Clock: (R) clk

                     Capture       Launch     
        Clock Edge:+   20000            0     
        Drv Adjust:+       0            0     
       Src Latency:+       0            0     
       Net Latency:+       0 (I)        0 (I) 
           Arrival:=   20000            0     
                                              
      Output Delay:-    5000                  
       Uncertainty:-     150                  
     Required Time:=   14850                  
      Launch Clock:-       0                  
       Input Delay:-     250                  
         Data Path:-   11708                  
             Slack:=    2892                  

Exceptions/Constraints:
  input_delay              250             tpu_core.sdc_line_28_16_1  
  output_delay             5000            tpu_core.sdc_line_31_851_1 

#-----------------------------------------------------------------------------------------------------------------------------------------
#                         Timing Point                           Flags    Arc   Edge   Cell     Fanout  Load Trans Delay Arrival Instance 
#                                                                                                       (fF)  (ps)  (ps)   (ps)  Location 
#-----------------------------------------------------------------------------------------------------------------------------------------
  n[0]                                                           -       -      R     (arrival)      8 505.5     0     0     250    (-,-) 
  systolic_array_wrapper_systolic_array_8X8_rem_38_56_Fp5333A/ZN -       I->ZN  F     CKND0         43  31.6   418   234     484    (-,-) 
  p4233A__9315/CO                                                -       B->CO  F     FA1D0          1   1.0    34   202     686    (-,-) 
  p4272A__6161/CO                                                -       CI->CO F     FA1D0          1   1.0    34    86     771    (-,-) 
  p4312A__4733/CO                                                -       CI->CO F     FA1D0          1   1.0    34    86     857    (-,-) 
  p4353A__7482/CO                                                -       CI->CO F     FA1D0          1   1.0    34    86     942    (-,-) 
  p4394A__5115/CO                                                -       CI->CO F     FA1D0          1   1.0    34    86    1028    (-,-) 
  p4436A__1881/CO                                                -       CI->CO F     FA1D0          1   1.0    34    86    1113    (-,-) 
  p4476A__6131/CO                                                -       CI->CO F     FA1D0          2   1.3    37    88    1202    (-,-) 
  p4524A__7098/ZN                                                -       A1->ZN R     NR2D0          5   3.3   142    93    1295    (-,-) 
  p4578A__5122/ZN                                                -       B1->ZN F     IND2D0         3   2.0    70    71    1366    (-,-) 
  p4585A__3680/ZN                                                -       B1->ZN F     MOAI22D0       1   0.6    38    80    1446    (-,-) 
  systolic_array_wrapper_systolic_array_8X8_rem_38_56_p4589A/ZN  -       B->ZN  R     IOA21D0        2   1.2    50    32    1479    (-,-) 
  systolic_array_wrapper_systolic_array_8X8_rem_38_56_Fp4594A/ZN -       I->ZN  F     CKND0          1   0.7    22    27    1505    (-,-) 
  systolic_array_wrapper_systolic_array_8X8_rem_38_56_p4595A/ZN  -       A1->ZN R     OAI221D0       2   1.3   170    65    1570    (-,-) 
  systolic_array_wrapper_systolic_array_8X8_rem_38_56_p4632A/ZN  -       A1->ZN F     CKND2D0        4   3.4    96    93    1663    (-,-) 
  systolic_array_wrapper_systolic_array_8X8_rem_38_56_p4652A/ZN  -       A->ZN  R     MAOI222D0      1   0.8   127    95    1758    (-,-) 
  systolic_array_wrapper_systolic_array_8X8_rem_38_56_p4687A/ZN  -       A2->ZN F     OAI221D0       5   3.3   180   126    1884    (-,-) 
  systolic_array_wrapper_systolic_array_8X8_rem_38_56_p4789A/ZN  -       B1->ZN F     MAOI22D0       2   1.9    87   127    2010    (-,-) 
  systolic_array_wrapper_systolic_array_8X8_rem_38_56_p4808A/ZN  -       A->ZN  R     MAOI222D0      3   2.7   189   129    2139    (-,-) 
  systolic_array_wrapper_systolic_array_8X8_rem_38_56_p4875A/ZN  -       A->ZN  F     MAOI222D0      1   1.3   116    95    2234    (-,-) 
  systolic_array_wrapper_systolic_array_8X8_rem_38_56_p4918A/ZN  -       A->ZN  R     MAOI222D0      1   0.6   120    96    2331    (-,-) 
  systolic_array_wrapper_systolic_array_8X8_rem_38_56_p4959A/ZN  -       A1->ZN F     CKND2D0        7   4.8   111    98    2428    (-,-) 
  systolic_array_wrapper_systolic_array_8X8_rem_38_56_p4991A/ZN  -       B1->ZN F     MAOI22D0       2   1.9    68   111    2539    (-,-) 
  systolic_array_wrapper_systolic_array_8X8_rem_38_56_p5011A/ZN  -       A->ZN  R     MAOI222D0      3   2.7   189   125    2664    (-,-) 
  systolic_array_wrapper_systolic_array_8X8_rem_38_56_p5073A/ZN  -       A->ZN  F     MAOI222D0      3   2.7   139   113    2776    (-,-) 
  systolic_array_wrapper_systolic_array_8X8_rem_38_56_p5140A/ZN  -       A->ZN  R     MAOI222D0      1   0.7   126   104    2880    (-,-) 
  systolic_array_wrapper_systolic_array_8X8_rem_38_56_p5178A/ZN  -       A1->ZN F     OAI221D0       9   6.2   237   164    3044    (-,-) 
  systolic_array_wrapper_systolic_array_8X8_rem_38_56_p5354A/ZN  -       A1->ZN R     MAOI22D0       4   3.4   166   146    3190    (-,-) 
  systolic_array_wrapper_systolic_array_8X8_rem_38_56_p5407A/ZN  -       A->ZN  F     MAOI222D0      3   2.7   121   107    3298    (-,-) 
  systolic_array_wrapper_systolic_array_8X8_rem_38_56_p5470A/ZN  -       A->ZN  R     MAOI222D0      1   0.6   134    98    3395    (-,-) 
  systolic_array_wrapper_systolic_array_8X8_rem_38_56_Fp5503A/ZN -       I->ZN  F     CKND0          1   1.0    44    46    3441    (-,-) 
  systolic_array_wrapper_systolic_array_8X8_rem_38_56_p5523A/CO  -       CI->CO F     FA1D0          3   2.7    51   103    3544    (-,-) 
  systolic_array_wrapper_systolic_array_8X8_rem_38_56_p5586A/ZN  -       A->ZN  R     MAOI222D0      1   1.3   142    94    3639    (-,-) 
  systolic_array_wrapper_systolic_array_8X8_rem_38_56_p5632A/ZN  -       A->ZN  F     MAOI222D0      1   0.6    82    77    3716    (-,-) 
  systolic_array_wrapper_systolic_array_8X8_rem_38_56_p5675A/ZN  -       A1->ZN R     CKND2D0        7   4.8   125    92    3808    (-,-) 
  systolic_array_wrapper_systolic_array_8X8_rem_38_56_p5704A/ZN  -       B1->ZN R     MAOI22D0       4   3.4   160   152    3959    (-,-) 
  systolic_array_wrapper_systolic_array_8X8_rem_38_56_p5755A/ZN  -       A->ZN  F     MAOI222D0      3   2.7   121   106    4065    (-,-) 
  systolic_array_wrapper_systolic_array_8X8_rem_38_56_p5813A/ZN  -       A->ZN  R     MAOI222D0      3   2.7   193   137    4202    (-,-) 
  systolic_array_wrapper_systolic_array_8X8_rem_38_56_p5885A/ZN  -       A->ZN  F     MAOI222D0      1   0.6    94    86    4288    (-,-) 
  systolic_array_wrapper_systolic_array_8X8_rem_38_56_Fp5927A/ZN -       I->ZN  R     CKND0          1   1.0    41    42    4330    (-,-) 
  systolic_array_wrapper_systolic_array_8X8_rem_38_56_p5931A/CO  -       CI->CO R     FA1D0          3   2.7    62    94    4425    (-,-) 
  systolic_array_wrapper_systolic_array_8X8_rem_38_56_p5988A/ZN  -       A->ZN  F     MAOI222D0      1   1.3    95    66    4491    (-,-) 
  systolic_array_wrapper_systolic_array_8X8_rem_38_56_p6043A/ZN  -       A->ZN  R     MAOI222D0      9   6.2   306   196    4686    (-,-) 
  systolic_array_wrapper_systolic_array_8X8_rem_38_56_p6168A/ZN  -       B1->ZN R     MAOI22D0       4   3.4   160   172    4859    (-,-) 
  systolic_array_wrapper_systolic_array_8X8_rem_38_56_p6230A/ZN  -       A->ZN  F     MAOI222D0      3   2.7   121   106    4964    (-,-) 
  systolic_array_wrapper_systolic_array_8X8_rem_38_56_p6293A/ZN  -       A->ZN  R     MAOI222D0      3   2.7   193   137    5101    (-,-) 
  systolic_array_wrapper_systolic_array_8X8_rem_38_56_p6360A/ZN  -       A->ZN  F     MAOI222D0      3   2.7   126   114    5215    (-,-) 
  systolic_array_wrapper_systolic_array_8X8_rem_38_56_p6430A/ZN  -       A->ZN  R     MAOI222D0      1   0.6   121    99    5314    (-,-) 
  systolic_array_wrapper_systolic_array_8X8_rem_38_56_Fp6457A/ZN -       I->ZN  F     CKND0          1   1.0    41    43    5357    (-,-) 
  systolic_array_wrapper_systolic_array_8X8_rem_38_56_p6481A/CO  -       CI->CO F     FA1D0          3   2.1    45    98    5455    (-,-) 
  systolic_array_wrapper_systolic_array_8X8_rem_38_56_p6542A/ZN  -       A1->ZN R     AOI222D0       9   6.2   448   257    5712    (-,-) 
  systolic_array_wrapper_systolic_array_8X8_rem_38_56_p6694A/ZN  -       B1->ZN R     MAOI22D0       4   3.4   161   182    5894    (-,-) 
  systolic_array_wrapper_systolic_array_8X8_rem_38_56_p6752A/ZN  -       A->ZN  F     MAOI222D0      3   2.7   121   106    6001    (-,-) 
  systolic_array_wrapper_systolic_array_8X8_rem_38_56_p6811A/ZN  -       A->ZN  R     MAOI222D0      3   2.7   193   137    6138    (-,-) 
  systolic_array_wrapper_systolic_array_8X8_rem_38_56_p6880A/ZN  -       A->ZN  F     MAOI222D0      3   2.7   126   114    6251    (-,-) 
  systolic_array_wrapper_systolic_array_8X8_rem_38_56_p6947A/ZN  -       A->ZN  R     MAOI222D0      3   2.7   189   138    6389    (-,-) 
  systolic_array_wrapper_systolic_array_8X8_rem_38_56_p7013A/ZN  -       A->ZN  F     MAOI222D0      3   2.0   114   104    6493    (-,-) 
  systolic_array_wrapper_systolic_array_8X8_rem_38_56_Fp7074A/ZN -       I->ZN  R     CKND0          1   1.3    50    50    6543    (-,-) 
  systolic_array_wrapper_systolic_array_8X8_rem_38_56_p7083A/ZN  -       A->ZN  F     MAOI222D0      1   0.7    86    56    6600    (-,-) 
  systolic_array_wrapper_systolic_array_8X8_rem_38_56_p7128A/ZN  -       C->ZN  R     AOI221D0       9   6.2   423   303    6902    (-,-) 
  systolic_array_wrapper_systolic_array_8X8_rem_38_56_p7344A/ZN  -       B1->ZN R     MAOI22D0       4   3.4   163   180    7082    (-,-) 
  systolic_array_wrapper_systolic_array_8X8_rem_38_56_p7400A/ZN  -       A->ZN  F     MAOI222D0      3   2.7   121   107    7189    (-,-) 
  systolic_array_wrapper_systolic_array_8X8_rem_38_56_p7460A/ZN  -       A->ZN  R     MAOI222D0      3   2.7   193   137    7326    (-,-) 
  systolic_array_wrapper_systolic_array_8X8_rem_38_56_p7529A/ZN  -       A->ZN  F     MAOI222D0      3   2.7   126   114    7440    (-,-) 
  systolic_array_wrapper_systolic_array_8X8_rem_38_56_p7596A/ZN  -       A->ZN  R     MAOI222D0      3   2.7   191   138    7578    (-,-) 
  systolic_array_wrapper_systolic_array_8X8_rem_38_56_p7664A/ZN  -       A->ZN  F     MAOI222D0      3   2.7   125   113    7691    (-,-) 
  systolic_array_wrapper_systolic_array_8X8_rem_38_56_p7733A/ZN  -       A->ZN  R     MAOI222D0      1   0.7   128   101    7791    (-,-) 
  systolic_array_wrapper_systolic_array_8X8_rem_38_56_p7764A/ZN  -       C->ZN  F     OAI221D0       7   4.8   226   173    7964    (-,-) 
  systolic_array_wrapper_systolic_array_8X8_rem_38_56_Fp7981A/ZN -       I->ZN  R     CKND0          8   5.6   128   123    8087    (-,-) 
  systolic_array_wrapper_systolic_array_8X8_rem_38_56_p8028A/ZN  -       B1->ZN R     MAOI22D0       2   1.9   109   124    8211    (-,-) 
  systolic_array_wrapper_systolic_array_8X8_rem_38_56_p8058A/ZN  -       A->ZN  F     MAOI222D0      3   2.7   121    94    8305    (-,-) 
  systolic_array_wrapper_systolic_array_8X8_rem_38_56_p8115A/ZN  -       A->ZN  R     MAOI222D0      3   2.7   193   137    8442    (-,-) 
  systolic_array_wrapper_systolic_array_8X8_rem_38_56_p8186A/ZN  -       A->ZN  F     MAOI222D0      3   2.7   126   114    8556    (-,-) 
  systolic_array_wrapper_systolic_array_8X8_rem_38_56_p8252A/ZN  -       A->ZN  R     MAOI222D0      3   2.7   189   138    8694    (-,-) 
  systolic_array_wrapper_systolic_array_8X8_rem_38_56_p8319A/ZN  -       A->ZN  F     MAOI222D0      1   1.0    98    91    8785    (-,-) 
  systolic_array_wrapper_systolic_array_8X8_rem_38_56_p8366A/CO  -       CI->CO F     FA1D0          1   0.7    32   100    8885    (-,-) 
  systolic_array_wrapper_systolic_array_8X8_rem_38_56_p8410A/ZN  -       C->ZN  R     AOI221D0      10   6.9   458   309    9194    (-,-) 
  systolic_array_wrapper_systolic_array_8X8_rem_38_56_p8641A/ZN  -       B1->ZN R     MAOI22D0       3   3.5   163   184    9378    (-,-) 
  systolic_array_wrapper_systolic_array_8X8_rem_38_56_p8692A/ZN  -       A->ZN  F     MAOI222D0      1   0.6    87    81    9459    (-,-) 
  systolic_array_wrapper_systolic_array_8X8_rem_38_56_Fp8722A/ZN -       I->ZN  R     CKND0          1   1.0    40    41    9500    (-,-) 
  systolic_array_wrapper_systolic_array_8X8_rem_38_56_p8725A/CO  -       CI->CO R     FA1D0          3   2.7    62    94    9594    (-,-) 
  systolic_array_wrapper_systolic_array_8X8_rem_38_56_p8788A/ZN  -       A->ZN  F     MAOI222D0      1   0.6    84    58    9652    (-,-) 
  systolic_array_wrapper_systolic_array_8X8_rem_38_56_Fp8828A/ZN -       I->ZN  R     CKND0          1   1.0    39    40    9692    (-,-) 
  systolic_array_wrapper_systolic_array_8X8_rem_38_56_p8829A/CO  -       CI->CO R     FA1D0          3   2.7    62    94    9785    (-,-) 
  systolic_array_wrapper_systolic_array_8X8_rem_38_56_p8892A/ZN  -       A->ZN  F     MAOI222D0      1   0.6    84    58    9843    (-,-) 
  systolic_array_wrapper_systolic_array_8X8_rem_38_56_Fp8933A/ZN -       I->ZN  R     CKND0          1   1.3    42    44    9887    (-,-) 
  systolic_array_wrapper_systolic_array_8X8_rem_38_56_p8936A/ZN  -       A->ZN  F     MAOI222D0      1   0.7    86    54    9941    (-,-) 
  systolic_array_wrapper_systolic_array_8X8_rem_38_56_p8939A/ZN  -       C->ZN  R     AOI221D0       8   5.5   388   283   10224    (-,-) 
  systolic_array_wrapper_systolic_array_8X8_rem_38_56_Fp9300A/ZN -       I->ZN  F     CKND0          5   3.5   121   116   10340    (-,-) 
  systolic_array_wrapper_systolic_array_8X8_rem_38_56_p9330A/ZN  -       B1->ZN R     OAI22D0        1   0.6   109    91   10431    (-,-) 
  p10517A__7482/ZN                                               -       A1->ZN F     NR2D0          1   0.7    37    35   10466    (-,-) 
  p10480A85251__3680/ZN                                          -       C->ZN  R     OAI211D0       4   2.7   143    60   10525    (-,-) 
  p10494A85234__5526/ZN                                          -       B2->ZN F     OAI32D0        2   1.1    73    81   10606    (-,-) 
  p10472A__2883/Z                                                -       A1->Z  F     CKAN2D0        8   4.9    74    98   10704    (-,-) 
  p10494A__6161/ZN                                               -       A1->ZN R     CKND2D0        3   2.3    74    61   10766    (-,-) 
  p10486A__5477/Z                                                -       A2->Z  R     AN3D0          1   0.7    38    94   10860    (-,-) 
  p10505A__7410/Z                                                -       A1->Z  R     AN4D0          1   0.7    45    99   10959    (-,-) 
  p10510A__1666/Z                                                -       A1->Z  R     AN4D0          1   0.7    45   100   11059    (-,-) 
  p10533A__2346/Z                                                -       A1->Z  R     AN4D0          1   1.0    50   105   11164    (-,-) 
  p10537A__2883/ZN                                               -       A1->ZN F     ND4D8        294 439.2   291   305   11469    (-,-) 
  p10570A__9945/ZN                                               -       A1->ZN R     CKND2D0        3   8.5   208   197   11666    (-,-) 
  Fp10646A/ZN                                                    -       I->ZN  F     CKND8          1 500.0   416   292   11958    (-,-) 
  bias_sram_rd_en                                                -       -      F     (port)         -     -     -     0   11958    (-,-) 
#-----------------------------------------------------------------------------------------------------------------------------------------



Path 5: MET (2894 ps) Late External Delay Assertion at pin bias_sram_rd_en
           Mode: default_mode
          Group: I2O
     Startpoint: (R) n[0]
          Clock: (R) clk
       Endpoint: (F) bias_sram_rd_en
          Clock: (R) clk

                     Capture       Launch     
        Clock Edge:+   20000            0     
        Drv Adjust:+       0            0     
       Src Latency:+       0            0     
       Net Latency:+       0 (I)        0 (I) 
           Arrival:=   20000            0     
                                              
      Output Delay:-    5000                  
       Uncertainty:-     150                  
     Required Time:=   14850                  
      Launch Clock:-       0                  
       Input Delay:-     250                  
         Data Path:-   11706                  
             Slack:=    2894                  

Exceptions/Constraints:
  input_delay              250             tpu_core.sdc_line_28_16_1  
  output_delay             5000            tpu_core.sdc_line_31_851_1 

#-----------------------------------------------------------------------------------------------------------------------------------------
#                         Timing Point                           Flags    Arc   Edge   Cell     Fanout  Load Trans Delay Arrival Instance 
#                                                                                                       (fF)  (ps)  (ps)   (ps)  Location 
#-----------------------------------------------------------------------------------------------------------------------------------------
  n[0]                                                           -       -      R     (arrival)      8 505.5     0     0     250    (-,-) 
  systolic_array_wrapper_systolic_array_8X8_rem_38_56_Fp5333A/ZN -       I->ZN  F     CKND0         43  31.6   418   234     484    (-,-) 
  p4233A__9315/CO                                                -       B->CO  F     FA1D0          1   1.0    34   202     686    (-,-) 
  p4272A__6161/CO                                                -       CI->CO F     FA1D0          1   1.0    34    86     771    (-,-) 
  p4312A__4733/CO                                                -       CI->CO F     FA1D0          1   1.0    34    86     857    (-,-) 
  p4353A__7482/CO                                                -       CI->CO F     FA1D0          1   1.0    34    86     942    (-,-) 
  p4394A__5115/CO                                                -       CI->CO F     FA1D0          1   1.0    34    86    1028    (-,-) 
  p4436A__1881/CO                                                -       CI->CO F     FA1D0          1   1.0    34    86    1113    (-,-) 
  p4476A__6131/CO                                                -       CI->CO F     FA1D0          2   1.3    37    88    1202    (-,-) 
  p4524A__7098/ZN                                                -       A1->ZN R     NR2D0          5   3.3   142    93    1295    (-,-) 
  p4578A__5122/ZN                                                -       B1->ZN F     IND2D0         3   2.0    70    71    1366    (-,-) 
  p4585A__3680/ZN                                                -       B1->ZN F     MOAI22D0       1   0.6    38    80    1446    (-,-) 
  systolic_array_wrapper_systolic_array_8X8_rem_38_56_p4589A/ZN  -       B->ZN  R     IOA21D0        2   1.2    50    32    1479    (-,-) 
  systolic_array_wrapper_systolic_array_8X8_rem_38_56_Fp4594A/ZN -       I->ZN  F     CKND0          1   0.7    22    27    1505    (-,-) 
  systolic_array_wrapper_systolic_array_8X8_rem_38_56_p4595A/ZN  -       A1->ZN R     OAI221D0       2   1.3   170    65    1570    (-,-) 
  systolic_array_wrapper_systolic_array_8X8_rem_38_56_p4650A/ZN  -       A1->ZN R     INR2D0         3   1.9    96   112    1682    (-,-) 
  systolic_array_wrapper_systolic_array_8X8_rem_38_56_p4703A/Z   -       A1->Z  R     CKAN2D0        1   0.7    40    76    1758    (-,-) 
  systolic_array_wrapper_systolic_array_8X8_rem_38_56_p4687A/ZN  -       A1->ZN F     OAI221D0       5   3.3   180    97    1855    (-,-) 
  systolic_array_wrapper_systolic_array_8X8_rem_38_56_p4789A/ZN  -       B1->ZN F     MAOI22D0       2   1.9    87   127    1982    (-,-) 
  systolic_array_wrapper_systolic_array_8X8_rem_38_56_p4808A/ZN  -       A->ZN  R     MAOI222D0      3   2.7   189   129    2111    (-,-) 
  systolic_array_wrapper_systolic_array_8X8_rem_38_56_p4875A/ZN  -       A->ZN  F     MAOI222D0      1   1.3   116    95    2206    (-,-) 
  systolic_array_wrapper_systolic_array_8X8_rem_38_56_p4918A/ZN  -       A->ZN  R     MAOI222D0      1   0.6   120    96    2303    (-,-) 
  systolic_array_wrapper_systolic_array_8X8_rem_38_56_p4959A/ZN  -       A1->ZN F     CKND2D0        7   4.8   111    98    2400    (-,-) 
  systolic_array_wrapper_systolic_array_8X8_rem_38_56_p4991A/ZN  -       B1->ZN F     MAOI22D0       2   1.9    68   111    2511    (-,-) 
  systolic_array_wrapper_systolic_array_8X8_rem_38_56_p5011A/ZN  -       A->ZN  R     MAOI222D0      3   2.7   189   125    2635    (-,-) 
  systolic_array_wrapper_systolic_array_8X8_rem_38_56_p5073A/ZN  -       A->ZN  F     MAOI222D0      3   2.7   139   113    2748    (-,-) 
  systolic_array_wrapper_systolic_array_8X8_rem_38_56_p5140A/ZN  -       A->ZN  R     MAOI222D0      1   0.7   126   104    2852    (-,-) 
  systolic_array_wrapper_systolic_array_8X8_rem_38_56_p5178A/ZN  -       A1->ZN F     OAI221D0       9   6.2   237   164    3016    (-,-) 
  systolic_array_wrapper_systolic_array_8X8_rem_38_56_p5354A/ZN  -       A1->ZN R     MAOI22D0       4   3.4   166   146    3162    (-,-) 
  systolic_array_wrapper_systolic_array_8X8_rem_38_56_p5407A/ZN  -       A->ZN  F     MAOI222D0      3   2.7   121   107    3269    (-,-) 
  systolic_array_wrapper_systolic_array_8X8_rem_38_56_p5470A/ZN  -       A->ZN  R     MAOI222D0      1   0.6   134    98    3367    (-,-) 
  systolic_array_wrapper_systolic_array_8X8_rem_38_56_Fp5503A/ZN -       I->ZN  F     CKND0          1   1.0    44    46    3413    (-,-) 
  systolic_array_wrapper_systolic_array_8X8_rem_38_56_p5523A/CO  -       CI->CO F     FA1D0          3   2.7    51   103    3516    (-,-) 
  systolic_array_wrapper_systolic_array_8X8_rem_38_56_p5586A/ZN  -       A->ZN  R     MAOI222D0      1   1.3   142    94    3610    (-,-) 
  systolic_array_wrapper_systolic_array_8X8_rem_38_56_p5632A/ZN  -       A->ZN  F     MAOI222D0      1   0.6    82    77    3688    (-,-) 
  systolic_array_wrapper_systolic_array_8X8_rem_38_56_p5675A/ZN  -       A1->ZN R     CKND2D0        7   4.8   125    92    3780    (-,-) 
  systolic_array_wrapper_systolic_array_8X8_rem_38_56_p5704A/ZN  -       B1->ZN R     MAOI22D0       4   3.4   160   152    3931    (-,-) 
  systolic_array_wrapper_systolic_array_8X8_rem_38_56_p5755A/ZN  -       A->ZN  F     MAOI222D0      3   2.7   121   106    4037    (-,-) 
  systolic_array_wrapper_systolic_array_8X8_rem_38_56_p5813A/ZN  -       A->ZN  R     MAOI222D0      3   2.7   193   137    4174    (-,-) 
  systolic_array_wrapper_systolic_array_8X8_rem_38_56_p5885A/ZN  -       A->ZN  F     MAOI222D0      1   0.6    94    86    4260    (-,-) 
  systolic_array_wrapper_systolic_array_8X8_rem_38_56_Fp5927A/ZN -       I->ZN  R     CKND0          1   1.0    41    42    4302    (-,-) 
  systolic_array_wrapper_systolic_array_8X8_rem_38_56_p5931A/CO  -       CI->CO R     FA1D0          3   2.7    62    94    4396    (-,-) 
  systolic_array_wrapper_systolic_array_8X8_rem_38_56_p5988A/ZN  -       A->ZN  F     MAOI222D0      1   1.3    95    66    4462    (-,-) 
  systolic_array_wrapper_systolic_array_8X8_rem_38_56_p6043A/ZN  -       A->ZN  R     MAOI222D0      9   6.2   306   196    4658    (-,-) 
  systolic_array_wrapper_systolic_array_8X8_rem_38_56_p6168A/ZN  -       B1->ZN R     MAOI22D0       4   3.4   160   172    4830    (-,-) 
  systolic_array_wrapper_systolic_array_8X8_rem_38_56_p6230A/ZN  -       A->ZN  F     MAOI222D0      3   2.7   121   106    4936    (-,-) 
  systolic_array_wrapper_systolic_array_8X8_rem_38_56_p6293A/ZN  -       A->ZN  R     MAOI222D0      3   2.7   193   137    5073    (-,-) 
  systolic_array_wrapper_systolic_array_8X8_rem_38_56_p6360A/ZN  -       A->ZN  F     MAOI222D0      3   2.7   126   114    5187    (-,-) 
  systolic_array_wrapper_systolic_array_8X8_rem_38_56_p6430A/ZN  -       A->ZN  R     MAOI222D0      1   0.6   121    99    5286    (-,-) 
  systolic_array_wrapper_systolic_array_8X8_rem_38_56_Fp6457A/ZN -       I->ZN  F     CKND0          1   1.0    41    43    5329    (-,-) 
  systolic_array_wrapper_systolic_array_8X8_rem_38_56_p6481A/CO  -       CI->CO F     FA1D0          3   2.1    45    98    5427    (-,-) 
  systolic_array_wrapper_systolic_array_8X8_rem_38_56_p6542A/ZN  -       A1->ZN R     AOI222D0       9   6.2   448   257    5684    (-,-) 
  systolic_array_wrapper_systolic_array_8X8_rem_38_56_p6694A/ZN  -       B1->ZN R     MAOI22D0       4   3.4   161   182    5866    (-,-) 
  systolic_array_wrapper_systolic_array_8X8_rem_38_56_p6752A/ZN  -       A->ZN  F     MAOI222D0      3   2.7   121   106    5972    (-,-) 
  systolic_array_wrapper_systolic_array_8X8_rem_38_56_p6811A/ZN  -       A->ZN  R     MAOI222D0      3   2.7   193   137    6109    (-,-) 
  systolic_array_wrapper_systolic_array_8X8_rem_38_56_p6880A/ZN  -       A->ZN  F     MAOI222D0      3   2.7   126   114    6223    (-,-) 
  systolic_array_wrapper_systolic_array_8X8_rem_38_56_p6947A/ZN  -       A->ZN  R     MAOI222D0      3   2.7   189   138    6361    (-,-) 
  systolic_array_wrapper_systolic_array_8X8_rem_38_56_p7013A/ZN  -       A->ZN  F     MAOI222D0      3   2.0   114   104    6465    (-,-) 
  systolic_array_wrapper_systolic_array_8X8_rem_38_56_Fp7074A/ZN -       I->ZN  R     CKND0          1   1.3    50    50    6515    (-,-) 
  systolic_array_wrapper_systolic_array_8X8_rem_38_56_p7083A/ZN  -       A->ZN  F     MAOI222D0      1   0.7    86    56    6571    (-,-) 
  systolic_array_wrapper_systolic_array_8X8_rem_38_56_p7128A/ZN  -       C->ZN  R     AOI221D0       9   6.2   423   303    6874    (-,-) 
  systolic_array_wrapper_systolic_array_8X8_rem_38_56_p7344A/ZN  -       B1->ZN R     MAOI22D0       4   3.4   163   180    7054    (-,-) 
  systolic_array_wrapper_systolic_array_8X8_rem_38_56_p7400A/ZN  -       A->ZN  F     MAOI222D0      3   2.7   121   107    7161    (-,-) 
  systolic_array_wrapper_systolic_array_8X8_rem_38_56_p7460A/ZN  -       A->ZN  R     MAOI222D0      3   2.7   193   137    7298    (-,-) 
  systolic_array_wrapper_systolic_array_8X8_rem_38_56_p7529A/ZN  -       A->ZN  F     MAOI222D0      3   2.7   126   114    7411    (-,-) 
  systolic_array_wrapper_systolic_array_8X8_rem_38_56_p7596A/ZN  -       A->ZN  R     MAOI222D0      3   2.7   191   138    7549    (-,-) 
  systolic_array_wrapper_systolic_array_8X8_rem_38_56_p7664A/ZN  -       A->ZN  F     MAOI222D0      3   2.7   125   113    7662    (-,-) 
  systolic_array_wrapper_systolic_array_8X8_rem_38_56_p7733A/ZN  -       A->ZN  R     MAOI222D0      1   0.7   128   101    7763    (-,-) 
  systolic_array_wrapper_systolic_array_8X8_rem_38_56_p7764A/ZN  -       C->ZN  F     OAI221D0       7   4.8   226   173    7936    (-,-) 
  systolic_array_wrapper_systolic_array_8X8_rem_38_56_Fp7981A/ZN -       I->ZN  R     CKND0          8   5.6   128   123    8058    (-,-) 
  systolic_array_wrapper_systolic_array_8X8_rem_38_56_p8028A/ZN  -       B1->ZN R     MAOI22D0       2   1.9   109   124    8183    (-,-) 
  systolic_array_wrapper_systolic_array_8X8_rem_38_56_p8058A/ZN  -       A->ZN  F     MAOI222D0      3   2.7   121    94    8277    (-,-) 
  systolic_array_wrapper_systolic_array_8X8_rem_38_56_p8115A/ZN  -       A->ZN  R     MAOI222D0      3   2.7   193   137    8414    (-,-) 
  systolic_array_wrapper_systolic_array_8X8_rem_38_56_p8186A/ZN  -       A->ZN  F     MAOI222D0      3   2.7   126   114    8527    (-,-) 
  systolic_array_wrapper_systolic_array_8X8_rem_38_56_p8252A/ZN  -       A->ZN  R     MAOI222D0      3   2.7   189   138    8665    (-,-) 
  systolic_array_wrapper_systolic_array_8X8_rem_38_56_p8319A/ZN  -       A->ZN  F     MAOI222D0      1   1.0    98    91    8756    (-,-) 
  systolic_array_wrapper_systolic_array_8X8_rem_38_56_p8366A/CO  -       CI->CO F     FA1D0          1   0.7    32   100    8857    (-,-) 
  systolic_array_wrapper_systolic_array_8X8_rem_38_56_p8410A/ZN  -       C->ZN  R     AOI221D0      10   6.9   458   309    9166    (-,-) 
  systolic_array_wrapper_systolic_array_8X8_rem_38_56_p8641A/ZN  -       B1->ZN R     MAOI22D0       3   3.5   163   184    9350    (-,-) 
  systolic_array_wrapper_systolic_array_8X8_rem_38_56_p8692A/ZN  -       A->ZN  F     MAOI222D0      1   0.6    87    81    9431    (-,-) 
  systolic_array_wrapper_systolic_array_8X8_rem_38_56_Fp8722A/ZN -       I->ZN  R     CKND0          1   1.0    40    41    9472    (-,-) 
  systolic_array_wrapper_systolic_array_8X8_rem_38_56_p8725A/CO  -       CI->CO R     FA1D0          3   2.7    62    94    9565    (-,-) 
  systolic_array_wrapper_systolic_array_8X8_rem_38_56_p8788A/ZN  -       A->ZN  F     MAOI222D0      1   0.6    84    58    9623    (-,-) 
  systolic_array_wrapper_systolic_array_8X8_rem_38_56_Fp8828A/ZN -       I->ZN  R     CKND0          1   1.0    39    40    9663    (-,-) 
  systolic_array_wrapper_systolic_array_8X8_rem_38_56_p8829A/CO  -       CI->CO R     FA1D0          3   2.7    62    94    9757    (-,-) 
  systolic_array_wrapper_systolic_array_8X8_rem_38_56_p8892A/ZN  -       A->ZN  F     MAOI222D0      1   0.6    84    58    9815    (-,-) 
  systolic_array_wrapper_systolic_array_8X8_rem_38_56_Fp8933A/ZN -       I->ZN  R     CKND0          1   1.3    42    44    9859    (-,-) 
  systolic_array_wrapper_systolic_array_8X8_rem_38_56_p8936A/ZN  -       A->ZN  F     MAOI222D0      1   0.7    86    54    9913    (-,-) 
  systolic_array_wrapper_systolic_array_8X8_rem_38_56_p8939A/ZN  -       C->ZN  R     AOI221D0       8   5.5   388   283   10196    (-,-) 
  systolic_array_wrapper_systolic_array_8X8_rem_38_56_Fp9300A/ZN -       I->ZN  F     CKND0          5   3.5   121   116   10311    (-,-) 
  systolic_array_wrapper_systolic_array_8X8_rem_38_56_p9312A/ZN  -       B1->ZN R     OAI22D0        1   0.9   116    97   10408    (-,-) 
  p10481A85276__6131/ZN                                          -       A4->ZN F     NR4D0          1   0.7    46    55   10464    (-,-) 
  p10480A85251__3680/ZN                                          -       B->ZN  R     OAI211D0       4   2.7   143    60   10523    (-,-) 
  p10494A85234__5526/ZN                                          -       B2->ZN F     OAI32D0        2   1.1    73    81   10604    (-,-) 
  p10472A__2883/Z                                                -       A1->Z  F     CKAN2D0        8   4.9    74    98   10702    (-,-) 
  p10494A__6161/ZN                                               -       A1->ZN R     CKND2D0        3   2.3    74    61   10763    (-,-) 
  p10486A__5477/Z                                                -       A2->Z  R     AN3D0          1   0.7    38    94   10858    (-,-) 
  p10505A__7410/Z                                                -       A1->Z  R     AN4D0          1   0.7    45    99   10957    (-,-) 
  p10510A__1666/Z                                                -       A1->Z  R     AN4D0          1   0.7    45   100   11057    (-,-) 
  p10533A__2346/Z                                                -       A1->Z  R     AN4D0          1   1.0    50   105   11162    (-,-) 
  p10537A__2883/ZN                                               -       A1->ZN F     ND4D8        294 439.2   291   305   11467    (-,-) 
  p10570A__9945/ZN                                               -       A1->ZN R     CKND2D0        3   8.5   208   197   11664    (-,-) 
  Fp10646A/ZN                                                    -       I->ZN  F     CKND8          1 500.0   416   292   11956    (-,-) 
  bias_sram_rd_en                                                -       -      F     (port)         -     -     -     0   11956    (-,-) 
#-----------------------------------------------------------------------------------------------------------------------------------------


