============================================================
  Generated by:           Genus(TM) Synthesis Solution 21.16-s062_1
  Generated on:           Mar 22 2026  05:10:08 pm
  Module:                 tpu_core
  Operating conditions:   WCCOM (balanced_tree)
  Wireload mode:          segmented
  Area mode:              timing library
============================================================


Summary
-------
--------------------------------------------------------------------------
            Category            Number     %    Average Toggle Saving %   
--------------------------------------------------------------------------
 Total Clock Gating Instances        0  100.00                         -  
--------------------------------------------------------------------------
 RC Clock Gating Instances           0    0.00                      0.00  
 Non-RC Clock Gating Instances       0    0.00                      0.00  
--------------------------------------------------------------------------
 RC Gated Flip-flops                 0    0.00                      0.00  
 Non-RC Gated Flip-flops             0    0.00                      0.00  
--------------------------------------------------------------------------
 Total Gated Flip-flops              0    0.00                         -  
 Total Ungated Flip-flops         5524  100.00                         -  
 Enable not found                 5524  100.00                         -  
--------------------------------------------------------------------------
 Total Flip-flops                 5524  100.00                         -  
--------------------------------------------------------------------------
Multibit Flip-flop Summary
--------------------------
-------------------------------------------------------
Width     Number     Bits     RC Gated     Ungated     
-------------------------------------------------------
1-bit     5524       5524     0 (0.00%)    5524 (100.00%) 
----------------------------------------------------------


