============================================================
  Generated by:           Genus(TM) Synthesis Solution 21.16-s062_1
  Generated on:           Mar 22 2026  05:10:07 pm
  Module:                 tpu_core
  Operating conditions:   WCCOM (balanced_tree)
  Wireload mode:          segmented
  Area mode:              timing library
============================================================

# SETUP                  WNS  TNS    FEP 
# -----------------------------------------
 View: ALL            2866.2  0.0      0 
    Group : C2C       7449.0  0.0      0 
    Group : C2O       3042.3  0.0      0 
    Group : clk          N/A  N/A    N/A 
    Group : default      N/A  N/A    N/A 
    Group : I2C       7272.9  0.0      0 
    Group : I2O       2866.2  0.0      0 

# -----------------------------------------
# DRV                        WNS  TNS  FEP 
# -------------------------------------------
 View: ALL                                 
    Check: max_transition    N/A  N/A    0 
    Check: max_capacitance   N/A  N/A    0 
    Check: max_fanout        N/A  N/A    0 

# -------------------------------------------
