Command: report datapath > ../report/syn_preopt.datapath_generic.rpt
============================================================
  Generated by:           Genus(TM) Synthesis Solution 21.16-s062_1
  Generated on:           Mar 22 2026  05:04:56 pm
  Module:                 tpu_core
  Operating conditions:   WCCOM (balanced_tree)
  Wireload mode:          segmented
  Area mode:              timing library
============================================================


Inferred components

                Operator   Signedness   Inputs   Outputs CellArea Line Col       Filename       
================================================================================================
tpu_core
 ADDR_CONVERTER_mul_43_46
  
  module:mult_unsigned_2
   very_fast/non_booth
                   *       unsigned   9x7        9         963.49   43  46 addr_converter.v     
================================================================================================
tpu_core
 ADDR_CONVERTER_mul_52_46
  
  module:mult_unsigned_2
   very_fast/non_booth
                   *       unsigned   9x7        9         963.49   52  46 addr_converter.v     
================================================================================================
tpu_core
 WALLACE_CSA_DUMMY_OP1_groupi
  
  module:WALLACE_CSA_DUMMY_OP1_group_13
   very_fast csa_and_adder            6x9x7x9    9        1335.06                               
  equation:
  assign out_0 = (((in_1 + in_3) * in_2) + in_0);
  pos_0  (in_1 + in_2) * in_3)
------------------------------------------------------------------------------------------------
================================================================================================
tpu_core
 WALLACE_CSA_DUMMY_OP3_groupi
  
  module:WALLACE_CSA_DUMMY_OP3_group_7995
   very_fast csa_and_adder            10x9x9x12x 12       1364.01                               
                                      7                                                         
  equation:
  assign out_0 = 0 - in_0 + in_1 + in_2 + in_3*in_4;
  ppgen_0  in_3 * in_4  booth/booth_encoded_port: in_4

------------------------------------------------------------------------------------------------
================================================================================================
tpu_core
 WALLACE_CSA_DUMMY_OP_groupi
  
  module:WALLACE_CSA_DUMMY_OP_group_7507
   very_fast csa_and_adder            9x12x7     12       1193.51                               
  equation:
  assign out_0 = ((in_1 * in_2) + in_0);
  ppgen_0  in_1 * in_2  booth/booth_encoded_port: in_2

------------------------------------------------------------------------------------------------
================================================================================================
tpu_core
 bias_adder_ADD_TC_OP
  
  module:add_signed_8374_7
   very_fast       +       signed     32x32      32        813.90   60  84 bias_adder.v         
================================================================================================
tpu_core
 bias_adder_ADD_TC_OP_1
  
  module:add_signed_8374_7
   very_fast       +       signed     32x32      32        813.90   60  84 bias_adder.v         
================================================================================================
tpu_core
 bias_adder_ADD_TC_OP_2
  
  module:add_signed_8374_7
   very_fast       +       signed     32x32      32        813.90   60  84 bias_adder.v         
================================================================================================
tpu_core
 bias_adder_ADD_TC_OP_3
  
  module:add_signed_8374_7
   very_fast       +       signed     32x32      32        813.90   60  84 bias_adder.v         
================================================================================================
tpu_core
 bias_adder_ADD_TC_OP_4
  
  module:add_signed_8374_7
   very_fast       +       signed     32x32      32        813.90   60  84 bias_adder.v         
================================================================================================
tpu_core
 bias_adder_ADD_TC_OP_5
  
  module:add_signed_8374_7
   very_fast       +       signed     32x32      32        813.90   60  84 bias_adder.v         
================================================================================================
tpu_core
 bias_adder_ADD_TC_OP_6
  
  module:add_signed_8374_7
   very_fast       +       signed     32x32      32        813.90   60  84 bias_adder.v         
================================================================================================
tpu_core
 bias_adder_ADD_TC_OP_7
  
  module:add_signed_8374_7
   very_fast       +       signed     32x32      32        813.90   60  84 bias_adder.v         
================================================================================================
tpu_core
 output_offset_adder_add_18_83_I1
  
  module:add_signed_2066
   very_fast       +       signed     33x9       33        511.50   18  83 output_offset_adder. 
                                                                           v                    
================================================================================================
tpu_core
 output_offset_adder_add_18_83_I2
  
  module:add_signed_2066
   very_fast       +       signed     33x9       33        511.50   18  83 output_offset_adder. 
                                                                           v                    
================================================================================================
tpu_core
 output_offset_adder_add_18_83_I3
  
  module:add_signed_2066
   very_fast       +       signed     33x9       33        511.50   18  83 output_offset_adder. 
                                                                           v                    
================================================================================================
tpu_core
 output_offset_adder_add_18_83_I4
  
  module:add_signed_2066
   very_fast       +       signed     33x9       33        511.50   18  83 output_offset_adder. 
                                                                           v                    
================================================================================================
tpu_core
 output_offset_adder_add_18_83_I5
  
  module:add_signed_2066
   very_fast       +       signed     33x9       33        511.50   18  83 output_offset_adder. 
                                                                           v                    
================================================================================================
tpu_core
 output_offset_adder_add_18_83_I6
  
  module:add_signed_2066
   very_fast       +       signed     33x9       33        511.50   18  83 output_offset_adder. 
                                                                           v                    
================================================================================================
tpu_core
 output_offset_adder_add_18_83_I7
  
  module:add_signed_2066
   very_fast       +       signed     33x9       33        511.50   18  83 output_offset_adder. 
                                                                           v                    
================================================================================================
tpu_core
 output_offset_adder_add_18_83_I8
  
  module:add_signed_2066
   very_fast       +       signed     33x9       33        511.50   18  83 output_offset_adder. 
                                                                           v                    
================================================================================================
tpu_core
 scale_multiplier_GEN_SCALE[0].u_scale_add_17_73
  
  module:add_signed_2400_4127
   very_fast       +       signed     48x49      49        977.97   17  73 scale_multiplier_32x 
                                                                           16.v                 
================================================================================================
tpu_core
 scale_multiplier_GEN_SCALE[0].u_scale_dec_sub_15_47
  
  module:decrement_unsigned_27139_44846
   very_fast   decrement   unsigned   48x1       48        310.44   15  47 scale_multiplier_32x 
                                                                           16.v                 
================================================================================================
tpu_core
 scale_multiplier_GEN_SCALE[0].u_scale_mul_11_42
  
  module:mult_signed
   very_fast/booth/booth_encoded_port: B
                   *       signed     32x17      48      13603.08   11  42 scale_multiplier_32x 
                                                                           16.v                 
================================================================================================
tpu_core
 scale_multiplier_GEN_SCALE[1].u_scale_add_17_73
  
  module:add_signed_2400
   very_fast       +       signed     48x49      49        977.97   17  73 scale_multiplier_32x 
                                                                           16.v                 
================================================================================================
tpu_core
 scale_multiplier_GEN_SCALE[1].u_scale_dec_sub_15_47
  
  module:decrement_unsigned_27139_42279
   very_fast   decrement   unsigned   48x1       48        310.44   15  47 scale_multiplier_32x 
                                                                           16.v                 
================================================================================================
tpu_core
 scale_multiplier_GEN_SCALE[1].u_scale_mul_11_42
  
  module:mult_signed
   very_fast/booth/booth_encoded_port: B
                   *       signed     32x17      48      13603.08   11  42 scale_multiplier_32x 
                                                                           16.v                 
================================================================================================
tpu_core
 scale_multiplier_GEN_SCALE[2].u_scale_add_17_73
  
  module:add_signed_2400
   very_fast       +       signed     48x49      49        977.97   17  73 scale_multiplier_32x 
                                                                           16.v                 
================================================================================================
tpu_core
 scale_multiplier_GEN_SCALE[2].u_scale_dec_sub_15_47
  
  module:decrement_unsigned_27139_39783
   very_fast   decrement   unsigned   48x1       48        310.44   15  47 scale_multiplier_32x 
                                                                           16.v                 
================================================================================================
tpu_core
 scale_multiplier_GEN_SCALE[2].u_scale_mul_11_42
  
  module:mult_signed
   very_fast/booth/booth_encoded_port: B
                   *       signed     32x17      48      13603.08   11  42 scale_multiplier_32x 
                                                                           16.v                 
================================================================================================
tpu_core
 scale_multiplier_GEN_SCALE[3].u_scale_add_17_73
  
  module:add_signed_2400
   very_fast       +       signed     48x49      49        977.97   17  73 scale_multiplier_32x 
                                                                           16.v                 
================================================================================================
tpu_core
 scale_multiplier_GEN_SCALE[3].u_scale_dec_sub_15_47
  
  module:decrement_unsigned_27139_37287
   very_fast   decrement   unsigned   48x1       48        310.44   15  47 scale_multiplier_32x 
                                                                           16.v                 
================================================================================================
tpu_core
 scale_multiplier_GEN_SCALE[3].u_scale_mul_11_42
  
  module:mult_signed
   very_fast/booth/booth_encoded_port: B
                   *       signed     32x17      48      13603.08   11  42 scale_multiplier_32x 
                                                                           16.v                 
================================================================================================
tpu_core
 scale_multiplier_GEN_SCALE[4].u_scale_add_17_73
  
  module:add_signed_2400
   very_fast       +       signed     48x49      49        977.97   17  73 scale_multiplier_32x 
                                                                           16.v                 
================================================================================================
tpu_core
 scale_multiplier_GEN_SCALE[4].u_scale_dec_sub_15_47
  
  module:decrement_unsigned_27139_34791
   very_fast   decrement   unsigned   48x1       48        310.44   15  47 scale_multiplier_32x 
                                                                           16.v                 
================================================================================================
tpu_core
 scale_multiplier_GEN_SCALE[4].u_scale_mul_11_42
  
  module:mult_signed
   very_fast/booth/booth_encoded_port: B
                   *       signed     32x17      48      13603.08   11  42 scale_multiplier_32x 
                                                                           16.v                 
================================================================================================
tpu_core
 scale_multiplier_GEN_SCALE[5].u_scale_add_17_73
  
  module:add_signed_2400
   very_fast       +       signed     48x49      49        977.97   17  73 scale_multiplier_32x 
                                                                           16.v                 
================================================================================================
tpu_core
 scale_multiplier_GEN_SCALE[5].u_scale_dec_sub_15_47
  
  module:decrement_unsigned_27139_32295
   very_fast   decrement   unsigned   48x1       48        310.44   15  47 scale_multiplier_32x 
                                                                           16.v                 
================================================================================================
tpu_core
 scale_multiplier_GEN_SCALE[5].u_scale_mul_11_42
  
  module:mult_signed
   very_fast/booth/booth_encoded_port: B
                   *       signed     32x17      48      13603.08   11  42 scale_multiplier_32x 
                                                                           16.v                 
================================================================================================
tpu_core
 scale_multiplier_GEN_SCALE[6].u_scale_add_17_73
  
  module:add_signed_2400
   very_fast       +       signed     48x49      49        977.97   17  73 scale_multiplier_32x 
                                                                           16.v                 
================================================================================================
tpu_core
 scale_multiplier_GEN_SCALE[6].u_scale_dec_sub_15_47
  
  module:decrement_unsigned_27139_29799
   very_fast   decrement   unsigned   48x1       48        310.44   15  47 scale_multiplier_32x 
                                                                           16.v                 
================================================================================================
tpu_core
 scale_multiplier_GEN_SCALE[6].u_scale_mul_11_42
  
  module:mult_signed
   very_fast/booth/booth_encoded_port: B
                   *       signed     32x17      48      13603.08   11  42 scale_multiplier_32x 
                                                                           16.v                 
================================================================================================
tpu_core
 scale_multiplier_GEN_SCALE[7].u_scale_add_17_73
  
  module:add_signed_2400
   very_fast       +       signed     48x49      49        977.97   17  73 scale_multiplier_32x 
                                                                           16.v                 
================================================================================================
tpu_core
 scale_multiplier_GEN_SCALE[7].u_scale_dec_sub_15_47
  
  module:decrement_unsigned_27139_27303
   very_fast   decrement   unsigned   48x1       48        310.44   15  47 scale_multiplier_32x 
                                                                           16.v                 
================================================================================================
tpu_core
 scale_multiplier_GEN_SCALE[7].u_scale_mul_11_42
  
  module:mult_signed
   very_fast/booth/booth_encoded_port: B
                   *       signed     32x17      48      13603.08   11  42 scale_multiplier_32x 
                                                                           16.v                 
================================================================================================
tpu_core
 systolic_array_wrapper_systolic_array_8X8_add_124_53_I1_I1
  
  module:add_signed_126
   very_fast       +       signed     32x18      32        871.81  124  53 systolic_array_8x8.v 
================================================================================================
tpu_core
 systolic_array_wrapper_systolic_array_8X8_add_124_53_I1_I2
  
  module:add_signed_126
   very_fast       +       signed     32x18      32        871.81  124  53 systolic_array_8x8.v 
================================================================================================
tpu_core
 systolic_array_wrapper_systolic_array_8X8_add_124_53_I1_I3
  
  module:add_signed_126
   very_fast       +       signed     32x18      32        871.81  124  53 systolic_array_8x8.v 
================================================================================================
tpu_core
 systolic_array_wrapper_systolic_array_8X8_add_124_53_I1_I4
  
  module:add_signed_126
   very_fast       +       signed     32x18      32        871.81  124  53 systolic_array_8x8.v 
================================================================================================
tpu_core
 systolic_array_wrapper_systolic_array_8X8_add_124_53_I1_I5
  
  module:add_signed_126
   very_fast       +       signed     32x18      32        871.81  124  53 systolic_array_8x8.v 
================================================================================================
tpu_core
 systolic_array_wrapper_systolic_array_8X8_add_124_53_I1_I6
  
  module:add_signed_126
   very_fast       +       signed     32x18      32        871.81  124  53 systolic_array_8x8.v 
================================================================================================
tpu_core
 systolic_array_wrapper_systolic_array_8X8_add_124_53_I1_I7
  
  module:add_signed_126
   very_fast       +       signed     32x18      32        871.81  124  53 systolic_array_8x8.v 
================================================================================================
tpu_core
 systolic_array_wrapper_systolic_array_8X8_add_124_53_I1_I8
  
  module:add_signed_126
   very_fast       +       signed     32x18      32        871.81  124  53 systolic_array_8x8.v 
================================================================================================
tpu_core
 systolic_array_wrapper_systolic_array_8X8_add_124_53_I2_I1
  
  module:add_signed_126
   very_fast       +       signed     32x18      32        871.81  124  53 systolic_array_8x8.v 
================================================================================================
tpu_core
 systolic_array_wrapper_systolic_array_8X8_add_124_53_I2_I2
  
  module:add_signed_126
   very_fast       +       signed     32x18      32        871.81  124  53 systolic_array_8x8.v 
================================================================================================
tpu_core
 systolic_array_wrapper_systolic_array_8X8_add_124_53_I2_I3
  
  module:add_signed_126
   very_fast       +       signed     32x18      32        871.81  124  53 systolic_array_8x8.v 
================================================================================================
tpu_core
 systolic_array_wrapper_systolic_array_8X8_add_124_53_I2_I4
  
  module:add_signed_126
   very_fast       +       signed     32x18      32        871.81  124  53 systolic_array_8x8.v 
================================================================================================
tpu_core
 systolic_array_wrapper_systolic_array_8X8_add_124_53_I2_I5
  
  module:add_signed_126
   very_fast       +       signed     32x18      32        871.81  124  53 systolic_array_8x8.v 
================================================================================================
tpu_core
 systolic_array_wrapper_systolic_array_8X8_add_124_53_I2_I6
  
  module:add_signed_126
   very_fast       +       signed     32x18      32        871.81  124  53 systolic_array_8x8.v 
================================================================================================
tpu_core
 systolic_array_wrapper_systolic_array_8X8_add_124_53_I2_I7
  
  module:add_signed_126
   very_fast       +       signed     32x18      32        871.81  124  53 systolic_array_8x8.v 
================================================================================================
tpu_core
 systolic_array_wrapper_systolic_array_8X8_add_124_53_I2_I8
  
  module:add_signed_126
   very_fast       +       signed     32x18      32        871.81  124  53 systolic_array_8x8.v 
================================================================================================
tpu_core
 systolic_array_wrapper_systolic_array_8X8_add_124_53_I3_I1
  
  module:add_signed_126
   very_fast       +       signed     32x18      32        871.81  124  53 systolic_array_8x8.v 
================================================================================================
tpu_core
 systolic_array_wrapper_systolic_array_8X8_add_124_53_I3_I2
  
  module:add_signed_126
   very_fast       +       signed     32x18      32        871.81  124  53 systolic_array_8x8.v 
================================================================================================
tpu_core
 systolic_array_wrapper_systolic_array_8X8_add_124_53_I3_I3
  
  module:add_signed_126
   very_fast       +       signed     32x18      32        871.81  124  53 systolic_array_8x8.v 
================================================================================================
tpu_core
 systolic_array_wrapper_systolic_array_8X8_add_124_53_I3_I4
  
  module:add_signed_126
   very_fast       +       signed     32x18      32        871.81  124  53 systolic_array_8x8.v 
================================================================================================
tpu_core
 systolic_array_wrapper_systolic_array_8X8_add_124_53_I3_I5
  
  module:add_signed_126
   very_fast       +       signed     32x18      32        871.81  124  53 systolic_array_8x8.v 
================================================================================================
tpu_core
 systolic_array_wrapper_systolic_array_8X8_add_124_53_I3_I6
  
  module:add_signed_126
   very_fast       +       signed     32x18      32        871.81  124  53 systolic_array_8x8.v 
================================================================================================
tpu_core
 systolic_array_wrapper_systolic_array_8X8_add_124_53_I3_I7
  
  module:add_signed_126
   very_fast       +       signed     32x18      32        871.81  124  53 systolic_array_8x8.v 
================================================================================================
tpu_core
 systolic_array_wrapper_systolic_array_8X8_add_124_53_I3_I8
  
  module:add_signed_126
   very_fast       +       signed     32x18      32        871.81  124  53 systolic_array_8x8.v 
================================================================================================
tpu_core
 systolic_array_wrapper_systolic_array_8X8_add_124_53_I4_I1
  
  module:add_signed_126
   very_fast       +       signed     32x18      32        871.81  124  53 systolic_array_8x8.v 
================================================================================================
tpu_core
 systolic_array_wrapper_systolic_array_8X8_add_124_53_I4_I2
  
  module:add_signed_126
   very_fast       +       signed     32x18      32        871.81  124  53 systolic_array_8x8.v 
================================================================================================
tpu_core
 systolic_array_wrapper_systolic_array_8X8_add_124_53_I4_I3
  
  module:add_signed_126
   very_fast       +       signed     32x18      32        871.81  124  53 systolic_array_8x8.v 
================================================================================================
tpu_core
 systolic_array_wrapper_systolic_array_8X8_add_124_53_I4_I4
  
  module:add_signed_126
   very_fast       +       signed     32x18      32        871.81  124  53 systolic_array_8x8.v 
================================================================================================
tpu_core
 systolic_array_wrapper_systolic_array_8X8_add_124_53_I4_I5
  
  module:add_signed_126
   very_fast       +       signed     32x18      32        871.81  124  53 systolic_array_8x8.v 
================================================================================================
tpu_core
 systolic_array_wrapper_systolic_array_8X8_add_124_53_I4_I6
  
  module:add_signed_126
   very_fast       +       signed     32x18      32        871.81  124  53 systolic_array_8x8.v 
================================================================================================
tpu_core
 systolic_array_wrapper_systolic_array_8X8_add_124_53_I4_I7
  
  module:add_signed_126
   very_fast       +       signed     32x18      32        871.81  124  53 systolic_array_8x8.v 
================================================================================================
tpu_core
 systolic_array_wrapper_systolic_array_8X8_add_124_53_I4_I8
  
  module:add_signed_126
   very_fast       +       signed     32x18      32        871.81  124  53 systolic_array_8x8.v 
================================================================================================
tpu_core
 systolic_array_wrapper_systolic_array_8X8_add_124_53_I5_I1
  
  module:add_signed_126
   very_fast       +       signed     32x18      32        871.81  124  53 systolic_array_8x8.v 
================================================================================================
tpu_core
 systolic_array_wrapper_systolic_array_8X8_add_124_53_I5_I2
  
  module:add_signed_126
   very_fast       +       signed     32x18      32        871.81  124  53 systolic_array_8x8.v 
================================================================================================
tpu_core
 systolic_array_wrapper_systolic_array_8X8_add_124_53_I5_I3
  
  module:add_signed_126
   very_fast       +       signed     32x18      32        871.81  124  53 systolic_array_8x8.v 
================================================================================================
tpu_core
 systolic_array_wrapper_systolic_array_8X8_add_124_53_I5_I4
  
  module:add_signed_126
   very_fast       +       signed     32x18      32        871.81  124  53 systolic_array_8x8.v 
================================================================================================
tpu_core
 systolic_array_wrapper_systolic_array_8X8_add_124_53_I5_I5
  
  module:add_signed_126
   very_fast       +       signed     32x18      32        871.81  124  53 systolic_array_8x8.v 
================================================================================================
tpu_core
 systolic_array_wrapper_systolic_array_8X8_add_124_53_I5_I6
  
  module:add_signed_126
   very_fast       +       signed     32x18      32        871.81  124  53 systolic_array_8x8.v 
================================================================================================
tpu_core
 systolic_array_wrapper_systolic_array_8X8_add_124_53_I5_I7
  
  module:add_signed_126
   very_fast       +       signed     32x18      32        871.81  124  53 systolic_array_8x8.v 
================================================================================================
tpu_core
 systolic_array_wrapper_systolic_array_8X8_add_124_53_I5_I8
  
  module:add_signed_126
   very_fast       +       signed     32x18      32        871.81  124  53 systolic_array_8x8.v 
================================================================================================
tpu_core
 systolic_array_wrapper_systolic_array_8X8_add_124_53_I6_I1
  
  module:add_signed_126
   very_fast       +       signed     32x18      32        871.81  124  53 systolic_array_8x8.v 
================================================================================================
tpu_core
 systolic_array_wrapper_systolic_array_8X8_add_124_53_I6_I2
  
  module:add_signed_126
   very_fast       +       signed     32x18      32        871.81  124  53 systolic_array_8x8.v 
================================================================================================
tpu_core
 systolic_array_wrapper_systolic_array_8X8_add_124_53_I6_I3
  
  module:add_signed_126
   very_fast       +       signed     32x18      32        871.81  124  53 systolic_array_8x8.v 
================================================================================================
tpu_core
 systolic_array_wrapper_systolic_array_8X8_add_124_53_I6_I4
  
  module:add_signed_126
   very_fast       +       signed     32x18      32        871.81  124  53 systolic_array_8x8.v 
================================================================================================
tpu_core
 systolic_array_wrapper_systolic_array_8X8_add_124_53_I6_I5
  
  module:add_signed_126
   very_fast       +       signed     32x18      32        871.81  124  53 systolic_array_8x8.v 
================================================================================================
tpu_core
 systolic_array_wrapper_systolic_array_8X8_add_124_53_I6_I6
  
  module:add_signed_126
   very_fast       +       signed     32x18      32        871.81  124  53 systolic_array_8x8.v 
================================================================================================
tpu_core
 systolic_array_wrapper_systolic_array_8X8_add_124_53_I6_I7
  
  module:add_signed_126
   very_fast       +       signed     32x18      32        871.81  124  53 systolic_array_8x8.v 
================================================================================================
tpu_core
 systolic_array_wrapper_systolic_array_8X8_add_124_53_I6_I8
  
  module:add_signed_126
   very_fast       +       signed     32x18      32        871.81  124  53 systolic_array_8x8.v 
================================================================================================
tpu_core
 systolic_array_wrapper_systolic_array_8X8_add_124_53_I7_I1
  
  module:add_signed_126
   very_fast       +       signed     32x18      32        871.81  124  53 systolic_array_8x8.v 
================================================================================================
tpu_core
 systolic_array_wrapper_systolic_array_8X8_add_124_53_I7_I2
  
  module:add_signed_126
   very_fast       +       signed     32x18      32        871.81  124  53 systolic_array_8x8.v 
================================================================================================
tpu_core
 systolic_array_wrapper_systolic_array_8X8_add_124_53_I7_I3
  
  module:add_signed_126
   very_fast       +       signed     32x18      32        871.81  124  53 systolic_array_8x8.v 
================================================================================================
tpu_core
 systolic_array_wrapper_systolic_array_8X8_add_124_53_I7_I4
  
  module:add_signed_126
   very_fast       +       signed     32x18      32        871.81  124  53 systolic_array_8x8.v 
================================================================================================
tpu_core
 systolic_array_wrapper_systolic_array_8X8_add_124_53_I7_I5
  
  module:add_signed_126
   very_fast       +       signed     32x18      32        871.81  124  53 systolic_array_8x8.v 
================================================================================================
tpu_core
 systolic_array_wrapper_systolic_array_8X8_add_124_53_I7_I6
  
  module:add_signed_126
   very_fast       +       signed     32x18      32        871.81  124  53 systolic_array_8x8.v 
================================================================================================
tpu_core
 systolic_array_wrapper_systolic_array_8X8_add_124_53_I7_I7
  
  module:add_signed_126
   very_fast       +       signed     32x18      32        871.81  124  53 systolic_array_8x8.v 
================================================================================================
tpu_core
 systolic_array_wrapper_systolic_array_8X8_add_124_53_I7_I8
  
  module:add_signed_126
   very_fast       +       signed     32x18      32        871.81  124  53 systolic_array_8x8.v 
================================================================================================
tpu_core
 systolic_array_wrapper_systolic_array_8X8_add_124_53_I8_I1
  
  module:add_signed_126
   very_fast       +       signed     32x18      32        871.81  124  53 systolic_array_8x8.v 
================================================================================================
tpu_core
 systolic_array_wrapper_systolic_array_8X8_add_124_53_I8_I2
  
  module:add_signed_126
   very_fast       +       signed     32x18      32        871.81  124  53 systolic_array_8x8.v 
================================================================================================
tpu_core
 systolic_array_wrapper_systolic_array_8X8_add_124_53_I8_I3
  
  module:add_signed_126
   very_fast       +       signed     32x18      32        871.81  124  53 systolic_array_8x8.v 
================================================================================================
tpu_core
 systolic_array_wrapper_systolic_array_8X8_add_124_53_I8_I4
  
  module:add_signed_126
   very_fast       +       signed     32x18      32        871.81  124  53 systolic_array_8x8.v 
================================================================================================
tpu_core
 systolic_array_wrapper_systolic_array_8X8_add_124_53_I8_I5
  
  module:add_signed_126
   very_fast       +       signed     32x18      32        871.81  124  53 systolic_array_8x8.v 
================================================================================================
tpu_core
 systolic_array_wrapper_systolic_array_8X8_add_124_53_I8_I6
  
  module:add_signed_126
   very_fast       +       signed     32x18      32        871.81  124  53 systolic_array_8x8.v 
================================================================================================
tpu_core
 systolic_array_wrapper_systolic_array_8X8_add_124_53_I8_I7
  
  module:add_signed_126
   very_fast       +       signed     32x18      32        871.81  124  53 systolic_array_8x8.v 
================================================================================================
tpu_core
 systolic_array_wrapper_systolic_array_8X8_add_124_53_I8_I8
  
  module:add_signed_126
   very_fast       +       signed     32x18      32        871.81  124  53 systolic_array_8x8.v 
================================================================================================
tpu_core
 systolic_array_wrapper_systolic_array_8X8_mul_117_79_I1_I1
  
  module:mult_signed_126
   very_fast/non_booth
                   *       signed     9x9        18       2317.85  117  79 systolic_array_8x8.v 
================================================================================================
tpu_core
 systolic_array_wrapper_systolic_array_8X8_mul_117_79_I1_I2
  
  module:mult_signed_126
   very_fast/non_booth
                   *       signed     9x9        18       2317.85  117  79 systolic_array_8x8.v 
================================================================================================
tpu_core
 systolic_array_wrapper_systolic_array_8X8_mul_117_79_I1_I3
  
  module:mult_signed_126
   very_fast/non_booth
                   *       signed     9x9        18       2317.85  117  79 systolic_array_8x8.v 
================================================================================================
tpu_core
 systolic_array_wrapper_systolic_array_8X8_mul_117_79_I1_I4
  
  module:mult_signed_126
   very_fast/non_booth
                   *       signed     9x9        18       2317.85  117  79 systolic_array_8x8.v 
================================================================================================
tpu_core
 systolic_array_wrapper_systolic_array_8X8_mul_117_79_I1_I5
  
  module:mult_signed_126
   very_fast/non_booth
                   *       signed     9x9        18       2317.85  117  79 systolic_array_8x8.v 
================================================================================================
tpu_core
 systolic_array_wrapper_systolic_array_8X8_mul_117_79_I1_I6
  
  module:mult_signed_126
   very_fast/non_booth
                   *       signed     9x9        18       2317.85  117  79 systolic_array_8x8.v 
================================================================================================
tpu_core
 systolic_array_wrapper_systolic_array_8X8_mul_117_79_I1_I7
  
  module:mult_signed_126
   very_fast/non_booth
                   *       signed     9x9        18       2317.85  117  79 systolic_array_8x8.v 
================================================================================================
tpu_core
 systolic_array_wrapper_systolic_array_8X8_mul_117_79_I1_I8
  
  module:mult_signed_126
   very_fast/non_booth
                   *       signed     9x9        18       2317.85  117  79 systolic_array_8x8.v 
================================================================================================
tpu_core
 systolic_array_wrapper_systolic_array_8X8_mul_117_79_I2_I1
  
  module:mult_signed_126
   very_fast/non_booth
                   *       signed     9x9        18       2317.85  117  79 systolic_array_8x8.v 
================================================================================================
tpu_core
 systolic_array_wrapper_systolic_array_8X8_mul_117_79_I2_I2
  
  module:mult_signed_126
   very_fast/non_booth
                   *       signed     9x9        18       2317.85  117  79 systolic_array_8x8.v 
================================================================================================
tpu_core
 systolic_array_wrapper_systolic_array_8X8_mul_117_79_I2_I3
  
  module:mult_signed_126
   very_fast/non_booth
                   *       signed     9x9        18       2317.85  117  79 systolic_array_8x8.v 
================================================================================================
tpu_core
 systolic_array_wrapper_systolic_array_8X8_mul_117_79_I2_I4
  
  module:mult_signed_126
   very_fast/non_booth
                   *       signed     9x9        18       2317.85  117  79 systolic_array_8x8.v 
================================================================================================
tpu_core
 systolic_array_wrapper_systolic_array_8X8_mul_117_79_I2_I5
  
  module:mult_signed_126
   very_fast/non_booth
                   *       signed     9x9        18       2317.85  117  79 systolic_array_8x8.v 
================================================================================================
tpu_core
 systolic_array_wrapper_systolic_array_8X8_mul_117_79_I2_I6
  
  module:mult_signed_126
   very_fast/non_booth
                   *       signed     9x9        18       2317.85  117  79 systolic_array_8x8.v 
================================================================================================
tpu_core
 systolic_array_wrapper_systolic_array_8X8_mul_117_79_I2_I7
  
  module:mult_signed_126
   very_fast/non_booth
                   *       signed     9x9        18       2317.85  117  79 systolic_array_8x8.v 
================================================================================================
tpu_core
 systolic_array_wrapper_systolic_array_8X8_mul_117_79_I2_I8
  
  module:mult_signed_126
   very_fast/non_booth
                   *       signed     9x9        18       2317.85  117  79 systolic_array_8x8.v 
================================================================================================
tpu_core
 systolic_array_wrapper_systolic_array_8X8_mul_117_79_I3_I1
  
  module:mult_signed_126
   very_fast/non_booth
                   *       signed     9x9        18       2317.85  117  79 systolic_array_8x8.v 
================================================================================================
tpu_core
 systolic_array_wrapper_systolic_array_8X8_mul_117_79_I3_I2
  
  module:mult_signed_126
   very_fast/non_booth
                   *       signed     9x9        18       2317.85  117  79 systolic_array_8x8.v 
================================================================================================
tpu_core
 systolic_array_wrapper_systolic_array_8X8_mul_117_79_I3_I3
  
  module:mult_signed_126
   very_fast/non_booth
                   *       signed     9x9        18       2317.85  117  79 systolic_array_8x8.v 
================================================================================================
tpu_core
 systolic_array_wrapper_systolic_array_8X8_mul_117_79_I3_I4
  
  module:mult_signed_126
   very_fast/non_booth
                   *       signed     9x9        18       2317.85  117  79 systolic_array_8x8.v 
================================================================================================
tpu_core
 systolic_array_wrapper_systolic_array_8X8_mul_117_79_I3_I5
  
  module:mult_signed_126
   very_fast/non_booth
                   *       signed     9x9        18       2317.85  117  79 systolic_array_8x8.v 
================================================================================================
tpu_core
 systolic_array_wrapper_systolic_array_8X8_mul_117_79_I3_I6
  
  module:mult_signed_126
   very_fast/non_booth
                   *       signed     9x9        18       2317.85  117  79 systolic_array_8x8.v 
================================================================================================
tpu_core
 systolic_array_wrapper_systolic_array_8X8_mul_117_79_I3_I7
  
  module:mult_signed_126
   very_fast/non_booth
                   *       signed     9x9        18       2317.85  117  79 systolic_array_8x8.v 
================================================================================================
tpu_core
 systolic_array_wrapper_systolic_array_8X8_mul_117_79_I3_I8
  
  module:mult_signed_126
   very_fast/non_booth
                   *       signed     9x9        18       2317.85  117  79 systolic_array_8x8.v 
================================================================================================
tpu_core
 systolic_array_wrapper_systolic_array_8X8_mul_117_79_I4_I1
  
  module:mult_signed_126
   very_fast/non_booth
                   *       signed     9x9        18       2317.85  117  79 systolic_array_8x8.v 
================================================================================================
tpu_core
 systolic_array_wrapper_systolic_array_8X8_mul_117_79_I4_I2
  
  module:mult_signed_126
   very_fast/non_booth
                   *       signed     9x9        18       2317.85  117  79 systolic_array_8x8.v 
================================================================================================
tpu_core
 systolic_array_wrapper_systolic_array_8X8_mul_117_79_I4_I3
  
  module:mult_signed_126
   very_fast/non_booth
                   *       signed     9x9        18       2317.85  117  79 systolic_array_8x8.v 
================================================================================================
tpu_core
 systolic_array_wrapper_systolic_array_8X8_mul_117_79_I4_I4
  
  module:mult_signed_126
   very_fast/non_booth
                   *       signed     9x9        18       2317.85  117  79 systolic_array_8x8.v 
================================================================================================
tpu_core
 systolic_array_wrapper_systolic_array_8X8_mul_117_79_I4_I5
  
  module:mult_signed_126
   very_fast/non_booth
                   *       signed     9x9        18       2317.85  117  79 systolic_array_8x8.v 
================================================================================================
tpu_core
 systolic_array_wrapper_systolic_array_8X8_mul_117_79_I4_I6
  
  module:mult_signed_126
   very_fast/non_booth
                   *       signed     9x9        18       2317.85  117  79 systolic_array_8x8.v 
================================================================================================
tpu_core
 systolic_array_wrapper_systolic_array_8X8_mul_117_79_I4_I7
  
  module:mult_signed_126
   very_fast/non_booth
                   *       signed     9x9        18       2317.85  117  79 systolic_array_8x8.v 
================================================================================================
tpu_core
 systolic_array_wrapper_systolic_array_8X8_mul_117_79_I4_I8
  
  module:mult_signed_126
   very_fast/non_booth
                   *       signed     9x9        18       2317.85  117  79 systolic_array_8x8.v 
================================================================================================
tpu_core
 systolic_array_wrapper_systolic_array_8X8_mul_117_79_I5_I1
  
  module:mult_signed_126
   very_fast/non_booth
                   *       signed     9x9        18       2317.85  117  79 systolic_array_8x8.v 
================================================================================================
tpu_core
 systolic_array_wrapper_systolic_array_8X8_mul_117_79_I5_I2
  
  module:mult_signed_126
   very_fast/non_booth
                   *       signed     9x9        18       2317.85  117  79 systolic_array_8x8.v 
================================================================================================
tpu_core
 systolic_array_wrapper_systolic_array_8X8_mul_117_79_I5_I3
  
  module:mult_signed_126
   very_fast/non_booth
                   *       signed     9x9        18       2317.85  117  79 systolic_array_8x8.v 
================================================================================================
tpu_core
 systolic_array_wrapper_systolic_array_8X8_mul_117_79_I5_I4
  
  module:mult_signed_126
   very_fast/non_booth
                   *       signed     9x9        18       2317.85  117  79 systolic_array_8x8.v 
================================================================================================
tpu_core
 systolic_array_wrapper_systolic_array_8X8_mul_117_79_I5_I5
  
  module:mult_signed_126
   very_fast/non_booth
                   *       signed     9x9        18       2317.85  117  79 systolic_array_8x8.v 
================================================================================================
tpu_core
 systolic_array_wrapper_systolic_array_8X8_mul_117_79_I5_I6
  
  module:mult_signed_126
   very_fast/non_booth
                   *       signed     9x9        18       2317.85  117  79 systolic_array_8x8.v 
================================================================================================
tpu_core
 systolic_array_wrapper_systolic_array_8X8_mul_117_79_I5_I7
  
  module:mult_signed_126
   very_fast/non_booth
                   *       signed     9x9        18       2317.85  117  79 systolic_array_8x8.v 
================================================================================================
tpu_core
 systolic_array_wrapper_systolic_array_8X8_mul_117_79_I5_I8
  
  module:mult_signed_126
   very_fast/non_booth
                   *       signed     9x9        18       2317.85  117  79 systolic_array_8x8.v 
================================================================================================
tpu_core
 systolic_array_wrapper_systolic_array_8X8_mul_117_79_I6_I1
  
  module:mult_signed_126
   very_fast/non_booth
                   *       signed     9x9        18       2317.85  117  79 systolic_array_8x8.v 
================================================================================================
tpu_core
 systolic_array_wrapper_systolic_array_8X8_mul_117_79_I6_I2
  
  module:mult_signed_126
   very_fast/non_booth
                   *       signed     9x9        18       2317.85  117  79 systolic_array_8x8.v 
================================================================================================
tpu_core
 systolic_array_wrapper_systolic_array_8X8_mul_117_79_I6_I3
  
  module:mult_signed_126
   very_fast/non_booth
                   *       signed     9x9        18       2317.85  117  79 systolic_array_8x8.v 
================================================================================================
tpu_core
 systolic_array_wrapper_systolic_array_8X8_mul_117_79_I6_I4
  
  module:mult_signed_126
   very_fast/non_booth
                   *       signed     9x9        18       2317.85  117  79 systolic_array_8x8.v 
================================================================================================
tpu_core
 systolic_array_wrapper_systolic_array_8X8_mul_117_79_I6_I5
  
  module:mult_signed_126
   very_fast/non_booth
                   *       signed     9x9        18       2317.85  117  79 systolic_array_8x8.v 
================================================================================================
tpu_core
 systolic_array_wrapper_systolic_array_8X8_mul_117_79_I6_I6
  
  module:mult_signed_126
   very_fast/non_booth
                   *       signed     9x9        18       2317.85  117  79 systolic_array_8x8.v 
================================================================================================
tpu_core
 systolic_array_wrapper_systolic_array_8X8_mul_117_79_I6_I7
  
  module:mult_signed_126
   very_fast/non_booth
                   *       signed     9x9        18       2317.85  117  79 systolic_array_8x8.v 
================================================================================================
tpu_core
 systolic_array_wrapper_systolic_array_8X8_mul_117_79_I6_I8
  
  module:mult_signed_126
   very_fast/non_booth
                   *       signed     9x9        18       2317.85  117  79 systolic_array_8x8.v 
================================================================================================
tpu_core
 systolic_array_wrapper_systolic_array_8X8_mul_117_79_I7_I1
  
  module:mult_signed_126
   very_fast/non_booth
                   *       signed     9x9        18       2317.85  117  79 systolic_array_8x8.v 
================================================================================================
tpu_core
 systolic_array_wrapper_systolic_array_8X8_mul_117_79_I7_I2
  
  module:mult_signed_126
   very_fast/non_booth
                   *       signed     9x9        18       2317.85  117  79 systolic_array_8x8.v 
================================================================================================
tpu_core
 systolic_array_wrapper_systolic_array_8X8_mul_117_79_I7_I3
  
  module:mult_signed_126
   very_fast/non_booth
                   *       signed     9x9        18       2317.85  117  79 systolic_array_8x8.v 
================================================================================================
tpu_core
 systolic_array_wrapper_systolic_array_8X8_mul_117_79_I7_I4
  
  module:mult_signed_126
   very_fast/non_booth
                   *       signed     9x9        18       2317.85  117  79 systolic_array_8x8.v 
================================================================================================
tpu_core
 systolic_array_wrapper_systolic_array_8X8_mul_117_79_I7_I5
  
  module:mult_signed_126
   very_fast/non_booth
                   *       signed     9x9        18       2317.85  117  79 systolic_array_8x8.v 
================================================================================================
tpu_core
 systolic_array_wrapper_systolic_array_8X8_mul_117_79_I7_I6
  
  module:mult_signed_126
   very_fast/non_booth
                   *       signed     9x9        18       2317.85  117  79 systolic_array_8x8.v 
================================================================================================
tpu_core
 systolic_array_wrapper_systolic_array_8X8_mul_117_79_I7_I7
  
  module:mult_signed_126
   very_fast/non_booth
                   *       signed     9x9        18       2317.85  117  79 systolic_array_8x8.v 
================================================================================================
tpu_core
 systolic_array_wrapper_systolic_array_8X8_mul_117_79_I7_I8
  
  module:mult_signed_126
   very_fast/non_booth
                   *       signed     9x9        18       2317.85  117  79 systolic_array_8x8.v 
================================================================================================
tpu_core
 systolic_array_wrapper_systolic_array_8X8_mul_117_79_I8_I1
  
  module:mult_signed_126
   very_fast/non_booth
                   *       signed     9x9        18       2317.85  117  79 systolic_array_8x8.v 
================================================================================================
tpu_core
 systolic_array_wrapper_systolic_array_8X8_mul_117_79_I8_I2
  
  module:mult_signed_126
   very_fast/non_booth
                   *       signed     9x9        18       2317.85  117  79 systolic_array_8x8.v 
================================================================================================
tpu_core
 systolic_array_wrapper_systolic_array_8X8_mul_117_79_I8_I3
  
  module:mult_signed_126
   very_fast/non_booth
                   *       signed     9x9        18       2317.85  117  79 systolic_array_8x8.v 
================================================================================================
tpu_core
 systolic_array_wrapper_systolic_array_8X8_mul_117_79_I8_I4
  
  module:mult_signed_126
   very_fast/non_booth
                   *       signed     9x9        18       2317.85  117  79 systolic_array_8x8.v 
================================================================================================
tpu_core
 systolic_array_wrapper_systolic_array_8X8_mul_117_79_I8_I5
  
  module:mult_signed_126
   very_fast/non_booth
                   *       signed     9x9        18       2317.85  117  79 systolic_array_8x8.v 
================================================================================================
tpu_core
 systolic_array_wrapper_systolic_array_8X8_mul_117_79_I8_I6
  
  module:mult_signed_126
   very_fast/non_booth
                   *       signed     9x9        18       2317.85  117  79 systolic_array_8x8.v 
================================================================================================
tpu_core
 systolic_array_wrapper_systolic_array_8X8_mul_117_79_I8_I7
  
  module:mult_signed_126
   very_fast/non_booth
                   *       signed     9x9        18       2317.85  117  79 systolic_array_8x8.v 
================================================================================================
tpu_core
 systolic_array_wrapper_systolic_array_8X8_mul_117_79_I8_I8
  
  module:mult_signed_126
   very_fast/non_booth
                   *       signed     9x9        18       2317.85  117  79 systolic_array_8x8.v 
================================================================================================
tpu_core
 systolic_array_wrapper_systolic_array_8X8_rem_37_53
  
  module:remainder_unsigned_1912
   very_fast       %       unsigned   16x16      16       2908.17   37  53 systolic_array_8x8.v 
================================================================================================
tpu_core
 systolic_array_wrapper_systolic_array_8X8_rem_38_56
  
  module:remainder_unsigned_1912_3
   very_fast       %       unsigned   16x16      16       2908.17   38  56 systolic_array_8x8.v 
================================================================================================

      Type        CellArea Percentage 
--------------------------------------
datapath modules 345509.02      72.42 
external muxes        0.00       0.00 
others           131573.69      27.58 
--------------------------------------
total            477082.71     100.00 

