============================================================
  Generated by:           Genus(TM) Synthesis Solution 21.16-s062_1
  Generated on:           Mar 22 2026  05:10:01 pm
  Module:                 tpu_core
  Operating conditions:   WCCOM (balanced_tree)
  Wireload mode:          segmented
  Area mode:              timing library
============================================================


Path 1: MET (7449 ps) Setup Check with Pin systolic_array_wrapper_output_buffer_pipe_6_reg[8]/CP->D
           Mode: default_mode
          Group: C2C
     Startpoint: (R) systolic_array_wrapper_cycle_num_reg[0]/CP
          Clock: (R) clk
       Endpoint: (F) systolic_array_wrapper_output_buffer_pipe_6_reg[8]/D
          Clock: (R) clk

                     Capture       Launch     
        Clock Edge:+   20000            0     
       Src Latency:+       0            0     
       Net Latency:+       0 (I)        0 (I) 
           Arrival:=   20000            0     
                                              
             Setup:-     -10                  
       Uncertainty:-     150                  
     Required Time:=   19860                  
      Launch Clock:-       0                  
         Data Path:-   12411                  
             Slack:=    7449                  

#-----------------------------------------------------------------------------------------------------------------------------------------
#                         Timing Point                           Flags    Arc   Edge   Cell     Fanout  Load Trans Delay Arrival Instance 
#                                                                                                       (fF)  (ps)  (ps)   (ps)  Location 
#-----------------------------------------------------------------------------------------------------------------------------------------
  systolic_array_wrapper_cycle_num_reg[0]/CP                     -       -      R     (arrival)   5524     -   150     0       0    (-,-) 
  systolic_array_wrapper_cycle_num_reg[0]/Q                      -       CP->Q  F     DFKCNQD1       7   4.7    36   180     180    (-,-) 
  p4129A__6417/Z                                                 -       A2->Z  F     OR2D0          6   4.6    64   105     285    (-,-) 
  p4170A__4733/Z                                                 -       A1->Z  F     OR2D0          8   6.8    84   119     403    (-,-) 
  p4222A__5115/ZN                                                -       A1->ZN F     IOA21D0        1   1.0    39    76     480    (-,-) 
  p4234A__1881/CO                                                -       CI->CO F     FA1D0          1   1.0    34    87     566    (-,-) 
  p4274A__6131/CO                                                -       CI->CO F     FA1D0          1   1.0    34    86     652    (-,-) 
  p4316A__7098/CO                                                -       CI->CO F     FA1D0          1   1.0    34    86     737    (-,-) 
  p4360A__8246/CO                                                -       CI->CO F     FA1D0          1   1.0    34    86     823    (-,-) 
  p4401A__5122/CO                                                -       CI->CO F     FA1D0          1   1.0    34    86     908    (-,-) 
  p4443A__1705/CO                                                -       CI->CO F     FA1D0          3   1.9    43    94    1002    (-,-) 
  p4497A__2802/Z                                                 -       A1->Z  F     OR2D0          6   3.8    57    95    1097    (-,-) 
  p4533A__8428/ZN                                                -       A1->ZN R     NR2D0          1   1.3    74    60    1158    (-,-) 
  p4543A__5107/Z                                                 -       A1->Z  F     CKXOR2D0       1   0.6    36    96    1254    (-,-) 
  systolic_array_wrapper_systolic_array_8X8_rem_37_53_p4580A/ZN  -       B->ZN  R     IOA21D0        2   1.2    50    32    1286    (-,-) 
  systolic_array_wrapper_systolic_array_8X8_rem_37_53_Fp4584A/ZN -       I->ZN  F     CKND0          1   0.7    22    27    1312    (-,-) 
  systolic_array_wrapper_systolic_array_8X8_rem_37_53_p4585A/ZN  -       A1->ZN R     OAI221D0       2   1.3   170    65    1377    (-,-) 
  systolic_array_wrapper_systolic_array_8X8_rem_37_53_p4621A/ZN  -       A1->ZN F     CKND2D0        4   3.4    96    93    1470    (-,-) 
  systolic_array_wrapper_systolic_array_8X8_rem_37_53_p4642A/ZN  -       A->ZN  R     MAOI222D0      1   0.8   127    95    1565    (-,-) 
  systolic_array_wrapper_systolic_array_8X8_rem_37_53_p4675A/ZN  -       A2->ZN F     OAI221D0       5   3.3   180   126    1690    (-,-) 
  systolic_array_wrapper_systolic_array_8X8_rem_37_53_p4775A/ZN  -       B1->ZN F     MAOI22D0       2   1.9    87   127    1817    (-,-) 
  systolic_array_wrapper_systolic_array_8X8_rem_37_53_p4798A/ZN  -       A->ZN  R     MAOI222D0      3   2.7   189   129    1946    (-,-) 
  systolic_array_wrapper_systolic_array_8X8_rem_37_53_p4864A/ZN  -       A->ZN  F     MAOI222D0      1   1.3   116    95    2041    (-,-) 
  systolic_array_wrapper_systolic_array_8X8_rem_37_53_p4905A/ZN  -       A->ZN  R     MAOI222D0      1   0.6   120    96    2138    (-,-) 
  systolic_array_wrapper_systolic_array_8X8_rem_37_53_p4949A/ZN  -       A1->ZN F     CKND2D0        7   4.8   111    98    2235    (-,-) 
  systolic_array_wrapper_systolic_array_8X8_rem_37_53_p4977A/ZN  -       B1->ZN F     MAOI22D0       2   1.9    68   111    2346    (-,-) 
  systolic_array_wrapper_systolic_array_8X8_rem_37_53_p5003A/ZN  -       A->ZN  R     MAOI222D0      3   2.7   189   125    2470    (-,-) 
  systolic_array_wrapper_systolic_array_8X8_rem_37_53_p5059A/ZN  -       A->ZN  F     MAOI222D0      3   2.7   139   113    2583    (-,-) 
  systolic_array_wrapper_systolic_array_8X8_rem_37_53_p5132A/ZN  -       A->ZN  R     MAOI222D0      1   0.7   126   104    2687    (-,-) 
  systolic_array_wrapper_systolic_array_8X8_rem_37_53_p5164A/ZN  -       A1->ZN F     OAI221D0       9   6.2   237   164    2851    (-,-) 
  systolic_array_wrapper_systolic_array_8X8_rem_37_53_p5339A/ZN  -       A1->ZN R     MAOI22D0       4   3.4   166   146    2997    (-,-) 
  systolic_array_wrapper_systolic_array_8X8_rem_37_53_p5396A/ZN  -       A->ZN  F     MAOI222D0      3   2.7   121   107    3104    (-,-) 
  systolic_array_wrapper_systolic_array_8X8_rem_37_53_p5462A/ZN  -       A->ZN  R     MAOI222D0      1   0.6   134    98    3202    (-,-) 
  systolic_array_wrapper_systolic_array_8X8_rem_37_53_Fp5492A/ZN -       I->ZN  F     CKND0          1   1.0    44    46    3248    (-,-) 
  systolic_array_wrapper_systolic_array_8X8_rem_37_53_p5513A/CO  -       CI->CO F     FA1D0          3   2.7    51   103    3351    (-,-) 
  systolic_array_wrapper_systolic_array_8X8_rem_37_53_p5576A/ZN  -       A->ZN  R     MAOI222D0      1   1.3   142    94    3446    (-,-) 
  systolic_array_wrapper_systolic_array_8X8_rem_37_53_p5622A/ZN  -       A->ZN  F     MAOI222D0      1   0.6    82    77    3523    (-,-) 
  systolic_array_wrapper_systolic_array_8X8_rem_37_53_p5664A/ZN  -       A1->ZN R     CKND2D0        7   4.8   189    92    3615    (-,-) 
  systolic_array_wrapper_systolic_array_8X8_rem_37_53_p5694A/ZN  -       B1->ZN R     MAOI22D0       4   3.4   160   160    3774    (-,-) 
  systolic_array_wrapper_systolic_array_8X8_rem_37_53_p5744A/ZN  -       A->ZN  F     MAOI222D0      3   2.7   121   106    3880    (-,-) 
  systolic_array_wrapper_systolic_array_8X8_rem_37_53_p5802A/ZN  -       A->ZN  R     MAOI222D0      3   2.7   193   137    4017    (-,-) 
  systolic_array_wrapper_systolic_array_8X8_rem_37_53_p5873A/ZN  -       A->ZN  F     MAOI222D0      1   0.6    94    86    4103    (-,-) 
  systolic_array_wrapper_systolic_array_8X8_rem_37_53_Fp5915A/ZN -       I->ZN  R     CKND0          1   1.0    41    42    4145    (-,-) 
  systolic_array_wrapper_systolic_array_8X8_rem_37_53_p5920A/CO  -       CI->CO R     FA1D0          3   2.7    62    94    4240    (-,-) 
  systolic_array_wrapper_systolic_array_8X8_rem_37_53_p5979A/ZN  -       A->ZN  F     MAOI222D0      1   1.3    95    66    4306    (-,-) 
  systolic_array_wrapper_systolic_array_8X8_rem_37_53_p6029A/ZN  -       A->ZN  R     MAOI222D0      9   6.2   314   196    4501    (-,-) 
  systolic_array_wrapper_systolic_array_8X8_rem_37_53_p6154A/ZN  -       B1->ZN R     MAOI22D0       4   3.4   160   173    4674    (-,-) 
  systolic_array_wrapper_systolic_array_8X8_rem_37_53_p6220A/ZN  -       A->ZN  F     MAOI222D0      3   2.7   121   106    4780    (-,-) 
  systolic_array_wrapper_systolic_array_8X8_rem_37_53_p6280A/ZN  -       A->ZN  R     MAOI222D0      3   2.7   193   137    4917    (-,-) 
  systolic_array_wrapper_systolic_array_8X8_rem_37_53_p6351A/ZN  -       A->ZN  F     MAOI222D0      3   2.7   126   114    5031    (-,-) 
  systolic_array_wrapper_systolic_array_8X8_rem_37_53_p6417A/ZN  -       A->ZN  R     MAOI222D0      1   0.6   121    99    5130    (-,-) 
  systolic_array_wrapper_systolic_array_8X8_rem_37_53_Fp6445A/ZN -       I->ZN  F     CKND0          1   1.0    41    43    5173    (-,-) 
  systolic_array_wrapper_systolic_array_8X8_rem_37_53_p6468A/CO  -       CI->CO F     FA1D0          3   2.1    45    98    5271    (-,-) 
  systolic_array_wrapper_systolic_array_8X8_rem_37_53_p6529A/ZN  -       A1->ZN R     AOI222D0       9   6.2   452   257    5528    (-,-) 
  systolic_array_wrapper_systolic_array_8X8_rem_37_53_p6681A/ZN  -       B1->ZN R     MAOI22D0       4   3.4   161   182    5710    (-,-) 
  systolic_array_wrapper_systolic_array_8X8_rem_37_53_p6739A/ZN  -       A->ZN  F     MAOI222D0      3   2.7   121   106    5817    (-,-) 
  systolic_array_wrapper_systolic_array_8X8_rem_37_53_p6799A/ZN  -       A->ZN  R     MAOI222D0      3   2.7   193   137    5954    (-,-) 
  systolic_array_wrapper_systolic_array_8X8_rem_37_53_p6867A/ZN  -       A->ZN  F     MAOI222D0      3   2.7   126   114    6067    (-,-) 
  systolic_array_wrapper_systolic_array_8X8_rem_37_53_p6935A/ZN  -       A->ZN  R     MAOI222D0      3   2.7   189   138    6205    (-,-) 
  systolic_array_wrapper_systolic_array_8X8_rem_37_53_p7001A/ZN  -       A->ZN  F     MAOI222D0      3   2.0   114   104    6309    (-,-) 
  systolic_array_wrapper_systolic_array_8X8_rem_37_53_Fp7061A/ZN -       I->ZN  R     CKND0          1   1.3    50    50    6359    (-,-) 
  systolic_array_wrapper_systolic_array_8X8_rem_37_53_p7069A/ZN  -       A->ZN  F     MAOI222D0      1   0.7    86    56    6415    (-,-) 
  systolic_array_wrapper_systolic_array_8X8_rem_37_53_p7115A/ZN  -       C->ZN  R     AOI221D0       9   6.2   423   303    6718    (-,-) 
  systolic_array_wrapper_systolic_array_8X8_rem_37_53_p7330A/ZN  -       B1->ZN R     MAOI22D0       4   3.4   163   180    6898    (-,-) 
  systolic_array_wrapper_systolic_array_8X8_rem_37_53_p7387A/ZN  -       A->ZN  F     MAOI222D0      3   2.7   121   107    7005    (-,-) 
  systolic_array_wrapper_systolic_array_8X8_rem_37_53_p7448A/ZN  -       A->ZN  R     MAOI222D0      3   2.7   193   137    7142    (-,-) 
  systolic_array_wrapper_systolic_array_8X8_rem_37_53_p7517A/ZN  -       A->ZN  F     MAOI222D0      3   2.7   126   114    7256    (-,-) 
  systolic_array_wrapper_systolic_array_8X8_rem_37_53_p7585A/ZN  -       A->ZN  R     MAOI222D0      3   2.7   191   138    7394    (-,-) 
  systolic_array_wrapper_systolic_array_8X8_rem_37_53_p7652A/ZN  -       A->ZN  F     MAOI222D0      3   2.7   125   113    7507    (-,-) 
  systolic_array_wrapper_systolic_array_8X8_rem_37_53_p7722A/ZN  -       A->ZN  R     MAOI222D0      1   0.7   156   101    7607    (-,-) 
  systolic_array_wrapper_systolic_array_8X8_rem_37_53_p7753A/ZN  -       C->ZN  F     OAI221D0       7   4.8   226   178    7785    (-,-) 
  systolic_array_wrapper_systolic_array_8X8_rem_37_53_Fp7970A/ZN -       I->ZN  R     CKND0          8   5.6   128   123    7908    (-,-) 
  systolic_array_wrapper_systolic_array_8X8_rem_37_53_p8017A/ZN  -       B1->ZN R     MAOI22D0       2   1.9   109   124    8033    (-,-) 
  systolic_array_wrapper_systolic_array_8X8_rem_37_53_p8047A/ZN  -       A->ZN  F     MAOI222D0      3   2.7   121    94    8127    (-,-) 
  systolic_array_wrapper_systolic_array_8X8_rem_37_53_p8107A/ZN  -       A->ZN  R     MAOI222D0      3   2.7   193   137    8264    (-,-) 
  systolic_array_wrapper_systolic_array_8X8_rem_37_53_p8177A/ZN  -       A->ZN  F     MAOI222D0      3   2.7   126   114    8377    (-,-) 
  systolic_array_wrapper_systolic_array_8X8_rem_37_53_p8246A/ZN  -       A->ZN  R     MAOI222D0      3   2.7   189   138    8515    (-,-) 
  systolic_array_wrapper_systolic_array_8X8_rem_37_53_p8312A/ZN  -       A->ZN  F     MAOI222D0      1   1.0    98    91    8606    (-,-) 
  systolic_array_wrapper_systolic_array_8X8_rem_37_53_p8358A/CO  -       CI->CO F     FA1D0          1   0.7    32   100    8706    (-,-) 
  systolic_array_wrapper_systolic_array_8X8_rem_37_53_p8402A/ZN  -       C->ZN  R     AOI221D0      10   6.9   458   309    9015    (-,-) 
  systolic_array_wrapper_systolic_array_8X8_rem_37_53_p8635A/ZN  -       B1->ZN R     MAOI22D0       3   3.5   163   184    9200    (-,-) 
  systolic_array_wrapper_systolic_array_8X8_rem_37_53_p8686A/ZN  -       A->ZN  F     MAOI222D0      1   0.6    87    81    9281    (-,-) 
  systolic_array_wrapper_systolic_array_8X8_rem_37_53_Fp8716A/ZN -       I->ZN  R     CKND0          1   1.0    40    41    9321    (-,-) 
  systolic_array_wrapper_systolic_array_8X8_rem_37_53_p8718A/CO  -       CI->CO R     FA1D0          3   2.7    62    94    9415    (-,-) 
  systolic_array_wrapper_systolic_array_8X8_rem_37_53_p8782A/ZN  -       A->ZN  F     MAOI222D0      1   0.6    84    58    9473    (-,-) 
  systolic_array_wrapper_systolic_array_8X8_rem_37_53_Fp8821A/ZN -       I->ZN  R     CKND0          1   1.0    39    40    9513    (-,-) 
  systolic_array_wrapper_systolic_array_8X8_rem_37_53_p8824A/CO  -       CI->CO R     FA1D0          3   2.7    62    94    9607    (-,-) 
  systolic_array_wrapper_systolic_array_8X8_rem_37_53_p8884A/ZN  -       A->ZN  F     MAOI222D0      1   0.6    84    58    9665    (-,-) 
  systolic_array_wrapper_systolic_array_8X8_rem_37_53_Fp8927A/ZN -       I->ZN  R     CKND0          1   1.3    42    44    9708    (-,-) 
  systolic_array_wrapper_systolic_array_8X8_rem_37_53_p8929A/ZN  -       A->ZN  F     MAOI222D0      1   0.7    86    54    9762    (-,-) 
  systolic_array_wrapper_systolic_array_8X8_rem_37_53_p8933A/ZN  -       C->ZN  R     AOI221D0       8   5.5   388   283   10045    (-,-) 
  systolic_array_wrapper_systolic_array_8X8_rem_37_53_Fp9292A/ZN -       I->ZN  F     CKND0          5   3.5   121   116   10161    (-,-) 
  systolic_array_wrapper_systolic_array_8X8_rem_37_53_p9307A/ZN  -       B1->ZN R     OAI22D0        1   0.9   116    97   10258    (-,-) 
  p10458A__1881/ZN                                               -       A2->ZN F     NR4D0          1   0.7    48    49   10307    (-,-) 
  p10452A__9315/ZN                                               -       B->ZN  R     OAI21D0        2   1.5    89    47   10354    (-,-) 
  p10462A__6260/ZN                                               -       A1->ZN R     IND2D0         1   0.7    32    60   10414    (-,-) 
  p10494A85234__5526/ZN                                          -       A3->ZN F     OAI32D0        2   1.1    73    43   10456    (-,-) 
  p10472A__2883/Z                                                -       A1->Z  F     CKAN2D0        8   4.9    74    98   10554    (-,-) 
  p10494A__6161/ZN                                               -       A1->ZN R     CKND2D0        3   2.3    74    61   10616    (-,-) 
  p10486A__5477/Z                                                -       A2->Z  R     AN3D0          1   0.7    38    94   10710    (-,-) 
  p10505A__7410/Z                                                -       A1->Z  R     AN4D0          1   0.7    45    99   10809    (-,-) 
  p10510A__1666/Z                                                -       A1->Z  R     AN4D0          1   0.7    45   100   10909    (-,-) 
  p10533A__2346/Z                                                -       A1->Z  R     AN4D0          1   1.0    50   105   11014    (-,-) 
  p10537A__2883/ZN                                               -       A1->ZN F     ND4D8        294 439.2   291   305   11319    (-,-) 
  hi_fo_buf248720/ZN                                             -       I->ZN  R     CKND0          8  12.5   231   206   11525    (-,-) 
  p15011A/ZN                                                     -       A1->ZN F     NR2XD0        19  15.4   175   166   11691    (-,-) 
  p15095A/Z                                                      -       A1->Z  F     CKAN2D4      224 156.8   412   311   12001    (-,-) 
  p15392A243949/Z                                                -       B2->Z  F     AO22D0         1   0.7    43   180   12181    (-,-) 
  p15446A241407/ZN                                               -       C->ZN  R     AOI221D0       1   0.7   178   136   12317    (-,-) 
  p15558A240845/ZN                                               -       A1->ZN F     ND4D0          1   0.9   100    94   12411    (-,-) 
  systolic_array_wrapper_output_buffer_pipe_6_reg[8]/D           -       -      F     DFQD1          1     -     -     0   12411    (-,-) 
#-----------------------------------------------------------------------------------------------------------------------------------------


