###############################################################
#  Generated by:      Cadence Innovus 21.16-s078_1
#  OS:                Linux x86_64(Host ID cadpc19)
#  Generated on:      Sun Mar 22 10:43:01 2026
#  Design:            systolic_array_wrapper
###############################################################
Design: systolic_array_wrapper

------ Design Summary:
Total Standard Cell Number   (cells) : 26100
Total Block Cell Number      (cells) : 0
Total I/O Pad Cell Number    (cells) : 0
Total Standard Cell Area     ( um^2) : 116699.40
Total Block Cell Area        ( um^2) : 0.00
Total I/O Pad Cell Area      ( um^2) : 0.00

------ Design Statistics:

Number of Instances            : 26100
Number of Non-uniquified Insts : 26087
Number of Nets                 : 30549
Average number of Pins per Net : 3.82
Maximum number of Pins in Net  : 4629

------ I/O Port summary

Number of Primary I/O Ports    : 415
Number of Input Ports          : 155
Number of Output Ports         : 260
Number of Bidirectional Ports  : 0
Number of Power/Ground Ports   : 0



------------------------------------------------------------
Detail report:


------ I/O Pad/Port Checking


