###############################################################
#  Generated by:      Cadence Innovus 21.16-s078_1
#  OS:                Linux x86_64(Host ID cadpc19)
#  Generated on:      Sun Mar 22 14:17:38 2026
#  Design:            output_idx_controller
###############################################################
Design: output_idx_controller

------ Design Summary:
Total Standard Cell Number   (cells) : 646
Total Block Cell Number      (cells) : 0
Total I/O Pad Cell Number    (cells) : 0
Total Standard Cell Area     ( um^2) : 2034.00
Total Block Cell Area        ( um^2) : 0.00
Total I/O Pad Cell Area      ( um^2) : 0.00

------ Design Statistics:

Number of Instances            : 646
Number of Non-uniquified Insts : 631
Number of Nets                 : 348
Average number of Pins per Net : 2.77
Maximum number of Pins in Net  : 19

------ I/O Port summary

Number of Primary I/O Ports    : 47
Number of Input Ports          : 28
Number of Output Ports         : 19
Number of Bidirectional Ports  : 0
Number of Power/Ground Ports   : 0



------------------------------------------------------------
Detail report:


------ I/O Pad/Port Checking


