###############################################################
#  Generated by:      Cadence Innovus 21.16-s078_1
#  OS:                Linux x86_64(Host ID cadpc19)
#  Generated on:      Sun Mar 22 14:17:38 2026
#  Design:            output_idx_controller
###############################################################

#########################################################
## Total instances with placement violations: 2
#########################################################

## Insts with atleast 1 signal pin having no routing access due to pre-wires (2) ##
#########################################################
### 2 Pin Access Violation>
set pchkPinAccessList [list \
	{FE_PHC48_n_250} \
	{Fp18292A} \
	]

## Summary: 
#########################################################
## Number of Placed Instances = 646
##   of which 3 are fixed.
## Number of Unplaced Instances = 0
## Placement Density:100.00%(2034/2034)
## Placement Density (including fixed std cells):100.00%(2034/2034)
