**WARN: (from .metalfill_1277287.conf) Unknown option 'srouteLayerFillMaxUnionDensityToAboveLayer.1'!
**WARN: (from .metalfill_1277287.conf) Unknown option '2'!
**WARN: (from .metalfill_1277287.conf) Unknown option 'srouteLayerFillMinUnionDensityToAboveLayer.1'!
**WARN: (from .metalfill_1277287.conf) Unknown option '0'!
**WARN: (from .metalfill_1277287.conf) Unknown option 'srouteLayerFillMaxUnionDensityToAboveLayer.2'!
**WARN: (from .metalfill_1277287.conf) Unknown option '2'!
**WARN: (from .metalfill_1277287.conf) Unknown option 'srouteLayerFillMinUnionDensityToAboveLayer.2'!
**WARN: (from .metalfill_1277287.conf) Unknown option '0'!
**WARN: (from .metalfill_1277287.conf) Unknown option 'srouteLayerFillMaxUnionDensityToAboveLayer.3'!
**WARN: (from .metalfill_1277287.conf) Unknown option '2'!
**WARN: (from .metalfill_1277287.conf) Unknown option 'srouteLayerFillMinUnionDensityToAboveLayer.3'!
**WARN: (from .metalfill_1277287.conf) Unknown option '0'!
**WARN: (from .metalfill_1277287.conf) Unknown option 'srouteLayerFillMaxUnionDensityToAboveLayer.4'!
**WARN: (from .metalfill_1277287.conf) Unknown option '2'!
**WARN: (from .metalfill_1277287.conf) Unknown option 'srouteLayerFillMinUnionDensityToAboveLayer.4'!
**WARN: (from .metalfill_1277287.conf) Unknown option '0'!
**WARN: (from .metalfill_1277287.conf) Unknown option 'srouteLayerFillMaxUnionDensityToAboveLayer.5'!
**WARN: (from .metalfill_1277287.conf) Unknown option '2'!
**WARN: (from .metalfill_1277287.conf) Unknown option 'srouteLayerFillMinUnionDensityToAboveLayer.5'!
**WARN: (from .metalfill_1277287.conf) Unknown option '0'!
**WARN: (from .metalfill_1277287.conf) Unknown option 'srouteLayerFillMaxUnionDensityToAboveLayer.6'!
**WARN: (from .metalfill_1277287.conf) Unknown option '2'!
**WARN: (from .metalfill_1277287.conf) Unknown option 'srouteLayerFillMinUnionDensityToAboveLayer.6'!
**WARN: (from .metalfill_1277287.conf) Unknown option '0'!
**WARN: (from .metalfill_1277287.conf) Unknown option 'srouteLayerFillMaxUnionDensityToAboveLayer.7'!
**WARN: (from .metalfill_1277287.conf) Unknown option '2'!
**WARN: (from .metalfill_1277287.conf) Unknown option 'srouteLayerFillMinUnionDensityToAboveLayer.7'!
**WARN: (from .metalfill_1277287.conf) Unknown option '0'!
**WARN: (from .metalfill_1277287.conf) Unknown option 'srouteLayerFillMaxUnionDensityToAboveLayer.8'!
**WARN: (from .metalfill_1277287.conf) Unknown option '2'!
**WARN: (from .metalfill_1277287.conf) Unknown option 'srouteLayerFillMinUnionDensityToAboveLayer.8'!
**WARN: (from .metalfill_1277287.conf) Unknown option '0'!
**WARN: (from .metalfill_1277287.conf) Unknown option 'srouteLayerFillMaxUnionDensityToAboveLayer.9'!
**WARN: (from .metalfill_1277287.conf) Unknown option '2'!
**WARN: (from .metalfill_1277287.conf) Unknown option 'srouteLayerFillMinUnionDensityToAboveLayer.9'!
**WARN: (from .metalfill_1277287.conf) Unknown option '0'!
**WARN: (from .metalfill_1277287.conf) Unknown option 'srouteLayerFillMaxUnionDensityToAboveLayer.10'!
**WARN: (from .metalfill_1277287.conf) Unknown option '2'!
**WARN: (from .metalfill_1277287.conf) Unknown option 'srouteLayerFillMinUnionDensityToAboveLayer.10'!
**WARN: (from .metalfill_1277287.conf) Unknown option '0'!
**WARN: (IMPMF-129):	Layer [9] has smaller max_width(4000) than min_width(6000). Program default change to (6000)
**WARN: (IMPMF-129):	Layer [10] has smaller max_width(4000) than min_width(6000). Program default change to (6000)
************************
Timing Aware on 
P/G Nets: 2
Signal Nets: 40590
Clock Nets: 254
************************
Multi-CPU acceleration using 8 CPU(s).
Density calculation ...... Slot :   0 of   1 Thread : 0
Multi-CPU acceleration using 8 CPU(s).
Density calculation ...... Slot :   0 of   1 Thread : 0
End of Density Calculation : cpu time : 0:00:07.2, real time : 0:00:07.0, peak mem : 13450.14 megs
Multi-CPU acceleration using 8 CPU(s).
Thread/Slave: 0  process data during iteration  1  in region 0 of 1
Multi-CPU acceleration using 8 CPU(s).
Multi-CPU acceleration using 8 CPU(s).
Multi-CPU acceleration using 8 CPU(s).
End metal filling: cpu:  0:00:11.1,  real:  0:00:11.0,  peak mem:  13450.14  megs.
