###############################################################
#  Generated by:      Cadence Innovus 21.16-s078_1
#  OS:                Linux x86_64(Host ID cadpc19)
#  Generated on:      Sun Mar 22 11:06:49 2026
#  Design:            systolic_array_wrapper
###############################################################

#########################################################
## Total instances with placement violations: 136
#########################################################

## Insts with atleast 1 signal pin having no routing access due to pre-wires (136) ##
#########################################################
### 136 Pin Access Violation>
set pchkPinAccessList [list \
	{FE_PHC10317_systolic_array_8X8_a_queue_0_6_5} \
	{FE_PHC10209_systolic_array_8X8_a_queue_0_2_1} \
	{FE_PHC9905_systolic_array_8X8_a_queue_4_0_8} \
	{FE_PHC6566_n_7257} \
	{FE_PHC5952_systolic_array_8X8_a_queue_1_1_6} \
	{FE_PHC5895_n_1755} \
	{FE_PHC5190_systolic_array_8X8_b_queue_1_1_4} \
	{FE_PHC5025_systolic_array_8X8_b_queue_1_2_0} \
	{FE_PHC4542_systolic_array_8X8_a_queue_7_0_6} \
	{FE_PHC4449_systolic_array_8X8_mul_117_79_I3_I4_n_0} \
	{FE_PHC4314_systolic_array_8X8_mul_117_79_I3_I4_n_5} \
	{FE_PHC4142_systolic_array_8X8_matrix_mul_2D_1_2_6} \
	{FE_PHC3936_a_buffer_pipe_5_2_1} \
	{FE_PHC3679_b_buffer_pipe_4_1_6} \
	{FE_PHC3661_systolic_a1_26} \
	{FE_PHC3121_output_buffer_pipe_0_0_29} \
	{FE_PHC3117_systolic_array_8X8_matrix_mul_2D_7_4_30} \
	{FE_PHC3039_output_buffer_pipe_0_1_0} \
	{FE_PHC2927_output_buffer_pipe_0_4_1} \
	{FE_PHC2898_output_buffer_pipe_4_0_18} \
	{FE_PHC2705_a_buffer_pipe_4_0_1} \
	{FE_PHC2646_output_buffer_pipe_1_2_21} \
	{FE_PHC2496_systolic_array_8X8_matrix_mul_2D_3_2_24} \
	{FE_PHC2432_output_buffer_pipe_2_0_6} \
	{FE_PHC2295_systolic_array_8X8_matrix_mul_2D_4_5_24} \
	{FE_PHC2246_systolic_array_8X8_matrix_mul_2D_4_4_21} \
	{FE_PHC2167_systolic_array_8X8_matrix_mul_2D_7_3_22} \
	{FE_PHC2091_systolic_array_8X8_matrix_mul_2D_7_0_26} \
	{FE_PHC1703_systolic_array_8X8_matrix_mul_2D_2_1_5} \
	{FE_PHC1634_systolic_array_8X8_matrix_mul_2D_2_6_4} \
	{FE_PHC1397_systolic_array_8X8_matrix_mul_2D_5_3_12} \
	{FE_PHC1368_systolic_array_8X8_matrix_mul_2D_6_3_7} \
	{FE_PHC1353_systolic_array_8X8_matrix_mul_2D_2_4_16} \
	{FE_PHC1219_systolic_array_8X8_matrix_mul_2D_2_3_10} \
	{FE_PHC1185_systolic_array_8X8_matrix_mul_2D_5_0_8} \
	{FE_OFC863_systolic_array_8X8_n_132495} \
	{FE_OFC489_systolic_array_8X8_n_131800} \
	{FE_OFC374_systolic_array_8X8_n_132492} \
	{FE_OFC350_systolic_array_8X8_add_124_53_I8_I4_n_773} \
	{FE_OFC301_systolic_array_8X8_add_124_53_I1_I1_n_773} \
	{FE_OFC289_row_idx_1} \
	{FE_OFC204_alu_start} \
	{output_buffer_pipe_0_reg[0][4]} \
	{p18143A__9945} \
	{systolic_array_8X8_Fp4423A} \
	{systolic_array_8X8_p18349A99524} \
	{systolic_array_8X8_p18353A100294} \
	{systolic_array_8X8_p18353A100471} \
	{systolic_array_8X8_p18363A100527} \
	{systolic_array_8X8_matrix_mul_2D_reg[0][2][17]} \
	{systolic_array_8X8_matrix_mul_2D_reg[1][2][17]} \
	{systolic_array_8X8_matrix_mul_2D_reg[2][4][16]} \
	{systolic_array_8X8_matrix_mul_2D_reg[3][3][31]} \
	{systolic_array_8X8_matrix_mul_2D_reg[4][6][19]} \
	{systolic_array_8X8_matrix_mul_2D_reg[5][0][4]} \
	{systolic_array_8X8_matrix_mul_2D_reg[6][5][28]} \
	{systolic_array_8X8_matrix_mul_2D_reg[6][6][24]} \
	{systolic_array_8X8_matrix_mul_2D_reg[7][2][25]} \
	{systolic_array_8X8_p15851A124520} \
	{systolic_array_8X8_p15849A125509} \
	{systolic_array_8X8_p15890A126077} \
	{systolic_array_8X8_add_124_53_I8_I4_Fp16089A} \
	{systolic_array_8X8_add_124_53_I7_I8_p15362A} \
	{systolic_array_8X8_add_124_53_I6_I7_p17612A} \
	{systolic_array_8X8_add_124_53_I6_I4_p15358A} \
	{systolic_array_8X8_add_124_53_I6_I4_p15294A} \
	{systolic_array_8X8_add_124_53_I6_I3_p15688A} \
	{systolic_array_8X8_add_124_53_I6_I3_p15603A} \
	{systolic_array_8X8_add_124_53_I6_I3_p17612A764} \
	{systolic_array_8X8_add_124_53_I5_I5_p17612A762} \
	{systolic_array_8X8_add_124_53_I5_I4_p15362A} \
	{systolic_array_8X8_add_124_53_I5_I1_p17612A755} \
	{systolic_array_8X8_add_124_53_I4_I4_Fp16639A} \
	{systolic_array_8X8_add_124_53_I3_I3_p17612A760} \
	{systolic_array_8X8_add_124_53_I3_I3_p17612A764} \
	{systolic_array_8X8_add_124_53_I2_I5_Fp16010A} \
	{systolic_array_8X8_add_124_53_I2_I4_p17612A764} \
	{systolic_array_8X8_add_124_53_I2_I2_p15362A} \
	{systolic_array_8X8_mul_117_79_I1_I2_cdnfadd_010_1} \
	{systolic_array_8X8_mul_117_79_I1_I3_p15212A1188} \
	{systolic_array_8X8_mul_117_79_I1_I5_Fp15256A} \
	{systolic_array_8X8_mul_117_79_I1_I7_p15281A} \
	{systolic_array_8X8_mul_117_79_I1_I8_cdnca_010_0} \
	{systolic_array_8X8_mul_117_79_I1_I8_cdnfadd6} \
	{systolic_array_8X8_mul_117_79_I1_I8_Fp16082A} \
	{systolic_array_8X8_mul_117_79_I2_I1_p15461A1190} \
	{systolic_array_8X8_mul_117_79_I2_I1_p15206A1192} \
	{systolic_array_8X8_mul_117_79_I2_I3_cdnca_013_0} \
	{systolic_array_8X8_mul_117_79_I2_I5_p15690A} \
	{systolic_array_8X8_mul_117_79_I2_I6_cdnfadd3} \
	{systolic_array_8X8_mul_117_79_I2_I7_cdnfadd10} \
	{systolic_array_8X8_mul_117_79_I2_I7_cdnfadd11} \
	{systolic_array_8X8_mul_117_79_I3_I2_p15512A} \
	{systolic_array_8X8_mul_117_79_I3_I3_p15762A} \
	{systolic_array_8X8_mul_117_79_I3_I3_p15494A} \
	{systolic_array_8X8_mul_117_79_I3_I4_cdnfadd4} \
	{systolic_array_8X8_mul_117_79_I3_I4_cdnfadd8} \
	{systolic_array_8X8_mul_117_79_I3_I4_cdnfadd12} \
	{systolic_array_8X8_mul_117_79_I3_I4_Fp15257A} \
	{systolic_array_8X8_mul_117_79_I3_I5_cdnca_011_0} \
	{systolic_array_8X8_mul_117_79_I3_I8_cdnfadd12} \
	{systolic_array_8X8_mul_117_79_I4_I1_cdnca_006_0} \
	{systolic_array_8X8_mul_117_79_I4_I1_cdnfadd8} \
	{systolic_array_8X8_mul_117_79_I4_I1_p15926A} \
	{systolic_array_8X8_mul_117_79_I4_I2_p15449A} \
	{systolic_array_8X8_mul_117_79_I4_I3_p15690A} \
	{systolic_array_8X8_mul_117_79_I4_I4_cdnca_010_0} \
	{systolic_array_8X8_mul_117_79_I4_I5_p16046A} \
	{systolic_array_8X8_mul_117_79_I4_I7_cdnfadd7} \
	{systolic_array_8X8_mul_117_79_I4_I7_cdnfadd8} \
	{systolic_array_8X8_mul_117_79_I4_I7_cdnfadd13} \
	{systolic_array_8X8_mul_117_79_I5_I3_cdnfadd2} \
	{systolic_array_8X8_mul_117_79_I5_I5_cdnfadd13} \
	{systolic_array_8X8_mul_117_79_I5_I6_p15115A} \
	{systolic_array_8X8_mul_117_79_I5_I8_cdnfadd5} \
	{systolic_array_8X8_mul_117_79_I6_I2_p15180A} \
	{systolic_array_8X8_mul_117_79_I6_I3_cdnfadd8} \
	{systolic_array_8X8_mul_117_79_I6_I3_p15526A} \
	{systolic_array_8X8_mul_117_79_I6_I4_cdnfadd12} \
	{systolic_array_8X8_mul_117_79_I6_I4_Fp15204A} \
	{systolic_array_8X8_mul_117_79_I6_I4_Fp15257A} \
	{systolic_array_8X8_mul_117_79_I6_I5_cdnca_009_1} \
	{systolic_array_8X8_mul_117_79_I6_I6_cdnfadd_005_0} \
	{systolic_array_8X8_mul_117_79_I6_I8_cdnfadd5} \
	{systolic_array_8X8_mul_117_79_I7_I4_cdnfadd4} \
	{systolic_array_8X8_mul_117_79_I7_I4_Fp15146A} \
	{systolic_array_8X8_mul_117_79_I7_I5_cdnfadd2} \
	{systolic_array_8X8_mul_117_79_I7_I5_Fp16082A} \
	{systolic_array_8X8_mul_117_79_I8_I3_cdnfadd4} \
	{systolic_array_8X8_mul_117_79_I8_I4_cdnfadd5} \
	{systolic_array_8X8_mul_117_79_I8_I5_cdnfadd7} \
	{systolic_array_8X8_mul_117_79_I8_I6_p15461A1190} \
	{systolic_array_8X8_rem_37_53_Fp8964A} \
	{systolic_array_8X8_rem_38_56_p8987A} \
	{systolic_array_8X8_rem_38_56_Fp8879A} \
	{g129624} \
	]

## Summary: 
#########################################################
## Number of Placed Instances = 67111
##   of which 234 are fixed.
## Number of Unplaced Instances = 0
## Placement Density:100.00%(197936/197936)
## Placement Density (including fixed std cells):100.00%(197936/197936)
