###############################################################
#  Generated by:      Cadence Innovus 21.16-s078_1
#  OS:                Linux x86_64(Host ID cadpc19)
#  Generated on:      Sun Mar 22 11:06:50 2026
#  Design:            systolic_array_wrapper
###############################################################
Design: systolic_array_wrapper

------ Design Summary:
Total Standard Cell Number   (cells) : 67111
Total Block Cell Number      (cells) : 0
Total I/O Pad Cell Number    (cells) : 0
Total Standard Cell Area     ( um^2) : 197935.92
Total Block Cell Area        ( um^2) : 0.00
Total I/O Pad Cell Area      ( um^2) : 0.00

------ Design Statistics:

Number of Instances            : 67111
Number of Non-uniquified Insts : 67080
Number of Nets                 : 40847
Average number of Pins per Net : 3.36
Maximum number of Pins in Net  : 163

------ I/O Port summary

Number of Primary I/O Ports    : 415
Number of Input Ports          : 155
Number of Output Ports         : 260
Number of Bidirectional Ports  : 0
Number of Power/Ground Ports   : 0



------------------------------------------------------------
Detail report:


------ I/O Pad/Port Checking


