*----------------------------------------------------------------------------------------
*	Innovus 21.16-s078_1 (64bit) 12/07/2022 12:07 (Linux 3.10.0-693.el7.x86_64)
*	
*
* 	Date & Time:	2026-Apr-06 21:20:13 (2026-Apr-07 01:20:13 GMT)
*
*----------------------------------------------------------------------------------------
*
*	Design: sram_wrapper
*
*	Liberty Libraries used: 
*	        av_normal_max: /courses/ee6350/pdk2023/T-N65-CM-SP-018-K3_MOM/digital/Front_End/timing_power_noise/NLDM/tcbn65gplus_200a/tcbn65gpluswc.lib
*	        av_normal_max: ../../../SRAM00_gen/sram00_nldm_ss_0p90v_0p90v_125c_syn.lib
*
*	Power Domain used: 
*              Rail:       DVDD      Voltage:        0.9 
*
*       Power View : av_normal_max
*
*       User-Defined Activity : N.A.
*
*       Activity File: N.A.
*
*       Hierarchical Global Activity: N.A.
*
*       Global Activity: N.A.
*
*       Sequential Element Activity: 0.200000
*
*       Primary Input Activity: 0.200000
*
*       Default icg ratio: N.A.
*
*       Global Comb ClockGate Ratio: N.A.
*
*	Power Units = 1mW
*
*	Time Units = 1e-09 secs 
*
*       report_power -outfile ../report/place.power_insts.rpt -instances {*}
*
-----------------------------------------------------------------------------------------


Total Power 
-----------------------------------------------------------------------------------------
Total Internal Power:        0.16926208 	   29.0086%
Total Switching Power:       0.02971675 	    5.0929%
Total Leakage Power:         0.38451077 	   65.8985%
Total Power:                 0.58348960 
-----------------------------------------------------------------------------------------


Group                           Internal   Switching     Leakage       Total  Percentage 
                                Power      Power         Power         Power  (%)        
-----------------------------------------------------------------------------------------
Sequential                       0.01048   0.0004061    0.004659     0.01554       2.664 
Macro                             0.1584     0.02853      0.3784      0.5653       96.88 
IO                                     0           0   1.451e-06   1.451e-06   0.0002486 
Combinational                  0.0004241   0.0007793    0.001437     0.00264      0.4524 
Clock (Combinational)                  0           0           0           0           0 
Clock (Sequential)                     0           0           0           0           0 
-----------------------------------------------------------------------------------------
Total                             0.1693     0.02972      0.3845      0.5835         100 
-----------------------------------------------------------------------------------------


Rail                  Voltage   Internal   Switching     Leakage       Total  Percentage 
                                Power      Power         Power         Power  (%)        
-----------------------------------------------------------------------------------------
DVDD                      0.9     0.1693     0.02972      0.3845      0.5835         100 


Instance                      Max Toggles   Total Toggles   Internal   Switching     Leakage       Total  Percentage    Cell
                              Input Pins    Output Pins     Power      Power         Power         Power  (%)           Name
----------------------------------------------------------------------------------------------------------------------------
u_sram                              2e+07       1.392e+08     0.1584     0.02853      0.3784      0.5653       96.88    sram00
bus_we_d1_reg                       2e+07           2e+06  0.0001057   2.102e-05    4.59e-05   0.0001726     0.02958    DFCNQD1
last_word_addr_reg[3]               2e+07           2e+06  0.0001102   1.948e-06   5.753e-05   0.0001697     0.02908    EDFCNQD1
last_byte_sel_reg[1]                2e+07           2e+06  0.0001102   1.561e-06   5.753e-05   0.0001693     0.02901    EDFCNQD1
last_word_addr_reg[4]               2e+07           2e+06  0.0001102   1.434e-06   5.753e-05   0.0001692     0.02899    EDFCNQD1
last_word_addr_reg[6]               2e+07           2e+06  0.0001102   1.327e-06   5.753e-05   0.0001691     0.02897    EDFCNQD1
last_word_addr_reg[2]               2e+07           2e+06  0.0001102   1.321e-06   5.753e-05    0.000169     0.02897    EDFCNQD1
last_byte_sel_reg[2]                2e+07           2e+06  0.0001102   1.195e-06   5.753e-05   0.0001689     0.02895    EDFCNQD1
last_word_addr_reg[5]               2e+07           2e+06  0.0001102   1.069e-06   5.753e-05   0.0001688     0.02893    EDFCNQD1
last_word_addr_reg[7]               2e+07           2e+06  0.0001102   1.019e-06   5.753e-05   0.0001687     0.02892    EDFCNQD1
bus_wbuf_reg[56]                    2e+07           2e+06   0.000108   1.399e-05   4.669e-05   0.0001687     0.02891    DFCNQD1
last_word_addr_reg[1]               2e+07           2e+06  0.0001102   9.664e-07   5.753e-05   0.0001687     0.02891    EDFCNQD1
last_byte_sel_reg[0]                2e+07           2e+06  0.0001102   9.749e-07   5.753e-05   0.0001687     0.02891    EDFCNQD1
last_word_addr_reg[8]               2e+07           2e+06  0.0001102   9.409e-07   5.753e-05   0.0001687     0.02891    EDFCNQD1
last_word_addr_reg[0]               2e+07           2e+06  0.0001102   8.999e-07   5.753e-05   0.0001686      0.0289    EDFCNQD1
bus_wbuf_reg[57]                    2e+07           2e+06   0.000108   1.335e-05   4.669e-05    0.000168      0.0288    DFCNQD1
bus_wbuf_reg[58]                    2e+07           2e+06   0.000108    1.29e-05   4.669e-05   0.0001676     0.02872    DFCNQD1
bus_wbuf_reg[59]                    2e+07           2e+06   0.000108   1.283e-05   4.669e-05   0.0001675     0.02872    DFCNQD1
bus_wbuf_reg[62]                    2e+07           2e+06   0.000108   1.262e-05   4.669e-05   0.0001673     0.02868    DFCNQD1
bus_wbuf_reg[63]                    2e+07           2e+06   0.000108   1.243e-05   4.669e-05   0.0001671     0.02864    DFCNQD1
bus_wbuf_reg[61]                    2e+07           2e+06   0.000108   1.197e-05   4.669e-05   0.0001667     0.02856    DFCNQD1
bus_wbuf_reg[60]                    2e+07           2e+06   0.000108   1.198e-05   4.669e-05   0.0001667     0.02856    DFCNQD1
bus_wbuf_reg[7]                     2e+07           2e+06   0.000108   8.242e-06   4.673e-05    0.000163     0.02793    DFCNQD1
bus_wbuf_reg[6]                     2e+07           2e+06   0.000108   7.602e-06   4.673e-05   0.0001623     0.02782    DFCNQD1
bus_wbuf_reg[3]                     2e+07           2e+06   0.000108   7.395e-06   4.673e-05   0.0001621     0.02779    DFCNQD1
bus_wbuf_reg[4]                     2e+07           2e+06   0.000108   7.398e-06   4.673e-05   0.0001621     0.02778    DFCNQD1
bus_wbuf_reg[5]                     2e+07           2e+06   0.000108   7.366e-06   4.673e-05   0.0001621     0.02778    DFCNQD1
bus_wbuf_reg[2]                     2e+07           2e+06   0.000108    6.71e-06   4.673e-05   0.0001614     0.02766    DFCNQD1
bus_wbuf_reg[0]                     2e+07           2e+06   0.000108   6.616e-06   4.673e-05   0.0001613     0.02765    DFCNQD1
bus_wbuf_reg[1]                     2e+07           2e+06   0.000108   6.454e-06   4.673e-05   0.0001611     0.02762    DFCNQD1
bus_wbuf_reg[48]                    2e+07           2e+06   0.000108   6.149e-06   4.666e-05   0.0001608     0.02755    DFCNQD1
bus_wbuf_reg[54]                    2e+07           2e+06  0.0001079    5.39e-06   4.666e-05     0.00016     0.02742    DFCNQD1
bus_wbuf_reg[8]                     2e+07           2e+06   0.000108   4.786e-06   4.667e-05   0.0001594     0.02732    DFCNQD1
bus_wbuf_reg[11]                    2e+07           2e+06   0.000108   4.721e-06   4.667e-05   0.0001594     0.02731    DFCNQD1
bus_wbuf_reg[12]                    2e+07           2e+06  0.0001079   4.747e-06   4.667e-05   0.0001594     0.02731    DFCNQD1
bus_wbuf_reg[15]                    2e+07           2e+06  0.0001079   4.741e-06   4.667e-05   0.0001594     0.02731    DFCNQD1
bus_wbuf_reg[9]                     2e+07           2e+06  0.0001079   4.663e-06   4.667e-05   0.0001593      0.0273    DFCNQD1
bus_wbuf_reg[10]                    2e+07           2e+06  0.0001079   4.648e-06   4.667e-05   0.0001593     0.02729    DFCNQD1
bus_wbuf_reg[13]                    2e+07           2e+06  0.0001079    4.62e-06   4.667e-05   0.0001592     0.02729    DFCNQD1
bus_wbuf_reg[14]                    2e+07           2e+06   0.000108   4.531e-06   4.667e-05   0.0001592     0.02728    DFCNQD1
bus_wbuf_reg[32]                    2e+07           2e+06   0.000108   4.507e-06   4.667e-05   0.0001591     0.02728    DFCNQD1
bus_wbuf_reg[50]                    2e+07           2e+06  0.0001079   4.467e-06   4.666e-05   0.0001591     0.02726    DFCNQD1
bus_wbuf_reg[19]                    2e+07           2e+06   0.000108    4.33e-06   4.667e-05    0.000159     0.02725    DFCNQD1
bus_wbuf_reg[39]                    2e+07           2e+06   0.000108   4.269e-06   4.667e-05   0.0001589     0.02723    DFCNQD1
bus_wbuf_reg[49]                    2e+07           2e+06  0.0001079    4.28e-06   4.666e-05   0.0001589     0.02723    DFCNQD1
bus_wbuf_reg[55]                    2e+07           2e+06  0.0001079   4.233e-06   4.666e-05   0.0001588     0.02722    DFCNQD1
bus_wbuf_reg[53]                    2e+07           2e+06  0.0001079   4.188e-06   4.666e-05   0.0001588     0.02721    DFCNQD1
bus_wbuf_reg[52]                    2e+07           2e+06  0.0001079   4.179e-06   4.666e-05   0.0001588     0.02721    DFCNQD1
bus_wbuf_reg[37]                    2e+07           2e+06   0.000108   3.992e-06   4.667e-05   0.0001586     0.02718    DFCNQD1
bus_wbuf_reg[34]                    2e+07           2e+06   0.000108   3.986e-06   4.667e-05   0.0001586     0.02718    DFCNQD1
bus_wbuf_reg[51]                    2e+07           2e+06  0.0001079   4.016e-06   4.666e-05   0.0001586     0.02718    DFCNQD1
bus_wbuf_reg[16]                    2e+07           2e+06   0.000108   3.931e-06   4.667e-05   0.0001586     0.02718    DFCNQD1
bus_wbuf_reg[33]                    2e+07           2e+06   0.000108   3.928e-06   4.667e-05   0.0001586     0.02717    DFCNQD1
bus_wbuf_reg[18]                    2e+07           2e+06  0.0001079    3.86e-06   4.667e-05   0.0001585     0.02716    DFCNQD1
bus_wbuf_reg[38]                    2e+07           2e+06   0.000108   3.821e-06   4.667e-05   0.0001585     0.02716    DFCNQD1
bus_wbuf_reg[17]                    2e+07           2e+06  0.0001079   3.795e-06   4.667e-05   0.0001584     0.02715    DFCNQD1
bus_wbuf_reg[46]                    2e+07           2e+06  0.0001079    3.68e-06   4.669e-05   0.0001583     0.02713    DFCNQD1
bus_wbuf_reg[41]                    2e+07           2e+06  0.0001079   3.637e-06   4.669e-05   0.0001583     0.02712    DFCNQD1
bus_wbuf_reg[47]                    2e+07           2e+06  0.0001079   3.446e-06   4.669e-05   0.0001581     0.02709    DFCNQD1
bus_wbuf_reg[44]                    2e+07           2e+06  0.0001079   3.385e-06   4.669e-05    0.000158     0.02708    DFCNQD1
bus_wbuf_reg[40]                    2e+07           2e+06  0.0001079   3.365e-06   4.669e-05    0.000158     0.02707    DFCNQD1
bus_wbuf_reg[31]                    2e+07           2e+06  0.0001079   3.312e-06   4.667e-05   0.0001579     0.02706    DFCNQD1
bus_wbuf_reg[43]                    2e+07           2e+06  0.0001079   3.257e-06   4.669e-05   0.0001579     0.02706    DFCNQD1
bus_wbuf_reg[35]                    2e+07           2e+06   0.000108   3.231e-06   4.667e-05   0.0001579     0.02706    DFCNQD1
bus_wbuf_reg[42]                    2e+07           2e+06  0.0001079   3.254e-06   4.669e-05   0.0001579     0.02706    DFCNQD1
bus_wbuf_reg[20]                    2e+07           2e+06  0.0001079   3.233e-06   4.667e-05   0.0001578     0.02705    DFCNQD1
bus_wbuf_reg[30]                    2e+07           2e+06  0.0001079   3.247e-06   4.667e-05   0.0001578     0.02705    DFCNQD1
bus_wbuf_reg[29]                    2e+07           2e+06  0.0001079   3.196e-06   4.667e-05   0.0001578     0.02704    DFCNQD1
bus_wbuf_reg[45]                    2e+07           2e+06  0.0001079   3.052e-06   4.669e-05   0.0001577     0.02702    DFCNQD1
bus_wbuf_reg[36]                    2e+07           2e+06  0.0001079   3.044e-06   4.667e-05   0.0001577     0.02702    DFCNQD1
bus_wbuf_reg[21]                    2e+07           2e+06  0.0001079   3.043e-06   4.667e-05   0.0001576     0.02702    DFCNQD1
bus_wbuf_reg[28]                    2e+07           2e+06  0.0001079   3.003e-06   4.667e-05   0.0001576     0.02701    DFCNQD1
bus_wbuf_reg[27]                    2e+07           2e+06  0.0001079    2.98e-06   4.667e-05   0.0001576     0.02701    DFCNQD1
bus_wbuf_reg[24]                    2e+07           2e+06  0.0001079   2.958e-06   4.667e-05   0.0001575       0.027    DFCNQD1
bus_wbuf_reg[23]                    2e+07           2e+06  0.0001079   2.929e-06   4.667e-05   0.0001575       0.027    DFCNQD1
bus_wbuf_reg[22]                    2e+07           2e+06  0.0001079   2.899e-06   4.667e-05   0.0001575       0.027    DFCNQD1
bus_wbuf_reg[25]                    2e+07           2e+06  0.0001079   2.928e-06   4.667e-05   0.0001575       0.027    DFCNQD1
bus_wbuf_reg[26]                    2e+07           2e+06  0.0001079   2.899e-06   4.667e-05   0.0001575     0.02699    DFCNQD1
flush_d1_reg                        2e+07           2e+06  0.0001073    3.77e-06   4.621e-05   0.0001573     0.02695    DFCNQD1
bus_waddr_d1_reg[2]                 2e+07           2e+06  0.0001072   1.603e-06   4.676e-05   0.0001555     0.02666    DFCNQD1
flush_addr_reg[0]                   2e+07           2e+06  0.0001071   1.567e-06   4.676e-05   0.0001554     0.02664    DFCNQD1
bus_waddr_d1_reg[4]                 2e+07           2e+06  0.0001072   1.434e-06   4.676e-05   0.0001554     0.02663    DFCNQD1
bus_waddr_d1_reg[5]                 2e+07           2e+06  0.0001072   1.251e-06   4.676e-05   0.0001552      0.0266    DFCNQD1
bus_waddr_d1_reg[8]                 2e+07           2e+06  0.0001072   1.246e-06   4.676e-05   0.0001552     0.02659    DFCNQD1
bus_waddr_d1_reg[3]                 2e+07           2e+06  0.0001072   1.207e-06   4.676e-05   0.0001551     0.02659    DFCNQD1
bus_waddr_d1_reg[0]                 2e+07           2e+06  0.0001072   1.177e-06   4.676e-05   0.0001551     0.02658    DFCNQD1
flush_addr_reg[7]                   2e+07           2e+06  0.0001071   1.236e-06   4.676e-05   0.0001551     0.02658    DFCNQD1
bus_waddr_d1_reg[6]                 2e+07           2e+06  0.0001072   1.135e-06   4.676e-05   0.0001551     0.02658    DFCNQD1
bus_waddr_d1_reg[1]                 2e+07           2e+06  0.0001072   1.097e-06   4.676e-05    0.000155     0.02657    DFCNQD1
flush_addr_reg[4]                   2e+07           2e+06  0.0001071   1.172e-06   4.676e-05    0.000155     0.02657    DFCNQD1
flush_addr_reg[3]                   2e+07           2e+06  0.0001071   1.171e-06   4.676e-05    0.000155     0.02656    DFCNQD1
flush_addr_reg[1]                   2e+07           2e+06  0.0001071   1.088e-06   4.676e-05   0.0001549     0.02655    DFCNQD1
flush_addr_reg[2]                   2e+07           2e+06  0.0001071   1.046e-06   4.676e-05   0.0001549     0.02654    DFCNQD1
bus_waddr_d1_reg[7]                 2e+07           2e+06  0.0001072   9.401e-07   4.676e-05   0.0001549     0.02654    DFCNQD1
bus_we_prev_reg                     2e+07           2e+06  0.0001071   9.895e-07   4.676e-05   0.0001549     0.02654    DFCNQD1
flush_addr_reg[6]                   2e+07           2e+06  0.0001071   9.686e-07   4.676e-05   0.0001548     0.02653    DFCNQD1
flush_addr_reg[5]                   2e+07           2e+06  0.0001071   9.048e-07   4.676e-05   0.0001547     0.02652    DFCNQD1
flush_addr_reg[8]                   2e+07           2e+06  0.0001071   8.399e-07   4.676e-05   0.0001547     0.02651    DFCNQD1
FE_OFC0_rstn                        2e+06           2e+06  6.671e-06   9.762e-05   4.027e-05   0.0001446     0.02478    CKBD3
p96116A2177__4319                   2e+06         2.5e+06  8.179e-06   2.716e-05   3.157e-05   6.691e-05     0.01147    AO222D1
p96110A2182__1617                   2e+06         2.5e+06  8.322e-06   2.754e-05   3.099e-05   6.686e-05     0.01146    AO222D1
p96116A2180__6783                   2e+06         2.5e+06  8.178e-06   2.562e-05   3.157e-05   6.537e-05      0.0112    AO222D1
p96116A2178__8428                   2e+06         2.5e+06  8.175e-06   2.508e-05   3.157e-05   6.483e-05     0.01111    AO222D1
p96110A__2398                       2e+06         2.5e+06  8.313e-06   2.421e-05   3.099e-05   6.352e-05     0.01089    AO222D1
p96014A__2802                       2e+06           2e+06  3.182e-06   3.072e-05   2.358e-05   5.747e-05     0.00985    NR2D2
FE_OFC1_sram_addr_5               2.5e+06         2.5e+06  3.936e-06   2.444e-05   1.908e-05   4.746e-05    0.008133    CKBD1
p96116A__5107                       2e+06         2.5e+06   5.81e-06   2.178e-05   1.374e-05   4.133e-05    0.007084    AO222D0
p96116A2179__5526                   2e+06         2.5e+06  5.809e-06   2.117e-05   1.374e-05   4.072e-05    0.006979    AO222D0
p96116A2176__6260                   2e+06         2.5e+06  5.804e-06    1.92e-05   1.374e-05   3.875e-05     0.00664    AO222D0
p96110A2183__1705                   2e+06           2e+06  3.382e-06    1.47e-05   1.598e-05   3.406e-05    0.005838    INR2D1
Fp96541A3239                        2e+06           2e+06  1.161e-06   1.936e-05   1.029e-05   3.081e-05     0.00528    INVD1
Fp96541A3237                        2e+06           2e+06  1.161e-06   1.927e-05   1.029e-05   3.072e-05    0.005264    INVD1
Fp96541A3233                        2e+06           2e+06   1.16e-06   1.871e-05   1.029e-05   3.016e-05    0.005169    INVD1
Fp96541A3235                        2e+06           2e+06  1.161e-06   1.787e-05   1.029e-05   2.932e-05    0.005025    INVD1
Fp96541A3238                        2e+06           2e+06  1.159e-06   1.779e-05   1.029e-05   2.924e-05    0.005011    INVD1
p96435A__5115                     2.5e+06       1.813e+06  1.538e-06   1.802e-05     9.1e-06   2.866e-05    0.004911    ND2D1
p96380A__1705                       2e+06           1e+06  2.706e-06   9.401e-06   1.346e-05   2.557e-05    0.004382    NR3D1
Fp96541A3236                        2e+06           2e+06  7.424e-07   1.863e-05   3.713e-06   2.309e-05    0.003957    CKND0
p96389A__1617                       2e+06         2.5e+06  3.836e-06   3.371e-06   1.572e-05   2.293e-05     0.00393    MUX2ND0
Fp96541A3234                        2e+06           2e+06   7.42e-07   1.821e-05   3.713e-06   2.266e-05    0.003884    CKND0
p96414A__1881                     2.5e+06       1.609e+06  2.318e-06   1.073e-05   9.098e-06   2.214e-05    0.003795    ND3D1
Fp96541A                            2e+06           2e+06  7.414e-07    1.75e-05   3.713e-06   2.195e-05    0.003762    CKND0
p96449A__6260                     2.5e+06         1.5e+06  1.404e-06   1.157e-05   7.718e-06   2.069e-05    0.003546    ND2D1
p96186A3151__6260                   2e+06         2.5e+06  5.125e-06   2.053e-06    1.35e-05   2.068e-05    0.003544    MOAI22D0
p96116A2181__3680                   2e+06         2.5e+06  5.723e-06   1.117e-06   1.374e-05   2.058e-05    0.003528    AO222D0
p96186A3150__5107                   2e+06         2.5e+06  5.124e-06   1.885e-06    1.35e-05   2.051e-05    0.003515    MOAI22D0
p96186A3198__5526                   2e+06         2.5e+06  5.113e-06   1.853e-06   1.347e-05   2.043e-05    0.003502    MOAI22D0
p96186A3153__8428                   2e+06         2.5e+06  5.125e-06   1.753e-06    1.35e-05   2.038e-05    0.003493    MOAI22D0
p96186A3199__6783                   2e+06         2.5e+06  5.125e-06   1.659e-06   1.347e-05   2.025e-05     0.00347    MOAI22D0
p96186A3147__6417                   2e+06         2.5e+06  5.128e-06   1.565e-06    1.35e-05   2.019e-05    0.003461    MOAI22D0
p96186A3189__1666                   2e+06         2.5e+06  5.124e-06   1.585e-06   1.347e-05   2.017e-05    0.003458    MOAI22D0
p96186A3163__6131                   2e+06         2.5e+06  4.998e-06   1.704e-06   1.347e-05   2.017e-05    0.003456    MOAI22D0
p96186A3148__5477                   2e+06         2.5e+06  5.126e-06   1.538e-06    1.35e-05   2.016e-05    0.003456    MOAI22D0
p96186A3210__9315                   2e+06         2.5e+06  5.037e-06   1.662e-06   1.347e-05   2.016e-05    0.003456    MOAI22D0
p96186A3152__4319                   2e+06         2.5e+06  5.109e-06   1.531e-06    1.35e-05   2.014e-05    0.003452    MOAI22D0
p96186A3164__1881                   2e+06         2.5e+06  5.008e-06   1.641e-06   1.347e-05   2.011e-05    0.003447    MOAI22D0
p96186A3190__7410                   2e+06         2.5e+06  5.124e-06   1.489e-06   1.347e-05   2.008e-05    0.003441    MOAI22D0
p96186A3184__6161                   2e+06         2.5e+06  5.005e-06   1.599e-06   1.347e-05   2.007e-05    0.003439    MOAI22D0
p96186A__7410                       2e+06         2.5e+06  5.117e-06   1.418e-06    1.35e-05   2.003e-05    0.003434    MOAI22D0
p96186A3183__4733                   2e+06         2.5e+06  5.109e-06   1.458e-06   1.347e-05   2.003e-05    0.003433    MOAI22D0
p96186A3215__7410                   2e+06         2.5e+06  5.056e-06    1.49e-06   1.347e-05   2.001e-05     0.00343    MOAI22D0
p96186A3193__2398                   2e+06         2.5e+06  5.107e-06   1.432e-06   1.347e-05       2e-05    0.003428    MOAI22D0
p96186A3149__2398                   2e+06         2.5e+06  5.108e-06   1.374e-06    1.35e-05   1.998e-05    0.003425    MOAI22D0
p96186A3196__4319                   2e+06         2.5e+06  5.121e-06   1.358e-06   1.347e-05   1.994e-05    0.003418    MOAI22D0
p96186A3182__7482                   2e+06         2.5e+06  4.992e-06   1.482e-06   1.347e-05   1.994e-05    0.003417    MOAI22D0
p96186A3213__2346                   2e+06         2.5e+06   5.03e-06    1.44e-06   1.347e-05   1.993e-05    0.003416    MOAI22D0
p96186A3197__8428                   2e+06         2.5e+06  5.122e-06   1.306e-06   1.347e-05   1.989e-05    0.003409    MOAI22D0
p96414A3207__7482                 2.5e+06       1.625e+06  2.933e-06   7.978e-06   8.961e-06   1.987e-05    0.003406    IND3D0
p96184A3204__8246                   2e+06         2.5e+06   4.57e-06   1.696e-06   1.361e-05   1.987e-05    0.003406    MOAI22D0
p96184A3208__4733                   2e+06         2.5e+06  4.572e-06    1.69e-06   1.361e-05   1.987e-05    0.003405    MOAI22D0
p96186A3216__6417                   2e+06         2.5e+06  5.041e-06   1.351e-06   1.347e-05   1.986e-05    0.003403    MOAI22D0
p96186A3165__5115                   2e+06         2.5e+06  5.004e-06   1.381e-06   1.347e-05   1.985e-05    0.003402    MOAI22D0
p96186A3217__5477                   2e+06         2.5e+06  5.056e-06   1.328e-06   1.347e-05   1.985e-05    0.003402    MOAI22D0
p96186A3211__9945                   2e+06         2.5e+06  5.049e-06   1.322e-06   1.347e-05   1.984e-05      0.0034    MOAI22D0
p96186A3201__1617                   2e+06         2.5e+06  5.005e-06   1.363e-06   1.347e-05   1.983e-05    0.003399    MOAI22D0
p96184A3203__5122                   2e+06         2.5e+06  4.561e-06   1.665e-06   1.361e-05   1.983e-05    0.003399    MOAI22D0
p96186A3214__1666                   2e+06         2.5e+06  5.052e-06    1.28e-06   1.347e-05    1.98e-05    0.003393    MOAI22D0
p96184A3202__1705                   2e+06         2.5e+06  4.574e-06   1.598e-06   1.361e-05   1.978e-05    0.003389    MOAI22D0
p96184A__2802                       2e+06         2.5e+06  4.555e-06   1.571e-06   1.361e-05   1.973e-05    0.003382    MOAI22D0
p96186A3212__2883                   2e+06         2.5e+06  5.047e-06   1.195e-06   1.347e-05   1.971e-05    0.003378    MOAI22D0
p96186A3200__3680                   2e+06         2.5e+06  4.985e-06   1.219e-06   1.347e-05   1.967e-05    0.003371    MOAI22D0
p96186A3162__7098                   2e+06         2.5e+06  5.009e-06   1.179e-06   1.347e-05   1.965e-05    0.003368    MOAI22D0
p96184A3205__7098                   2e+06         2.5e+06  4.555e-06   1.471e-06   1.361e-05   1.963e-05    0.003364    MOAI22D0
p96184A3209__6161                   2e+06         2.5e+06  4.569e-06   1.382e-06   1.361e-05   1.956e-05    0.003352    MOAI22D0
p96184A3206__6131                   2e+06         2.5e+06  4.571e-06   1.196e-06   1.361e-05   1.937e-05     0.00332    MOAI22D0
p96178A3160__5122                   2e+06         2.5e+06  3.694e-06    2.15e-06    1.33e-05   1.914e-05     0.00328    AO22D0
p96397A__4319                       2e+06         2.5e+06  2.698e-06   5.017e-06   1.132e-05   1.904e-05    0.003263    IND2D0
p96178A3185__9315                   2e+06         2.5e+06  3.636e-06   1.826e-06   1.335e-05   1.881e-05    0.003224    AO22D0
p96178A3159__1705                   2e+06         2.5e+06  3.684e-06   1.709e-06    1.33e-05   1.869e-05    0.003203    AO22D0
p96178A3194__5107                   2e+06         2.5e+06  3.629e-06   1.632e-06   1.335e-05   1.861e-05     0.00319    AO22D0
p96178A3186__9945                   2e+06         2.5e+06  3.628e-06   1.615e-06   1.335e-05   1.859e-05    0.003187    AO22D0
p96178A3145__2346                   2e+06         2.5e+06  3.654e-06    1.63e-06   1.324e-05   1.853e-05    0.003175    AO22D0
p96217A__5122                       2e+06       2.125e+06  3.747e-06   1.436e-06   1.332e-05    1.85e-05    0.003171    INR3D0
p96178A3146__1666                   2e+06         2.5e+06  3.657e-06   1.591e-06   1.324e-05   1.849e-05    0.003169    AO22D0
p96178A3161__8246                   2e+06         2.5e+06  3.679e-06   1.505e-06    1.33e-05   1.848e-05    0.003167    AO22D0
p96178A3191__6417                   2e+06         2.5e+06  3.627e-06   1.496e-06   1.335e-05   1.847e-05    0.003166    AO22D0
p96178A3154__5526                   2e+06         2.5e+06   3.68e-06   1.467e-06    1.33e-05   1.844e-05    0.003161    AO22D0
p96178A3157__1617                   2e+06         2.5e+06  3.679e-06    1.45e-06    1.33e-05   1.843e-05    0.003158    AO22D0
p96178A3144__2883                   2e+06         2.5e+06  3.655e-06   1.516e-06   1.324e-05   1.842e-05    0.003156    AO22D0
p96178A3187__2883                   2e+06         2.5e+06  3.625e-06   1.419e-06   1.335e-05   1.839e-05    0.003153    AO22D0
p96178A3143__9945                   2e+06         2.5e+06  3.655e-06   1.491e-06   1.324e-05   1.839e-05    0.003152    AO22D0
p96369A__2802                       2e+06           1e+06   2.63e-06   4.479e-06   1.127e-05   1.838e-05    0.003151    INR3D0
p96178A__7482                       2e+06         2.5e+06  3.649e-06   1.453e-06   1.324e-05   1.835e-05    0.003144    AO22D0
p96178A3155__6783                   2e+06         2.5e+06  3.677e-06   1.363e-06    1.33e-05   1.834e-05    0.003143    AO22D0
p96178A3158__2802                   2e+06         2.5e+06  3.676e-06   1.351e-06    1.33e-05   1.833e-05    0.003141    AO22D0
p96178A3192__5477                   2e+06         2.5e+06  3.624e-06   1.325e-06   1.335e-05    1.83e-05    0.003136    AO22D0
p96178A3141__6161                   2e+06         2.5e+06  3.652e-06     1.4e-06   1.324e-05    1.83e-05    0.003136    AO22D0
p96178A3156__3680                   2e+06         2.5e+06  3.675e-06   1.254e-06    1.33e-05   1.823e-05    0.003124    AO22D0
p96178A3142__9315                   2e+06         2.5e+06  3.652e-06   1.323e-06   1.324e-05   1.822e-05    0.003123    AO22D0
p96178A3140__4733                   2e+06         2.5e+06   3.65e-06   1.307e-06   1.324e-05    1.82e-05     0.00312    AO22D0
p96178A3195__6260                   2e+06         2.5e+06  3.618e-06   1.156e-06   1.335e-05   1.812e-05    0.003106    AO22D0
p96178A3188__2346                   2e+06         2.5e+06  3.619e-06   1.149e-06   1.335e-05   1.812e-05    0.003105    AO22D0
p96407A__3680                       2e+06           1e+06  9.533e-07   9.553e-06   6.494e-06     1.7e-05    0.002913    ND2D1
p96416A__5526                       2e+06           1e+06  9.114e-07   7.402e-06   7.407e-06   1.572e-05    0.002694    NR2D1
p96454A__8428                       2e+06           1e+06  1.945e-06   5.097e-06   7.661e-06    1.47e-05     0.00252    IND2D0
g2205__1881                         2e+06           1e+06  1.891e-06   4.438e-06   7.849e-06   1.418e-05     0.00243    IND2D0
g2__5115                            2e+06         1.5e+06  2.408e-06   3.557e-06   8.187e-06   1.415e-05    0.002425    INR2D0
p96372A__5122                       2e+06         1.5e+06  7.513e-07   1.001e-05   3.373e-06   1.414e-05    0.002423    CKND2D0
p96214A__7098                       2e+06         1.5e+06   2.42e-06   8.128e-07   9.001e-06   1.223e-05    0.002097    AN3D0
p96329A__2398                       2e+06         2.5e+06  3.194e-06   1.916e-06   6.922e-06   1.203e-05    0.002062    AOI221D0
p96480A__6783                       2e+06         1.5e+06  7.567e-07   7.327e-06   3.373e-06   1.146e-05    0.001963    CKND2D0
Fp96438A                          1.5e+06         1.5e+06  5.299e-07   7.515e-06   2.958e-06     1.1e-05    0.001886    CKND0
Fp96342A                            2e+06           2e+06  6.901e-07   5.862e-06   4.216e-06   1.077e-05    0.001846    CKND0
p96346A__7098                       2e+06           2e+06  1.091e-06   4.514e-06   4.646e-06   1.025e-05    0.001757    NR2D0
p96361A__6131                       2e+06           2e+06  1.024e-06   4.509e-06    3.91e-06   9.442e-06    0.001618    CKND2D0
p96404A__1881                       2e+06           2e+06  1.026e-06   4.474e-06    3.91e-06    9.41e-06    0.001613    CKND2D0
Fp96333A                            2e+06           2e+06  7.279e-07    4.35e-06   3.713e-06   8.791e-06    0.001507    CKND0
p96435A3230__5107                   2e+06           1e+06  5.133e-07   5.029e-06   3.105e-06   8.647e-06    0.001482    CKND2D0
Fp96510A                            1e+06           1e+06  3.578e-07   5.168e-06   2.832e-06   8.358e-06    0.001432    CKND0
p96329A3232__6131                   2e+06           2e+06  9.977e-07   3.325e-06    3.91e-06   8.233e-06    0.001411    CKND2D0
p96479A__8246                       2e+06           1e+06  5.722e-07   3.836e-06   3.121e-06   7.529e-06     0.00129    NR2D0
Fp96314A                            2e+06           2e+06  7.254e-07   2.968e-06   3.713e-06   7.406e-06    0.001269    CKND0
p96418A__8246                       2e+06         1.5e+06  7.917e-07   2.167e-06   4.047e-06   7.006e-06    0.001201    NR2D0
LTIELO                                  0               0          0           0   7.574e-07   7.574e-07   0.0001298    TIEL
LTIEHI                                  0               0          0           0   6.934e-07   6.934e-07   0.0001188    TIEH
----------------------------------------------------------------------------------------------------------------------------
Total                                                         0.1693     0.02972      0.3845      0.5835         100    


-----------------------------------------------------------------------------------------
*	Power Distribution Summary: 
*                Highest Average Power:                    u_sram (sram00):           0.5653 
*                Highest Leakage Power:                    u_sram (sram00):           0.3784 
*          Total Cap:      3.38962e-11 F
*          Total instances in design:   215
*          Total instances in design with no power:     0
*          Total instances in design with no activity:     0
*          Total Fillers and Decap:     0
-----------------------------------------------------------------------------------------

