============================================================
  Generated by:           Genus(TM) Synthesis Solution 21.16-s062_1
  Generated on:           Apr 02 2026  09:17:11 pm
  Module:                 sram_wrapper_c
  Operating conditions:   WCCOM (balanced_tree)
  Wireload mode:          segmented
  Area mode:              timing library
============================================================

Timing
--------

Analysis view Clock  Period  
-----------------------------
default_mode  Clk   100000.0 


  Analysis     Cost   Critical        Violating 
    View      Group  Path Slack  TNS    Paths   
------------------------------------------------
default_mode     C2C   No paths  0.0          0 
                 C2O    73255.1  0.0          0 
                 Clk   No paths  0.0          0 
             default   No paths  0.0          0 
                 I2C    99204.9  0.0          0 
                 I2O   No paths  0.0          0 
------------------------------------------------
Total                           -0.0          0 
                                                

Instance Count
--------------
Leaf Instance Count             89 
Physical Instance count          0 
Sequential Instance Count        4 
Combinational Instance Count    85 
Hierarchical Instance Count      5 
Warning : Performing RTL power analysis without power models. [PA-19]
        : Design design:sram_wrapper_c has not been generic synthesized.
        : For more accurate results, perform RTL power analysis using detailed power models after 'syn_gen' step followed by the 'build_rtl_power_models' command.
For more accurate power reporting use build_rtl_power_models after generic synthesis.
Warning : Duplicate when conditions found. [LBR-96]
        : Overwriting the old leakage_power value for the when condition (((I) & (!(OE))) & (!(Z))) with the new value for the when condition (((!(I)) & (!(OE))) & (Z)) for cell BUFTD16.
        : Ignoring the earlier when conditions and using the latest condition.
Warning : Duplicate when conditions found. [LBR-96]
        : Overwriting the old leakage_power value for the when condition (((I) & (!(OE))) & (!(Z))) with the new value for the when condition (((!(I)) & (!(OE))) & (Z)) for cell BUFTD12.
Warning : Duplicate when conditions found. [LBR-96]
        : Overwriting the old leakage_power value for the when condition (((I) & (!(OE))) & (!(Z))) with the new value for the when condition (((!(I)) & (!(OE))) & (Z)) for cell BUFTD6.
Warning : Duplicate when conditions found. [LBR-96]
        : Overwriting the old leakage_power value for the when condition (((I) & (!(OE))) & (!(Z))) with the new value for the when condition (((!(I)) & (!(OE))) & (Z)) for cell BUFTD8.
Warning : Duplicate when conditions found. [LBR-96]
        : Overwriting the old leakage_power value for the when condition (((I) & (!(OE))) & (!(Z))) with the new value for the when condition (((!(I)) & (!(OE))) & (Z)) for cell BUFTD1.
Warning : Duplicate when conditions found. [LBR-96]
        : Overwriting the old leakage_power value for the when condition (((I) & (!(OE))) & (!(Z))) with the new value for the when condition (((!(I)) & (!(OE))) & (Z)) for cell BUFTD3.
Warning : Duplicate when conditions found. [LBR-96]
        : Overwriting the old leakage_power value for the when condition (((I) & (!(OE))) & (!(Z))) with the new value for the when condition (((!(I)) & (!(OE))) & (Z)) for cell BUFTD4.
Warning : Duplicate when conditions found. [LBR-96]
        : Overwriting the old leakage_power value for the when condition (((I) & (!(OE))) & (!(Z))) with the new value for the when condition (((!(I)) & (!(OE))) & (Z)) for cell BUFTD2.
Warning : Duplicate when conditions found. [LBR-96]
        : Overwriting the old leakage_power value for the when condition (((I) & (!(OE))) & (!(Z))) with the new value for the when condition (((!(I)) & (!(OE))) & (Z)) for cell BUFTD0.

Area
----
Cell Area                          40935.202
Physical Cell Area                 0.000
Total Cell Area (Cell+Physical)    40935.202
Net Area                           0.000
Total Area (Cell+Physical+Net)     40935.202

Power
-----
Leakage Power                      380742.785 nW
Dynamic Power                      165333.145 nW
Total Power                        546075.930 nW

Max Fanout                         75 (tpu_we)
Min Fanout                         0 (n_76)
Average Fanout                     1.1
Terms to net ratio                 1.7837
Terms to instance ratio            6.3933
Runtime                            7.981354 seconds
Elapsed Runtime                    10 seconds
Genus peak memory usage            1194.79 
Innovus peak memory usage          no_value 
Hostname                           cadpc15.ee.columbia.edu
