============================================================
  Generated by:           Genus(TM) Synthesis Solution 21.16-s062_1
  Generated on:           Apr 02 2026  09:17:11 pm
  Module:                 sram_wrapper_c
  Operating conditions:   WCCOM (balanced_tree)
  Wireload mode:          segmented
  Area mode:              timing library
============================================================

#------------------------------------------------------------
#  ID  Slack          Endpoint          Group      Mode      
#       (ps)                                                 
#------------------------------------------------------------
     1 73255   bus_dout[0]                C2O   default_mode 
     2 73255   bus_dout[1]                C2O   default_mode 
     3 73255   bus_dout[2]                C2O   default_mode 
     4 73255   bus_dout[3]                C2O   default_mode 
     5 73255   bus_dout[4]                C2O   default_mode 
     6 73255   bus_dout[5]                C2O   default_mode 
     7 73255   bus_dout[6]                C2O   default_mode 
     8 73255   bus_dout[7]                C2O   default_mode 
     9 99205   u_sram/A[1]                I2C   default_mode 
    10 99205   u_sram/A[3]                I2C   default_mode 
    11 99205   u_sram/A[2]                I2C   default_mode 
    12 99205   u_sram/A[5]                I2C   default_mode 
    13 99205   u_sram/A[6]                I2C   default_mode 
    14 99205   u_sram/A[7]                I2C   default_mode 
    15 99205   u_sram/A[4]                I2C   default_mode 
    16 99205   u_sram/A[8]                I2C   default_mode 
    17 99205   u_sram/A[0]                I2C   default_mode 
    18 99331   u_sram/CEN                 I2C   default_mode 
    19 99383   u_sram/WEN                 I2C   default_mode 
    20 99414   u_sram/D[30]               I2C   default_mode 
    21 99414   u_sram/D[63]               I2C   default_mode 
    22 99414   u_sram/D[62]               I2C   default_mode 
    23 99414   u_sram/D[13]               I2C   default_mode 
    24 99414   u_sram/D[31]               I2C   default_mode 
    25 99414   u_sram/D[59]               I2C   default_mode 
    26 99414   u_sram/D[58]               I2C   default_mode 
    27 99414   u_sram/D[57]               I2C   default_mode 
    28 99414   u_sram/D[56]               I2C   default_mode 
    29 99414   u_sram/D[55]               I2C   default_mode 
    30 99414   u_sram/D[54]               I2C   default_mode 
    31 99414   u_sram/D[53]               I2C   default_mode 
    32 99414   u_sram/D[52]               I2C   default_mode 
    33 99414   u_sram/D[51]               I2C   default_mode 
    34 99414   u_sram/D[50]               I2C   default_mode 
    35 99414   u_sram/D[49]               I2C   default_mode 
    36 99414   u_sram/D[48]               I2C   default_mode 
    37 99414   u_sram/D[47]               I2C   default_mode 
    38 99414   u_sram/D[46]               I2C   default_mode 
    39 99414   u_sram/D[45]               I2C   default_mode 
    40 99414   u_sram/D[28]               I2C   default_mode 
    41 99414   u_sram/D[43]               I2C   default_mode 
    42 99414   u_sram/D[42]               I2C   default_mode 
    43 99414   u_sram/D[41]               I2C   default_mode 
    44 99414   u_sram/D[40]               I2C   default_mode 
    45 99414   u_sram/D[38]               I2C   default_mode 
    46 99414   u_sram/D[17]               I2C   default_mode 
    47 99414   u_sram/D[39]               I2C   default_mode 
    48 99414   u_sram/D[16]               I2C   default_mode 
    49 99414   u_sram/D[34]               I2C   default_mode 
    50 99414   u_sram/D[35]               I2C   default_mode 
    51 99414   u_sram/D[15]               I2C   default_mode 
    52 99414   u_sram/D[5]                I2C   default_mode 
    53 99414   u_sram/D[1]                I2C   default_mode 
    54 99414   u_sram/D[12]               I2C   default_mode 
    55 99414   u_sram/D[60]               I2C   default_mode 
    56 99414   u_sram/D[61]               I2C   default_mode 
    57 99414   u_sram/D[27]               I2C   default_mode 
    58 99414   u_sram/D[26]               I2C   default_mode 
    59 99414   u_sram/D[25]               I2C   default_mode 
    60 99414   u_sram/D[24]               I2C   default_mode 
    61 99414   u_sram/D[23]               I2C   default_mode 
    62 99414   u_sram/D[22]               I2C   default_mode 
    63 99414   u_sram/D[21]               I2C   default_mode 
    64 99414   u_sram/D[44]               I2C   default_mode 
    65 99414   u_sram/D[19]               I2C   default_mode 
    66 99414   u_sram/D[18]               I2C   default_mode 
    67 99414   u_sram/D[6]                I2C   default_mode 
    68 99414   u_sram/D[37]               I2C   default_mode 
    69 99414   u_sram/D[14]               I2C   default_mode 
    70 99414   u_sram/D[33]               I2C   default_mode 
    71 99414   u_sram/D[29]               I2C   default_mode 
    72 99414   u_sram/D[0]                I2C   default_mode 
    73 99414   u_sram/D[11]               I2C   default_mode 
    74 99414   u_sram/D[10]               I2C   default_mode 
    75 99414   u_sram/D[9]                I2C   default_mode 
    76 99414   u_sram/D[20]               I2C   default_mode 
    77 99414   u_sram/D[7]                I2C   default_mode 
    78 99414   u_sram/D[36]               I2C   default_mode 
    79 99414   u_sram/D[4]                I2C   default_mode 
    80 99414   u_sram/D[32]               I2C   default_mode 
    81 99414   u_sram/D[3]                I2C   default_mode 
    82 99414   u_sram/D[8]                I2C   default_mode 
    83 99414   u_sram/D[2]                I2C   default_mode 
    84 99572   bus_byte_sel_d1_reg[0]/d   I2C   default_mode 
    85 99572   bus_byte_sel_d1_reg[1]/d   I2C   default_mode 
    86 99572   bus_byte_sel_d1_reg[2]/d   I2C   default_mode 
#------------------------------------------------------------


