============================================================
  Generated by:           Genus(TM) Synthesis Solution 21.16-s062_1
  Generated on:           Apr 02 2026  09:17:12 pm
  Module:                 sram_wrapper_c
  Operating conditions:   WCCOM (balanced_tree)
  Wireload mode:          segmented
  Area mode:              timing library
============================================================

	Timing
	------
  Endpoint   Slack  Cost Group      Mode      
----------------------------------------------
bus_dout[0]   73255        C2O   default_mode 
	Area
	----

   Instance    Module  Cell Count  Cell Area  Net Area   Total Area      Wireload     
--------------------------------------------------------------------------------------
sram_wrapper_c                 89  40935.202     0.000    40935.202 ZeroWireload (S)  
  (S) = wireload was automatically selected

	Design Rule Check
	-----------------

Max_transition design rule: no violations.

Max_capacitance design rule: no violations.



