============================================================
  Generated by:           Genus(TM) Synthesis Solution 21.16-s062_1
  Generated on:           Apr 02 2026  09:17:11 pm
  Module:                 sram_wrapper_c
  Operating conditions:   WCCOM (balanced_tree)
  Wireload mode:          segmented
  Area mode:              timing library
============================================================


Path 1: MET (73255 ps) Late External Delay Assertion at pin bus_dout[0]
           Mode: default_mode
          Group: C2O
     Startpoint: (R) u_sram/CLK
          Clock: (R) Clk
       Endpoint: (F) bus_dout[0]
          Clock: (R) Clk

                     Capture       Launch     
        Clock Edge:+  100000            0     
       Src Latency:+       0            0     
       Net Latency:+       0 (I)        0 (I) 
           Arrival:=  100000            0     
                                              
      Output Delay:-   25000                  
       Uncertainty:-     150                  
     Required Time:=   74850                  
      Launch Clock:-       0                  
         Data Path:-    1595                  
             Slack:=   73255                  

Exceptions/Constraints:
  output_delay            25000            sram_wrapper_c.sdc_line_31_179_1 

#----------------------------------------------------------------------------------------------------------
#     Timing Point      Flags      Arc     Edge      Cell        Fanout  Load Trans Delay Arrival Instance 
#                                                                        (fF)  (ps)  (ps)   (ps)  Location 
#----------------------------------------------------------------------------------------------------------
  u_sram/CLK            -       -          R     (arrival)            4     -   150     0       0    (-,-) 
  u_sram/Q[56]          (u,P)   CLK->Q[56] F     sram00               1   2.3    20  1405    1405    (-,-) 
  mux_sram_q_67_23/g8/z (u)     data7->z   F     unmapped_bmux11      1 500.0     0   190    1595    (-,-) 
  bus_dout[0]           -       -          F     (port)               -     -     -     0    1595    (-,-) 
#----------------------------------------------------------------------------------------------------------

(P) : Instance is preserved
(u) : Net has unmapped pin(s).


