============================================================
  Generated by:           Genus(TM) Synthesis Solution 21.16-s062_1
  Generated on:           Apr 02 2026  09:17:15 pm
  Module:                 sram_wrapper_c
  Operating conditions:   WCCOM (balanced_tree)
  Wireload mode:          segmented
  Area mode:              timing library
============================================================

Timing
--------

Analysis view Clock  Period  
-----------------------------
default_mode  Clk   100000.0 


  Analysis     Cost   Critical        Violating 
    View      Group  Path Slack  TNS    Paths   
------------------------------------------------
default_mode     C2C   No paths  0.0          0 
                 C2O    73026.2  0.0          0 
                 Clk   No paths  0.0          0 
             default   No paths  0.0          0 
                 I2C    98999.9  0.0          0 
                 I2O   No paths  0.0          0 
------------------------------------------------
Total                           -0.0          0 
                                                

Instance Count
--------------
Leaf Instance Count             131 
Physical Instance count           0 
Sequential Instance Count         4 
Combinational Instance Count    127 
Hierarchical Instance Count       0 

Area
----
Cell Area                          40560.600
Physical Cell Area                 0.000
Total Cell Area (Cell+Physical)    40560.600
Net Area                           0.000
Total Area (Cell+Physical+Net)     40560.600

Power
-----
Leakage Power                      380787.065 nW
Dynamic Power                      163857.573 nW
Total Power                        544644.639 nW

Max Fanout                         75 (tpu_we)
Min Fanout                         0 (rstn)
Average Fanout                     1.6
Terms to net ratio                 2.2203
Terms to instance ratio            4.8473
Runtime                            10.626798 seconds
Elapsed Runtime                    13 seconds
Genus peak memory usage            1439.99 
Innovus peak memory usage          no_value 
Hostname                           cadpc15.ee.columbia.edu
