============================================================
  Generated by:           Genus(TM) Synthesis Solution 21.16-s062_1
  Generated on:           Apr 02 2026  09:17:15 pm
  Module:                 sram_wrapper_c
  Operating conditions:   WCCOM (balanced_tree)
  Wireload mode:          segmented
  Area mode:              timing library
============================================================


Path 1: MET (99000 ps) Setup Check with Pin u_sram/CLK->A[0]
           Mode: default_mode
          Group: I2C
     Startpoint: (R) tpu_we
          Clock: (R) Clk
       Endpoint: (F) u_sram/A[0]
          Clock: (R) Clk

                     Capture       Launch     
        Clock Edge:+  100000            0     
        Drv Adjust:+       0            0     
       Src Latency:+       0            0     
       Net Latency:+       0 (I)        0 (I) 
           Arrival:=  100000            0     
                                              
             Setup:-     350                  
       Uncertainty:-     150                  
     Required Time:=   99500                  
      Launch Clock:-       0                  
       Input Delay:-     250                  
         Data Path:-     250                  
             Slack:=   99000                  

Exceptions/Constraints:
  input_delay             250             sram_wrapper_c.sdc_line_28_1_1 

#---------------------------------------------------------------------------------------------
#    Timing Point     Flags   Arc   Edge   Cell     Fanout  Load Trans Delay Arrival Instance 
#                                                           (fF)  (ps)  (ps)   (ps)  Location 
#---------------------------------------------------------------------------------------------
  tpu_we              -       -     R     (arrival)     75 545.9     0     0     250    (-,-) 
  Fp96144A1836/ZN     -       I->ZN F     CKND0         10  12.4   169    97     347    (-,-) 
  p96144A1090__2398/Z -       A1->Z F     AO22D0         1   5.6    79   154     500    (-,-) 
  u_sram/A[0]         (P)     -     F     sram00         1     -     -     0     500    (-,-) 
#---------------------------------------------------------------------------------------------

(P) : Instance is preserved


