============================================================
  Generated by:           Genus(TM) Synthesis Solution 21.16-s062_1
  Generated on:           Apr 02 2026  09:17:15 pm
  Module:                 sram_wrapper_c
  Operating conditions:   WCCOM (balanced_tree)
  Wireload mode:          segmented
  Area mode:              timing library
============================================================

                                Leakage     Internal  
  Gate   Instances    Area     Power (nW)  Power (nW)               Library               
------------------------------------------------------------------------------------------
AO22D0           9     25.920     110.016      37.051    tcbn65gpluswc                    
AOI22D0         32     80.640     193.072      59.653    tcbn65gpluswc                    
CKAN2D0         65    140.400     509.503     154.648    tcbn65gpluswc                    
CKND0            1      1.080       3.713       0.747    tcbn65gpluswc                    
CKND2D0          1      1.440       3.910       0.977    tcbn65gpluswc                    
DFCND1           1      8.640      61.329     111.499    tcbn65gpluswc                    
DFCNQD1          2     15.840     100.022     213.499    tcbn65gpluswc                    
IND2D0           2      4.320      18.527       4.831    tcbn65gpluswc                    
INR2D0           1      2.160       8.187       2.265    tcbn65gpluswc                    
ND4D8            8     60.480    1331.178     203.649    tcbn65gpluswc                    
NR2D0            8     11.520      33.578       6.928    tcbn65gpluswc                    
sram00           1  40208.160  378414.031  119773.704    USERLIB_nldm_ss_0p90v_0p90v_125c 
------------------------------------------------------------------------------------------
total          131  40560.600  380787.065  120569.450                                     


                                                                   Leakage  Leakage  Internal  Internal 
             Library             Instances Instances %    Area   Power (nW) Power % Power (nW)  Power % 
--------------------------------------------------------------------------------------------------------
USERLIB_nldm_ss_0p90v_0p90v_125c         1         0.8 40208.160 378414.031    99.4 119773.704     99.3 
tcbn65gpluswc                          130        99.2   352.440   2373.034     0.6    795.747      0.7 

                                            Leakage  Leakage  Internal  Internal 
     Type      Instances    Area   Area % Power (nW) Power % Power (nW)  Power % 
---------------------------------------------------------------------------------
timing_model           1 40208.160   99.1 378414.031    99.4 119773.704     99.3 
sequential             3    24.480    0.1    161.351     0.0    324.998      0.3 
inverter               1     1.080    0.0      3.713     0.0      0.747      0.0 
logic                126   326.880    0.8   2207.970     0.6    470.002      0.4 
physical_cells         0     0.000    0.0      0.000     0.0      0.000      0.0 
---------------------------------------------------------------------------------
total                131 40560.600  100.0 380787.065   100.0 120569.450    100.0 

