============================================================
  Generated by:           Genus(TM) Synthesis Solution 21.16-s062_1
  Generated on:           Apr 02 2026  09:17:15 pm
  Module:                 sram_wrapper_c
  Operating conditions:   WCCOM (balanced_tree)
  Wireload mode:          segmented
  Area mode:              timing library
============================================================

# SETUP                   WNS  TNS    FEP 
# ------------------------------------------
 View: ALL            73026.2  0.0      0 
    Group : C2C           N/A  N/A    N/A 
    Group : C2O       73026.2  0.0      0 
    Group : Clk           N/A  N/A    N/A 
    Group : default       N/A  N/A    N/A 
    Group : I2C       98999.9  0.0      0 
    Group : I2O           N/A  N/A    N/A 

# ------------------------------------------
# DRV                        WNS  TNS  FEP 
# -------------------------------------------
 View: ALL                                 
    Check: max_transition    N/A  N/A    0 
    Check: max_capacitance   N/A  N/A    0 
    Check: max_fanout        N/A  N/A    0 

# -------------------------------------------
