============================================================
  Generated by:           Genus(TM) Synthesis Solution 21.16-s062_1
  Generated on:           Apr 02 2026  09:17:15 pm
  Module:                 sram_wrapper_c
  Operating conditions:   WCCOM (balanced_tree)
  Wireload mode:          segmented
  Area mode:              timing library
============================================================


Path 1: MET (73026 ps) Late External Delay Assertion at pin bus_dout[0]
           Mode: default_mode
          Group: C2O
     Startpoint: (R) u_sram/CLK
          Clock: (R) Clk
       Endpoint: (F) bus_dout[0]
          Clock: (R) Clk

                     Capture       Launch     
        Clock Edge:+  100000            0     
       Src Latency:+       0            0     
       Net Latency:+       0 (I)        0 (I) 
           Arrival:=  100000            0     
                                              
      Output Delay:-   25000                  
       Uncertainty:-     150                  
     Required Time:=   74850                  
      Launch Clock:-       0                  
         Data Path:-    1824                  
             Slack:=   73026                  

Exceptions/Constraints:
  output_delay            25000            sram_wrapper_c.sdc_line_31_179_1 

#--------------------------------------------------------------------------------------------------
#    Timing Point      Flags     Arc     Edge   Cell     Fanout  Load Trans Delay Arrival Instance 
#                                                                (fF)  (ps)  (ps)   (ps)  Location 
#--------------------------------------------------------------------------------------------------
  u_sram/CLK           -       -         R     (arrival)      4     -   150     0       0    (-,-) 
  u_sram/Q[8]          (P)     CLK->Q[8] F     sram00         1   0.7    18  1404    1404    (-,-) 
  p70810A1821__5107/ZN -       B1->ZN    R     AOI22D0        1   1.0    93    73    1477    (-,-) 
  p70817A1801__5526/ZN -       A4->ZN    F     ND4D8          1 500.0   330   347    1824    (-,-) 
  bus_dout[0]          -       -         F     (port)         -     -     -     0    1824    (-,-) 
#--------------------------------------------------------------------------------------------------

(P) : Instance is preserved


