###############################################################
#  Generated by:      Cadence Innovus 21.16-s078_1
#  OS:                Linux x86_64(Host ID cadpc19)
#  Generated on:      Sun Mar 22 13:40:34 2026
#  Design:            input_idx_controller
###############################################################

#########################################################
## Total instances with placement violations: 3
#########################################################

## Insts with atleast 1 signal pin having no routing access due to pre-wires (3) ##
#########################################################
### 3 Pin Access Violation>
set pchkPinAccessList [list \
	{FE_PHC131_rstn} \
	{FE_PHC124_n_311} \
	{p18171A5843__8428} \
	]

## Summary: 
#########################################################
## Number of Placed Instances = 885
##   of which 6 are fixed.
## Number of Unplaced Instances = 0
## Placement Density:100.00%(2034/2034)
## Placement Density (including fixed std cells):100.00%(2034/2034)
