###############################################################
#  Generated by:      Cadence Innovus 21.16-s078_1
#  OS:                Linux x86_64(Host ID cadpc19)
#  Generated on:      Sun Mar 22 13:40:34 2026
#  Design:            input_idx_controller
###############################################################
Design: input_idx_controller

------ Design Summary:
Total Standard Cell Number   (cells) : 885
Total Block Cell Number      (cells) : 0
Total I/O Pad Cell Number    (cells) : 0
Total Standard Cell Area     ( um^2) : 2034.00
Total Block Cell Area        ( um^2) : 0.00
Total I/O Pad Cell Area      ( um^2) : 0.00

------ Design Statistics:

Number of Instances            : 885
Number of Non-uniquified Insts : 874
Number of Nets                 : 560
Average number of Pins per Net : 2.81
Maximum number of Pins in Net  : 27

------ I/O Port summary

Number of Primary I/O Ports    : 70
Number of Input Ports          : 31
Number of Output Ports         : 39
Number of Bidirectional Ports  : 0
Number of Power/Ground Ports   : 0



------------------------------------------------------------
Detail report:


------ I/O Pad/Port Checking


