============================================================
  Generated by:           Genus(TM) Synthesis Solution 21.16-s062_1
  Generated on:           Apr 23 2026  10:19:43 pm
  Module:                 bias_wrapper
  Technology libraries:   tcbn65gpluswc 200
                          USERLIB_nldm_ss_0p90v_0p90v_125c 1.1
  Operating conditions:   WCCOM (balanced_tree)
  Wireload mode:          segmented
  Area mode:              timing library
============================================================

      Instance                Module           Cell Count  Cell Area  Net Area   Total Area      Wireload     
--------------------------------------------------------------------------------------------------------------
bias_wrapper                                          169  24214.679     0.000    24214.679 ZeroWireload (S)  
  sll00502           shift_left_vlog_unsigned           6     16.085     0.000       16.085 ZeroWireload (S)  
  mux_bus_din_49_17  bmux_10                            8     51.472     0.000       51.472 ZeroWireload (S)  
  mux_bus_din_49_19  bmux_10                            8     51.472     0.000       51.472 ZeroWireload (S)  
  mux_bus_din_49_20  bmux_10                            8     51.472     0.000       51.472 ZeroWireload (S)  
  mux_bus_din_49_21  bmux_10                            8     51.472     0.000       51.472 ZeroWireload (S)  
  mux_bus_wbuf_46_30 bmux_14                           32    205.888     0.000      205.888 ZeroWireload (S)  
  mux_113_39         bmux_5                             1      6.434     0.000        6.434 ZeroWireload (S)  
  mux_114_29         bmux_5                             1      6.434     0.000        6.434 ZeroWireload (S)  
  mux_111_32         bmux                               9     57.906     0.000       57.906 ZeroWireload (S)  
  mux_115_29         bmux                               9     57.906     0.000       57.906 ZeroWireload (S)  
  (S) = wireload was automatically selected
