============================================================
  Generated by:           Genus(TM) Synthesis Solution 21.16-s062_1
  Generated on:           Apr 23 2026  10:19:44 pm
  Module:                 bias_wrapper
  Operating conditions:   WCCOM (balanced_tree)
  Wireload mode:          segmented
  Area mode:              timing library
============================================================

	Timing
	------
  Endpoint   Slack  Cost Group      Mode      
----------------------------------------------
tpu_dout[0]   16999        C2O   default_mode 
	Area
	----

  Instance   Module  Cell Count  Cell Area  Net Area   Total Area      Wireload     
------------------------------------------------------------------------------------
bias_wrapper                169  24214.679     0.000    24214.679 ZeroWireload (S)  
  (S) = wireload was automatically selected

	Design Rule Check
	-----------------

Max_transition design rule: no violations.

Max_capacitance design rule: no violations.



