============================================================
  Generated by:           Genus(TM) Synthesis Solution 21.16-s062_1
  Generated on:           Apr 23 2026  10:19:43 pm
  Module:                 bias_wrapper
  Technology libraries:   tcbn65gpluswc 200
                          USERLIB_nldm_ss_0p90v_0p90v_125c 1.1
  Operating conditions:   WCCOM (balanced_tree)
  Wireload mode:          segmented
  Area mode:              timing library
============================================================

                             
 Gate   Instances    Area                  Library               
-----------------------------------------------------------------
sram01          1  22902.143    USERLIB_nldm_ss_0p90v_0p90v_125c 
-----------------------------------------------------------------
total           1  22902.143                                     


                                          
     Type      Instances    Area   Area % 
------------------------------------------
timing_model           1 22902.143  100.0 
sequential            64     0.000    0.0 
inverter               8     0.000    0.0 
logic                 96     0.000    0.0 
physical_cells         0     0.000    0.0 
------------------------------------------
total                169 22902.143  100.0 

