============================================================
  Generated by:           Genus(TM) Synthesis Solution 21.16-s062_1
  Generated on:           Apr 23 2026  10:19:43 pm
  Module:                 bias_wrapper
  Operating conditions:   WCCOM (balanced_tree)
  Wireload mode:          segmented
  Area mode:              timing library
============================================================

#---------------------------------------------------------------
#   ID  Slack           Endpoint           Group      Mode      
#        (ps)                                                   
#---------------------------------------------------------------
      1 16999   tpu_dout[0]                  C2O   default_mode 
      2 16999   tpu_dout[1]                  C2O   default_mode 
      3 16999   tpu_dout[2]                  C2O   default_mode 
      4 16999   tpu_dout[3]                  C2O   default_mode 
      5 16999   tpu_dout[4]                  C2O   default_mode 
      6 16999   tpu_dout[5]                  C2O   default_mode 
      7 16999   tpu_dout[6]                  C2O   default_mode 
      8 16999   tpu_dout[7]                  C2O   default_mode 
      9 16999   tpu_dout[24]                 C2O   default_mode 
     10 16999   tpu_dout[8]                  C2O   default_mode 
     11 16999   tpu_dout[9]                  C2O   default_mode 
     12 16999   tpu_dout[10]                 C2O   default_mode 
     13 16999   tpu_dout[20]                 C2O   default_mode 
     14 16999   tpu_dout[11]                 C2O   default_mode 
     15 16999   tpu_dout[12]                 C2O   default_mode 
     16 16999   tpu_dout[13]                 C2O   default_mode 
     17 16999   tpu_dout[14]                 C2O   default_mode 
     18 16999   tpu_dout[15]                 C2O   default_mode 
     19 16999   tpu_dout[16]                 C2O   default_mode 
     20 16999   tpu_dout[17]                 C2O   default_mode 
     21 16999   tpu_dout[18]                 C2O   default_mode 
     22 16999   tpu_dout[19]                 C2O   default_mode 
     23 16999   tpu_dout[21]                 C2O   default_mode 
     24 16999   tpu_dout[22]                 C2O   default_mode 
     25 16999   tpu_dout[23]                 C2O   default_mode 
     26 16999   tpu_dout[25]                 C2O   default_mode 
     27 16999   tpu_dout[26]                 C2O   default_mode 
     28 16999   tpu_dout[27]                 C2O   default_mode 
     29 16999   tpu_dout[28]                 C2O   default_mode 
     30 16999   tpu_dout[29]                 C2O   default_mode 
     31 16999   tpu_dout[30]                 C2O   default_mode 
     32 16999   tpu_dout[31]                 C2O   default_mode 
     33 24204   u_sram/A[3]                  I2C   default_mode 
     34 24204   u_sram/A[4]                  I2C   default_mode 
     35 24204   u_sram/A[6]                  I2C   default_mode 
     36 24204   u_sram/A[7]                  I2C   default_mode 
     37 24204   u_sram/A[5]                  I2C   default_mode 
     38 24204   u_sram/A[8]                  I2C   default_mode 
     39 24204   u_sram/A[0]                  I2C   default_mode 
     40 24204   u_sram/A[1]                  I2C   default_mode 
     41 24204   u_sram/A[2]                  I2C   default_mode 
     42 24330   u_sram/CEN                   I2C   default_mode 
     43 24345   bus_wbuf_reg[30]/d           I2C   default_mode 
     44 24345   bus_wbuf_reg[14]/d           I2C   default_mode 
     45 24345   bus_wbuf_reg[13]/d           I2C   default_mode 
     46 24345   bus_wbuf_reg[12]/d           I2C   default_mode 
     47 24345   bus_wbuf_reg[11]/d           I2C   default_mode 
     48 24345   bus_wbuf_reg[10]/d           I2C   default_mode 
     49 24345   bus_wbuf_reg[9]/d            I2C   default_mode 
     50 24345   bus_wbuf_reg[8]/d            I2C   default_mode 
     51 24345   bus_wbuf_reg[29]/d           I2C   default_mode 
     52 24345   bus_wbuf_reg[28]/d           I2C   default_mode 
     53 24345   bus_wbuf_reg[27]/d           I2C   default_mode 
     54 24345   bus_wbuf_reg[26]/d           I2C   default_mode 
     55 24345   bus_wbuf_reg[31]/d           I2C   default_mode 
     56 24345   bus_wbuf_reg[25]/d           I2C   default_mode 
     57 24345   bus_wbuf_reg[24]/d           I2C   default_mode 
     58 24345   bus_wbuf_reg[23]/d           I2C   default_mode 
     59 24345   bus_wbuf_reg[22]/d           I2C   default_mode 
     60 24345   bus_wbuf_reg[21]/d           I2C   default_mode 
     61 24345   bus_wbuf_reg[17]/d           I2C   default_mode 
     62 24345   bus_wbuf_reg[20]/d           I2C   default_mode 
     63 24345   bus_wbuf_reg[19]/d           I2C   default_mode 
     64 24345   bus_wbuf_reg[18]/d           I2C   default_mode 
     65 24345   bus_wbuf_reg[16]/d           I2C   default_mode 
     66 24345   bus_wbuf_reg[15]/d           I2C   default_mode 
     67 24361   bus_wbuf_reg[7]/d            I2C   default_mode 
     68 24361   bus_wbuf_reg[6]/d            I2C   default_mode 
     69 24361   bus_wbuf_reg[5]/d            I2C   default_mode 
     70 24361   bus_wbuf_reg[4]/d            I2C   default_mode 
     71 24361   bus_wbuf_reg[3]/d            I2C   default_mode 
     72 24361   bus_wbuf_reg[2]/d            I2C   default_mode 
     73 24361   bus_wbuf_reg[1]/d            I2C   default_mode 
     74 24361   bus_wbuf_reg[0]/d            I2C   default_mode 
     75 24381   u_sram/WEN                   C2C   default_mode 
     76 24490   bus_we_d1_reg/d              I2C   default_mode 
     77 24490   flush_d1_reg/d               I2C   default_mode 
     78 24492   last_word_addr_reg[4]/srl    I2C   default_mode 
     79 24492   bus_waddr_d1_reg[4]/srl      I2C   default_mode 
     80 24492   bus_wbuf_reg[13]/srl         I2C   default_mode 
     81 24492   last_byte_sel_reg[0]/srl     I2C   default_mode 
     82 24492   bus_waddr_d1_reg[3]/srl      I2C   default_mode 
     83 24492   bus_wbuf_reg[12]/srl         I2C   default_mode 
     84 24492   flush_addr_reg[0]/srl        I2C   default_mode 
     85 24492   bus_waddr_d1_reg[2]/srl      I2C   default_mode 
     86 24492   bus_wbuf_reg[11]/srl         I2C   default_mode 
     87 24492   bus_wbuf_reg[10]/srl         I2C   default_mode 
     88 24492   bus_waddr_d1_reg[1]/srl      I2C   default_mode 
     89 24492   bus_wbuf_reg[9]/srl          I2C   default_mode 
     90 24492   flush_addr_reg[8]/srl        I2C   default_mode 
     91 24492   bus_waddr_d1_reg[0]/srl      I2C   default_mode 
     92 24492   bus_wbuf_reg[8]/srl          I2C   default_mode 
     93 24492   flush_d1_reg/srl             I2C   default_mode 
     94 24492   bus_wbuf_reg[7]/srl          I2C   default_mode 
     95 24492   last_word_addr_reg[3]/srl    I2C   default_mode 
     96 24492   bus_we_d1_reg/srl            I2C   default_mode 
     97 24492   bus_wbuf_reg[6]/srl          I2C   default_mode 
     98 24492   flush_addr_reg[4]/srl        I2C   default_mode 
     99 24492   bus_wbuf_reg[31]/srl         I2C   default_mode 
    100 24492   bus_wbuf_reg[5]/srl          I2C   default_mode 
    101 24492   last_word_addr_reg[2]/srl    I2C   default_mode 
    102 24492   bus_wbuf_reg[4]/srl          I2C   default_mode 
    103 24492   bus_wbuf_reg[30]/srl         I2C   default_mode 
    104 24492   flush_addr_reg[3]/srl        I2C   default_mode 
    105 24492   bus_wbuf_reg[3]/srl          I2C   default_mode 
    106 24492   bus_wbuf_reg[2]/srl          I2C   default_mode 
    107 24492   bus_wbuf_reg[29]/srl         I2C   default_mode 
    108 24492   bus_wbuf_reg[1]/srl          I2C   default_mode 
    109 24492   last_word_addr_reg[8]/srl    I2C   default_mode 
    110 24492   last_word_addr_reg[1]/srl    I2C   default_mode 
    111 24492   bus_wbuf_reg[0]/srl          I2C   default_mode 
    112 24492   bus_wbuf_reg[28]/srl         I2C   default_mode 
    113 24492   flush_addr_reg[6]/srl        I2C   default_mode 
    114 24492   last_word_addr_reg[0]/srl    I2C   default_mode 
    115 24492   bus_wbuf_reg[27]/srl         I2C   default_mode 
    116 24492   bus_wbuf_reg[26]/srl         I2C   default_mode 
    117 24492   bus_wbuf_reg[25]/srl         I2C   default_mode 
    118 24492   flush_addr_reg[2]/srl        I2C   default_mode 
    119 24492   last_byte_sel_reg[1]/srl     I2C   default_mode 
    120 24492   bus_wbuf_reg[24]/srl         I2C   default_mode 
    121 24492   bus_wbuf_reg[14]/srl         I2C   default_mode 
    122 24492   last_word_addr_reg[7]/srl    I2C   default_mode 
    123 24492   bus_wbuf_reg[23]/srl         I2C   default_mode 
    124 24492   bus_wbuf_reg[22]/srl         I2C   default_mode 
    125 24492   flush_addr_reg[7]/srl        I2C   default_mode 
    126 24492   bus_waddr_d1_reg[6]/srl      I2C   default_mode 
    127 24492   last_word_addr_reg[6]/srl    I2C   default_mode 
    128 24492   last_word_addr_reg[5]/srl    I2C   default_mode 
    129 24492   bus_wbuf_reg[21]/srl         I2C   default_mode 
    130 24492   flush_addr_reg[1]/srl        I2C   default_mode 
    131 24492   bus_we_prev_reg/srl          I2C   default_mode 
    132 24492   bus_waddr_d1_reg[8]/srl      I2C   default_mode 
    133 24492   bus_waddr_d1_reg[7]/srl      I2C   default_mode 
    134 24492   bus_wbuf_reg[17]/srl         I2C   default_mode 
    135 24492   bus_wbuf_reg[18]/srl         I2C   default_mode 
    136 24492   flush_addr_reg[5]/srl        I2C   default_mode 
    137 24492   bus_wbuf_reg[19]/srl         I2C   default_mode 
    138 24492   bus_wbuf_reg[20]/srl         I2C   default_mode 
    139 24492   bus_wbuf_reg[16]/srl         I2C   default_mode 
    140 24492   bus_wbuf_reg[15]/srl         I2C   default_mode 
    141 24492   bus_waddr_d1_reg[5]/srl      I2C   default_mode 
    142 24499   bus_wbuf_reg[1]/sena         I2C   default_mode 
    143 24499   bus_wbuf_reg[14]/sena        I2C   default_mode 
    144 24499   bus_wbuf_reg[13]/sena        I2C   default_mode 
    145 24499   bus_wbuf_reg[0]/sena         I2C   default_mode 
    146 24499   last_word_addr_reg[5]/d      I2C   default_mode 
    147 24499   bus_wbuf_reg[12]/sena        I2C   default_mode 
    148 24499   last_word_addr_reg[2]/d      I2C   default_mode 
    149 24499   last_word_addr_reg[4]/sena   I2C   default_mode 
    150 24499   bus_wbuf_reg[11]/sena        I2C   default_mode 
    151 24499   bus_wbuf_reg[29]/sena        I2C   default_mode 
    152 24499   last_word_addr_reg[7]/sena   I2C   default_mode 
    153 24499   bus_wbuf_reg[25]/sena        I2C   default_mode 
    154 24499   bus_wbuf_reg[10]/sena        I2C   default_mode 
    155 24499   last_word_addr_reg[0]/sena   I2C   default_mode 
    156 24499   bus_wbuf_reg[9]/sena         I2C   default_mode 
    157 24499   bus_wbuf_reg[31]/sena        I2C   default_mode 
    158 24499   bus_wbuf_reg[8]/sena         I2C   default_mode 
    159 24499   bus_wbuf_reg[5]/sena         I2C   default_mode 
    160 24499   last_word_addr_reg[3]/sena   I2C   default_mode 
    161 24499   last_word_addr_reg[1]/sena   I2C   default_mode 
    162 24499   last_word_addr_reg[3]/d      I2C   default_mode 
    163 24499   bus_wbuf_reg[6]/sena         I2C   default_mode 
    164 24499   bus_wbuf_reg[7]/sena         I2C   default_mode 
    165 24499   bus_wbuf_reg[4]/sena         I2C   default_mode 
    166 24499   last_word_addr_reg[2]/sena   I2C   default_mode 
    167 24499   bus_wbuf_reg[3]/sena         I2C   default_mode 
    168 24499   bus_wbuf_reg[30]/sena        I2C   default_mode 
    169 24499   bus_wbuf_reg[2]/sena         I2C   default_mode 
    170 24499   last_word_addr_reg[4]/d      I2C   default_mode 
    171 24499   bus_wbuf_reg[28]/sena        I2C   default_mode 
    172 24499   last_word_addr_reg[8]/sena   I2C   default_mode 
    173 24499   bus_wbuf_reg[27]/sena        I2C   default_mode 
    174 24499   last_word_addr_reg[1]/d      I2C   default_mode 
    175 24499   last_word_addr_reg[8]/d      I2C   default_mode 
    176 24499   bus_wbuf_reg[26]/sena        I2C   default_mode 
    177 24499   last_word_addr_reg[0]/d      I2C   default_mode 
    178 24499   bus_wbuf_reg[24]/sena        I2C   default_mode 
    179 24499   last_byte_sel_reg[1]/sena    I2C   default_mode 
    180 24499   bus_wbuf_reg[15]/sena        I2C   default_mode 
    181 24499   last_byte_sel_reg[1]/d       I2C   default_mode 
    182 24499   bus_wbuf_reg[23]/sena        I2C   default_mode 
    183 24499   last_byte_sel_reg[0]/sena    I2C   default_mode 
    184 24499   bus_wbuf_reg[16]/sena        I2C   default_mode 
    185 24499   bus_wbuf_reg[21]/sena        I2C   default_mode 
    186 24499   bus_wbuf_reg[22]/sena        I2C   default_mode 
    187 24499   last_word_addr_reg[7]/d      I2C   default_mode 
    188 24499   bus_wbuf_reg[18]/sena        I2C   default_mode 
    189 24499   last_word_addr_reg[6]/d      I2C   default_mode 
    190 24499   last_word_addr_reg[6]/sena   I2C   default_mode 
    191 24499   bus_wbuf_reg[17]/sena        I2C   default_mode 
    192 24499   bus_wbuf_reg[19]/sena        I2C   default_mode 
    193 24499   last_byte_sel_reg[0]/d       I2C   default_mode 
    194 24499   bus_wbuf_reg[20]/sena        I2C   default_mode 
    195 24499   last_word_addr_reg[5]/sena   I2C   default_mode 
    196 24517   u_sram/D[2]                  C2C   default_mode 
    197 24517   u_sram/D[30]                 C2C   default_mode 
    198 24517   u_sram/D[0]                  C2C   default_mode 
    199 24517   u_sram/D[16]                 C2C   default_mode 
    200 24517   u_sram/D[7]                  C2C   default_mode 
    201 24517   u_sram/D[1]                  C2C   default_mode 
    202 24517   u_sram/D[21]                 C2C   default_mode 
    203 24517   u_sram/D[22]                 C2C   default_mode 
    204 24517   u_sram/D[8]                  C2C   default_mode 
    205 24517   u_sram/D[3]                  C2C   default_mode 
    206 24517   u_sram/D[28]                 C2C   default_mode 
    207 24517   u_sram/D[27]                 C2C   default_mode 
    208 24517   u_sram/D[24]                 C2C   default_mode 
    209 24517   u_sram/D[31]                 C2C   default_mode 
    210 24517   u_sram/D[29]                 C2C   default_mode 
    211 24517   u_sram/D[4]                  C2C   default_mode 
    212 24517   u_sram/D[5]                  C2C   default_mode 
    213 24517   u_sram/D[26]                 C2C   default_mode 
    214 24517   u_sram/D[23]                 C2C   default_mode 
    215 24517   u_sram/D[9]                  C2C   default_mode 
    216 24517   u_sram/D[6]                  C2C   default_mode 
    217 24517   u_sram/D[25]                 C2C   default_mode 
    218 24517   u_sram/D[19]                 C2C   default_mode 
    219 24517   u_sram/D[11]                 C2C   default_mode 
    220 24517   u_sram/D[10]                 C2C   default_mode 
    221 24517   u_sram/D[17]                 C2C   default_mode 
    222 24517   u_sram/D[15]                 C2C   default_mode 
    223 24517   u_sram/D[20]                 C2C   default_mode 
    224 24517   u_sram/D[13]                 C2C   default_mode 
    225 24517   u_sram/D[18]                 C2C   default_mode 
    226 24517   u_sram/D[12]                 C2C   default_mode 
    227 24517   u_sram/D[14]                 C2C   default_mode 
    228 24546   bus_waddr_d1_reg[5]/d        I2C   default_mode 
    229 24546   bus_waddr_d1_reg[1]/d        I2C   default_mode 
    230 24546   bus_waddr_d1_reg[3]/d        I2C   default_mode 
    231 24546   bus_waddr_d1_reg[4]/d        I2C   default_mode 
    232 24546   bus_waddr_d1_reg[6]/d        I2C   default_mode 
    233 24546   bus_waddr_d1_reg[2]/d        I2C   default_mode 
    234 24546   bus_waddr_d1_reg[7]/d        I2C   default_mode 
    235 24546   bus_waddr_d1_reg[8]/d        I2C   default_mode 
    236 24546   bus_waddr_d1_reg[0]/d        I2C   default_mode 
    237 24546   bus_we_prev_reg/d            I2C   default_mode 
    238 24626   flush_addr_reg[4]/d          C2C   default_mode 
    239 24626   flush_addr_reg[5]/d          C2C   default_mode 
    240 24626   flush_addr_reg[8]/d          C2C   default_mode 
    241 24626   flush_addr_reg[7]/d          C2C   default_mode 
    242 24626   flush_addr_reg[6]/d          C2C   default_mode 
    243 24626   flush_addr_reg[1]/d          C2C   default_mode 
    244 24626   flush_addr_reg[2]/d          C2C   default_mode 
    245 24626   flush_addr_reg[0]/d          C2C   default_mode 
    246 24626   flush_addr_reg[3]/d          C2C   default_mode 
#---------------------------------------------------------------


