============================================================
  Generated by:           Genus(TM) Synthesis Solution 21.16-s062_1
  Generated on:           Apr 23 2026  10:19:43 pm
  Module:                 bias_wrapper
  Operating conditions:   WCCOM (balanced_tree)
  Wireload mode:          segmented
  Area mode:              timing library
============================================================

Timing
--------

Analysis view Clock  Period 
----------------------------
default_mode  Clk   25000.0 


  Analysis     Cost   Critical        Violating 
    View      Group  Path Slack  TNS    Paths   
------------------------------------------------
default_mode     C2C    24214.5  0.0          0 
                 C2O    16999.0  0.0          0 
                 Clk   No paths  0.0          0 
             default   No paths  0.0          0 
                 I2C    24204.0  0.0          0 
                 I2O   No paths  0.0          0 
------------------------------------------------
Total                           -0.0          0 
                                                

Instance Count
--------------
Leaf Instance Count             169 
Physical Instance count           0 
Sequential Instance Count        65 
Combinational Instance Count    104 
Hierarchical Instance Count      10 
Warning : Performing RTL power analysis without power models. [PA-19]
        : Design design:bias_wrapper has not been generic synthesized.
        : For more accurate results, perform RTL power analysis using detailed power models after 'syn_gen' step followed by the 'build_rtl_power_models' command.
For more accurate power reporting use build_rtl_power_models after generic synthesis.
Warning : Duplicate when conditions found. [LBR-96]
        : Overwriting the old leakage_power value for the when condition (((I) & (!(OE))) & (!(Z))) with the new value for the when condition (((!(I)) & (!(OE))) & (Z)) for cell BUFTD16.
        : Ignoring the earlier when conditions and using the latest condition.
Warning : Duplicate when conditions found. [LBR-96]
        : Overwriting the old leakage_power value for the when condition (((I) & (!(OE))) & (!(Z))) with the new value for the when condition (((!(I)) & (!(OE))) & (Z)) for cell BUFTD12.
Warning : Duplicate when conditions found. [LBR-96]
        : Overwriting the old leakage_power value for the when condition (((I) & (!(OE))) & (!(Z))) with the new value for the when condition (((!(I)) & (!(OE))) & (Z)) for cell BUFTD6.
Warning : Duplicate when conditions found. [LBR-96]
        : Overwriting the old leakage_power value for the when condition (((I) & (!(OE))) & (!(Z))) with the new value for the when condition (((!(I)) & (!(OE))) & (Z)) for cell BUFTD8.
Warning : Duplicate when conditions found. [LBR-96]
        : Overwriting the old leakage_power value for the when condition (((I) & (!(OE))) & (!(Z))) with the new value for the when condition (((!(I)) & (!(OE))) & (Z)) for cell BUFTD1.
Warning : Duplicate when conditions found. [LBR-96]
        : Overwriting the old leakage_power value for the when condition (((I) & (!(OE))) & (!(Z))) with the new value for the when condition (((!(I)) & (!(OE))) & (Z)) for cell BUFTD3.
Warning : Duplicate when conditions found. [LBR-96]
        : Overwriting the old leakage_power value for the when condition (((I) & (!(OE))) & (!(Z))) with the new value for the when condition (((!(I)) & (!(OE))) & (Z)) for cell BUFTD4.
Warning : Duplicate when conditions found. [LBR-96]
        : Overwriting the old leakage_power value for the when condition (((I) & (!(OE))) & (!(Z))) with the new value for the when condition (((!(I)) & (!(OE))) & (Z)) for cell BUFTD2.
Warning : Duplicate when conditions found. [LBR-96]
        : Overwriting the old leakage_power value for the when condition (((I) & (!(OE))) & (!(Z))) with the new value for the when condition (((!(I)) & (!(OE))) & (Z)) for cell BUFTD0.

Area
----
Cell Area                          24214.679
Physical Cell Area                 0.000
Total Cell Area (Cell+Physical)    24214.679
Net Area                           0.000
Total Area (Cell+Physical+Net)     24214.679

Power
-----
Leakage Power                      289451.847 nW
Dynamic Power                      414578.049 nW
Total Power                        704029.896 nW

Max Fanout                         128 (n_103)
Min Fanout                         0 (n_98)
Average Fanout                     1.7
Terms to net ratio                 2.3671
Terms to instance ratio            5.7988
Runtime                            6.991852 seconds
Elapsed Runtime                    10 seconds
Genus peak memory usage            1184.52 
Innovus peak memory usage          no_value 
Hostname                           cadpc17.ee.columbia.edu
