============================================================
  Generated by:           Genus(TM) Synthesis Solution 21.16-s062_1
  Generated on:           Apr 23 2026  10:19:43 pm
  Module:                 bias_wrapper
  Operating conditions:   WCCOM (balanced_tree)
  Wireload mode:          segmented
  Area mode:              timing library
============================================================


Path 1: UNCONSTRAINED
           Mode: default_mode
     Startpoint: (F) clk
          Clock: (F) Clk
       Endpoint: (F) flush_addr_reg[8]/clk

                     Capture    Launch     
        Clock Edge:+       -     12500     
        Drv Adjust:+       0         0     
       Src Latency:+       -         0     
       Net Latency:+       -         0 (I) 
           Arrival:=       -     12500     
                                           
      Launch Clock:-   12500               
       Input Delay:-       0               
         Data Path:-       0               

Exceptions/Constraints:
  input_delay              0              create_clock_delay_domain_1_Clk_F_0 

#------------------------------------------------------------------------------------------------------
#     Timing Point       Flags    Arc   Edge      Cell        Fanout Load Trans Delay Arrival Instance 
#                                                                    (fF)  (ps)  (ps)   (ps)  Location 
#------------------------------------------------------------------------------------------------------
  clk                   <<< (i,u) -     F     (arrival)           65  0.0     0     0   12500    (-,-) 
  flush_addr_reg[8]/clk -         -     F     unmapped_d_flop     65    -     -     0   12500    (-,-) 
#------------------------------------------------------------------------------------------------------

(u) : Net has unmapped pin(s).
(i) : Net is ideal.


