============================================================
  Generated by:           Genus(TM) Synthesis Solution 21.16-s062_1
  Generated on:           Apr 23 2026  10:19:47 pm
  Module:                 bias_wrapper
  Operating conditions:   WCCOM (balanced_tree)
  Wireload mode:          segmented
  Area mode:              timing library
============================================================


Path 1: MET (24067 ps) Setup Check with Pin u_sram/CLK->A[0]
           Mode: default_mode
          Group: I2C
     Startpoint: (F) tpu_addr[0]
          Clock: (R) Clk
       Endpoint: (F) u_sram/A[0]
          Clock: (R) Clk

                     Capture       Launch     
        Clock Edge:+   25000            0     
        Drv Adjust:+       0            0     
       Src Latency:+       0            0     
       Net Latency:+       0 (I)        0 (I) 
           Arrival:=   25000            0     
                                              
             Setup:-     353                  
       Uncertainty:-     150                  
     Required Time:=   24497                  
      Launch Clock:-       0                  
       Input Delay:-     250                  
         Data Path:-     180                  
             Slack:=   24067                  

Exceptions/Constraints:
  input_delay             250             sram_wrapper_c.sdc_line_28_30_1 

#---------------------------------------------------------------------------------------------
#    Timing Point     Flags   Arc   Edge   Cell     Fanout  Load Trans Delay Arrival Instance 
#                                                           (fF)  (ps)  (ps)   (ps)  Location 
#---------------------------------------------------------------------------------------------
  tpu_addr[0]         -       -     F     (arrival)      1 500.7     0     0     250    (-,-) 
  p23400A2256__4319/Z -       A1->Z F     AO222D0        1   5.6    99   180     430    (-,-) 
  u_sram/A[0]         (P)     -     F     sram01         1     -     -     0     430    (-,-) 
#---------------------------------------------------------------------------------------------

(P) : Instance is preserved


