============================================================
  Generated by:           Genus(TM) Synthesis Solution 21.16-s062_1
  Generated on:           Apr 23 2026  10:19:48 pm
  Module:                 bias_wrapper
  Operating conditions:   WCCOM (balanced_tree)
  Wireload mode:          segmented
  Area mode:              timing library
============================================================

                                  Leakage     Internal  
   Gate    Instances    Area     Power (nW)  Power (nW)               Library               
--------------------------------------------------------------------------------------------
AO222D0            9     38.880     136.053     189.564    tcbn65gpluswc                    
AO22D0            41    118.080     493.589     644.458    tcbn65gpluswc                    
AOI211D0           1      2.520       4.296       0.648    tcbn65gpluswc                    
CKND0              4      4.320      15.858       2.827    tcbn65gpluswc                    
CKND2D0            7     10.080      34.496      19.648    tcbn65gpluswc                    
DFKCND1            1      8.280      66.845     273.565    tcbn65gpluswc                    
DFKCNQD1          20    144.000    1019.499    5588.121    tcbn65gpluswc                    
DFQD1             41    280.440    2140.000   14206.615    tcbn65gpluswc                    
EDFKCNQD1          2     20.160     125.852     707.984    tcbn65gpluswc                    
IND2D0             1      2.160      11.038      10.534    tcbn65gpluswc                    
IND3D0             1      2.520      10.993      12.859    tcbn65gpluswc                    
INR2D0             3      6.480      29.485      15.836    tcbn65gpluswc                    
NR2D0              4      5.760      22.236      16.687    tcbn65gpluswc                    
NR3D0              1      2.160       8.789       9.447    tcbn65gpluswc                    
OAI211D0           1      2.520      10.784       9.301    tcbn65gpluswc                    
sram01             1  22902.143  281593.000  285176.284    USERLIB_nldm_ss_0p90v_0p90v_125c 
--------------------------------------------------------------------------------------------
total            138  23550.503  285722.812  306884.378                                     


                                                                   Leakage  Leakage  Internal  Internal 
             Library             Instances Instances %    Area   Power (nW) Power % Power (nW)  Power % 
--------------------------------------------------------------------------------------------------------
USERLIB_nldm_ss_0p90v_0p90v_125c         1         0.7 22902.143 281593.000    98.6 285176.284     92.9 
tcbn65gpluswc                          137        99.3   648.360   4129.812     1.4  21708.094      7.1 

                                            Leakage  Leakage  Internal  Internal 
     Type      Instances    Area   Area % Power (nW) Power % Power (nW)  Power % 
---------------------------------------------------------------------------------
timing_model           1 22902.143   97.2 281593.000    98.6 285176.284     92.9 
sequential            64   452.880    1.9   3352.195     1.2  20776.285      6.8 
inverter               4     4.320    0.0     15.858     0.0      2.827      0.0 
logic                 69   191.160    0.8    761.759     0.3    928.981      0.3 
physical_cells         0     0.000    0.0      0.000     0.0      0.000      0.0 
---------------------------------------------------------------------------------
total                138 23550.503  100.0 285722.812   100.0 306884.378    100.0 

