============================================================
  Generated by:           Genus(TM) Synthesis Solution 21.16-s062_1
  Generated on:           Apr 23 2026  10:19:48 pm
  Module:                 bias_wrapper
  Operating conditions:   WCCOM (balanced_tree)
  Wireload mode:          segmented
  Area mode:              timing library
============================================================

Timing
--------

Analysis view Clock  Period 
----------------------------
default_mode  Clk   25000.0 


  Analysis     Cost   Critical        Violating 
    View      Group  Path Slack  TNS    Paths   
------------------------------------------------
default_mode     C2C    23848.6  0.0          0 
                 C2O    16999.0  0.0          0 
                 Clk   No paths  0.0          0 
             default   No paths  0.0          0 
                 I2C    24066.7  0.0          0 
                 I2O   No paths  0.0          0 
------------------------------------------------
Total                           -0.0          0 
                                                

Instance Count
--------------
Leaf Instance Count             138 
Physical Instance count           0 
Sequential Instance Count        65 
Combinational Instance Count     73 
Hierarchical Instance Count       0 

Area
----
Cell Area                          23550.503
Physical Cell Area                 0.000
Total Cell Area (Cell+Physical)    23550.503
Net Area                           0.000
Total Area (Cell+Physical+Net)     23550.503

Power
-----
Leakage Power                      285722.812 nW
Dynamic Power                      390198.347 nW
Total Power                        675921.159 nW

Max Fanout                         65 (clk)
Min Fanout                         1 (last_byte_sel[0])
Average Fanout                     2.5
Terms to net ratio                 3.1379
Terms to instance ratio            4.6159
Runtime                            10.372397 seconds
Elapsed Runtime                    14 seconds
Genus peak memory usage            1433.53 
Innovus peak memory usage          no_value 
Hostname                           cadpc17.ee.columbia.edu
