============================================================
  Generated by:           Genus(TM) Synthesis Solution 21.16-s062_1
  Generated on:           Apr 23 2026  10:19:48 pm
  Module:                 bias_wrapper
  Operating conditions:   WCCOM (balanced_tree)
  Wireload mode:          segmented
  Area mode:              timing library
============================================================


Path 1: MET (16999 ps) Late External Delay Assertion at pin tpu_dout[0]
           Mode: default_mode
          Group: C2O
     Startpoint: (R) u_sram/CLK
          Clock: (R) Clk
       Endpoint: (R) tpu_dout[0]
          Clock: (R) Clk

                     Capture       Launch     
        Clock Edge:+   25000            0     
       Src Latency:+       0            0     
       Net Latency:+       0 (I)        0 (I) 
           Arrival:=   25000            0     
                                              
      Output Delay:-    6250                  
       Uncertainty:-     150                  
     Required Time:=   18600                  
      Launch Clock:-       0                  
         Data Path:-    1601                  
             Slack:=   16999                  

Exceptions/Constraints:
  output_delay             6250            sram_wrapper_c.sdc_line_31_89_1 

#--------------------------------------------------------------------------------------------
# Timing Point   Flags     Arc     Edge   Cell     Fanout  Load Trans Delay Arrival Instance 
#                                                          (fF)  (ps)  (ps)   (ps)  Location 
#--------------------------------------------------------------------------------------------
  u_sram/CLK     -       -         R     (arrival)     65     -   150     0       0    (-,-) 
  u_sram/Q[0]    (P)     CLK->Q[0] R     sram01         1 500.0   688  1601    1601    (-,-) 
  tpu_dout[0]    -       -         R     (port)         -     -     -     0    1601    (-,-) 
#--------------------------------------------------------------------------------------------

(P) : Instance is preserved


