============================================================
  Generated by:           Genus(TM) Synthesis Solution 21.16-s062_1
  Generated on:           Apr 23 2026  10:19:47 pm
  Module:                 bias_wrapper
  Operating conditions:   WCCOM (balanced_tree)
  Wireload mode:          segmented
  Area mode:              timing library
============================================================


Path 1: MET (23849 ps) Setup Check with Pin u_sram/CLK->A[0]
           Mode: default_mode
          Group: C2C
     Startpoint: (R) bus_we_d1_reg/CP
          Clock: (R) Clk
       Endpoint: (R) u_sram/A[0]
          Clock: (R) Clk

                     Capture       Launch     
        Clock Edge:+   25000            0     
       Src Latency:+       0            0     
       Net Latency:+       0 (I)        0 (I) 
           Arrival:=   25000            0     
                                              
             Setup:-     332                  
       Uncertainty:-     150                  
     Required Time:=   24518                  
      Launch Clock:-       0                  
         Data Path:-     669                  
             Slack:=   23849                  

#---------------------------------------------------------------------------------------------
#    Timing Point     Flags    Arc   Edge   Cell     Fanout Load Trans Delay Arrival Instance 
#                                                           (fF)  (ps)  (ps)   (ps)  Location 
#---------------------------------------------------------------------------------------------
  bus_we_d1_reg/CP    -       -      R     (arrival)     65    -   150     0       0    (-,-) 
  bus_we_d1_reg/Q     -       CP->Q  F     DFKCNQD1      11  7.7    50   189     189    (-,-) 
  p23320A__1705/ZN    -       A2->ZN R     NR2D0         11 13.1   472   280     469    (-,-) 
  p23400A2256__4319/Z -       A2->Z  R     AO222D0        1  5.6   120   200     669    (-,-) 
  u_sram/A[0]         (P)     -      R     sram01         1    -     -     0     669    (-,-) 
#---------------------------------------------------------------------------------------------

(P) : Instance is preserved


