============================================================
  Generated by:           Genus(TM) Synthesis Solution 21.16-s062_1
  Generated on:           Apr 23 2026  10:19:48 pm
  Module:                 bias_wrapper
  Operating conditions:   WCCOM (balanced_tree)
  Wireload mode:          segmented
  Area mode:              timing library
============================================================

#------------------------------------------------------------
#   ID  Slack          Endpoint         Group      Mode      
#        (ps)                                                
#------------------------------------------------------------
      1 16999   tpu_dout[0]               C2O   default_mode 
      2 16999   tpu_dout[1]               C2O   default_mode 
      3 16999   tpu_dout[2]               C2O   default_mode 
      4 16999   tpu_dout[3]               C2O   default_mode 
      5 16999   tpu_dout[4]               C2O   default_mode 
      6 16999   tpu_dout[5]               C2O   default_mode 
      7 16999   tpu_dout[26]              C2O   default_mode 
      8 16999   tpu_dout[6]               C2O   default_mode 
      9 16999   tpu_dout[7]               C2O   default_mode 
     10 16999   tpu_dout[8]               C2O   default_mode 
     11 16999   tpu_dout[22]              C2O   default_mode 
     12 16999   tpu_dout[9]               C2O   default_mode 
     13 16999   tpu_dout[10]              C2O   default_mode 
     14 16999   tpu_dout[11]              C2O   default_mode 
     15 16999   tpu_dout[18]              C2O   default_mode 
     16 16999   tpu_dout[12]              C2O   default_mode 
     17 16999   tpu_dout[13]              C2O   default_mode 
     18 16999   tpu_dout[14]              C2O   default_mode 
     19 16999   tpu_dout[15]              C2O   default_mode 
     20 16999   tpu_dout[16]              C2O   default_mode 
     21 16999   tpu_dout[17]              C2O   default_mode 
     22 16999   tpu_dout[19]              C2O   default_mode 
     23 16999   tpu_dout[20]              C2O   default_mode 
     24 16999   tpu_dout[21]              C2O   default_mode 
     25 16999   tpu_dout[23]              C2O   default_mode 
     26 16999   tpu_dout[24]              C2O   default_mode 
     27 16999   tpu_dout[25]              C2O   default_mode 
     28 16999   tpu_dout[27]              C2O   default_mode 
     29 16999   tpu_dout[28]              C2O   default_mode 
     30 16999   tpu_dout[29]              C2O   default_mode 
     31 16999   tpu_dout[30]              C2O   default_mode 
     32 16999   tpu_dout[31]              C2O   default_mode 
     33 23849   u_sram/A[6]               C2C   default_mode 
     34 23849   u_sram/A[7]               C2C   default_mode 
     35 23849   u_sram/A[8]               C2C   default_mode 
     36 23849   u_sram/A[0]               C2C   default_mode 
     37 23849   u_sram/A[1]               C2C   default_mode 
     38 23849   u_sram/A[2]               C2C   default_mode 
     39 23849   u_sram/A[3]               C2C   default_mode 
     40 23849   u_sram/A[4]               C2C   default_mode 
     41 23849   u_sram/A[5]               C2C   default_mode 
     42 24068   u_sram/CEN                C2C   default_mode 
     43 24225   u_sram/WEN                C2C   default_mode 
     44 24261   bus_wbuf_reg[12]/D        I2C   default_mode 
     45 24261   bus_wbuf_reg[15]/D        I2C   default_mode 
     46 24261   bus_wbuf_reg[14]/D        I2C   default_mode 
     47 24261   bus_wbuf_reg[13]/D        I2C   default_mode 
     48 24261   bus_wbuf_reg[11]/D        I2C   default_mode 
     49 24261   bus_wbuf_reg[10]/D        I2C   default_mode 
     50 24261   bus_wbuf_reg[8]/D         I2C   default_mode 
     51 24261   bus_wbuf_reg[9]/D         I2C   default_mode 
     52 24276   bus_wbuf_reg[28]/D        I2C   default_mode 
     53 24276   bus_wbuf_reg[31]/D        I2C   default_mode 
     54 24276   bus_wbuf_reg[29]/D        I2C   default_mode 
     55 24276   bus_wbuf_reg[30]/D        I2C   default_mode 
     56 24276   bus_wbuf_reg[27]/D        I2C   default_mode 
     57 24276   bus_wbuf_reg[24]/D        I2C   default_mode 
     58 24276   bus_wbuf_reg[25]/D        I2C   default_mode 
     59 24276   bus_wbuf_reg[26]/D        I2C   default_mode 
     60 24296   bus_wbuf_reg[17]/D        I2C   default_mode 
     61 24296   bus_wbuf_reg[18]/D        I2C   default_mode 
     62 24296   bus_wbuf_reg[22]/D        I2C   default_mode 
     63 24296   bus_wbuf_reg[23]/D        I2C   default_mode 
     64 24296   bus_wbuf_reg[16]/D        I2C   default_mode 
     65 24296   bus_wbuf_reg[21]/D        I2C   default_mode 
     66 24296   bus_wbuf_reg[20]/D        I2C   default_mode 
     67 24296   bus_wbuf_reg[19]/D        I2C   default_mode 
     68 24325   bus_wbuf_reg[4]/D         I2C   default_mode 
     69 24325   bus_wbuf_reg[1]/D         I2C   default_mode 
     70 24325   bus_wbuf_reg[2]/D         I2C   default_mode 
     71 24325   bus_wbuf_reg[0]/D         I2C   default_mode 
     72 24325   bus_wbuf_reg[5]/D         I2C   default_mode 
     73 24325   bus_wbuf_reg[7]/D         I2C   default_mode 
     74 24325   bus_wbuf_reg[6]/D         I2C   default_mode 
     75 24325   bus_wbuf_reg[3]/D         I2C   default_mode 
     76 24363   last_word_addr_reg[6]/D   I2C   default_mode 
     77 24363   last_word_addr_reg[8]/D   I2C   default_mode 
     78 24363   last_word_addr_reg[7]/D   I2C   default_mode 
     79 24363   last_word_addr_reg[5]/D   I2C   default_mode 
     80 24363   last_word_addr_reg[4]/D   I2C   default_mode 
     81 24363   last_word_addr_reg[3]/D   I2C   default_mode 
     82 24363   last_word_addr_reg[2]/D   I2C   default_mode 
     83 24363   last_word_addr_reg[1]/D   I2C   default_mode 
     84 24363   last_word_addr_reg[0]/D   I2C   default_mode 
     85 24388   flush_d1_reg/D            I2C   default_mode 
     86 24426   bus_we_d1_reg/D           I2C   default_mode 
     87 24468   last_byte_sel_reg[0]/E    I2C   default_mode 
     88 24468   last_byte_sel_reg[1]/E    I2C   default_mode 
     89 24470   last_byte_sel_reg[0]/CN   I2C   default_mode 
     90 24470   last_byte_sel_reg[1]/CN   I2C   default_mode 
     91 24477   last_byte_sel_reg[0]/D    I2C   default_mode 
     92 24477   last_byte_sel_reg[1]/D    I2C   default_mode 
     93 24513   u_sram/D[7]               C2C   default_mode 
     94 24513   u_sram/D[29]              C2C   default_mode 
     95 24513   u_sram/D[5]               C2C   default_mode 
     96 24513   u_sram/D[17]              C2C   default_mode 
     97 24513   u_sram/D[31]              C2C   default_mode 
     98 24513   u_sram/D[23]              C2C   default_mode 
     99 24513   u_sram/D[11]              C2C   default_mode 
    100 24513   u_sram/D[0]               C2C   default_mode 
    101 24513   u_sram/D[13]              C2C   default_mode 
    102 24513   u_sram/D[2]               C2C   default_mode 
    103 24513   u_sram/D[4]               C2C   default_mode 
    104 24513   u_sram/D[21]              C2C   default_mode 
    105 24513   u_sram/D[27]              C2C   default_mode 
    106 24513   u_sram/D[1]               C2C   default_mode 
    107 24513   u_sram/D[28]              C2C   default_mode 
    108 24513   u_sram/D[6]               C2C   default_mode 
    109 24513   u_sram/D[8]               C2C   default_mode 
    110 24513   u_sram/D[25]              C2C   default_mode 
    111 24513   u_sram/D[20]              C2C   default_mode 
    112 24513   u_sram/D[19]              C2C   default_mode 
    113 24513   u_sram/D[16]              C2C   default_mode 
    114 24513   u_sram/D[10]              C2C   default_mode 
    115 24513   u_sram/D[12]              C2C   default_mode 
    116 24513   u_sram/D[14]              C2C   default_mode 
    117 24513   u_sram/D[15]              C2C   default_mode 
    118 24513   u_sram/D[18]              C2C   default_mode 
    119 24513   u_sram/D[22]              C2C   default_mode 
    120 24513   u_sram/D[24]              C2C   default_mode 
    121 24513   u_sram/D[26]              C2C   default_mode 
    122 24513   u_sram/D[9]               C2C   default_mode 
    123 24513   u_sram/D[30]              C2C   default_mode 
    124 24513   u_sram/D[3]               C2C   default_mode 
    125 24517   flush_addr_reg[8]/CN      I2C   default_mode 
    126 24517   bus_waddr_d1_reg[5]/CN    I2C   default_mode 
    127 24517   flush_addr_reg[3]/CN      I2C   default_mode 
    128 24517   flush_addr_reg[4]/CN      I2C   default_mode 
    129 24517   bus_waddr_d1_reg[4]/CN    I2C   default_mode 
    130 24517   bus_waddr_d1_reg[7]/CN    I2C   default_mode 
    131 24517   flush_addr_reg[5]/CN      I2C   default_mode 
    132 24517   flush_addr_reg[0]/CN      I2C   default_mode 
    133 24517   flush_addr_reg[6]/CN      I2C   default_mode 
    134 24517   flush_d1_reg/CN           I2C   default_mode 
    135 24517   bus_waddr_d1_reg[3]/CN    I2C   default_mode 
    136 24517   bus_waddr_d1_reg[1]/CN    I2C   default_mode 
    137 24517   flush_addr_reg[7]/CN      I2C   default_mode 
    138 24517   bus_waddr_d1_reg[6]/CN    I2C   default_mode 
    139 24517   bus_waddr_d1_reg[2]/CN    I2C   default_mode 
    140 24517   flush_addr_reg[2]/CN      I2C   default_mode 
    141 24517   flush_addr_reg[1]/CN      I2C   default_mode 
    142 24517   bus_waddr_d1_reg[0]/CN    I2C   default_mode 
    143 24517   bus_we_d1_reg/CN          I2C   default_mode 
    144 24517   bus_waddr_d1_reg[8]/CN    I2C   default_mode 
    145 24518   bus_waddr_d1_reg[6]/D     I2C   default_mode 
    146 24518   bus_waddr_d1_reg[8]/D     I2C   default_mode 
    147 24518   bus_waddr_d1_reg[2]/D     I2C   default_mode 
    148 24518   bus_waddr_d1_reg[4]/D     I2C   default_mode 
    149 24518   bus_waddr_d1_reg[5]/D     I2C   default_mode 
    150 24518   bus_waddr_d1_reg[3]/D     I2C   default_mode 
    151 24518   bus_waddr_d1_reg[7]/D     I2C   default_mode 
    152 24518   bus_waddr_d1_reg[0]/D     I2C   default_mode 
    153 24518   bus_waddr_d1_reg[1]/D     I2C   default_mode 
    154 24554   bus_we_prev_reg/CN        I2C   default_mode 
    155 24556   bus_we_prev_reg/D         I2C   default_mode 
    156 24616   flush_addr_reg[3]/D       C2C   default_mode 
    157 24616   flush_addr_reg[2]/D       C2C   default_mode 
    158 24616   flush_addr_reg[4]/D       C2C   default_mode 
    159 24616   flush_addr_reg[5]/D       C2C   default_mode 
    160 24616   flush_addr_reg[1]/D       C2C   default_mode 
    161 24616   flush_addr_reg[8]/D       C2C   default_mode 
    162 24616   flush_addr_reg[6]/D       C2C   default_mode 
    163 24616   flush_addr_reg[0]/D       C2C   default_mode 
    164 24616   flush_addr_reg[7]/D       C2C   default_mode 
#------------------------------------------------------------


