============================================================
  Generated by:           Genus(TM) Synthesis Solution 21.16-s062_1
  Generated on:           Mar 22 2026  01:04:04 pm
  Module:                 input_idx_controller
  Operating conditions:   WCCOM (balanced_tree)
  Wireload mode:          segmented
  Area mode:              timing library
============================================================


Path 1: MET (14352 ps) Late External Delay Assertion at pin a_row_idx[8]
           Mode: default_mode
          Group: C2O
     Startpoint: (R) u_ac/z_reg[1]/clk
          Clock: (R) clk
       Endpoint: (R) a_row_idx[8]
          Clock: (R) clk

                     Capture       Launch     
        Clock Edge:+   20000            0     
       Src Latency:+       0            0     
       Net Latency:+       0 (I)        0 (I) 
           Arrival:=   20000            0     
                                              
      Output Delay:-    5000                  
       Uncertainty:-     150                  
     Required Time:=   14850                  
      Launch Clock:-       0                  
         Data Path:-     498                  
             Slack:=   14352                  

Exceptions/Constraints:
  output_delay             5000            input_idx_controller_line_31 

#---------------------------------------------------------------------------------------------------
#   Timing Point    Flags    Arc    Edge      Cell        Fanout  Load Trans Delay Arrival Instance 
#                                                                 (fF)  (ps)  (ps)   (ps)  Location 
#---------------------------------------------------------------------------------------------------
  u_ac/z_reg[1]/clk -       -       R     (arrival)           55     -   150     0       0    (-,-) 
  u_ac/z_reg[1]/q   (u)     clk->q  R     unmapped_d_flop      6 511.5     0   217     217    (-,-) 
  add_41_39/g6/z    (u)     in_0->z F     unmapped_nor2        1   2.3     0    21     238    (-,-) 
  add_41_39/g22/z   (u)     in_0->z R     unmapped_not         2   4.6     0    16     255    (-,-) 
  add_41_39/g23/z   (u)     in_1->z F     unmapped_nand2       1   2.3     0    21     276    (-,-) 
  add_41_39/g24/z   (u)     in_1->z R     unmapped_nand2       3   6.9     0    28     304    (-,-) 
  add_41_39/g40/z   (u)     in_1->z F     unmapped_nand2       1   2.3     0    21     325    (-,-) 
  add_41_39/g41/z   (u)     in_1->z R     unmapped_nand2       5  11.5     0    32     358    (-,-) 
  add_41_39/g61/z   (u)     in_0->z F     unmapped_nand2       1   2.3     0    21     379    (-,-) 
  add_41_39/g62/z   (u)     in_1->z R     unmapped_nand2       1   2.3     0    21     400    (-,-) 
  add_41_39/g84/z   (u)     in_0->z R     unmapped_xnor2       1 500.0     0    98     498    (-,-) 
  a_row_idx[8]      <<<     -       R     (port)               -     -     -     0     498    (-,-) 
#---------------------------------------------------------------------------------------------------

(u) : Net has unmapped pin(s).


