============================================================
  Generated by:           Genus(TM) Synthesis Solution 21.16-s062_1
  Generated on:           Mar 22 2026  01:04:04 pm
  Module:                 input_idx_controller
  Technology library:     tcbn65gpluswc 200
  Operating conditions:   WCCOM (balanced_tree)
  Wireload mode:          segmented
  Area mode:              timing library
============================================================

      Instance               Module         Cell Count  Cell Area  Net Area   Total Area      Wireload     
-----------------------------------------------------------------------------------------------------------
input_idx_controller                               808   2858.305     0.000     2858.305 ZeroWireload (S)  
  u_ac               in_ac_mode_controller         389   1428.348     0.000     1428.348 ZeroWireload (S)  
    eq_30_30         equal_unsigned                 14     53.081     0.000       53.081 ZeroWireload (S)  
    sub_30_40        sub_unsigned                   37     98.118     0.000       98.118 ZeroWireload (S)  
    add_45_30        add_unsigned                   40     99.727     0.000       99.727 ZeroWireload (S)  
    eq_31_30         equal_unsigned                 14     53.081     0.000       53.081 ZeroWireload (S)  
    sub_31_40        sub_unsigned_4                 54    147.982     0.000      147.982 ZeroWireload (S)  
    add_57_30        add_unsigned_6                 52    141.548     0.000      141.548 ZeroWireload (S)  
    eq_32_30         equal_unsigned                 14     53.081     0.000       53.081 ZeroWireload (S)  
    sub_32_40        sub_unsigned_4                 54    147.982     0.000      147.982 ZeroWireload (S)  
    add_69_30        add_unsigned_6                 52    141.548     0.000      141.548 ZeroWireload (S)  
    mux_z_nx_44_13   bmux                            9     57.906     0.000       57.906 ZeroWireload (S)  
    mux_j_nx_56_13   bmux                            9     57.906     0.000       57.906 ZeroWireload (S)  
    mux_i_nx_68_13   bmux                            9     57.906     0.000       57.906 ZeroWireload (S)  
  sub_62_92          sub_unsigned_21                24     62.731     0.000       62.731 ZeroWireload (S)  
  add_108_40         add_unsigned_23                80    230.016     0.000      230.016 ZeroWireload (S)  
  add_109_40         add_unsigned_23                80    230.016     0.000      230.016 ZeroWireload (S)  
  add_110_46         add_unsigned_27                27     67.557     0.000       67.557 ZeroWireload (S)  
  add_41_39          add_unsigned_23                80    230.016     0.000      230.016 ZeroWireload (S)  
  add_42_39          add_unsigned_23                80    230.016     0.000      230.016 ZeroWireload (S)  
  (S) = wireload was automatically selected
