============================================================
  Generated by:           Genus(TM) Synthesis Solution 21.16-s062_1
  Generated on:           Mar 22 2026  01:04:05 pm
  Module:                 input_idx_controller
  Operating conditions:   WCCOM (balanced_tree)
  Wireload mode:          segmented
  Area mode:              timing library
============================================================

#---------------------------------------------------------------
#   ID  Slack           Endpoint           Group      Mode      
#        (ps)                                                   
#---------------------------------------------------------------
      1 14352   a_row_idx[5]                 C2O   default_mode 
      2 14352   a_row_idx[6]                 C2O   default_mode 
      3 14352   a_row_idx[7]                 C2O   default_mode 
      4 14352   a_row_idx[8]                 C2O   default_mode 
      5 14389   b_col_idx[6]                 C2O   default_mode 
      6 14389   b_col_idx[7]                 C2O   default_mode 
      7 14389   b_col_idx[8]                 C2O   default_mode 
      8 14389   b_col_idx[5]                 C2O   default_mode 
      9 14395   a_row_idx[4]                 C2O   default_mode 
     10 14406   a_row_idx[3]                 C2O   default_mode 
     11 14431   b_col_idx[4]                 C2O   default_mode 
     12 14442   b_col_idx[3]                 C2O   default_mode 
     13 14448   a_row_idx[2]                 C2O   default_mode 
     14 14476   a_row_idx[1]                 C2O   default_mode 
     15 14485   b_col_idx[2]                 C2O   default_mode 
     16 14513   b_col_idx[1]                 C2O   default_mode 
     17 14535   a_row_idx[0]                 C2O   default_mode 
     18 14536   sram_rd_en                   I2O   default_mode 
     19 14572   b_col_idx[0]                 C2O   default_mode 
     20 14633   b_row_idx[8]                 C2O   default_mode 
     21 14633   a_col_idx[3]                 C2O   default_mode 
     22 14633   alu_start                    C2O   default_mode 
     23 14633   a_col_idx[7]                 C2O   default_mode 
     24 14633   done                         C2O   default_mode 
     25 14633   b_row_idx[0]                 C2O   default_mode 
     26 14633   b_row_idx[1]                 C2O   default_mode 
     27 14633   b_row_idx[2]                 C2O   default_mode 
     28 14633   b_row_idx[3]                 C2O   default_mode 
     29 14633   b_row_idx[4]                 C2O   default_mode 
     30 14633   b_row_idx[5]                 C2O   default_mode 
     31 14633   b_row_idx[6]                 C2O   default_mode 
     32 14633   b_row_idx[7]                 C2O   default_mode 
     33 14633   a_col_idx[0]                 C2O   default_mode 
     34 14633   a_col_idx[1]                 C2O   default_mode 
     35 14633   a_col_idx[2]                 C2O   default_mode 
     36 14633   a_col_idx[4]                 C2O   default_mode 
     37 14633   a_col_idx[5]                 C2O   default_mode 
     38 14633   a_col_idx[6]                 C2O   default_mode 
     39 14633   a_col_idx[8]                 C2O   default_mode 
     40 18993   num_computated_reg[4]/sena   I2C   default_mode 
     41 18993   num_computated_reg[1]/sena   I2C   default_mode 
     42 18993   b_col_os_reg[5]/sena         I2C   default_mode 
     43 18993   a_row_os_reg[3]/sena         I2C   default_mode 
     44 18993   b_col_os_reg[4]/sena         I2C   default_mode 
     45 18993   a_row_os_reg[2]/sena         I2C   default_mode 
     46 18993   a_row_os_reg[1]/sena         I2C   default_mode 
     47 18993   b_col_os_reg[3]/sena         I2C   default_mode 
     48 18993   a_row_os_reg[0]/sena         I2C   default_mode 
     49 18993   b_col_os_reg[2]/sena         I2C   default_mode 
     50 18993   num_computated_reg[6]/sena   I2C   default_mode 
     51 18993   num_computated_reg[0]/sena   I2C   default_mode 
     52 18993   num_computated_reg[5]/sena   I2C   default_mode 
     53 18993   num_computated_reg[3]/sena   I2C   default_mode 
     54 18993   b_col_os_reg[1]/sena         I2C   default_mode 
     55 18993   b_col_os_reg[8]/sena         I2C   default_mode 
     56 18993   b_col_os_reg[0]/sena         I2C   default_mode 
     57 18993   num_computated_reg[2]/sena   I2C   default_mode 
     58 18993   b_col_os_reg[7]/sena         I2C   default_mode 
     59 18993   a_row_os_reg[8]/sena         I2C   default_mode 
     60 18993   a_row_os_reg[7]/sena         I2C   default_mode 
     61 18993   b_col_os_reg[6]/sena         I2C   default_mode 
     62 18993   a_row_os_reg[6]/sena         I2C   default_mode 
     63 18993   a_row_os_reg[5]/sena         I2C   default_mode 
     64 18993   a_row_os_reg[4]/sena         I2C   default_mode 
     65 19021   last_data_read_reg/srl       I2C   default_mode 
     66 19088   done_reg/d                   I2C   default_mode 
     67 19088   u_ac/i_reg[5]/sena           I2C   default_mode 
     68 19088   u_ac/i_reg[8]/sena           I2C   default_mode 
     69 19088   u_ac/i_reg[7]/sena           I2C   default_mode 
     70 19088   u_ac/i_reg[6]/sena           I2C   default_mode 
     71 19088   u_ac/i_reg[4]/sena           I2C   default_mode 
     72 19088   u_ac/i_reg[3]/sena           I2C   default_mode 
     73 19088   u_ac/i_reg[2]/sena           I2C   default_mode 
     74 19088   u_ac/i_reg[1]/sena           I2C   default_mode 
     75 19088   u_ac/i_reg[0]/sena           I2C   default_mode 
     76 19094   u_ac/j_reg[2]/d              I2C   default_mode 
     77 19094   u_ac/j_reg[1]/d              I2C   default_mode 
     78 19094   u_ac/j_reg[0]/d              I2C   default_mode 
     79 19094   u_ac/j_reg[8]/d              I2C   default_mode 
     80 19094   u_ac/j_reg[7]/d              I2C   default_mode 
     81 19094   u_ac/j_reg[6]/d              I2C   default_mode 
     82 19094   u_ac/j_reg[5]/d              I2C   default_mode 
     83 19094   u_ac/j_reg[4]/d              I2C   default_mode 
     84 19094   u_ac/j_reg[3]/d              I2C   default_mode 
     85 19096   u_ac/i_reg[6]/d              I2C   default_mode 
     86 19096   u_ac/i_reg[4]/d              I2C   default_mode 
     87 19096   u_ac/i_reg[8]/d              I2C   default_mode 
     88 19096   u_ac/i_reg[7]/d              I2C   default_mode 
     89 19096   u_ac/i_reg[3]/d              I2C   default_mode 
     90 19096   u_ac/i_reg[5]/d              I2C   default_mode 
     91 19096   u_ac/i_reg[2]/d              I2C   default_mode 
     92 19096   u_ac/i_reg[1]/d              I2C   default_mode 
     93 19096   u_ac/i_reg[0]/d              I2C   default_mode 
     94 19140   u_ac/j_reg[2]/sena           I2C   default_mode 
     95 19140   u_ac/j_reg[1]/sena           I2C   default_mode 
     96 19140   u_ac/j_reg[0]/sena           I2C   default_mode 
     97 19140   u_ac/j_reg[8]/sena           I2C   default_mode 
     98 19140   u_ac/j_reg[7]/sena           I2C   default_mode 
     99 19140   u_ac/j_reg[6]/sena           I2C   default_mode 
    100 19140   u_ac/j_reg[5]/sena           I2C   default_mode 
    101 19140   u_ac/j_reg[4]/sena           I2C   default_mode 
    102 19140   u_ac/j_reg[3]/sena           I2C   default_mode 
    103 19144   u_ac/z_reg[0]/d              I2C   default_mode 
    104 19144   u_ac/z_reg[8]/d              I2C   default_mode 
    105 19144   u_ac/z_reg[7]/d              I2C   default_mode 
    106 19144   u_ac/z_reg[6]/d              I2C   default_mode 
    107 19144   u_ac/z_reg[5]/d              I2C   default_mode 
    108 19144   u_ac/z_reg[4]/d              I2C   default_mode 
    109 19144   u_ac/z_reg[3]/d              I2C   default_mode 
    110 19144   u_ac/z_reg[2]/d              I2C   default_mode 
    111 19144   u_ac/z_reg[1]/d              I2C   default_mode 
    112 19308   a_row_os_reg[8]/d            I2C   default_mode 
    113 19308   b_col_os_reg[8]/d            I2C   default_mode 
    114 19308   b_col_os_reg[7]/d            I2C   default_mode 
    115 19308   a_row_os_reg[7]/d            I2C   default_mode 
    116 19316   b_col_os_reg[5]/d            I2C   default_mode 
    117 19316   a_row_os_reg[6]/d            I2C   default_mode 
    118 19316   a_row_os_reg[5]/d            I2C   default_mode 
    119 19316   b_col_os_reg[6]/d            I2C   default_mode 
    120 19358   a_row_os_reg[4]/d            I2C   default_mode 
    121 19358   b_col_os_reg[4]/d            I2C   default_mode 
    122 19370   num_computated_reg[5]/d      C2C   default_mode 
    123 19370   num_computated_reg[6]/d      C2C   default_mode 
    124 19387   b_col_os_reg[3]/d            I2C   default_mode 
    125 19387   a_row_os_reg[3]/d            I2C   default_mode 
    126 19403   num_computated_reg[4]/d      C2C   default_mode 
    127 19410   num_computated_reg[3]/d      C2C   default_mode 
    128 19436   u_ac/z_reg[8]/sena           I2C   default_mode 
    129 19436   u_ac/z_reg[7]/sena           I2C   default_mode 
    130 19436   u_ac/z_reg[6]/sena           I2C   default_mode 
    131 19436   u_ac/z_reg[1]/sena           I2C   default_mode 
    132 19436   u_ac/z_reg[5]/sena           I2C   default_mode 
    133 19436   u_ac/z_reg[4]/sena           I2C   default_mode 
    134 19436   u_ac/z_reg[3]/sena           I2C   default_mode 
    135 19436   u_ac/z_reg[2]/sena           I2C   default_mode 
    136 19436   u_ac/z_reg[0]/sena           I2C   default_mode 
    137 19444   num_computated_reg[2]/d      C2C   default_mode 
    138 19458   a_row_os_reg[2]/d            C2C   default_mode 
    139 19458   b_col_os_reg[2]/d            C2C   default_mode 
    140 19462   a_row_os_reg[1]/d            C2C   default_mode 
    141 19462   b_col_os_reg[1]/d            C2C   default_mode 
    142 19485   num_computated_reg[1]/d      C2C   default_mode 
    143 19502   a_row_os_reg[4]/srl          I2C   default_mode 
    144 19502   u_ac/j_reg[4]/srl            I2C   default_mode 
    145 19502   a_row_os_reg[1]/srl          I2C   default_mode 
    146 19502   num_computated_reg[1]/srl    I2C   default_mode 
    147 19502   u_ac/j_reg[3]/srl            I2C   default_mode 
    148 19502   b_col_os_reg[6]/srl          I2C   default_mode 
    149 19502   b_col_os_reg[7]/srl          I2C   default_mode 
    150 19502   u_ac/z_reg[5]/srl            I2C   default_mode 
    151 19502   u_ac/j_reg[1]/srl            I2C   default_mode 
    152 19502   num_computated_reg[4]/srl    I2C   default_mode 
    153 19502   a_row_os_reg[3]/srl          I2C   default_mode 
    154 19502   a_row_os_reg[8]/srl          I2C   default_mode 
    155 19502   u_ac/z_reg[6]/srl            I2C   default_mode 
    156 19502   b_col_os_reg[0]/srl          I2C   default_mode 
    157 19502   u_ac/i_reg[5]/srl            I2C   default_mode 
    158 19502   b_col_os_reg[3]/srl          I2C   default_mode 
    159 19502   u_ac/z_reg[3]/srl            I2C   default_mode 
    160 19502   b_col_os_reg[5]/srl          I2C   default_mode 
    161 19502   u_ac/j_reg[5]/srl            I2C   default_mode 
    162 19502   u_ac/z_reg[4]/srl            I2C   default_mode 
    163 19502   u_ac/j_reg[2]/srl            I2C   default_mode 
    164 19502   u_ac/i_reg[7]/srl            I2C   default_mode 
    165 19502   u_ac/z_reg[2]/srl            I2C   default_mode 
    166 19502   u_ac/i_reg[3]/srl            I2C   default_mode 
    167 19502   a_row_os_reg[2]/srl          I2C   default_mode 
    168 19502   u_ac/j_reg[8]/srl            I2C   default_mode 
    169 19502   num_computated_reg[2]/srl    I2C   default_mode 
    170 19502   u_ac/z_reg[8]/srl            I2C   default_mode 
    171 19502   num_computated_reg[6]/srl    I2C   default_mode 
    172 19502   alu_start_reg/srl            I2C   default_mode 
    173 19502   u_ac/z_reg[0]/srl            I2C   default_mode 
    174 19502   u_ac/i_reg[0]/srl            I2C   default_mode 
    175 19502   u_ac/z_reg[7]/srl            I2C   default_mode 
    176 19502   u_ac/i_reg[6]/srl            I2C   default_mode 
    177 19502   b_col_os_reg[8]/srl          I2C   default_mode 
    178 19502   a_row_os_reg[6]/srl          I2C   default_mode 
    179 19502   a_row_os_reg[0]/srl          I2C   default_mode 
    180 19502   b_col_os_reg[1]/srl          I2C   default_mode 
    181 19502   b_col_os_reg[2]/srl          I2C   default_mode 
    182 19502   u_ac/j_reg[6]/srl            I2C   default_mode 
    183 19502   done_reg/srl                 I2C   default_mode 
    184 19502   u_ac/i_reg[2]/srl            I2C   default_mode 
    185 19502   u_ac/j_reg[7]/srl            I2C   default_mode 
    186 19502   num_computated_reg[3]/srl    I2C   default_mode 
    187 19502   u_ac/j_reg[0]/srl            I2C   default_mode 
    188 19502   u_ac/i_reg[1]/srl            I2C   default_mode 
    189 19502   u_ac/i_reg[4]/srl            I2C   default_mode 
    190 19502   u_ac/i_reg[8]/srl            I2C   default_mode 
    191 19502   b_col_os_reg[4]/srl          I2C   default_mode 
    192 19502   num_computated_reg[5]/srl    I2C   default_mode 
    193 19502   a_row_os_reg[5]/srl          I2C   default_mode 
    194 19502   a_row_os_reg[7]/srl          I2C   default_mode 
    195 19502   num_computated_reg[0]/srl    I2C   default_mode 
    196 19502   u_ac/z_reg[1]/srl            I2C   default_mode 
    197 19520   a_row_os_reg[0]/d            C2C   default_mode 
    198 19520   b_col_os_reg[0]/d            C2C   default_mode 
    199 19523   num_computated_reg[0]/d      C2C   default_mode 
    200 19526   last_data_read_reg/srd       I2C   default_mode 
    201 19546   alu_start_reg/d              I2C   default_mode 
#---------------------------------------------------------------


