============================================================
  Generated by:           Genus(TM) Synthesis Solution 21.16-s062_1
  Generated on:           Mar 22 2026  01:04:05 pm
  Module:                 input_idx_controller
  Operating conditions:   WCCOM (balanced_tree)
  Wireload mode:          segmented
  Area mode:              timing library
============================================================

	Timing
	------
  Endpoint    Slack  Cost Group      Mode      
-----------------------------------------------
a_row_idx[5]   14352        C2O   default_mode 
	Area
	----

      Instance       Module  Cell Count  Cell Area  Net Area   Total Area      Wireload     
--------------------------------------------------------------------------------------------
input_idx_controller                808   2858.305     0.000     2858.305 ZeroWireload (S)  
  (S) = wireload was automatically selected

	Design Rule Check
	-----------------

Max_transition design rule: no violations.

Max_capacitance design rule: no violations.



