============================================================
  Generated by:           Genus(TM) Synthesis Solution 21.16-s062_1
  Generated on:           Mar 22 2026  01:04:18 pm
  Module:                 input_idx_controller
  Operating conditions:   WCCOM (balanced_tree)
  Wireload mode:          segmented
  Area mode:              timing library
============================================================

Timing
--------

Analysis view Clock  Period 
----------------------------
default_mode  clk   20000.0 


  Analysis     Cost   Critical        Violating 
    View      Group  Path Slack  TNS    Paths   
------------------------------------------------
default_mode     C2C    17852.1  0.0          0 
                 C2O    13294.8  0.0          0 
                 clk   No paths  0.0          0 
             default   No paths  0.0          0 
                 I2C    18003.1  0.0          0 
                 I2O    14276.7  0.0          0 
------------------------------------------------
Total                           -0.0          0 
                                                

Instance Count
--------------
Leaf Instance Count             332 
Physical Instance count           0 
Sequential Instance Count        43 
Combinational Instance Count    289 
Hierarchical Instance Count       0 

Area
----
Cell Area                          1119.240
Physical Cell Area                 0.000
Total Cell Area (Cell+Physical)    1119.240
Net Area                           0.000
Total Area (Cell+Physical+Net)     1119.240

Power
-----
Leakage Power                      9122.523 nW
Dynamic Power                      165645.733 nW
Total Power                        174768.256 nW

Max Fanout                         43 (clk)
Min Fanout                         0 (u_ac_i[7])
Average Fanout                     2.3
Terms to net ratio                 3.1165
Terms to instance ratio            3.7078
Runtime                            19.467340000000004 seconds
Elapsed Runtime                    22 seconds
Genus peak memory usage            1569.23 
Innovus peak memory usage          no_value 
Hostname                           cadpc19.ee.columbia.edu
