============================================================
  Generated by:           Genus(TM) Synthesis Solution 21.16-s062_1
  Generated on:           Mar 22 2026  01:04:18 pm
  Module:                 input_idx_controller
  Operating conditions:   WCCOM (balanced_tree)
  Wireload mode:          segmented
  Area mode:              timing library
============================================================

#-------------------------------------------------------------
#   ID  Slack          Endpoint          Group      Mode      
#        (ps)                                                 
#-------------------------------------------------------------
      1 13295   a_row_idx[8]               C2O   default_mode 
      2 13471   a_row_idx[7]               C2O   default_mode 
      3 13538   a_row_idx[6]               C2O   default_mode 
      4 13610   a_row_idx[5]               C2O   default_mode 
      5 13706   a_row_idx[4]               C2O   default_mode 
      6 13817   a_row_idx[3]               C2O   default_mode 
      7 13835   b_col_idx[8]               C2O   default_mode 
      8 13903   b_col_idx[7]               C2O   default_mode 
      9 13971   b_col_idx[6]               C2O   default_mode 
     10 14042   b_col_idx[5]               C2O   default_mode 
     11 14090   b_col_idx[4]               C2O   default_mode 
     12 14229   b_col_idx[3]               C2O   default_mode 
     13 14277   sram_rd_en                 I2O   default_mode 
     14 14336   b_row_idx[7]               C2O   default_mode 
     15 14339   a_col_idx[5]               C2O   default_mode 
     16 14339   a_col_idx[7]               C2O   default_mode 
     17 14339   a_col_idx[4]               C2O   default_mode 
     18 14339   a_col_idx[8]               C2O   default_mode 
     19 14341   b_row_idx[8]               C2O   default_mode 
     20 14342   b_row_idx[6]               C2O   default_mode 
     21 14344   b_row_idx[4]               C2O   default_mode 
     22 14344   b_row_idx[3]               C2O   default_mode 
     23 14344   b_row_idx[5]               C2O   default_mode 
     24 14346   a_col_idx[6]               C2O   default_mode 
     25 14347   a_col_idx[3]               C2O   default_mode 
     26 14359   alu_start                  C2O   default_mode 
     27 14359   done                       C2O   default_mode 
     28 14373   b_row_idx[0]               C2O   default_mode 
     29 14373   b_row_idx[1]               C2O   default_mode 
     30 14373   a_row_idx[0]               C2O   default_mode 
     31 14373   a_row_idx[1]               C2O   default_mode 
     32 14374   b_row_idx[2]               C2O   default_mode 
     33 14374   a_row_idx[2]               C2O   default_mode 
     34 17852   num_computated_reg[3]/D    C2C   default_mode 
     35 17911   b_col_os_reg[4]/E          C2C   default_mode 
     36 17911   a_row_os_reg[5]/E          C2C   default_mode 
     37 17911   a_row_os_reg[4]/E          C2C   default_mode 
     38 17911   b_col_os_reg[8]/E          C2C   default_mode 
     39 17911   b_col_os_reg[5]/E          C2C   default_mode 
     40 17912   b_col_os_reg[6]/E          C2C   default_mode 
     41 17912   a_row_os_reg[6]/E          C2C   default_mode 
     42 17912   a_row_os_reg[7]/E          C2C   default_mode 
     43 17912   b_col_os_reg[7]/E          C2C   default_mode 
     44 18009   num_computated_reg[4]/D    C2C   default_mode 
     45 18009   num_computated_reg[2]/D    C2C   default_mode 
     46 18135   a_row_os_reg[8]/D          C2C   default_mode 
     47 18135   num_computated_reg[0]/D    C2C   default_mode 
     48 18135   num_computated_reg[1]/D    C2C   default_mode 
     49 18135   a_row_os_reg[3]/D          C2C   default_mode 
     50 18135   num_computated_reg[5]/D    C2C   default_mode 
     51 18135   b_col_os_reg[3]/D          C2C   default_mode 
     52 18135   num_computated_reg[6]/D    C2C   default_mode 
     53 18283   u_ac_i_reg[4]/D            C2C   default_mode 
     54 18308   u_ac_i_reg[7]/D            C2C   default_mode 
     55 18309   u_ac_j_reg[8]/D            C2C   default_mode 
     56 18310   u_ac_i_reg[5]/D            C2C   default_mode 
     57 18324   u_ac_j_reg[7]/D            C2C   default_mode 
     58 18338   u_ac_i_reg[8]/D            C2C   default_mode 
     59 18352   u_ac_i_reg[3]/D            C2C   default_mode 
     60 18362   u_ac_j_reg[6]/DA           C2C   default_mode 
     61 18363   last_data_read_reg/SA      C2C   default_mode 
     62 18380   u_ac_z_reg[8]/D            C2C   default_mode 
     63 18402   u_ac_z_reg[4]/D            C2C   default_mode 
     64 18408   u_ac_j_reg[5]/D            C2C   default_mode 
     65 18415   u_ac_i_reg[6]/D            C2C   default_mode 
     66 18418   u_ac_z_reg[3]/D            C2C   default_mode 
     67 18430   u_ac_z_reg[7]/D            C2C   default_mode 
     68 18450   u_ac_z_reg[1]/D            C2C   default_mode 
     69 18467   u_ac_z_reg[2]/D            C2C   default_mode 
     70 18471   u_ac_j_reg[6]/DB           C2C   default_mode 
     71 18479   done_reg/D                 C2C   default_mode 
     72 18505   u_ac_j_reg[3]/DB           C2C   default_mode 
     73 18520   u_ac_z_reg[0]/D            C2C   default_mode 
     74 18532   u_ac_j_reg[4]/D            C2C   default_mode 
     75 18596   u_ac_z_reg[5]/D            C2C   default_mode 
     76 18596   u_ac_z_reg[6]/D            C2C   default_mode 
     77 18628   u_ac_j_reg[3]/DA           C2C   default_mode 
     78 19000   b_col_os_reg[8]/D          I2C   default_mode 
     79 19057   a_row_os_reg[7]/D          I2C   default_mode 
     80 19057   b_col_os_reg[7]/D          I2C   default_mode 
     81 19143   b_col_os_reg[6]/D          I2C   default_mode 
     82 19143   a_row_os_reg[6]/D          I2C   default_mode 
     83 19227   a_row_os_reg[5]/D          I2C   default_mode 
     84 19227   b_col_os_reg[5]/D          I2C   default_mode 
     85 19313   b_col_os_reg[4]/D          I2C   default_mode 
     86 19313   a_row_os_reg[4]/D          I2C   default_mode 
     87 19470   b_col_os_reg[8]/CN         I2C   default_mode 
     88 19470   a_row_os_reg[5]/CN         I2C   default_mode 
     89 19470   a_row_os_reg[4]/CN         I2C   default_mode 
     90 19470   b_col_os_reg[5]/CN         I2C   default_mode 
     91 19470   b_col_os_reg[4]/CN         I2C   default_mode 
     92 19471   a_row_os_reg[6]/CN         I2C   default_mode 
     93 19471   b_col_os_reg[6]/CN         I2C   default_mode 
     94 19471   a_row_os_reg[7]/CN         I2C   default_mode 
     95 19471   b_col_os_reg[7]/CN         I2C   default_mode 
     96 19517   num_computated_reg[6]/CN   I2C   default_mode 
     97 19517   b_col_os_reg[3]/CN         I2C   default_mode 
     98 19517   num_computated_reg[1]/CN   I2C   default_mode 
     99 19517   a_row_os_reg[8]/CN         I2C   default_mode 
    100 19517   num_computated_reg[0]/CN   I2C   default_mode 
    101 19517   num_computated_reg[3]/CN   I2C   default_mode 
    102 19517   num_computated_reg[4]/CN   I2C   default_mode 
    103 19517   num_computated_reg[2]/CN   I2C   default_mode 
    104 19517   a_row_os_reg[3]/CN         I2C   default_mode 
    105 19517   num_computated_reg[5]/CN   I2C   default_mode 
    106 19517   last_data_read_reg/DA      I2C   default_mode 
    107 19554   alu_start_reg/CN           I2C   default_mode 
    108 19554   done_reg/CN                I2C   default_mode 
    109 19556   alu_start_reg/D            I2C   default_mode 
    110 19572   u_ac_j_reg[3]/SA           C2C   default_mode 
    111 19590   u_ac_j_reg[6]/SA           C2C   default_mode 
    112 19659   last_data_read_reg/DB      C2C   default_mode 
#-------------------------------------------------------------


