============================================================
  Generated by:           Genus(TM) Synthesis Solution 21.16-s062_1
  Generated on:           Mar 22 2026  01:04:18 pm
  Module:                 input_idx_controller
  Operating conditions:   WCCOM (balanced_tree)
  Wireload mode:          segmented
  Area mode:              timing library
============================================================

                                 Leakage   Internal  
   Gate    Instances    Area   Power (nW) Power (nW)      Library     
----------------------------------------------------------------------
AN2D8              3    20.520    453.429    269.443    tcbn65gpluswc 
AO21D0             4    10.080     53.146     43.328    tcbn65gpluswc 
AO22D0             3     8.640     36.734     70.106    tcbn65gpluswc 
AOI211D0           4    10.080     17.366     26.029    tcbn65gpluswc 
AOI21D0           21    45.360    149.210    186.300    tcbn65gpluswc 
AOI221D0           6    17.280     37.499    110.122    tcbn65gpluswc 
AOI22D0            4    10.080     28.607     59.033    tcbn65gpluswc 
AOI32D0            2     5.760     14.653     33.713    tcbn65gpluswc 
BUFFD16            3    31.320    771.513    658.145    tcbn65gpluswc 
CKAN2D0            6    12.960     46.783     49.316    tcbn65gpluswc 
CKBD8              1     5.760    114.915    122.084    tcbn65gpluswc 
CKND0             30    32.400    110.410     68.995    tcbn65gpluswc 
CKND2D0           28    40.320    109.957     72.058    tcbn65gpluswc 
CKND8             14    60.480   1204.553    374.806    tcbn65gpluswc 
CKXOR2D0           3    10.800     71.413     89.748    tcbn65gpluswc 
DFD1              16   115.200   1066.688   6950.306    tcbn65gpluswc 
DFKCND1            2    16.560    124.659    683.912    tcbn65gpluswc 
DFKCNQD1          10    72.000    512.552   3783.059    tcbn65gpluswc 
DFQD1              3    20.520    160.110   1316.456    tcbn65gpluswc 
DFXD1              3    29.160    243.560   1347.615    tcbn65gpluswc 
EDFKCND1           4    41.760    281.349   1628.600    tcbn65gpluswc 
EDFKCNQD1          5    50.400    281.664   2026.417    tcbn65gpluswc 
FA1D0              8    72.000    879.645    670.387    tcbn65gpluswc 
IAO21D0            2     5.040     20.401     36.263    tcbn65gpluswc 
IND2D0             7    15.120     66.674     29.650    tcbn65gpluswc 
IND3D0             2     5.040     14.561     12.222    tcbn65gpluswc 
IND4D0             1     2.880      6.740      6.166    tcbn65gpluswc 
INR2D0             6    12.960     59.554     37.014    tcbn65gpluswc 
INR3D0             2     5.040     16.461      7.690    tcbn65gpluswc 
IOA21D0            7    17.640     91.535     96.414    tcbn65gpluswc 
MAOI22D0           3     8.640     37.337     68.729    tcbn65gpluswc 
MOAI22D0          16    46.080    208.095    255.751    tcbn65gpluswc 
MUX2ND0            3     8.640     48.310     69.070    tcbn65gpluswc 
ND3D0              4     8.640     16.887     10.437    tcbn65gpluswc 
ND4D0              1     2.520      2.681      3.376    tcbn65gpluswc 
NR2D0             44    63.360    206.298    160.050    tcbn65gpluswc 
NR3D0              2     4.320     11.593     11.679    tcbn65gpluswc 
OA211D0            1     2.880     11.208     24.177    tcbn65gpluswc 
OA21D0             1     2.520     13.396     17.895    tcbn65gpluswc 
OA32D0             1     3.600     10.939     16.290    tcbn65gpluswc 
OAI211D0           6    15.120     27.473     41.957    tcbn65gpluswc 
OAI21D0           11    23.760     77.655     69.156    tcbn65gpluswc 
OAI221D0           3     8.640     16.245     61.063    tcbn65gpluswc 
OAI22D0            5    12.600     39.642     59.569    tcbn65gpluswc 
OAI32D0            7    20.160     49.678     92.846    tcbn65gpluswc 
OR2D8              9    61.560   1146.971    934.315    tcbn65gpluswc 
XNR2D0             3    10.800     74.921     89.687    tcbn65gpluswc 
XNR3D0             1     6.120     38.818     43.405    tcbn65gpluswc 
XOR3D0             1     6.120     38.033     51.977    tcbn65gpluswc 
----------------------------------------------------------------------
total            332  1119.240   9122.523  22946.824                  


                                           Leakage  Leakage  Internal  Internal 
     Type      Instances   Area   Area % Power (nW) Power % Power (nW)  Power % 
--------------------------------------------------------------------------------
sequential            43  345.600   30.9   2670.582    29.3  17736.366     77.3 
inverter              44   92.880    8.3   1314.963    14.4    443.801      1.9 
buffer                 4   37.080    3.3    886.428     9.7    780.230      3.4 
logic                241  643.680   57.5   4250.549    46.6   3986.428     17.4 
physical_cells         0    0.000    0.0      0.000     0.0      0.000      0.0 
--------------------------------------------------------------------------------
total                332 1119.240  100.0   9122.523   100.0  22946.824    100.0 

