============================================================
  Generated by:           Genus(TM) Synthesis Solution 21.16-s062_1
  Generated on:           Mar 22 2026  01:04:18 pm
  Module:                 input_idx_controller
  Operating conditions:   WCCOM (balanced_tree)
  Wireload mode:          segmented
  Area mode:              timing library
============================================================


Path 1: MET (17852 ps) Setup Check with Pin num_computated_reg[3]/CP->D
           Mode: default_mode
          Group: C2C
     Startpoint: (R) u_ac_z_reg[1]/CP
          Clock: (R) clk
       Endpoint: (R) num_computated_reg[3]/D
          Clock: (R) clk

                     Capture       Launch     
        Clock Edge:+   20000            0     
       Src Latency:+       0            0     
       Net Latency:+       0 (I)        0 (I) 
           Arrival:=   20000            0     
                                              
             Setup:-      90                  
       Uncertainty:-     150                  
     Required Time:=   19760                  
      Launch Clock:-       0                  
         Data Path:-    1908                  
             Slack:=   17852                  

#---------------------------------------------------------------------------------------------------
#      Timing Point       Flags    Arc   Edge   Cell     Fanout  Load  Trans Delay Arrival Instance 
#                                                                (fF)   (ps)  (ps)   (ps)  Location 
#---------------------------------------------------------------------------------------------------
  u_ac_z_reg[1]/CP        -       -      R     (arrival)     43      -   150     0       0    (-,-) 
  u_ac_z_reg[1]/Q         -       CP->Q  R     DFQD1          1    4.5    48   161     161    (-,-) 
  Fp8914A5896/Z           -       I->Z   R     BUFFD16        6 1002.7   531   316     477    (-,-) 
  p17692A__2883/ZN        -       A2->ZN F     ND3D0          3    1.9   174   146     622    (-,-) 
  p17702A__5115/ZN        -       A1->ZN R     NR2D0          3    1.9   108   100     723    (-,-) 
  p17629A__6417/ZN        -       B2->ZN F     OAI221D0       1    0.7    82    86     808    (-,-) 
  p17708A__5122/ZN        -       B->ZN  R     AOI211D0       1    0.7   175   117     926    (-,-) 
  p17743A__5526/ZN        -       B->ZN  F     OAI211D0       1    0.8    80    96    1021    (-,-) 
  p17763A__6260/ZN        -       B2->ZN R     INR3D0         3    2.0    92    69    1091    (-,-) 
  p17796A__5107/ZN        -       A1->ZN R     INR2D0         4    2.7   123   115    1206    (-,-) 
  p17858A__9315/ZN        -       B2->ZN F     IND3D0        20   13.9   427   280    1486    (-,-) 
  Fp18065A/ZN             -       I->ZN  R     CKND0         10   15.1   291   269    1755    (-,-) 
  p18135A__4733/ZN        -       B->ZN  F     OAI211D0       1    0.6    92   110    1865    (-,-) 
  p18161A5835__8428/ZN    -       B->ZN  R     IOA21D0        1    0.9    42    43    1908    (-,-) 
  num_computated_reg[3]/D -       -      R     DFKCNQD1       1      -     -     0    1908    (-,-) 
#---------------------------------------------------------------------------------------------------


