============================================================
  Generated by:           Genus(TM) Synthesis Solution 21.16-s062_1
  Generated on:           Mar 22 2026  01:04:18 pm
  Module:                 input_idx_controller
  Operating conditions:   WCCOM (balanced_tree)
  Wireload mode:          segmented
  Area mode:              timing library
============================================================


Path 1: MET (14277 ps) Late External Delay Assertion at pin sram_rd_en
           Mode: default_mode
          Group: I2O
     Startpoint: (R) tpu_start
          Clock: (R) clk
       Endpoint: (R) sram_rd_en
          Clock: (R) clk

                     Capture       Launch     
        Clock Edge:+   20000            0     
        Drv Adjust:+       0            0     
       Src Latency:+       0            0     
       Net Latency:+       0 (I)        0 (I) 
           Arrival:=   20000            0     
                                              
      Output Delay:-    5000                  
       Uncertainty:-     150                  
     Required Time:=   14850                  
      Launch Clock:-       0                  
       Input Delay:-     250                  
         Data Path:-     323                  
             Slack:=   14277                  

Exceptions/Constraints:
  input_delay              250             input_idx_controller_line_28_1_1  
  output_delay             5000            input_idx_controller_line_31_93_1 

#-----------------------------------------------------------------------------------------
#  Timing Point   Flags   Arc   Edge   Cell     Fanout  Load Trans Delay Arrival Instance 
#                                                       (fF)  (ps)  (ps)   (ps)  Location 
#-----------------------------------------------------------------------------------------
  tpu_start       -       -     R     (arrival)      2 504.1     0     0     250    (-,-) 
  p13496A__1705/Z -       A2->Z R     AN2D8          3 501.3   536   323     573    (-,-) 
  sram_rd_en      -       -     R     (port)         -     -     -     0     573    (-,-) 
#-----------------------------------------------------------------------------------------


