============================================================
  Generated by:           Genus(TM) Synthesis Solution 21.16-s062_1
  Generated on:           Mar 22 2026  01:04:18 pm
  Module:                 input_idx_controller
  Operating conditions:   WCCOM (balanced_tree)
  Wireload mode:          segmented
  Area mode:              timing library
============================================================


Path 1: MET (18003 ps) Setup Check with Pin num_computated_reg[3]/CP->D
           Mode: default_mode
          Group: I2C
     Startpoint: (F) n[4]
          Clock: (R) clk
       Endpoint: (R) num_computated_reg[3]/D
          Clock: (R) clk

                     Capture       Launch     
        Clock Edge:+   20000            0     
        Drv Adjust:+       0            0     
       Src Latency:+       0            0     
       Net Latency:+       0 (I)        0 (I) 
           Arrival:=   20000            0     
                                              
             Setup:-      90                  
       Uncertainty:-     150                  
     Required Time:=   19760                  
      Launch Clock:-       0                  
       Input Delay:-     250                  
         Data Path:-    1507                  
             Slack:=   18003                  

Exceptions/Constraints:
  input_delay             250             input_idx_controller_line_28_18_1 

#--------------------------------------------------------------------------------------------------
#      Timing Point       Flags    Arc   Edge   Cell     Fanout  Load Trans Delay Arrival Instance 
#                                                                (fF)  (ps)  (ps)   (ps)  Location 
#--------------------------------------------------------------------------------------------------
  n[4]                    -       -      F     (arrival)      3 503.2     0     0     250    (-,-) 
  p17545A__7098/ZN        -       A2->ZN R     NR2D0          3   2.1   101    64     314    (-,-) 
  p17570A__4319/ZN        -       B->ZN  F     AOI21D0        2   1.3    55    47     361    (-,-) 
  p17584A__6161/ZN        -       B1->ZN R     AOI22D0        1   0.7    83    77     438    (-,-) 
  p17595A__2346/ZN        -       B->ZN  F     OAI211D0       1   0.7    72    76     514    (-,-) 
  p17617A__2802/ZN        -       B->ZN  R     IAO21D0        1   0.7    56    53     567    (-,-) 
  p17629A__6417/ZN        -       C->ZN  F     OAI221D0       1   0.7    82    90     657    (-,-) 
  p17708A__5122/ZN        -       B->ZN  R     AOI211D0       1   0.7   175   117     775    (-,-) 
  p17743A__5526/ZN        -       B->ZN  F     OAI211D0       1   0.8    80    96     870    (-,-) 
  p17763A__6260/ZN        -       B2->ZN R     INR3D0         3   2.0    92    69     940    (-,-) 
  p17796A__5107/ZN        -       A1->ZN R     INR2D0         4   2.7   123   115    1055    (-,-) 
  p17858A__9315/ZN        -       B2->ZN F     IND3D0        20  13.9   427   280    1335    (-,-) 
  Fp18065A/ZN             -       I->ZN  R     CKND0         10  15.1   291   269    1604    (-,-) 
  p18135A__4733/ZN        -       B->ZN  F     OAI211D0       1   0.6    92   110    1714    (-,-) 
  p18161A5835__8428/ZN    -       B->ZN  R     IOA21D0        1   0.9    42    43    1757    (-,-) 
  num_computated_reg[3]/D -       -      R     DFKCNQD1       1     -     -     0    1757    (-,-) 
#--------------------------------------------------------------------------------------------------


