============================================================
  Generated by:           Genus(TM) Synthesis Solution 21.16-s062_1
  Generated on:           Mar 22 2026  01:04:18 pm
  Module:                 input_idx_controller
  Operating conditions:   WCCOM (balanced_tree)
  Wireload mode:          segmented
  Area mode:              timing library
============================================================


Path 1: MET (13295 ps) Late External Delay Assertion at pin a_row_idx[8]
           Mode: default_mode
          Group: C2O
     Startpoint: (R) u_ac_z_reg[3]/CP
          Clock: (R) clk
       Endpoint: (R) a_row_idx[8]
          Clock: (R) clk

                     Capture       Launch     
        Clock Edge:+   20000            0     
       Src Latency:+       0            0     
       Net Latency:+       0 (I)        0 (I) 
           Arrival:=   20000            0     
                                              
      Output Delay:-    5000                  
       Uncertainty:-     150                  
     Required Time:=   14850                  
      Launch Clock:-       0                  
         Data Path:-    1555                  
             Slack:=   13295                  

Exceptions/Constraints:
  output_delay             5000            input_idx_controller_line_31 

#-------------------------------------------------------------------------------------------
#  Timing Point    Flags    Arc   Edge   Cell     Fanout  Load Trans Delay Arrival Instance 
#                                                         (fF)  (ps)  (ps)   (ps)  Location 
#-------------------------------------------------------------------------------------------
  u_ac_z_reg[3]/CP -       -      R     (arrival)     43     -   150     0       0    (-,-) 
  u_ac_z_reg[3]/QN -       CP->QN F     DFD1           3   8.2    56   210     210    (-,-) 
  drc_bufs/ZN      -       I->ZN  R     CKND8          4 502.0   530   296     506    (-,-) 
  p13133A__4733/ZN -       A2->ZN F     CKND2D0        4   4.8   168   166     672    (-,-) 
  p13167A__5477/ZN -       A2->ZN R     OAI21D0        2   1.2    89    91     763    (-,-) 
  Fp13166A/ZN      -       I->ZN  F     CKND0          2   1.3    36    41     804    (-,-) 
  p13184A__1705/ZN -       A1->ZN R     OAI21D0        3   1.9   104    71     874    (-,-) 
  p13196A__8246/ZN -       A1->ZN R     IOA21D0        3   1.9    54    89     964    (-,-) 
  g3/ZN            -       A1->ZN R     IOA21D0        1   0.7    34    67    1030    (-,-) 
  g2/Z             -       A1->Z  R     XOR3D0         1   2.8    66   201    1232    (-,-) 
  drc_bufs6071/Z   -       I->Z   R     CKBD8          1 500.0   529   324    1555    (-,-) 
  a_row_idx[8]     -       -      R     (port)         -     -     -     0    1555    (-,-) 
#-------------------------------------------------------------------------------------------



Path 2: MET (13336 ps) Late External Delay Assertion at pin a_row_idx[8]
           Mode: default_mode
          Group: C2O
     Startpoint: (R) u_ac_z_reg[3]/CP
          Clock: (R) clk
       Endpoint: (F) a_row_idx[8]
          Clock: (R) clk

                     Capture       Launch     
        Clock Edge:+   20000            0     
       Src Latency:+       0            0     
       Net Latency:+       0 (I)        0 (I) 
           Arrival:=   20000            0     
                                              
      Output Delay:-    5000                  
       Uncertainty:-     150                  
     Required Time:=   14850                  
      Launch Clock:-       0                  
         Data Path:-    1514                  
             Slack:=   13336                  

Exceptions/Constraints:
  output_delay             5000            input_idx_controller_line_31 

#-------------------------------------------------------------------------------------------
#  Timing Point    Flags    Arc   Edge   Cell     Fanout  Load Trans Delay Arrival Instance 
#                                                         (fF)  (ps)  (ps)   (ps)  Location 
#-------------------------------------------------------------------------------------------
  u_ac_z_reg[3]/CP -       -      R     (arrival)     43     -   150     0       0    (-,-) 
  u_ac_z_reg[3]/QN -       CP->QN F     DFD1           3   8.2    56   210     210    (-,-) 
  drc_bufs/ZN      -       I->ZN  R     CKND8          4 502.0   530   296     506    (-,-) 
  p13133A__4733/ZN -       A2->ZN F     CKND2D0        4   4.8   168   166     672    (-,-) 
  p13167A__5477/ZN -       A2->ZN R     OAI21D0        2   1.2    89    91     763    (-,-) 
  Fp13166A/ZN      -       I->ZN  F     CKND0          2   1.3    36    41     804    (-,-) 
  p13184A__1705/ZN -       A1->ZN R     OAI21D0        3   1.9   104    71     874    (-,-) 
  p13196A__8246/ZN -       A1->ZN R     IOA21D0        3   1.9    54    89     964    (-,-) 
  g3/ZN            -       A1->ZN R     IOA21D0        1   0.7    34    67    1030    (-,-) 
  g2/Z             -       A1->Z  F     XOR3D0         1   2.6    53   210    1241    (-,-) 
  drc_bufs6071/Z   -       I->Z   F     CKBD8          1 500.0   414   273    1514    (-,-) 
  a_row_idx[8]     -       -      F     (port)         -     -     -     0    1514    (-,-) 
#-------------------------------------------------------------------------------------------



Path 3: MET (13346 ps) Late External Delay Assertion at pin a_row_idx[8]
           Mode: default_mode
          Group: C2O
     Startpoint: (R) u_ac_z_reg[3]/CP
          Clock: (R) clk
       Endpoint: (R) a_row_idx[8]
          Clock: (R) clk

                     Capture       Launch     
        Clock Edge:+   20000            0     
       Src Latency:+       0            0     
       Net Latency:+       0 (I)        0 (I) 
           Arrival:=   20000            0     
                                              
      Output Delay:-    5000                  
       Uncertainty:-     150                  
     Required Time:=   14850                  
      Launch Clock:-       0                  
         Data Path:-    1504                  
             Slack:=   13346                  

Exceptions/Constraints:
  output_delay             5000            input_idx_controller_line_31 

#-------------------------------------------------------------------------------------------
#  Timing Point    Flags    Arc   Edge   Cell     Fanout  Load Trans Delay Arrival Instance 
#                                                         (fF)  (ps)  (ps)   (ps)  Location 
#-------------------------------------------------------------------------------------------
  u_ac_z_reg[3]/CP -       -      R     (arrival)     43     -   150     0       0    (-,-) 
  u_ac_z_reg[3]/QN -       CP->QN R     DFD1           3   8.6    83   231     231    (-,-) 
  drc_bufs/ZN      -       I->ZN  F     CKND8          4 502.0   417   256     488    (-,-) 
  p13133A__4733/ZN -       A2->ZN R     CKND2D0        4   5.0   188   187     674    (-,-) 
  p13167A__5477/ZN -       A2->ZN F     OAI21D0        2   1.2    73    72     746    (-,-) 
  Fp13166A/ZN      -       I->ZN  R     CKND0          2   1.3    39    41     788    (-,-) 
  p13184A__1705/ZN -       A1->ZN F     OAI21D0        3   1.8    71    44     832    (-,-) 
  p13196A__8246/ZN -       A1->ZN F     IOA21D0        3   1.8    54    82     914    (-,-) 
  g3/ZN            -       A1->ZN F     IOA21D0        1   0.7    33    65     979    (-,-) 
  g2/Z             -       A1->Z  R     XOR3D0         1   2.8    66   201    1180    (-,-) 
  drc_bufs6071/Z   -       I->Z   R     CKBD8          1 500.0   529   324    1504    (-,-) 
  a_row_idx[8]     -       -      R     (port)         -     -     -     0    1504    (-,-) 
#-------------------------------------------------------------------------------------------



Path 4: MET (13393 ps) Late External Delay Assertion at pin a_row_idx[8]
           Mode: default_mode
          Group: C2O
     Startpoint: (R) u_ac_z_reg[4]/CP
          Clock: (R) clk
       Endpoint: (R) a_row_idx[8]
          Clock: (R) clk

                     Capture       Launch     
        Clock Edge:+   20000            0     
       Src Latency:+       0            0     
       Net Latency:+       0 (I)        0 (I) 
           Arrival:=   20000            0     
                                              
      Output Delay:-    5000                  
       Uncertainty:-     150                  
     Required Time:=   14850                  
      Launch Clock:-       0                  
         Data Path:-    1457                  
             Slack:=   13393                  

Exceptions/Constraints:
  output_delay             5000            input_idx_controller_line_31 

#-------------------------------------------------------------------------------------------
#  Timing Point    Flags    Arc   Edge   Cell     Fanout  Load Trans Delay Arrival Instance 
#                                                         (fF)  (ps)  (ps)   (ps)  Location 
#-------------------------------------------------------------------------------------------
  u_ac_z_reg[4]/CP -       -      R     (arrival)     43     -   150     0       0    (-,-) 
  u_ac_z_reg[4]/QN -       CP->QN F     DFD1           3   8.2    56   210     210    (-,-) 
  drc_bufs6005/ZN  -       I->ZN  R     CKND8          3 502.2   530   296     506    (-,-) 
  p13166A__6260/ZN -       A2->ZN F     NR2D0          2   1.4   113    82     588    (-,-) 
  p13167A__5477/ZN -       A1->ZN R     OAI21D0        2   1.2    89    77     665    (-,-) 
  Fp13166A/ZN      -       I->ZN  F     CKND0          2   1.3    36    41     706    (-,-) 
  p13184A__1705/ZN -       A1->ZN R     OAI21D0        3   1.9   104    71     776    (-,-) 
  p13196A__8246/ZN -       A1->ZN R     IOA21D0        3   1.9    54    89     866    (-,-) 
  g3/ZN            -       A1->ZN R     IOA21D0        1   0.7    34    67     932    (-,-) 
  g2/Z             -       A1->Z  R     XOR3D0         1   2.8    66   201    1133    (-,-) 
  drc_bufs6071/Z   -       I->Z   R     CKBD8          1 500.0   529   324    1457    (-,-) 
  a_row_idx[8]     -       -      R     (port)         -     -     -     0    1457    (-,-) 
#-------------------------------------------------------------------------------------------



Path 5: MET (13418 ps) Late External Delay Assertion at pin a_row_idx[8]
           Mode: default_mode
          Group: C2O
     Startpoint: (R) u_ac_z_reg[3]/CP
          Clock: (R) clk
       Endpoint: (F) a_row_idx[8]
          Clock: (R) clk

                     Capture       Launch     
        Clock Edge:+   20000            0     
       Src Latency:+       0            0     
       Net Latency:+       0 (I)        0 (I) 
           Arrival:=   20000            0     
                                              
      Output Delay:-    5000                  
       Uncertainty:-     150                  
     Required Time:=   14850                  
      Launch Clock:-       0                  
         Data Path:-    1432                  
             Slack:=   13418                  

Exceptions/Constraints:
  output_delay             5000            input_idx_controller_line_31 

#-------------------------------------------------------------------------------------------
#  Timing Point    Flags    Arc   Edge   Cell     Fanout  Load Trans Delay Arrival Instance 
#                                                         (fF)  (ps)  (ps)   (ps)  Location 
#-------------------------------------------------------------------------------------------
  u_ac_z_reg[3]/CP -       -      R     (arrival)     43     -   150     0       0    (-,-) 
  u_ac_z_reg[3]/QN -       CP->QN R     DFD1           3   8.6    83   231     231    (-,-) 
  drc_bufs/ZN      -       I->ZN  F     CKND8          4 502.0   417   256     488    (-,-) 
  p13133A__4733/ZN -       A2->ZN R     CKND2D0        4   5.0   188   187     674    (-,-) 
  p13167A__5477/ZN -       A2->ZN F     OAI21D0        2   1.2    73    72     746    (-,-) 
  Fp13166A/ZN      -       I->ZN  R     CKND0          2   1.3    39    41     788    (-,-) 
  p13184A__1705/ZN -       A1->ZN F     OAI21D0        3   1.8    71    44     832    (-,-) 
  p13196A__8246/ZN -       A1->ZN F     IOA21D0        3   1.8    54    82     914    (-,-) 
  g3/ZN            -       A1->ZN F     IOA21D0        1   0.7    33    65     979    (-,-) 
  g2/Z             -       A1->Z  F     XOR3D0         1   2.6    53   179    1159    (-,-) 
  drc_bufs6071/Z   -       I->Z   F     CKBD8          1 500.0   414   273    1432    (-,-) 
  a_row_idx[8]     -       -      F     (port)         -     -     -     0    1432    (-,-) 
#-------------------------------------------------------------------------------------------


