###############################################################
#  Generated by:      Cadence Innovus 21.16-s078_1
#  OS:                Linux x86_64(Host ID cadpc15)
#  Generated on:      Thu Apr  2 21:35:31 2026
#  Design:            sram_wrapper_c
#  Command:           check_drc -out_file ../report/route.verifyGeometry_route_Opt.rpt
###############################################################

SHORT: ( Out Of Die ) Regular Wire of Net tpu_din[38]  ( M5 )
Bounds : ( 2.250, 153.000 ) ( 2.350, 177.850 )


SHORT: ( Out Of Die ) Regular Wire of Net tpu_din[35]  ( M5 )
Bounds : ( 0.650, 153.000 ) ( 0.750, 167.050 )


SHORT: ( Out Of Die ) Regular Wire of Net tpu_din[33]  ( M5 )
Bounds : ( 0.050, 153.000 ) ( 0.150, 159.850 )


SHORT: ( Out Of Die ) Regular Wire of Net tpu_din[37]  ( M3 )
Bounds : ( 1.050, 153.000 ) ( 1.150, 174.250 )


SHORT: ( Out Of Die ) Regular Wire of Net tpu_din[36]  ( M3 )
Bounds : ( 0.850, 153.000 ) ( 0.950, 170.650 )


SHORT: ( Out Of Die ) Regular Wire of Net tpu_din[34]  ( M3 )
Bounds : ( 0.650, 153.000 ) ( 0.750, 163.450 )


SHORT: ( Out Of Die ) Regular Wire of Net tpu_din[32]  ( M3 )
Bounds : ( 0.050, 153.000 ) ( 0.150, 156.250 )


SHORT: ( Out Of Die ) Regular Wire of Net tpu_din[50]  ( M5 )
Bounds : ( 4.450, 153.000 ) ( 4.550, 221.050 )


SHORT: ( Out Of Die ) Regular Wire of Net tpu_din[40]  ( M3 )
Bounds : ( 2.650, 153.000 ) ( 2.750, 185.050 )


SHORT: ( Out Of Die ) Regular Wire of Net tpu_din[41]  ( M3 )
Bounds : ( 3.250, 153.000 ) ( 3.350, 188.650 )


SHORT: ( Out Of Die ) Regular Wire of Net tpu_din[42]  ( M3 )
Bounds : ( 3.450, 153.000 ) ( 3.550, 192.250 )


SHORT: ( Out Of Die ) Regular Wire of Net tpu_din[45]  ( M3 )
Bounds : ( 3.850, 153.000 ) ( 3.950, 203.050 )


SHORT: ( Out Of Die ) Regular Wire of Net tpu_din[46]  ( M3 )
Bounds : ( 4.650, 153.000 ) ( 4.750, 206.650 )


SHORT: ( Out Of Die ) Regular Wire of Net tpu_din[59]  ( M3 )
Bounds : ( 5.250, 153.000 ) ( 5.350, 253.450 )


SHORT: ( Out Of Die ) Regular Wire of Net tpu_din[39]  ( M4 )
Bounds : ( 0.650, 153.000 ) ( 0.750, 181.450 )


SHORT: ( Out Of Die ) Regular Wire of Net tpu_din[51]  ( M4 )
Bounds : ( 0.850, 153.000 ) ( 0.950, 224.650 )


SHORT: ( Out Of Die ) Regular Wire of Net tpu_din[53]  ( M4 )
Bounds : ( 1.050, 153.000 ) ( 1.150, 231.850 )


SHORT: ( Out Of Die ) Regular Wire of Net tpu_din[54]  ( M4 )
Bounds : ( 1.250, 153.000 ) ( 1.350, 235.450 )


SHORT: ( Out Of Die ) Regular Wire of Net tpu_din[58]  ( M4 )
Bounds : ( 1.450, 153.000 ) ( 1.550, 249.850 )


SHORT: ( Out Of Die ) Regular Wire of Net tpu_din[62]  ( M4 )
Bounds : ( 1.650, 153.000 ) ( 1.750, 264.250 )


SHORT: ( Out Of Die ) Regular Wire of Net tpu_din[60]  ( M4 )
Bounds : ( 1.850, 153.000 ) ( 1.950, 257.050 )


SHORT: ( Out Of Die ) Regular Wire of Net tpu_din[61]  ( M4 )
Bounds : ( 2.050, 153.000 ) ( 2.150, 260.650 )


SHORT: ( Out Of Die ) Regular Wire of Net tpu_din[63]  ( M4 )
Bounds : ( 2.250, 153.000 ) ( 2.350, 267.850 )


SHORT: ( Out Of Die ) Regular Wire of Net tpu_din[49]  ( M4 )
Bounds : ( 3.250, 153.000 ) ( 3.350, 217.450 )


SHORT: ( Out Of Die ) Regular Wire of Net tpu_din[47]  ( M4 )
Bounds : ( 3.450, 153.000 ) ( 3.550, 210.250 )


SHORT: ( Out Of Die ) Regular Wire of Net tpu_din[55]  ( M4 )
Bounds : ( 4.250, 153.000 ) ( 4.350, 239.050 )


SHORT: ( Out Of Die ) Regular Wire of Net tpu_din[56]  ( M4 )
Bounds : ( 5.050, 153.000 ) ( 5.150, 242.650 )


SHORT: ( Out Of Die ) Regular Wire of Net tpu_din[57]  ( M4 )
Bounds : ( 5.450, 153.000 ) ( 5.550, 246.250 )


SHORT: ( Out Of Die ) Regular Wire of Net tpu_din[52]  ( M4 )
Bounds : ( 15.650, 153.000 ) ( 15.750, 228.250 )


SHORT: ( Out Of Die ) Regular Wire of Net tpu_din[43]  ( M5 )
Bounds : ( 3.250, 153.000 ) ( 3.350, 195.850 )


SHORT: ( Out Of Die ) Regular Wire of Net tpu_din[48]  ( M5 )
Bounds : ( 3.650, 153.000 ) ( 3.750, 213.850 )


SHORT: ( Out Of Die ) Regular Wire of Net tpu_din[44]  ( M6 )
Bounds : ( 1.050, 153.000 ) ( 1.150, 199.450 )


  Total Violations : 32 Viols.
