###############################################################
#  Generated by:      Cadence Innovus 21.16-s078_1
#  OS:                Linux x86_64(Host ID cadpc15)
#  Generated on:      Thu Apr  2 21:37:00 2026
#  Design:            sram_wrapper_c
###############################################################
Design: sram_wrapper_c

------ Design Summary:
Total Standard Cell Number   (cells) : 982
Total Block Cell Number      (cells) : 1
Total I/O Pad Cell Number    (cells) : 0
Total Standard Cell Area     ( um^2) : 2670.48
Total Block Cell Area        ( um^2) : 40208.16
Total I/O Pad Cell Area      ( um^2) : 0.00

------ Design Statistics:

Number of Instances            : 983
Number of Non-uniquified Insts : 966
Number of Nets                 : 535
Average number of Pins per Net : 2.27
Maximum number of Pins in Net  : 75

------ I/O Port summary

Number of Primary I/O Ports    : 97
Number of Input Ports          : 89
Number of Output Ports         : 8
Number of Bidirectional Ports  : 0
Number of Power/Ground Ports   : 0



------------------------------------------------------------
Detail report:


------ I/O Pad/Port Checking


